# JMH version: 1.37
# VM version: JDK 21.0.12, OpenJDK 64-Bit Server VM, 21.0.12+8-LTS
# VM invoker: <jdk21>/bin/java
# VM options: -Xms1g -Xmx1g
# Blackhole mode: compiler (auto-detected, use -Djmh.blackhole.autoDetect=false to disable)
# Warmup: 4 iterations, 1 s each
# Measurement: 5 iterations, 1 s each
# Timeout: 10 min per iteration
# Threads: 1 thread, will synchronize iterations
# Benchmark mode: Throughput, ops/time
# Benchmark: bench11.ListJsonb7880.basketJSONB

# Run progress: 0.00% complete, ETA 00:00:27
# Fork: 1 of 1
# Warmup Iteration   1: 515.774 ops/ms
# Warmup Iteration   2: 623.105 ops/ms
# Warmup Iteration   3: 623.758 ops/ms
# Warmup Iteration   4: 624.439 ops/ms
Iteration   1: 625.561 ops/ms
Iteration   2: 625.435 ops/ms
Iteration   3: 625.182 ops/ms
Iteration   4: 625.630 ops/ms
Iteration   5: 624.113 ops/ms


Result "bench11.ListJsonb7880.basketJSONB":
  625.184 ±(99.9%) 2.398 ops/ms [Average]
  (min, avg, max) = (624.113, 625.184, 625.630), stdev = 0.623
  CI (99.9%): [622.786, 627.582] (assumes normal distribution)


# JMH version: 1.37
# VM version: JDK 21.0.12, OpenJDK 64-Bit Server VM, 21.0.12+8-LTS
# VM invoker: <jdk21>/bin/java
# VM options: -Xms1g -Xmx1g
# Blackhole mode: compiler (auto-detected, use -Djmh.blackhole.autoDetect=false to disable)
# Warmup: 4 iterations, 1 s each
# Measurement: 5 iterations, 1 s each
# Timeout: 10 min per iteration
# Threads: 1 thread, will synchronize iterations
# Benchmark mode: Throughput, ops/time
# Benchmark: bench11.ListJsonb7880.nestedListJSON

# Run progress: 33.33% complete, ETA 00:00:18
# Fork: 1 of 1
# Warmup Iteration   1: 163.070 ops/ms
# Warmup Iteration   2: 210.983 ops/ms
# Warmup Iteration   3: 211.812 ops/ms
# Warmup Iteration   4: 211.691 ops/ms
Iteration   1: 210.803 ops/ms
Iteration   2: 212.116 ops/ms
Iteration   3: 212.067 ops/ms
Iteration   4: 212.173 ops/ms
Iteration   5: 211.548 ops/ms


Result "bench11.ListJsonb7880.nestedListJSON":
  211.741 ±(99.9%) 2.238 ops/ms [Average]
  (min, avg, max) = (210.803, 211.741, 212.173), stdev = 0.581
  CI (99.9%): [209.504, 213.979] (assumes normal distribution)


# JMH version: 1.37
# VM version: JDK 21.0.12, OpenJDK 64-Bit Server VM, 21.0.12+8-LTS
# VM invoker: <jdk21>/bin/java
# VM options: -Xms1g -Xmx1g
# Blackhole mode: compiler (auto-detected, use -Djmh.blackhole.autoDetect=false to disable)
# Warmup: 4 iterations, 1 s each
# Measurement: 5 iterations, 1 s each
# Timeout: 10 min per iteration
# Threads: 1 thread, will synchronize iterations
# Benchmark mode: Throughput, ops/time
# Benchmark: bench11.ListJsonb7880.rootListJSONB

# Run progress: 66.67% complete, ETA 00:00:09
# Fork: 1 of 1
# Warmup Iteration   1: 503.024 ops/ms
# Warmup Iteration   2: 627.647 ops/ms
# Warmup Iteration   3: 606.891 ops/ms
# Warmup Iteration   4: 599.642 ops/ms
Iteration   1: 611.006 ops/ms
Iteration   2: 609.813 ops/ms
Iteration   3: 611.890 ops/ms
Iteration   4: 610.883 ops/ms
Iteration   5: 612.334 ops/ms


Result "bench11.ListJsonb7880.rootListJSONB":
  611.185 ±(99.9%) 3.764 ops/ms [Average]
  (min, avg, max) = (609.813, 611.185, 612.334), stdev = 0.978
  CI (99.9%): [607.421, 614.950] (assumes normal distribution)


# Run complete. Total time: 00:00:27

REMEMBER: The numbers below are just data. To gain reusable insights, you need to follow up on
why the numbers are the way they are. Use profilers (see -prof, -lprof), design factorial
experiments, perform baseline and negative tests that provide experimental control, make sure
the benchmarking environment is safe on JVM/OS/HW level, ask for reviews from the domain experts.
Do not assume the numbers tell you what you want them to tell.

NOTE: Current JVM experimentally supports Compiler Blackholes, and they are in use. Please exercise
extra caution when trusting the results, look into the generated code to check the benchmark still
works, and factor in a small probability of new VM bugs. Additionally, while comparisons between
different JVMs are already problematic, the performance difference caused by different Blackhole
modes can be very significant. Please make sure you use the consistent Blackhole mode for comparisons.

Benchmark                      Mode  Cnt    Score   Error   Units
ListJsonb7880.basketJSONB     thrpt    5  625.184 ± 2.398  ops/ms
ListJsonb7880.nestedListJSON  thrpt    5  211.741 ± 2.238  ops/ms
ListJsonb7880.rootListJSONB   thrpt    5  611.185 ± 3.764  ops/ms

Benchmark result is saved to <work>/env/jmh/ab-r11c/v10-r7.json
