# JMH version: 1.37
# VM version: JDK 21.0.12, OpenJDK 64-Bit Server VM, 21.0.12+8-LTS
# VM invoker: <jdk21>/bin/java
# VM options: -Xms1g -Xmx1g
# Blackhole mode: compiler (auto-detected, use -Djmh.blackhole.autoDetect=false to disable)
# Warmup: 4 iterations, 1 s each
# Measurement: 5 iterations, 1 s each
# Timeout: 10 min per iteration
# Threads: 1 thread, will synchronize iterations
# Benchmark mode: Throughput, ops/time
# Benchmark: bench11.ListJsonb7880.basketJSONB

# Run progress: 0.00% complete, ETA 00:00:27
# Fork: 1 of 1
# Warmup Iteration   1: 510.833 ops/ms
# Warmup Iteration   2: 625.561 ops/ms
# Warmup Iteration   3: 624.415 ops/ms
# Warmup Iteration   4: 625.205 ops/ms
Iteration   1: 628.251 ops/ms
Iteration   2: 625.763 ops/ms
Iteration   3: 625.619 ops/ms
Iteration   4: 627.453 ops/ms
Iteration   5: 626.119 ops/ms


Result "bench11.ListJsonb7880.basketJSONB":
  626.641 ±(99.9%) 4.449 ops/ms [Average]
  (min, avg, max) = (625.619, 626.641, 628.251), stdev = 1.155
  CI (99.9%): [622.193, 631.090] (assumes normal distribution)


# JMH version: 1.37
# VM version: JDK 21.0.12, OpenJDK 64-Bit Server VM, 21.0.12+8-LTS
# VM invoker: <jdk21>/bin/java
# VM options: -Xms1g -Xmx1g
# Blackhole mode: compiler (auto-detected, use -Djmh.blackhole.autoDetect=false to disable)
# Warmup: 4 iterations, 1 s each
# Measurement: 5 iterations, 1 s each
# Timeout: 10 min per iteration
# Threads: 1 thread, will synchronize iterations
# Benchmark mode: Throughput, ops/time
# Benchmark: bench11.ListJsonb7880.nestedListJSON

# Run progress: 33.33% complete, ETA 00:00:18
# Fork: 1 of 1
# Warmup Iteration   1: 164.250 ops/ms
# Warmup Iteration   2: 213.103 ops/ms
# Warmup Iteration   3: 213.592 ops/ms
# Warmup Iteration   4: 212.573 ops/ms
Iteration   1: 212.112 ops/ms
Iteration   2: 213.087 ops/ms
Iteration   3: 214.159 ops/ms
Iteration   4: 214.769 ops/ms
Iteration   5: 214.440 ops/ms


Result "bench11.ListJsonb7880.nestedListJSON":
  213.713 ±(99.9%) 4.217 ops/ms [Average]
  (min, avg, max) = (212.112, 213.713, 214.769), stdev = 1.095
  CI (99.9%): [209.496, 217.930] (assumes normal distribution)


# JMH version: 1.37
# VM version: JDK 21.0.12, OpenJDK 64-Bit Server VM, 21.0.12+8-LTS
# VM invoker: <jdk21>/bin/java
# VM options: -Xms1g -Xmx1g
# Blackhole mode: compiler (auto-detected, use -Djmh.blackhole.autoDetect=false to disable)
# Warmup: 4 iterations, 1 s each
# Measurement: 5 iterations, 1 s each
# Timeout: 10 min per iteration
# Threads: 1 thread, will synchronize iterations
# Benchmark mode: Throughput, ops/time
# Benchmark: bench11.ListJsonb7880.rootListJSONB

# Run progress: 66.67% complete, ETA 00:00:09
# Fork: 1 of 1
# Warmup Iteration   1: 508.953 ops/ms
# Warmup Iteration   2: 630.835 ops/ms
# Warmup Iteration   3: 603.457 ops/ms
# Warmup Iteration   4: 604.453 ops/ms
Iteration   1: 610.044 ops/ms
Iteration   2: 608.252 ops/ms
Iteration   3: 608.110 ops/ms
Iteration   4: 608.285 ops/ms
Iteration   5: 608.809 ops/ms


Result "bench11.ListJsonb7880.rootListJSONB":
  608.700 ±(99.9%) 3.068 ops/ms [Average]
  (min, avg, max) = (608.110, 608.700, 610.044), stdev = 0.797
  CI (99.9%): [605.632, 611.768] (assumes normal distribution)


# Run complete. Total time: 00:00:27

REMEMBER: The numbers below are just data. To gain reusable insights, you need to follow up on
why the numbers are the way they are. Use profilers (see -prof, -lprof), design factorial
experiments, perform baseline and negative tests that provide experimental control, make sure
the benchmarking environment is safe on JVM/OS/HW level, ask for reviews from the domain experts.
Do not assume the numbers tell you what you want them to tell.

NOTE: Current JVM experimentally supports Compiler Blackholes, and they are in use. Please exercise
extra caution when trusting the results, look into the generated code to check the benchmark still
works, and factor in a small probability of new VM bugs. Additionally, while comparisons between
different JVMs are already problematic, the performance difference caused by different Blackhole
modes can be very significant. Please make sure you use the consistent Blackhole mode for comparisons.

Benchmark                      Mode  Cnt    Score   Error   Units
ListJsonb7880.basketJSONB     thrpt    5  626.641 ± 4.449  ops/ms
ListJsonb7880.nestedListJSON  thrpt    5  213.713 ± 4.217  ops/ms
ListJsonb7880.rootListJSONB   thrpt    5  608.700 ± 3.068  ops/ms

Benchmark result is saved to <work>/env/jmh/ab-r11c/v10-r5.json
