# JMH version: 1.37
# VM version: JDK 21.0.12, OpenJDK 64-Bit Server VM, 21.0.12+8-LTS
# VM invoker: <jdk21>/bin/java
# VM options: -Xms1g -Xmx1g
# Blackhole mode: compiler (auto-detected, use -Djmh.blackhole.autoDetect=false to disable)
# Warmup: 4 iterations, 1 s each
# Measurement: 5 iterations, 1 s each
# Timeout: 10 min per iteration
# Threads: 1 thread, will synchronize iterations
# Benchmark mode: Throughput, ops/time
# Benchmark: bench11.ListJsonb7880.basketJSONB

# Run progress: 0.00% complete, ETA 00:00:27
# Fork: 1 of 1
# Warmup Iteration   1: 514.175 ops/ms
# Warmup Iteration   2: 615.722 ops/ms
# Warmup Iteration   3: 620.517 ops/ms
# Warmup Iteration   4: 622.595 ops/ms
Iteration   1: 623.567 ops/ms
Iteration   2: 622.294 ops/ms
Iteration   3: 622.103 ops/ms
Iteration   4: 623.553 ops/ms
Iteration   5: 623.943 ops/ms


Result "bench11.ListJsonb7880.basketJSONB":
  623.092 ±(99.9%) 3.208 ops/ms [Average]
  (min, avg, max) = (622.103, 623.092, 623.943), stdev = 0.833
  CI (99.9%): [619.884, 626.300] (assumes normal distribution)


# JMH version: 1.37
# VM version: JDK 21.0.12, OpenJDK 64-Bit Server VM, 21.0.12+8-LTS
# VM invoker: <jdk21>/bin/java
# VM options: -Xms1g -Xmx1g
# Blackhole mode: compiler (auto-detected, use -Djmh.blackhole.autoDetect=false to disable)
# Warmup: 4 iterations, 1 s each
# Measurement: 5 iterations, 1 s each
# Timeout: 10 min per iteration
# Threads: 1 thread, will synchronize iterations
# Benchmark mode: Throughput, ops/time
# Benchmark: bench11.ListJsonb7880.nestedListJSON

# Run progress: 33.33% complete, ETA 00:00:18
# Fork: 1 of 1
# Warmup Iteration   1: 162.881 ops/ms
# Warmup Iteration   2: 214.019 ops/ms
# Warmup Iteration   3: 214.138 ops/ms
# Warmup Iteration   4: 212.969 ops/ms
Iteration   1: 214.061 ops/ms
Iteration   2: 214.381 ops/ms
Iteration   3: 211.140 ops/ms
Iteration   4: 211.438 ops/ms
Iteration   5: 211.126 ops/ms


Result "bench11.ListJsonb7880.nestedListJSON":
  212.429 ±(99.9%) 6.332 ops/ms [Average]
  (min, avg, max) = (211.126, 212.429, 214.381), stdev = 1.645
  CI (99.9%): [206.097, 218.762] (assumes normal distribution)


# JMH version: 1.37
# VM version: JDK 21.0.12, OpenJDK 64-Bit Server VM, 21.0.12+8-LTS
# VM invoker: <jdk21>/bin/java
# VM options: -Xms1g -Xmx1g
# Blackhole mode: compiler (auto-detected, use -Djmh.blackhole.autoDetect=false to disable)
# Warmup: 4 iterations, 1 s each
# Measurement: 5 iterations, 1 s each
# Timeout: 10 min per iteration
# Threads: 1 thread, will synchronize iterations
# Benchmark mode: Throughput, ops/time
# Benchmark: bench11.ListJsonb7880.rootListJSONB

# Run progress: 66.67% complete, ETA 00:00:09
# Fork: 1 of 1
# Warmup Iteration   1: 499.682 ops/ms
# Warmup Iteration   2: 598.892 ops/ms
# Warmup Iteration   3: 612.858 ops/ms
# Warmup Iteration   4: 613.753 ops/ms
Iteration   1: 615.606 ops/ms
Iteration   2: 617.576 ops/ms
Iteration   3: 619.741 ops/ms
Iteration   4: 618.180 ops/ms
Iteration   5: 616.374 ops/ms


Result "bench11.ListJsonb7880.rootListJSONB":
  617.495 ±(99.9%) 6.192 ops/ms [Average]
  (min, avg, max) = (615.606, 617.495, 619.741), stdev = 1.608
  CI (99.9%): [611.303, 623.688] (assumes normal distribution)


# Run complete. Total time: 00:00:27

REMEMBER: The numbers below are just data. To gain reusable insights, you need to follow up on
why the numbers are the way they are. Use profilers (see -prof, -lprof), design factorial
experiments, perform baseline and negative tests that provide experimental control, make sure
the benchmarking environment is safe on JVM/OS/HW level, ask for reviews from the domain experts.
Do not assume the numbers tell you what you want them to tell.

NOTE: Current JVM experimentally supports Compiler Blackholes, and they are in use. Please exercise
extra caution when trusting the results, look into the generated code to check the benchmark still
works, and factor in a small probability of new VM bugs. Additionally, while comparisons between
different JVMs are already problematic, the performance difference caused by different Blackhole
modes can be very significant. Please make sure you use the consistent Blackhole mode for comparisons.

Benchmark                      Mode  Cnt    Score   Error   Units
ListJsonb7880.basketJSONB     thrpt    5  623.092 ± 3.208  ops/ms
ListJsonb7880.nestedListJSON  thrpt    5  212.429 ± 6.332  ops/ms
ListJsonb7880.rootListJSONB   thrpt    5  617.495 ± 6.192  ops/ms

Benchmark result is saved to <work>/env/jmh/ab-r11c/v10-r3.json
