# JMH version: 1.37
# VM version: JDK 21.0.12, OpenJDK 64-Bit Server VM, 21.0.12+8-LTS
# VM invoker: <jdk21>/bin/java
# VM options: -Xms1g -Xmx1g
# Blackhole mode: compiler (auto-detected, use -Djmh.blackhole.autoDetect=false to disable)
# Warmup: 4 iterations, 1 s each
# Measurement: 5 iterations, 1 s each
# Timeout: 10 min per iteration
# Threads: 1 thread, will synchronize iterations
# Benchmark mode: Throughput, ops/time
# Benchmark: bench11.ListJsonb7880.basketJSONB

# Run progress: 0.00% complete, ETA 00:00:27
# Fork: 1 of 1
# Warmup Iteration   1: 511.384 ops/ms
# Warmup Iteration   2: 625.837 ops/ms
# Warmup Iteration   3: 624.138 ops/ms
# Warmup Iteration   4: 623.362 ops/ms
Iteration   1: 618.350 ops/ms
Iteration   2: 619.239 ops/ms
Iteration   3: 619.691 ops/ms
Iteration   4: 620.490 ops/ms
Iteration   5: 619.162 ops/ms


Result "bench11.ListJsonb7880.basketJSONB":
  619.386 ±(99.9%) 3.017 ops/ms [Average]
  (min, avg, max) = (618.350, 619.386, 620.490), stdev = 0.784
  CI (99.9%): [616.369, 622.404] (assumes normal distribution)


# JMH version: 1.37
# VM version: JDK 21.0.12, OpenJDK 64-Bit Server VM, 21.0.12+8-LTS
# VM invoker: <jdk21>/bin/java
# VM options: -Xms1g -Xmx1g
# Blackhole mode: compiler (auto-detected, use -Djmh.blackhole.autoDetect=false to disable)
# Warmup: 4 iterations, 1 s each
# Measurement: 5 iterations, 1 s each
# Timeout: 10 min per iteration
# Threads: 1 thread, will synchronize iterations
# Benchmark mode: Throughput, ops/time
# Benchmark: bench11.ListJsonb7880.nestedListJSON

# Run progress: 33.33% complete, ETA 00:00:18
# Fork: 1 of 1
# Warmup Iteration   1: 162.051 ops/ms
# Warmup Iteration   2: 211.083 ops/ms
# Warmup Iteration   3: 212.206 ops/ms
# Warmup Iteration   4: 211.595 ops/ms
Iteration   1: 211.463 ops/ms
Iteration   2: 211.431 ops/ms
Iteration   3: 205.389 ops/ms
Iteration   4: 206.183 ops/ms
Iteration   5: 205.799 ops/ms


Result "bench11.ListJsonb7880.nestedListJSON":
  208.053 ±(99.9%) 11.980 ops/ms [Average]
  (min, avg, max) = (205.389, 208.053, 211.463), stdev = 3.111
  CI (99.9%): [196.073, 220.033] (assumes normal distribution)


# JMH version: 1.37
# VM version: JDK 21.0.12, OpenJDK 64-Bit Server VM, 21.0.12+8-LTS
# VM invoker: <jdk21>/bin/java
# VM options: -Xms1g -Xmx1g
# Blackhole mode: compiler (auto-detected, use -Djmh.blackhole.autoDetect=false to disable)
# Warmup: 4 iterations, 1 s each
# Measurement: 5 iterations, 1 s each
# Timeout: 10 min per iteration
# Threads: 1 thread, will synchronize iterations
# Benchmark mode: Throughput, ops/time
# Benchmark: bench11.ListJsonb7880.rootListJSONB

# Run progress: 66.67% complete, ETA 00:00:09
# Fork: 1 of 1
# Warmup Iteration   1: 501.918 ops/ms
# Warmup Iteration   2: 600.965 ops/ms
# Warmup Iteration   3: 605.751 ops/ms
# Warmup Iteration   4: 605.203 ops/ms
Iteration   1: 611.892 ops/ms
Iteration   2: 606.684 ops/ms
Iteration   3: 606.518 ops/ms
Iteration   4: 608.598 ops/ms
Iteration   5: 607.091 ops/ms


Result "bench11.ListJsonb7880.rootListJSONB":
  608.156 ±(99.9%) 8.639 ops/ms [Average]
  (min, avg, max) = (606.518, 608.156, 611.892), stdev = 2.244
  CI (99.9%): [599.517, 616.796] (assumes normal distribution)


# Run complete. Total time: 00:00:27

REMEMBER: The numbers below are just data. To gain reusable insights, you need to follow up on
why the numbers are the way they are. Use profilers (see -prof, -lprof), design factorial
experiments, perform baseline and negative tests that provide experimental control, make sure
the benchmarking environment is safe on JVM/OS/HW level, ask for reviews from the domain experts.
Do not assume the numbers tell you what you want them to tell.

NOTE: Current JVM experimentally supports Compiler Blackholes, and they are in use. Please exercise
extra caution when trusting the results, look into the generated code to check the benchmark still
works, and factor in a small probability of new VM bugs. Additionally, while comparisons between
different JVMs are already problematic, the performance difference caused by different Blackhole
modes can be very significant. Please make sure you use the consistent Blackhole mode for comparisons.

Benchmark                      Mode  Cnt    Score    Error   Units
ListJsonb7880.basketJSONB     thrpt    5  619.386 ±  3.017  ops/ms
ListJsonb7880.nestedListJSON  thrpt    5  208.053 ± 11.980  ops/ms
ListJsonb7880.rootListJSONB   thrpt    5  608.156 ±  8.639  ops/ms

Benchmark result is saved to <work>/env/jmh/ab-r11c/v10-r6.json
