# JMH version: 1.37
# VM version: JDK 21.0.12, OpenJDK 64-Bit Server VM, 21.0.12+8-LTS
# VM invoker: <jdk21>/bin/java
# VM options: -Xms1g -Xmx1g
# Blackhole mode: compiler (auto-detected, use -Djmh.blackhole.autoDetect=false to disable)
# Warmup: 4 iterations, 1 s each
# Measurement: 5 iterations, 1 s each
# Timeout: 10 min per iteration
# Threads: 1 thread, will synchronize iterations
# Benchmark mode: Throughput, ops/time
# Benchmark: bench11.ListJsonb7880.basketJSONB

# Run progress: 0.00% complete, ETA 00:00:27
# Fork: 1 of 1
# Warmup Iteration   1: 518.514 ops/ms
# Warmup Iteration   2: 630.896 ops/ms
# Warmup Iteration   3: 632.204 ops/ms
# Warmup Iteration   4: 630.126 ops/ms
Iteration   1: 631.726 ops/ms
Iteration   2: 631.132 ops/ms
Iteration   3: 627.333 ops/ms
Iteration   4: 632.548 ops/ms
Iteration   5: 632.027 ops/ms


Result "bench11.ListJsonb7880.basketJSONB":
  630.953 ±(99.9%) 8.039 ops/ms [Average]
  (min, avg, max) = (627.333, 630.953, 632.548), stdev = 2.088
  CI (99.9%): [622.914, 638.992] (assumes normal distribution)


# JMH version: 1.37
# VM version: JDK 21.0.12, OpenJDK 64-Bit Server VM, 21.0.12+8-LTS
# VM invoker: <jdk21>/bin/java
# VM options: -Xms1g -Xmx1g
# Blackhole mode: compiler (auto-detected, use -Djmh.blackhole.autoDetect=false to disable)
# Warmup: 4 iterations, 1 s each
# Measurement: 5 iterations, 1 s each
# Timeout: 10 min per iteration
# Threads: 1 thread, will synchronize iterations
# Benchmark mode: Throughput, ops/time
# Benchmark: bench11.ListJsonb7880.nestedListJSON

# Run progress: 33.33% complete, ETA 00:00:18
# Fork: 1 of 1
# Warmup Iteration   1: 164.380 ops/ms
# Warmup Iteration   2: 212.524 ops/ms
# Warmup Iteration   3: 211.179 ops/ms
# Warmup Iteration   4: 212.694 ops/ms
Iteration   1: 213.717 ops/ms
Iteration   2: 211.617 ops/ms
Iteration   3: 212.647 ops/ms
Iteration   4: 213.381 ops/ms
Iteration   5: 212.765 ops/ms


Result "bench11.ListJsonb7880.nestedListJSON":
  212.825 ±(99.9%) 3.103 ops/ms [Average]
  (min, avg, max) = (211.617, 212.825, 213.717), stdev = 0.806
  CI (99.9%): [209.722, 215.929] (assumes normal distribution)


# JMH version: 1.37
# VM version: JDK 21.0.12, OpenJDK 64-Bit Server VM, 21.0.12+8-LTS
# VM invoker: <jdk21>/bin/java
# VM options: -Xms1g -Xmx1g
# Blackhole mode: compiler (auto-detected, use -Djmh.blackhole.autoDetect=false to disable)
# Warmup: 4 iterations, 1 s each
# Measurement: 5 iterations, 1 s each
# Timeout: 10 min per iteration
# Threads: 1 thread, will synchronize iterations
# Benchmark mode: Throughput, ops/time
# Benchmark: bench11.ListJsonb7880.rootListJSONB

# Run progress: 66.67% complete, ETA 00:00:09
# Fork: 1 of 1
# Warmup Iteration   1: 503.624 ops/ms
# Warmup Iteration   2: 601.032 ops/ms
# Warmup Iteration   3: 604.647 ops/ms
# Warmup Iteration   4: 608.989 ops/ms
Iteration   1: 617.709 ops/ms
Iteration   2: 619.768 ops/ms
Iteration   3: 617.052 ops/ms
Iteration   4: 616.785 ops/ms
Iteration   5: 617.341 ops/ms


Result "bench11.ListJsonb7880.rootListJSONB":
  617.731 ±(99.9%) 4.581 ops/ms [Average]
  (min, avg, max) = (616.785, 617.731, 619.768), stdev = 1.190
  CI (99.9%): [613.150, 622.311] (assumes normal distribution)


# Run complete. Total time: 00:00:27

REMEMBER: The numbers below are just data. To gain reusable insights, you need to follow up on
why the numbers are the way they are. Use profilers (see -prof, -lprof), design factorial
experiments, perform baseline and negative tests that provide experimental control, make sure
the benchmarking environment is safe on JVM/OS/HW level, ask for reviews from the domain experts.
Do not assume the numbers tell you what you want them to tell.

NOTE: Current JVM experimentally supports Compiler Blackholes, and they are in use. Please exercise
extra caution when trusting the results, look into the generated code to check the benchmark still
works, and factor in a small probability of new VM bugs. Additionally, while comparisons between
different JVMs are already problematic, the performance difference caused by different Blackhole
modes can be very significant. Please make sure you use the consistent Blackhole mode for comparisons.

Benchmark                      Mode  Cnt    Score   Error   Units
ListJsonb7880.basketJSONB     thrpt    5  630.953 ± 8.039  ops/ms
ListJsonb7880.nestedListJSON  thrpt    5  212.825 ± 3.103  ops/ms
ListJsonb7880.rootListJSONB   thrpt    5  617.731 ± 4.581  ops/ms

Benchmark result is saved to <work>/env/jmh/ab-r11c/v10-r1.json
