# JMH version: 1.37
# VM version: JDK 21.0.12, OpenJDK 64-Bit Server VM, 21.0.12+8-LTS
# VM invoker: <jdk21>/bin/java
# VM options: -Xms1g -Xmx1g
# Blackhole mode: compiler (auto-detected, use -Djmh.blackhole.autoDetect=false to disable)
# Warmup: 4 iterations, 1 s each
# Measurement: 5 iterations, 1 s each
# Timeout: 10 min per iteration
# Threads: 1 thread, will synchronize iterations
# Benchmark mode: Throughput, ops/time
# Benchmark: bench11.ListJsonb7880.basketJSONB

# Run progress: 0.00% complete, ETA 00:00:27
# Fork: 1 of 1
# Warmup Iteration   1: 521.639 ops/ms
# Warmup Iteration   2: 633.351 ops/ms
# Warmup Iteration   3: 636.150 ops/ms
# Warmup Iteration   4: 635.630 ops/ms
Iteration   1: 637.774 ops/ms
Iteration   2: 638.314 ops/ms
Iteration   3: 635.294 ops/ms
Iteration   4: 637.108 ops/ms
Iteration   5: 637.437 ops/ms


Result "bench11.ListJsonb7880.basketJSONB":
  637.185 ±(99.9%) 4.419 ops/ms [Average]
  (min, avg, max) = (635.294, 637.185, 638.314), stdev = 1.148
  CI (99.9%): [632.766, 641.604] (assumes normal distribution)


# JMH version: 1.37
# VM version: JDK 21.0.12, OpenJDK 64-Bit Server VM, 21.0.12+8-LTS
# VM invoker: <jdk21>/bin/java
# VM options: -Xms1g -Xmx1g
# Blackhole mode: compiler (auto-detected, use -Djmh.blackhole.autoDetect=false to disable)
# Warmup: 4 iterations, 1 s each
# Measurement: 5 iterations, 1 s each
# Timeout: 10 min per iteration
# Threads: 1 thread, will synchronize iterations
# Benchmark mode: Throughput, ops/time
# Benchmark: bench11.ListJsonb7880.nestedListJSON

# Run progress: 33.33% complete, ETA 00:00:18
# Fork: 1 of 1
# Warmup Iteration   1: 163.491 ops/ms
# Warmup Iteration   2: 211.521 ops/ms
# Warmup Iteration   3: 213.022 ops/ms
# Warmup Iteration   4: 213.086 ops/ms
Iteration   1: 213.510 ops/ms
Iteration   2: 213.791 ops/ms
Iteration   3: 212.923 ops/ms
Iteration   4: 212.995 ops/ms
Iteration   5: 212.738 ops/ms


Result "bench11.ListJsonb7880.nestedListJSON":
  213.191 ±(99.9%) 1.698 ops/ms [Average]
  (min, avg, max) = (212.738, 213.191, 213.791), stdev = 0.441
  CI (99.9%): [211.494, 214.889] (assumes normal distribution)


# JMH version: 1.37
# VM version: JDK 21.0.12, OpenJDK 64-Bit Server VM, 21.0.12+8-LTS
# VM invoker: <jdk21>/bin/java
# VM options: -Xms1g -Xmx1g
# Blackhole mode: compiler (auto-detected, use -Djmh.blackhole.autoDetect=false to disable)
# Warmup: 4 iterations, 1 s each
# Measurement: 5 iterations, 1 s each
# Timeout: 10 min per iteration
# Threads: 1 thread, will synchronize iterations
# Benchmark mode: Throughput, ops/time
# Benchmark: bench11.ListJsonb7880.rootListJSONB

# Run progress: 66.67% complete, ETA 00:00:09
# Fork: 1 of 1
# Warmup Iteration   1: 500.741 ops/ms
# Warmup Iteration   2: 597.224 ops/ms
# Warmup Iteration   3: 611.621 ops/ms
# Warmup Iteration   4: 609.368 ops/ms
Iteration   1: 612.725 ops/ms
Iteration   2: 613.265 ops/ms
Iteration   3: 619.670 ops/ms
Iteration   4: 611.969 ops/ms
Iteration   5: 611.120 ops/ms


Result "bench11.ListJsonb7880.rootListJSONB":
  613.750 ±(99.9%) 13.119 ops/ms [Average]
  (min, avg, max) = (611.120, 613.750, 619.670), stdev = 3.407
  CI (99.9%): [600.631, 626.869] (assumes normal distribution)


# Run complete. Total time: 00:00:27

REMEMBER: The numbers below are just data. To gain reusable insights, you need to follow up on
why the numbers are the way they are. Use profilers (see -prof, -lprof), design factorial
experiments, perform baseline and negative tests that provide experimental control, make sure
the benchmarking environment is safe on JVM/OS/HW level, ask for reviews from the domain experts.
Do not assume the numbers tell you what you want them to tell.

NOTE: Current JVM experimentally supports Compiler Blackholes, and they are in use. Please exercise
extra caution when trusting the results, look into the generated code to check the benchmark still
works, and factor in a small probability of new VM bugs. Additionally, while comparisons between
different JVMs are already problematic, the performance difference caused by different Blackhole
modes can be very significant. Please make sure you use the consistent Blackhole mode for comparisons.

Benchmark                      Mode  Cnt    Score    Error   Units
ListJsonb7880.basketJSONB     thrpt    5  637.185 ±  4.419  ops/ms
ListJsonb7880.nestedListJSON  thrpt    5  213.191 ±  1.698  ops/ms
ListJsonb7880.rootListJSONB   thrpt    5  613.750 ± 13.119  ops/ms

Benchmark result is saved to <work>/env/jmh/ab-r11c/v10-r2.json
