# JMH version: 1.37
# VM version: JDK 21.0.12, OpenJDK 64-Bit Server VM, 21.0.12+8-LTS
# VM invoker: <jdk21>/bin/java
# VM options: -Xms1g -Xmx1g
# Blackhole mode: compiler (auto-detected, use -Djmh.blackhole.autoDetect=false to disable)
# Warmup: 4 iterations, 1 s each
# Measurement: 5 iterations, 1 s each
# Timeout: 10 min per iteration
# Threads: 1 thread, will synchronize iterations
# Benchmark mode: Throughput, ops/time
# Benchmark: bench11.ListJsonb7880.basketJSONB

# Run progress: 0.00% complete, ETA 00:00:27
# Fork: 1 of 1
# Warmup Iteration   1: 506.926 ops/ms
# Warmup Iteration   2: 609.748 ops/ms
# Warmup Iteration   3: 614.651 ops/ms
# Warmup Iteration   4: 614.593 ops/ms
Iteration   1: 615.369 ops/ms
Iteration   2: 617.371 ops/ms
Iteration   3: 615.427 ops/ms
Iteration   4: 616.061 ops/ms
Iteration   5: 615.711 ops/ms


Result "bench11.ListJsonb7880.basketJSONB":
  615.988 ±(99.9%) 3.160 ops/ms [Average]
  (min, avg, max) = (615.369, 615.988, 617.371), stdev = 0.821
  CI (99.9%): [612.828, 619.148] (assumes normal distribution)


# JMH version: 1.37
# VM version: JDK 21.0.12, OpenJDK 64-Bit Server VM, 21.0.12+8-LTS
# VM invoker: <jdk21>/bin/java
# VM options: -Xms1g -Xmx1g
# Blackhole mode: compiler (auto-detected, use -Djmh.blackhole.autoDetect=false to disable)
# Warmup: 4 iterations, 1 s each
# Measurement: 5 iterations, 1 s each
# Timeout: 10 min per iteration
# Threads: 1 thread, will synchronize iterations
# Benchmark mode: Throughput, ops/time
# Benchmark: bench11.ListJsonb7880.nestedListJSON

# Run progress: 33.33% complete, ETA 00:00:18
# Fork: 1 of 1
# Warmup Iteration   1: 160.886 ops/ms
# Warmup Iteration   2: 211.568 ops/ms
# Warmup Iteration   3: 212.476 ops/ms
# Warmup Iteration   4: 211.928 ops/ms
Iteration   1: 208.128 ops/ms
Iteration   2: 211.906 ops/ms
Iteration   3: 212.415 ops/ms
Iteration   4: 213.323 ops/ms
Iteration   5: 213.395 ops/ms


Result "bench11.ListJsonb7880.nestedListJSON":
  211.833 ±(99.9%) 8.333 ops/ms [Average]
  (min, avg, max) = (208.128, 211.833, 213.395), stdev = 2.164
  CI (99.9%): [203.500, 220.166] (assumes normal distribution)


# JMH version: 1.37
# VM version: JDK 21.0.12, OpenJDK 64-Bit Server VM, 21.0.12+8-LTS
# VM invoker: <jdk21>/bin/java
# VM options: -Xms1g -Xmx1g
# Blackhole mode: compiler (auto-detected, use -Djmh.blackhole.autoDetect=false to disable)
# Warmup: 4 iterations, 1 s each
# Measurement: 5 iterations, 1 s each
# Timeout: 10 min per iteration
# Threads: 1 thread, will synchronize iterations
# Benchmark mode: Throughput, ops/time
# Benchmark: bench11.ListJsonb7880.rootListJSONB

# Run progress: 66.67% complete, ETA 00:00:09
# Fork: 1 of 1
# Warmup Iteration   1: 502.589 ops/ms
# Warmup Iteration   2: 628.990 ops/ms
# Warmup Iteration   3: 609.008 ops/ms
# Warmup Iteration   4: 607.620 ops/ms
Iteration   1: 614.599 ops/ms
Iteration   2: 611.264 ops/ms
Iteration   3: 611.544 ops/ms
Iteration   4: 613.148 ops/ms
Iteration   5: 612.371 ops/ms


Result "bench11.ListJsonb7880.rootListJSONB":
  612.585 ±(99.9%) 5.183 ops/ms [Average]
  (min, avg, max) = (611.264, 612.585, 614.599), stdev = 1.346
  CI (99.9%): [607.402, 617.768] (assumes normal distribution)


# Run complete. Total time: 00:00:27

REMEMBER: The numbers below are just data. To gain reusable insights, you need to follow up on
why the numbers are the way they are. Use profilers (see -prof, -lprof), design factorial
experiments, perform baseline and negative tests that provide experimental control, make sure
the benchmarking environment is safe on JVM/OS/HW level, ask for reviews from the domain experts.
Do not assume the numbers tell you what you want them to tell.

NOTE: Current JVM experimentally supports Compiler Blackholes, and they are in use. Please exercise
extra caution when trusting the results, look into the generated code to check the benchmark still
works, and factor in a small probability of new VM bugs. Additionally, while comparisons between
different JVMs are already problematic, the performance difference caused by different Blackhole
modes can be very significant. Please make sure you use the consistent Blackhole mode for comparisons.

Benchmark                      Mode  Cnt    Score   Error   Units
ListJsonb7880.basketJSONB     thrpt    5  615.988 ± 3.160  ops/ms
ListJsonb7880.nestedListJSON  thrpt    5  211.833 ± 8.333  ops/ms
ListJsonb7880.rootListJSONB   thrpt    5  612.585 ± 5.183  ops/ms

Benchmark result is saved to <work>/env/jmh/ab-r11c/v10copy-r1.json
