# JMH version: 1.37
# VM version: JDK 21.0.12, OpenJDK 64-Bit Server VM, 21.0.12+8-LTS
# VM invoker: <jdk21>/bin/java
# VM options: -Xms1g -Xmx1g
# Blackhole mode: compiler (auto-detected, use -Djmh.blackhole.autoDetect=false to disable)
# Warmup: 4 iterations, 1 s each
# Measurement: 5 iterations, 1 s each
# Timeout: 10 min per iteration
# Threads: 1 thread, will synchronize iterations
# Benchmark mode: Throughput, ops/time
# Benchmark: bench11.ListJsonb7880.basketJSONB

# Run progress: 0.00% complete, ETA 00:00:27
# Fork: 1 of 1
# Warmup Iteration   1: 518.361 ops/ms
# Warmup Iteration   2: 631.542 ops/ms
# Warmup Iteration   3: 631.515 ops/ms
# Warmup Iteration   4: 630.958 ops/ms
Iteration   1: 630.997 ops/ms
Iteration   2: 631.565 ops/ms
Iteration   3: 629.625 ops/ms
Iteration   4: 630.646 ops/ms
Iteration   5: 628.689 ops/ms


Result "bench11.ListJsonb7880.basketJSONB":
  630.305 ±(99.9%) 4.415 ops/ms [Average]
  (min, avg, max) = (628.689, 630.305, 631.565), stdev = 1.147
  CI (99.9%): [625.890, 634.720] (assumes normal distribution)


# JMH version: 1.37
# VM version: JDK 21.0.12, OpenJDK 64-Bit Server VM, 21.0.12+8-LTS
# VM invoker: <jdk21>/bin/java
# VM options: -Xms1g -Xmx1g
# Blackhole mode: compiler (auto-detected, use -Djmh.blackhole.autoDetect=false to disable)
# Warmup: 4 iterations, 1 s each
# Measurement: 5 iterations, 1 s each
# Timeout: 10 min per iteration
# Threads: 1 thread, will synchronize iterations
# Benchmark mode: Throughput, ops/time
# Benchmark: bench11.ListJsonb7880.nestedListJSON

# Run progress: 33.33% complete, ETA 00:00:18
# Fork: 1 of 1
# Warmup Iteration   1: 159.937 ops/ms
# Warmup Iteration   2: 213.682 ops/ms
# Warmup Iteration   3: 212.891 ops/ms
# Warmup Iteration   4: 212.125 ops/ms
Iteration   1: 212.656 ops/ms
Iteration   2: 213.399 ops/ms
Iteration   3: 213.830 ops/ms
Iteration   4: 214.455 ops/ms
Iteration   5: 213.960 ops/ms


Result "bench11.ListJsonb7880.nestedListJSON":
  213.660 ±(99.9%) 2.603 ops/ms [Average]
  (min, avg, max) = (212.656, 213.660, 214.455), stdev = 0.676
  CI (99.9%): [211.057, 216.263] (assumes normal distribution)


# JMH version: 1.37
# VM version: JDK 21.0.12, OpenJDK 64-Bit Server VM, 21.0.12+8-LTS
# VM invoker: <jdk21>/bin/java
# VM options: -Xms1g -Xmx1g
# Blackhole mode: compiler (auto-detected, use -Djmh.blackhole.autoDetect=false to disable)
# Warmup: 4 iterations, 1 s each
# Measurement: 5 iterations, 1 s each
# Timeout: 10 min per iteration
# Threads: 1 thread, will synchronize iterations
# Benchmark mode: Throughput, ops/time
# Benchmark: bench11.ListJsonb7880.rootListJSONB

# Run progress: 66.67% complete, ETA 00:00:09
# Fork: 1 of 1
# Warmup Iteration   1: 505.353 ops/ms
# Warmup Iteration   2: 627.613 ops/ms
# Warmup Iteration   3: 603.522 ops/ms
# Warmup Iteration   4: 603.252 ops/ms
Iteration   1: 605.964 ops/ms
Iteration   2: 608.275 ops/ms
Iteration   3: 609.483 ops/ms
Iteration   4: 610.470 ops/ms
Iteration   5: 612.369 ops/ms


Result "bench11.ListJsonb7880.rootListJSONB":
  609.312 ±(99.9%) 9.233 ops/ms [Average]
  (min, avg, max) = (605.964, 609.312, 612.369), stdev = 2.398
  CI (99.9%): [600.079, 618.545] (assumes normal distribution)


# Run complete. Total time: 00:00:27

REMEMBER: The numbers below are just data. To gain reusable insights, you need to follow up on
why the numbers are the way they are. Use profilers (see -prof, -lprof), design factorial
experiments, perform baseline and negative tests that provide experimental control, make sure
the benchmarking environment is safe on JVM/OS/HW level, ask for reviews from the domain experts.
Do not assume the numbers tell you what you want them to tell.

NOTE: Current JVM experimentally supports Compiler Blackholes, and they are in use. Please exercise
extra caution when trusting the results, look into the generated code to check the benchmark still
works, and factor in a small probability of new VM bugs. Additionally, while comparisons between
different JVMs are already problematic, the performance difference caused by different Blackhole
modes can be very significant. Please make sure you use the consistent Blackhole mode for comparisons.

Benchmark                      Mode  Cnt    Score   Error   Units
ListJsonb7880.basketJSONB     thrpt    5  630.305 ± 4.415  ops/ms
ListJsonb7880.nestedListJSON  thrpt    5  213.660 ± 2.603  ops/ms
ListJsonb7880.rootListJSONB   thrpt    5  609.312 ± 9.233  ops/ms

Benchmark result is saved to <work>/env/jmh/ab-r11c/v10copy-r6.json
