# JMH version: 1.37
# VM version: JDK 21.0.12, OpenJDK 64-Bit Server VM, 21.0.12+8-LTS
# VM invoker: <jdk21>/bin/java
# VM options: -Xms1g -Xmx1g
# Blackhole mode: compiler (auto-detected, use -Djmh.blackhole.autoDetect=false to disable)
# Warmup: 4 iterations, 1 s each
# Measurement: 5 iterations, 1 s each
# Timeout: 10 min per iteration
# Threads: 1 thread, will synchronize iterations
# Benchmark mode: Throughput, ops/time
# Benchmark: bench11.ListJsonb7880.basketJSONB

# Run progress: 0.00% complete, ETA 00:00:27
# Fork: 1 of 1
# Warmup Iteration   1: 504.615 ops/ms
# Warmup Iteration   2: 609.320 ops/ms
# Warmup Iteration   3: 612.936 ops/ms
# Warmup Iteration   4: 613.135 ops/ms
Iteration   1: 612.780 ops/ms
Iteration   2: 612.688 ops/ms
Iteration   3: 612.392 ops/ms
Iteration   4: 612.559 ops/ms
Iteration   5: 611.391 ops/ms


Result "bench11.ListJsonb7880.basketJSONB":
  612.362 ±(99.9%) 2.164 ops/ms [Average]
  (min, avg, max) = (611.391, 612.362, 612.780), stdev = 0.562
  CI (99.9%): [610.199, 614.526] (assumes normal distribution)


# JMH version: 1.37
# VM version: JDK 21.0.12, OpenJDK 64-Bit Server VM, 21.0.12+8-LTS
# VM invoker: <jdk21>/bin/java
# VM options: -Xms1g -Xmx1g
# Blackhole mode: compiler (auto-detected, use -Djmh.blackhole.autoDetect=false to disable)
# Warmup: 4 iterations, 1 s each
# Measurement: 5 iterations, 1 s each
# Timeout: 10 min per iteration
# Threads: 1 thread, will synchronize iterations
# Benchmark mode: Throughput, ops/time
# Benchmark: bench11.ListJsonb7880.nestedListJSON

# Run progress: 33.33% complete, ETA 00:00:18
# Fork: 1 of 1
# Warmup Iteration   1: 164.040 ops/ms
# Warmup Iteration   2: 212.726 ops/ms
# Warmup Iteration   3: 214.057 ops/ms
# Warmup Iteration   4: 213.773 ops/ms
Iteration   1: 213.973 ops/ms
Iteration   2: 212.999 ops/ms
Iteration   3: 213.018 ops/ms
Iteration   4: 213.752 ops/ms
Iteration   5: 213.422 ops/ms


Result "bench11.ListJsonb7880.nestedListJSON":
  213.433 ±(99.9%) 1.672 ops/ms [Average]
  (min, avg, max) = (212.999, 213.433, 213.973), stdev = 0.434
  CI (99.9%): [211.761, 215.105] (assumes normal distribution)


# JMH version: 1.37
# VM version: JDK 21.0.12, OpenJDK 64-Bit Server VM, 21.0.12+8-LTS
# VM invoker: <jdk21>/bin/java
# VM options: -Xms1g -Xmx1g
# Blackhole mode: compiler (auto-detected, use -Djmh.blackhole.autoDetect=false to disable)
# Warmup: 4 iterations, 1 s each
# Measurement: 5 iterations, 1 s each
# Timeout: 10 min per iteration
# Threads: 1 thread, will synchronize iterations
# Benchmark mode: Throughput, ops/time
# Benchmark: bench11.ListJsonb7880.rootListJSONB

# Run progress: 66.67% complete, ETA 00:00:09
# Fork: 1 of 1
# Warmup Iteration   1: 500.463 ops/ms
# Warmup Iteration   2: 623.930 ops/ms
# Warmup Iteration   3: 605.460 ops/ms
# Warmup Iteration   4: 603.571 ops/ms
Iteration   1: 603.539 ops/ms
Iteration   2: 602.566 ops/ms
Iteration   3: 601.607 ops/ms
Iteration   4: 602.595 ops/ms
Iteration   5: 604.787 ops/ms


Result "bench11.ListJsonb7880.rootListJSONB":
  603.019 ±(99.9%) 4.628 ops/ms [Average]
  (min, avg, max) = (601.607, 603.019, 604.787), stdev = 1.202
  CI (99.9%): [598.391, 607.646] (assumes normal distribution)


# Run complete. Total time: 00:00:27

REMEMBER: The numbers below are just data. To gain reusable insights, you need to follow up on
why the numbers are the way they are. Use profilers (see -prof, -lprof), design factorial
experiments, perform baseline and negative tests that provide experimental control, make sure
the benchmarking environment is safe on JVM/OS/HW level, ask for reviews from the domain experts.
Do not assume the numbers tell you what you want them to tell.

NOTE: Current JVM experimentally supports Compiler Blackholes, and they are in use. Please exercise
extra caution when trusting the results, look into the generated code to check the benchmark still
works, and factor in a small probability of new VM bugs. Additionally, while comparisons between
different JVMs are already problematic, the performance difference caused by different Blackhole
modes can be very significant. Please make sure you use the consistent Blackhole mode for comparisons.

Benchmark                      Mode  Cnt    Score   Error   Units
ListJsonb7880.basketJSONB     thrpt    5  612.362 ± 2.164  ops/ms
ListJsonb7880.nestedListJSON  thrpt    5  213.433 ± 1.672  ops/ms
ListJsonb7880.rootListJSONB   thrpt    5  603.019 ± 4.628  ops/ms

Benchmark result is saved to <work>/env/jmh/ab-r11c/v10copy-r2.json
