# JMH version: 1.37
# VM version: JDK 21.0.12, OpenJDK 64-Bit Server VM, 21.0.12+8-LTS
# VM invoker: <jdk21>/bin/java
# VM options: -Xms1g -Xmx1g
# Blackhole mode: compiler (auto-detected, use -Djmh.blackhole.autoDetect=false to disable)
# Warmup: 4 iterations, 1 s each
# Measurement: 5 iterations, 1 s each
# Timeout: 10 min per iteration
# Threads: 1 thread, will synchronize iterations
# Benchmark mode: Throughput, ops/time
# Benchmark: bench11.ListJsonb7880.basketJSONB

# Run progress: 0.00% complete, ETA 00:00:27
# Fork: 1 of 1
# Warmup Iteration   1: 520.233 ops/ms
# Warmup Iteration   2: 626.879 ops/ms
# Warmup Iteration   3: 631.014 ops/ms
# Warmup Iteration   4: 627.923 ops/ms
Iteration   1: 627.286 ops/ms
Iteration   2: 628.672 ops/ms
Iteration   3: 627.301 ops/ms
Iteration   4: 628.764 ops/ms
Iteration   5: 628.234 ops/ms


Result "bench11.ListJsonb7880.basketJSONB":
  628.051 ±(99.9%) 2.773 ops/ms [Average]
  (min, avg, max) = (627.286, 628.051, 628.764), stdev = 0.720
  CI (99.9%): [625.278, 630.825] (assumes normal distribution)


# JMH version: 1.37
# VM version: JDK 21.0.12, OpenJDK 64-Bit Server VM, 21.0.12+8-LTS
# VM invoker: <jdk21>/bin/java
# VM options: -Xms1g -Xmx1g
# Blackhole mode: compiler (auto-detected, use -Djmh.blackhole.autoDetect=false to disable)
# Warmup: 4 iterations, 1 s each
# Measurement: 5 iterations, 1 s each
# Timeout: 10 min per iteration
# Threads: 1 thread, will synchronize iterations
# Benchmark mode: Throughput, ops/time
# Benchmark: bench11.ListJsonb7880.nestedListJSON

# Run progress: 33.33% complete, ETA 00:00:18
# Fork: 1 of 1
# Warmup Iteration   1: 161.754 ops/ms
# Warmup Iteration   2: 210.978 ops/ms
# Warmup Iteration   3: 213.720 ops/ms
# Warmup Iteration   4: 213.821 ops/ms
Iteration   1: 209.668 ops/ms
Iteration   2: 212.139 ops/ms
Iteration   3: 213.661 ops/ms
Iteration   4: 214.206 ops/ms
Iteration   5: 213.708 ops/ms


Result "bench11.ListJsonb7880.nestedListJSON":
  212.676 ±(99.9%) 7.129 ops/ms [Average]
  (min, avg, max) = (209.668, 212.676, 214.206), stdev = 1.851
  CI (99.9%): [205.547, 219.806] (assumes normal distribution)


# JMH version: 1.37
# VM version: JDK 21.0.12, OpenJDK 64-Bit Server VM, 21.0.12+8-LTS
# VM invoker: <jdk21>/bin/java
# VM options: -Xms1g -Xmx1g
# Blackhole mode: compiler (auto-detected, use -Djmh.blackhole.autoDetect=false to disable)
# Warmup: 4 iterations, 1 s each
# Measurement: 5 iterations, 1 s each
# Timeout: 10 min per iteration
# Threads: 1 thread, will synchronize iterations
# Benchmark mode: Throughput, ops/time
# Benchmark: bench11.ListJsonb7880.rootListJSONB

# Run progress: 66.67% complete, ETA 00:00:09
# Fork: 1 of 1
# Warmup Iteration   1: 499.551 ops/ms
# Warmup Iteration   2: 599.152 ops/ms
# Warmup Iteration   3: 608.000 ops/ms
# Warmup Iteration   4: 601.833 ops/ms
Iteration   1: 607.749 ops/ms
Iteration   2: 608.346 ops/ms
Iteration   3: 609.063 ops/ms
Iteration   4: 608.850 ops/ms
Iteration   5: 606.144 ops/ms


Result "bench11.ListJsonb7880.rootListJSONB":
  608.030 ±(99.9%) 4.504 ops/ms [Average]
  (min, avg, max) = (606.144, 608.030, 609.063), stdev = 1.170
  CI (99.9%): [603.526, 612.535] (assumes normal distribution)


# Run complete. Total time: 00:00:27

REMEMBER: The numbers below are just data. To gain reusable insights, you need to follow up on
why the numbers are the way they are. Use profilers (see -prof, -lprof), design factorial
experiments, perform baseline and negative tests that provide experimental control, make sure
the benchmarking environment is safe on JVM/OS/HW level, ask for reviews from the domain experts.
Do not assume the numbers tell you what you want them to tell.

NOTE: Current JVM experimentally supports Compiler Blackholes, and they are in use. Please exercise
extra caution when trusting the results, look into the generated code to check the benchmark still
works, and factor in a small probability of new VM bugs. Additionally, while comparisons between
different JVMs are already problematic, the performance difference caused by different Blackhole
modes can be very significant. Please make sure you use the consistent Blackhole mode for comparisons.

Benchmark                      Mode  Cnt    Score   Error   Units
ListJsonb7880.basketJSONB     thrpt    5  628.051 ± 2.773  ops/ms
ListJsonb7880.nestedListJSON  thrpt    5  212.676 ± 7.129  ops/ms
ListJsonb7880.rootListJSONB   thrpt    5  608.030 ± 4.504  ops/ms

Benchmark result is saved to <work>/env/jmh/ab-r11c/v10copy-r3.json
