# JMH version: 1.37
# VM version: JDK 21.0.12, OpenJDK 64-Bit Server VM, 21.0.12+8-LTS
# VM invoker: <jdk21>/bin/java
# VM options: -Xms1g -Xmx1g
# Blackhole mode: compiler (auto-detected, use -Djmh.blackhole.autoDetect=false to disable)
# Warmup: 4 iterations, 1 s each
# Measurement: 5 iterations, 1 s each
# Timeout: 10 min per iteration
# Threads: 1 thread, will synchronize iterations
# Benchmark mode: Throughput, ops/time
# Benchmark: bench11.ListJsonb7880.basketJSONB

# Run progress: 0.00% complete, ETA 00:00:27
# Fork: 1 of 1
# Warmup Iteration   1: 511.255 ops/ms
# Warmup Iteration   2: 632.260 ops/ms
# Warmup Iteration   3: 636.603 ops/ms
# Warmup Iteration   4: 636.545 ops/ms
Iteration   1: 638.444 ops/ms
Iteration   2: 638.375 ops/ms
Iteration   3: 638.649 ops/ms
Iteration   4: 637.809 ops/ms
Iteration   5: 638.951 ops/ms


Result "bench11.ListJsonb7880.basketJSONB":
  638.445 ±(99.9%) 1.619 ops/ms [Average]
  (min, avg, max) = (637.809, 638.445, 638.951), stdev = 0.421
  CI (99.9%): [636.826, 640.065] (assumes normal distribution)


# JMH version: 1.37
# VM version: JDK 21.0.12, OpenJDK 64-Bit Server VM, 21.0.12+8-LTS
# VM invoker: <jdk21>/bin/java
# VM options: -Xms1g -Xmx1g
# Blackhole mode: compiler (auto-detected, use -Djmh.blackhole.autoDetect=false to disable)
# Warmup: 4 iterations, 1 s each
# Measurement: 5 iterations, 1 s each
# Timeout: 10 min per iteration
# Threads: 1 thread, will synchronize iterations
# Benchmark mode: Throughput, ops/time
# Benchmark: bench11.ListJsonb7880.nestedListJSON

# Run progress: 33.33% complete, ETA 00:00:18
# Fork: 1 of 1
# Warmup Iteration   1: 160.308 ops/ms
# Warmup Iteration   2: 212.555 ops/ms
# Warmup Iteration   3: 211.962 ops/ms
# Warmup Iteration   4: 213.646 ops/ms
Iteration   1: 212.947 ops/ms
Iteration   2: 212.310 ops/ms
Iteration   3: 214.112 ops/ms
Iteration   4: 214.436 ops/ms
Iteration   5: 214.084 ops/ms


Result "bench11.ListJsonb7880.nestedListJSON":
  213.578 ±(99.9%) 3.489 ops/ms [Average]
  (min, avg, max) = (212.310, 213.578, 214.436), stdev = 0.906
  CI (99.9%): [210.089, 217.067] (assumes normal distribution)


# JMH version: 1.37
# VM version: JDK 21.0.12, OpenJDK 64-Bit Server VM, 21.0.12+8-LTS
# VM invoker: <jdk21>/bin/java
# VM options: -Xms1g -Xmx1g
# Blackhole mode: compiler (auto-detected, use -Djmh.blackhole.autoDetect=false to disable)
# Warmup: 4 iterations, 1 s each
# Measurement: 5 iterations, 1 s each
# Timeout: 10 min per iteration
# Threads: 1 thread, will synchronize iterations
# Benchmark mode: Throughput, ops/time
# Benchmark: bench11.ListJsonb7880.rootListJSONB

# Run progress: 66.67% complete, ETA 00:00:09
# Fork: 1 of 1
# Warmup Iteration   1: 507.665 ops/ms
# Warmup Iteration   2: 622.974 ops/ms
# Warmup Iteration   3: 606.836 ops/ms
# Warmup Iteration   4: 602.673 ops/ms
Iteration   1: 605.705 ops/ms
Iteration   2: 605.231 ops/ms
Iteration   3: 605.461 ops/ms
Iteration   4: 605.087 ops/ms
Iteration   5: 603.291 ops/ms


Result "bench11.ListJsonb7880.rootListJSONB":
  604.955 ±(99.9%) 3.695 ops/ms [Average]
  (min, avg, max) = (603.291, 604.955, 605.705), stdev = 0.960
  CI (99.9%): [601.260, 608.650] (assumes normal distribution)


# Run complete. Total time: 00:00:27

REMEMBER: The numbers below are just data. To gain reusable insights, you need to follow up on
why the numbers are the way they are. Use profilers (see -prof, -lprof), design factorial
experiments, perform baseline and negative tests that provide experimental control, make sure
the benchmarking environment is safe on JVM/OS/HW level, ask for reviews from the domain experts.
Do not assume the numbers tell you what you want them to tell.

NOTE: Current JVM experimentally supports Compiler Blackholes, and they are in use. Please exercise
extra caution when trusting the results, look into the generated code to check the benchmark still
works, and factor in a small probability of new VM bugs. Additionally, while comparisons between
different JVMs are already problematic, the performance difference caused by different Blackhole
modes can be very significant. Please make sure you use the consistent Blackhole mode for comparisons.

Benchmark                      Mode  Cnt    Score   Error   Units
ListJsonb7880.basketJSONB     thrpt    5  638.445 ± 1.619  ops/ms
ListJsonb7880.nestedListJSON  thrpt    5  213.578 ± 3.489  ops/ms
ListJsonb7880.rootListJSONB   thrpt    5  604.955 ± 3.695  ops/ms

Benchmark result is saved to <work>/env/jmh/ab-r11c/v10copy-r5.json
