# JMH version: 1.37
# VM version: JDK 21.0.12, OpenJDK 64-Bit Server VM, 21.0.12+8-LTS
# VM invoker: <jdk21>/bin/java
# VM options: -Xms1g -Xmx1g
# Blackhole mode: compiler (auto-detected, use -Djmh.blackhole.autoDetect=false to disable)
# Warmup: 4 iterations, 1 s each
# Measurement: 5 iterations, 1 s each
# Timeout: 10 min per iteration
# Threads: 1 thread, will synchronize iterations
# Benchmark mode: Throughput, ops/time
# Benchmark: bench11.ListJsonb7880.basketJSONB

# Run progress: 0.00% complete, ETA 00:00:27
# Fork: 1 of 1
# Warmup Iteration   1: 509.349 ops/ms
# Warmup Iteration   2: 611.318 ops/ms
# Warmup Iteration   3: 615.306 ops/ms
# Warmup Iteration   4: 614.456 ops/ms
Iteration   1: 616.136 ops/ms
Iteration   2: 616.220 ops/ms
Iteration   3: 615.835 ops/ms
Iteration   4: 614.260 ops/ms
Iteration   5: 613.855 ops/ms


Result "bench11.ListJsonb7880.basketJSONB":
  615.261 ±(99.9%) 4.302 ops/ms [Average]
  (min, avg, max) = (613.855, 615.261, 616.220), stdev = 1.117
  CI (99.9%): [610.959, 619.563] (assumes normal distribution)


# JMH version: 1.37
# VM version: JDK 21.0.12, OpenJDK 64-Bit Server VM, 21.0.12+8-LTS
# VM invoker: <jdk21>/bin/java
# VM options: -Xms1g -Xmx1g
# Blackhole mode: compiler (auto-detected, use -Djmh.blackhole.autoDetect=false to disable)
# Warmup: 4 iterations, 1 s each
# Measurement: 5 iterations, 1 s each
# Timeout: 10 min per iteration
# Threads: 1 thread, will synchronize iterations
# Benchmark mode: Throughput, ops/time
# Benchmark: bench11.ListJsonb7880.nestedListJSON

# Run progress: 33.33% complete, ETA 00:00:18
# Fork: 1 of 1
# Warmup Iteration   1: 163.361 ops/ms
# Warmup Iteration   2: 213.554 ops/ms
# Warmup Iteration   3: 214.803 ops/ms
# Warmup Iteration   4: 213.865 ops/ms
Iteration   1: 211.660 ops/ms
Iteration   2: 214.995 ops/ms
Iteration   3: 215.062 ops/ms
Iteration   4: 215.712 ops/ms
Iteration   5: 215.612 ops/ms


Result "bench11.ListJsonb7880.nestedListJSON":
  214.608 ±(99.9%) 6.464 ops/ms [Average]
  (min, avg, max) = (211.660, 214.608, 215.712), stdev = 1.679
  CI (99.9%): [208.144, 221.072] (assumes normal distribution)


# JMH version: 1.37
# VM version: JDK 21.0.12, OpenJDK 64-Bit Server VM, 21.0.12+8-LTS
# VM invoker: <jdk21>/bin/java
# VM options: -Xms1g -Xmx1g
# Blackhole mode: compiler (auto-detected, use -Djmh.blackhole.autoDetect=false to disable)
# Warmup: 4 iterations, 1 s each
# Measurement: 5 iterations, 1 s each
# Timeout: 10 min per iteration
# Threads: 1 thread, will synchronize iterations
# Benchmark mode: Throughput, ops/time
# Benchmark: bench11.ListJsonb7880.rootListJSONB

# Run progress: 66.67% complete, ETA 00:00:09
# Fork: 1 of 1
# Warmup Iteration   1: 501.397 ops/ms
# Warmup Iteration   2: 615.203 ops/ms
# Warmup Iteration   3: 603.875 ops/ms
# Warmup Iteration   4: 604.196 ops/ms
Iteration   1: 605.733 ops/ms
Iteration   2: 604.658 ops/ms
Iteration   3: 606.466 ops/ms
Iteration   4: 607.129 ops/ms
Iteration   5: 606.191 ops/ms


Result "bench11.ListJsonb7880.rootListJSONB":
  606.035 ±(99.9%) 3.547 ops/ms [Average]
  (min, avg, max) = (604.658, 606.035, 607.129), stdev = 0.921
  CI (99.9%): [602.488, 609.582] (assumes normal distribution)


# Run complete. Total time: 00:00:27

REMEMBER: The numbers below are just data. To gain reusable insights, you need to follow up on
why the numbers are the way they are. Use profilers (see -prof, -lprof), design factorial
experiments, perform baseline and negative tests that provide experimental control, make sure
the benchmarking environment is safe on JVM/OS/HW level, ask for reviews from the domain experts.
Do not assume the numbers tell you what you want them to tell.

NOTE: Current JVM experimentally supports Compiler Blackholes, and they are in use. Please exercise
extra caution when trusting the results, look into the generated code to check the benchmark still
works, and factor in a small probability of new VM bugs. Additionally, while comparisons between
different JVMs are already problematic, the performance difference caused by different Blackhole
modes can be very significant. Please make sure you use the consistent Blackhole mode for comparisons.

Benchmark                      Mode  Cnt    Score   Error   Units
ListJsonb7880.basketJSONB     thrpt    5  615.261 ± 4.302  ops/ms
ListJsonb7880.nestedListJSON  thrpt    5  214.608 ± 6.464  ops/ms
ListJsonb7880.rootListJSONB   thrpt    5  606.035 ± 3.547  ops/ms

Benchmark result is saved to <work>/env/jmh/ab-r11c/v10copy-r4.json
