# JMH version: 1.37
# VM version: JDK 21.0.12, OpenJDK 64-Bit Server VM, 21.0.12+8-LTS
# VM invoker: <jdk21>/bin/java
# VM options: -Xms1g -Xmx1g
# Blackhole mode: compiler (auto-detected, use -Djmh.blackhole.autoDetect=false to disable)
# Warmup: 4 iterations, 1 s each
# Measurement: 5 iterations, 1 s each
# Timeout: 10 min per iteration
# Threads: 1 thread, will synchronize iterations
# Benchmark mode: Throughput, ops/time
# Benchmark: bench11.ListJsonb7880.basketJSONB

# Run progress: 0.00% complete, ETA 00:00:27
# Fork: 1 of 1
# Warmup Iteration   1: 493.187 ops/ms
# Warmup Iteration   2: 597.815 ops/ms
# Warmup Iteration   3: 596.273 ops/ms
# Warmup Iteration   4: 595.951 ops/ms
Iteration   1: 599.705 ops/ms
Iteration   2: 598.902 ops/ms
Iteration   3: 599.932 ops/ms
Iteration   4: 598.323 ops/ms
Iteration   5: 598.604 ops/ms


Result "bench11.ListJsonb7880.basketJSONB":
  599.093 ±(99.9%) 2.687 ops/ms [Average]
  (min, avg, max) = (598.323, 599.093, 599.932), stdev = 0.698
  CI (99.9%): [596.406, 601.781] (assumes normal distribution)


# JMH version: 1.37
# VM version: JDK 21.0.12, OpenJDK 64-Bit Server VM, 21.0.12+8-LTS
# VM invoker: <jdk21>/bin/java
# VM options: -Xms1g -Xmx1g
# Blackhole mode: compiler (auto-detected, use -Djmh.blackhole.autoDetect=false to disable)
# Warmup: 4 iterations, 1 s each
# Measurement: 5 iterations, 1 s each
# Timeout: 10 min per iteration
# Threads: 1 thread, will synchronize iterations
# Benchmark mode: Throughput, ops/time
# Benchmark: bench11.ListJsonb7880.nestedListJSON

# Run progress: 33.33% complete, ETA 00:00:18
# Fork: 1 of 1
# Warmup Iteration   1: 159.942 ops/ms
# Warmup Iteration   2: 211.583 ops/ms
# Warmup Iteration   3: 212.866 ops/ms
# Warmup Iteration   4: 211.845 ops/ms
Iteration   1: 211.941 ops/ms
Iteration   2: 213.348 ops/ms
Iteration   3: 211.449 ops/ms
Iteration   4: 212.129 ops/ms
Iteration   5: 212.195 ops/ms


Result "bench11.ListJsonb7880.nestedListJSON":
  212.212 ±(99.9%) 2.690 ops/ms [Average]
  (min, avg, max) = (211.449, 212.212, 213.348), stdev = 0.699
  CI (99.9%): [209.522, 214.902] (assumes normal distribution)


# JMH version: 1.37
# VM version: JDK 21.0.12, OpenJDK 64-Bit Server VM, 21.0.12+8-LTS
# VM invoker: <jdk21>/bin/java
# VM options: -Xms1g -Xmx1g
# Blackhole mode: compiler (auto-detected, use -Djmh.blackhole.autoDetect=false to disable)
# Warmup: 4 iterations, 1 s each
# Measurement: 5 iterations, 1 s each
# Timeout: 10 min per iteration
# Threads: 1 thread, will synchronize iterations
# Benchmark mode: Throughput, ops/time
# Benchmark: bench11.ListJsonb7880.rootListJSONB

# Run progress: 66.67% complete, ETA 00:00:09
# Fork: 1 of 1
# Warmup Iteration   1: 494.465 ops/ms
# Warmup Iteration   2: 595.999 ops/ms
# Warmup Iteration   3: 599.758 ops/ms
# Warmup Iteration   4: 596.958 ops/ms
Iteration   1: 590.793 ops/ms
Iteration   2: 591.619 ops/ms
Iteration   3: 591.502 ops/ms
Iteration   4: 592.494 ops/ms
Iteration   5: 591.744 ops/ms


Result "bench11.ListJsonb7880.rootListJSONB":
  591.630 ±(99.9%) 2.339 ops/ms [Average]
  (min, avg, max) = (590.793, 591.630, 592.494), stdev = 0.608
  CI (99.9%): [589.291, 593.970] (assumes normal distribution)


# Run complete. Total time: 00:00:27

REMEMBER: The numbers below are just data. To gain reusable insights, you need to follow up on
why the numbers are the way they are. Use profilers (see -prof, -lprof), design factorial
experiments, perform baseline and negative tests that provide experimental control, make sure
the benchmarking environment is safe on JVM/OS/HW level, ask for reviews from the domain experts.
Do not assume the numbers tell you what you want them to tell.

NOTE: Current JVM experimentally supports Compiler Blackholes, and they are in use. Please exercise
extra caution when trusting the results, look into the generated code to check the benchmark still
works, and factor in a small probability of new VM bugs. Additionally, while comparisons between
different JVMs are already problematic, the performance difference caused by different Blackhole
modes can be very significant. Please make sure you use the consistent Blackhole mode for comparisons.

Benchmark                      Mode  Cnt    Score   Error   Units
ListJsonb7880.basketJSONB     thrpt    5  599.093 ± 2.687  ops/ms
ListJsonb7880.nestedListJSON  thrpt    5  212.212 ± 2.690  ops/ms
ListJsonb7880.rootListJSONB   thrpt    5  591.630 ± 2.339  ops/ms

Benchmark result is saved to <work>/env/jmh/ab-r11c/v11-r4.json
