# JMH version: 1.37
# VM version: JDK 21.0.12, OpenJDK 64-Bit Server VM, 21.0.12+8-LTS
# VM invoker: <jdk21>/bin/java
# VM options: -Xms1g -Xmx1g
# Blackhole mode: compiler (auto-detected, use -Djmh.blackhole.autoDetect=false to disable)
# Warmup: 4 iterations, 1 s each
# Measurement: 5 iterations, 1 s each
# Timeout: 10 min per iteration
# Threads: 1 thread, will synchronize iterations
# Benchmark mode: Throughput, ops/time
# Benchmark: bench11.ListJsonb7880.basketJSONB

# Run progress: 0.00% complete, ETA 00:00:27
# Fork: 1 of 1
# Warmup Iteration   1: 512.346 ops/ms
# Warmup Iteration   2: 624.740 ops/ms
# Warmup Iteration   3: 625.467 ops/ms
# Warmup Iteration   4: 629.132 ops/ms
Iteration   1: 628.701 ops/ms
Iteration   2: 630.504 ops/ms
Iteration   3: 631.126 ops/ms
Iteration   4: 631.642 ops/ms
Iteration   5: 629.735 ops/ms


Result "bench11.ListJsonb7880.basketJSONB":
  630.341 ±(99.9%) 4.471 ops/ms [Average]
  (min, avg, max) = (628.701, 630.341, 631.642), stdev = 1.161
  CI (99.9%): [625.871, 634.812] (assumes normal distribution)


# JMH version: 1.37
# VM version: JDK 21.0.12, OpenJDK 64-Bit Server VM, 21.0.12+8-LTS
# VM invoker: <jdk21>/bin/java
# VM options: -Xms1g -Xmx1g
# Blackhole mode: compiler (auto-detected, use -Djmh.blackhole.autoDetect=false to disable)
# Warmup: 4 iterations, 1 s each
# Measurement: 5 iterations, 1 s each
# Timeout: 10 min per iteration
# Threads: 1 thread, will synchronize iterations
# Benchmark mode: Throughput, ops/time
# Benchmark: bench11.ListJsonb7880.nestedListJSON

# Run progress: 33.33% complete, ETA 00:00:18
# Fork: 1 of 1
# Warmup Iteration   1: 166.607 ops/ms
# Warmup Iteration   2: 212.748 ops/ms
# Warmup Iteration   3: 213.256 ops/ms
# Warmup Iteration   4: 212.723 ops/ms
Iteration   1: 213.328 ops/ms
Iteration   2: 213.363 ops/ms
Iteration   3: 213.217 ops/ms
Iteration   4: 212.133 ops/ms
Iteration   5: 213.522 ops/ms


Result "bench11.ListJsonb7880.nestedListJSON":
  213.112 ±(99.9%) 2.150 ops/ms [Average]
  (min, avg, max) = (212.133, 213.112, 213.522), stdev = 0.558
  CI (99.9%): [210.962, 215.263] (assumes normal distribution)


# JMH version: 1.37
# VM version: JDK 21.0.12, OpenJDK 64-Bit Server VM, 21.0.12+8-LTS
# VM invoker: <jdk21>/bin/java
# VM options: -Xms1g -Xmx1g
# Blackhole mode: compiler (auto-detected, use -Djmh.blackhole.autoDetect=false to disable)
# Warmup: 4 iterations, 1 s each
# Measurement: 5 iterations, 1 s each
# Timeout: 10 min per iteration
# Threads: 1 thread, will synchronize iterations
# Benchmark mode: Throughput, ops/time
# Benchmark: bench11.ListJsonb7880.rootListJSONB

# Run progress: 66.67% complete, ETA 00:00:09
# Fork: 1 of 1
# Warmup Iteration   1: 498.799 ops/ms
# Warmup Iteration   2: 594.406 ops/ms
# Warmup Iteration   3: 592.657 ops/ms
# Warmup Iteration   4: 589.570 ops/ms
Iteration   1: 588.079 ops/ms
Iteration   2: 586.482 ops/ms
Iteration   3: 588.693 ops/ms
Iteration   4: 584.381 ops/ms
Iteration   5: 565.906 ops/ms


Result "bench11.ListJsonb7880.rootListJSONB":
  582.708 ±(99.9%) 36.734 ops/ms [Average]
  (min, avg, max) = (565.906, 582.708, 588.693), stdev = 9.540
  CI (99.9%): [545.974, 619.442] (assumes normal distribution)


# Run complete. Total time: 00:00:27

REMEMBER: The numbers below are just data. To gain reusable insights, you need to follow up on
why the numbers are the way they are. Use profilers (see -prof, -lprof), design factorial
experiments, perform baseline and negative tests that provide experimental control, make sure
the benchmarking environment is safe on JVM/OS/HW level, ask for reviews from the domain experts.
Do not assume the numbers tell you what you want them to tell.

NOTE: Current JVM experimentally supports Compiler Blackholes, and they are in use. Please exercise
extra caution when trusting the results, look into the generated code to check the benchmark still
works, and factor in a small probability of new VM bugs. Additionally, while comparisons between
different JVMs are already problematic, the performance difference caused by different Blackhole
modes can be very significant. Please make sure you use the consistent Blackhole mode for comparisons.

Benchmark                      Mode  Cnt    Score    Error   Units
ListJsonb7880.basketJSONB     thrpt    5  630.341 ±  4.471  ops/ms
ListJsonb7880.nestedListJSON  thrpt    5  213.112 ±  2.150  ops/ms
ListJsonb7880.rootListJSONB   thrpt    5  582.708 ± 36.734  ops/ms

Benchmark result is saved to <work>/env/jmh/ab-r11c/v11-r7.json
