# JMH version: 1.37
# VM version: JDK 21.0.12, OpenJDK 64-Bit Server VM, 21.0.12+8-LTS
# VM invoker: <jdk21>/bin/java
# VM options: -Xms1g -Xmx1g
# Blackhole mode: compiler (auto-detected, use -Djmh.blackhole.autoDetect=false to disable)
# Warmup: 4 iterations, 1 s each
# Measurement: 5 iterations, 1 s each
# Timeout: 10 min per iteration
# Threads: 1 thread, will synchronize iterations
# Benchmark mode: Throughput, ops/time
# Benchmark: bench11.ListJsonb7880.basketJSONB

# Run progress: 0.00% complete, ETA 00:00:27
# Fork: 1 of 1
# Warmup Iteration   1: 513.784 ops/ms
# Warmup Iteration   2: 627.491 ops/ms
# Warmup Iteration   3: 628.845 ops/ms
# Warmup Iteration   4: 626.839 ops/ms
Iteration   1: 625.148 ops/ms
Iteration   2: 624.222 ops/ms
Iteration   3: 624.358 ops/ms
Iteration   4: 623.493 ops/ms
Iteration   5: 624.775 ops/ms


Result "bench11.ListJsonb7880.basketJSONB":
  624.399 ±(99.9%) 2.401 ops/ms [Average]
  (min, avg, max) = (623.493, 624.399, 625.148), stdev = 0.624
  CI (99.9%): [621.998, 626.800] (assumes normal distribution)


# JMH version: 1.37
# VM version: JDK 21.0.12, OpenJDK 64-Bit Server VM, 21.0.12+8-LTS
# VM invoker: <jdk21>/bin/java
# VM options: -Xms1g -Xmx1g
# Blackhole mode: compiler (auto-detected, use -Djmh.blackhole.autoDetect=false to disable)
# Warmup: 4 iterations, 1 s each
# Measurement: 5 iterations, 1 s each
# Timeout: 10 min per iteration
# Threads: 1 thread, will synchronize iterations
# Benchmark mode: Throughput, ops/time
# Benchmark: bench11.ListJsonb7880.nestedListJSON

# Run progress: 33.33% complete, ETA 00:00:18
# Fork: 1 of 1
# Warmup Iteration   1: 162.521 ops/ms
# Warmup Iteration   2: 213.451 ops/ms
# Warmup Iteration   3: 213.708 ops/ms
# Warmup Iteration   4: 213.279 ops/ms
Iteration   1: 212.882 ops/ms
Iteration   2: 214.353 ops/ms
Iteration   3: 212.945 ops/ms
Iteration   4: 213.250 ops/ms
Iteration   5: 213.172 ops/ms


Result "bench11.ListJsonb7880.nestedListJSON":
  213.321 ±(99.9%) 2.299 ops/ms [Average]
  (min, avg, max) = (212.882, 213.321, 214.353), stdev = 0.597
  CI (99.9%): [211.021, 215.620] (assumes normal distribution)


# JMH version: 1.37
# VM version: JDK 21.0.12, OpenJDK 64-Bit Server VM, 21.0.12+8-LTS
# VM invoker: <jdk21>/bin/java
# VM options: -Xms1g -Xmx1g
# Blackhole mode: compiler (auto-detected, use -Djmh.blackhole.autoDetect=false to disable)
# Warmup: 4 iterations, 1 s each
# Measurement: 5 iterations, 1 s each
# Timeout: 10 min per iteration
# Threads: 1 thread, will synchronize iterations
# Benchmark mode: Throughput, ops/time
# Benchmark: bench11.ListJsonb7880.rootListJSONB

# Run progress: 66.67% complete, ETA 00:00:09
# Fork: 1 of 1
# Warmup Iteration   1: 489.738 ops/ms
# Warmup Iteration   2: 594.215 ops/ms
# Warmup Iteration   3: 589.680 ops/ms
# Warmup Iteration   4: 590.498 ops/ms
Iteration   1: 593.448 ops/ms
Iteration   2: 597.577 ops/ms
Iteration   3: 595.782 ops/ms
Iteration   4: 594.367 ops/ms
Iteration   5: 596.852 ops/ms


Result "bench11.ListJsonb7880.rootListJSONB":
  595.605 ±(99.9%) 6.575 ops/ms [Average]
  (min, avg, max) = (593.448, 595.605, 597.577), stdev = 1.708
  CI (99.9%): [589.030, 602.181] (assumes normal distribution)


# Run complete. Total time: 00:00:27

REMEMBER: The numbers below are just data. To gain reusable insights, you need to follow up on
why the numbers are the way they are. Use profilers (see -prof, -lprof), design factorial
experiments, perform baseline and negative tests that provide experimental control, make sure
the benchmarking environment is safe on JVM/OS/HW level, ask for reviews from the domain experts.
Do not assume the numbers tell you what you want them to tell.

NOTE: Current JVM experimentally supports Compiler Blackholes, and they are in use. Please exercise
extra caution when trusting the results, look into the generated code to check the benchmark still
works, and factor in a small probability of new VM bugs. Additionally, while comparisons between
different JVMs are already problematic, the performance difference caused by different Blackhole
modes can be very significant. Please make sure you use the consistent Blackhole mode for comparisons.

Benchmark                      Mode  Cnt    Score   Error   Units
ListJsonb7880.basketJSONB     thrpt    5  624.399 ± 2.401  ops/ms
ListJsonb7880.nestedListJSON  thrpt    5  213.321 ± 2.299  ops/ms
ListJsonb7880.rootListJSONB   thrpt    5  595.605 ± 6.575  ops/ms

Benchmark result is saved to <work>/env/jmh/ab-r11c/v11-r1.json
