# JMH version: 1.37
# VM version: JDK 21.0.12, OpenJDK 64-Bit Server VM, 21.0.12+8-LTS
# VM invoker: <jdk21>/bin/java
# VM options: -Xms1g -Xmx1g
# Blackhole mode: compiler (auto-detected, use -Djmh.blackhole.autoDetect=false to disable)
# Warmup: 4 iterations, 1 s each
# Measurement: 5 iterations, 1 s each
# Timeout: 10 min per iteration
# Threads: 1 thread, will synchronize iterations
# Benchmark mode: Throughput, ops/time
# Benchmark: bench11.ListJsonb7880.basketJSONB

# Run progress: 0.00% complete, ETA 00:00:27
# Fork: 1 of 1
# Warmup Iteration   1: 521.581 ops/ms
# Warmup Iteration   2: 626.197 ops/ms
# Warmup Iteration   3: 633.862 ops/ms
# Warmup Iteration   4: 629.772 ops/ms
Iteration   1: 629.541 ops/ms
Iteration   2: 628.000 ops/ms
Iteration   3: 628.188 ops/ms
Iteration   4: 629.490 ops/ms
Iteration   5: 629.922 ops/ms


Result "bench11.ListJsonb7880.basketJSONB":
  629.028 ±(99.9%) 3.356 ops/ms [Average]
  (min, avg, max) = (628.000, 629.028, 629.922), stdev = 0.872
  CI (99.9%): [625.672, 632.384] (assumes normal distribution)


# JMH version: 1.37
# VM version: JDK 21.0.12, OpenJDK 64-Bit Server VM, 21.0.12+8-LTS
# VM invoker: <jdk21>/bin/java
# VM options: -Xms1g -Xmx1g
# Blackhole mode: compiler (auto-detected, use -Djmh.blackhole.autoDetect=false to disable)
# Warmup: 4 iterations, 1 s each
# Measurement: 5 iterations, 1 s each
# Timeout: 10 min per iteration
# Threads: 1 thread, will synchronize iterations
# Benchmark mode: Throughput, ops/time
# Benchmark: bench11.ListJsonb7880.nestedListJSON

# Run progress: 33.33% complete, ETA 00:00:18
# Fork: 1 of 1
# Warmup Iteration   1: 161.922 ops/ms
# Warmup Iteration   2: 210.597 ops/ms
# Warmup Iteration   3: 210.345 ops/ms
# Warmup Iteration   4: 210.092 ops/ms
Iteration   1: 210.481 ops/ms
Iteration   2: 210.863 ops/ms
Iteration   3: 211.851 ops/ms
Iteration   4: 212.483 ops/ms
Iteration   5: 211.972 ops/ms


Result "bench11.ListJsonb7880.nestedListJSON":
  211.530 ±(99.9%) 3.194 ops/ms [Average]
  (min, avg, max) = (210.481, 211.530, 212.483), stdev = 0.829
  CI (99.9%): [208.337, 214.724] (assumes normal distribution)


# JMH version: 1.37
# VM version: JDK 21.0.12, OpenJDK 64-Bit Server VM, 21.0.12+8-LTS
# VM invoker: <jdk21>/bin/java
# VM options: -Xms1g -Xmx1g
# Blackhole mode: compiler (auto-detected, use -Djmh.blackhole.autoDetect=false to disable)
# Warmup: 4 iterations, 1 s each
# Measurement: 5 iterations, 1 s each
# Timeout: 10 min per iteration
# Threads: 1 thread, will synchronize iterations
# Benchmark mode: Throughput, ops/time
# Benchmark: bench11.ListJsonb7880.rootListJSONB

# Run progress: 66.67% complete, ETA 00:00:09
# Fork: 1 of 1
# Warmup Iteration   1: 498.160 ops/ms
# Warmup Iteration   2: 599.673 ops/ms
# Warmup Iteration   3: 601.194 ops/ms
# Warmup Iteration   4: 599.840 ops/ms
Iteration   1: 602.181 ops/ms
Iteration   2: 602.484 ops/ms
Iteration   3: 601.877 ops/ms
Iteration   4: 601.475 ops/ms
Iteration   5: 603.072 ops/ms


Result "bench11.ListJsonb7880.rootListJSONB":
  602.218 ±(99.9%) 2.334 ops/ms [Average]
  (min, avg, max) = (601.475, 602.218, 603.072), stdev = 0.606
  CI (99.9%): [599.884, 604.551] (assumes normal distribution)


# Run complete. Total time: 00:00:27

REMEMBER: The numbers below are just data. To gain reusable insights, you need to follow up on
why the numbers are the way they are. Use profilers (see -prof, -lprof), design factorial
experiments, perform baseline and negative tests that provide experimental control, make sure
the benchmarking environment is safe on JVM/OS/HW level, ask for reviews from the domain experts.
Do not assume the numbers tell you what you want them to tell.

NOTE: Current JVM experimentally supports Compiler Blackholes, and they are in use. Please exercise
extra caution when trusting the results, look into the generated code to check the benchmark still
works, and factor in a small probability of new VM bugs. Additionally, while comparisons between
different JVMs are already problematic, the performance difference caused by different Blackhole
modes can be very significant. Please make sure you use the consistent Blackhole mode for comparisons.

Benchmark                      Mode  Cnt    Score   Error   Units
ListJsonb7880.basketJSONB     thrpt    5  629.028 ± 3.356  ops/ms
ListJsonb7880.nestedListJSON  thrpt    5  211.530 ± 3.194  ops/ms
ListJsonb7880.rootListJSONB   thrpt    5  602.218 ± 2.334  ops/ms

Benchmark result is saved to <work>/env/jmh/ab-r11c/v11c-r2.json
