# JMH version: 1.37
# VM version: JDK 21.0.12, OpenJDK 64-Bit Server VM, 21.0.12+8-LTS
# VM invoker: <jdk21>/bin/java
# VM options: -Xms1g -Xmx1g
# Blackhole mode: compiler (auto-detected, use -Djmh.blackhole.autoDetect=false to disable)
# Warmup: 4 iterations, 1 s each
# Measurement: 5 iterations, 1 s each
# Timeout: 10 min per iteration
# Threads: 1 thread, will synchronize iterations
# Benchmark mode: Throughput, ops/time
# Benchmark: bench11.ListJsonb7880.basketJSONB

# Run progress: 0.00% complete, ETA 00:00:27
# Fork: 1 of 1
# Warmup Iteration   1: 499.736 ops/ms
# Warmup Iteration   2: 604.303 ops/ms
# Warmup Iteration   3: 596.058 ops/ms
# Warmup Iteration   4: 596.826 ops/ms
Iteration   1: 598.414 ops/ms
Iteration   2: 599.687 ops/ms
Iteration   3: 599.272 ops/ms
Iteration   4: 599.079 ops/ms
Iteration   5: 600.138 ops/ms


Result "bench11.ListJsonb7880.basketJSONB":
  599.318 ±(99.9%) 2.499 ops/ms [Average]
  (min, avg, max) = (598.414, 599.318, 600.138), stdev = 0.649
  CI (99.9%): [596.819, 601.817] (assumes normal distribution)


# JMH version: 1.37
# VM version: JDK 21.0.12, OpenJDK 64-Bit Server VM, 21.0.12+8-LTS
# VM invoker: <jdk21>/bin/java
# VM options: -Xms1g -Xmx1g
# Blackhole mode: compiler (auto-detected, use -Djmh.blackhole.autoDetect=false to disable)
# Warmup: 4 iterations, 1 s each
# Measurement: 5 iterations, 1 s each
# Timeout: 10 min per iteration
# Threads: 1 thread, will synchronize iterations
# Benchmark mode: Throughput, ops/time
# Benchmark: bench11.ListJsonb7880.nestedListJSON

# Run progress: 33.33% complete, ETA 00:00:18
# Fork: 1 of 1
# Warmup Iteration   1: 163.089 ops/ms
# Warmup Iteration   2: 211.890 ops/ms
# Warmup Iteration   3: 212.827 ops/ms
# Warmup Iteration   4: 213.504 ops/ms
Iteration   1: 212.734 ops/ms
Iteration   2: 213.350 ops/ms
Iteration   3: 212.740 ops/ms
Iteration   4: 213.432 ops/ms
Iteration   5: 213.268 ops/ms


Result "bench11.ListJsonb7880.nestedListJSON":
  213.105 ±(99.9%) 1.311 ops/ms [Average]
  (min, avg, max) = (212.734, 213.105, 213.432), stdev = 0.340
  CI (99.9%): [211.794, 214.416] (assumes normal distribution)


# JMH version: 1.37
# VM version: JDK 21.0.12, OpenJDK 64-Bit Server VM, 21.0.12+8-LTS
# VM invoker: <jdk21>/bin/java
# VM options: -Xms1g -Xmx1g
# Blackhole mode: compiler (auto-detected, use -Djmh.blackhole.autoDetect=false to disable)
# Warmup: 4 iterations, 1 s each
# Measurement: 5 iterations, 1 s each
# Timeout: 10 min per iteration
# Threads: 1 thread, will synchronize iterations
# Benchmark mode: Throughput, ops/time
# Benchmark: bench11.ListJsonb7880.rootListJSONB

# Run progress: 66.67% complete, ETA 00:00:09
# Fork: 1 of 1
# Warmup Iteration   1: 500.643 ops/ms
# Warmup Iteration   2: 598.397 ops/ms
# Warmup Iteration   3: 601.977 ops/ms
# Warmup Iteration   4: 598.506 ops/ms
Iteration   1: 599.019 ops/ms
Iteration   2: 597.805 ops/ms
Iteration   3: 598.685 ops/ms
Iteration   4: 601.127 ops/ms
Iteration   5: 598.615 ops/ms


Result "bench11.ListJsonb7880.rootListJSONB":
  599.050 ±(99.9%) 4.788 ops/ms [Average]
  (min, avg, max) = (597.805, 599.050, 601.127), stdev = 1.244
  CI (99.9%): [594.262, 603.839] (assumes normal distribution)


# Run complete. Total time: 00:00:27

REMEMBER: The numbers below are just data. To gain reusable insights, you need to follow up on
why the numbers are the way they are. Use profilers (see -prof, -lprof), design factorial
experiments, perform baseline and negative tests that provide experimental control, make sure
the benchmarking environment is safe on JVM/OS/HW level, ask for reviews from the domain experts.
Do not assume the numbers tell you what you want them to tell.

NOTE: Current JVM experimentally supports Compiler Blackholes, and they are in use. Please exercise
extra caution when trusting the results, look into the generated code to check the benchmark still
works, and factor in a small probability of new VM bugs. Additionally, while comparisons between
different JVMs are already problematic, the performance difference caused by different Blackhole
modes can be very significant. Please make sure you use the consistent Blackhole mode for comparisons.

Benchmark                      Mode  Cnt    Score   Error   Units
ListJsonb7880.basketJSONB     thrpt    5  599.318 ± 2.499  ops/ms
ListJsonb7880.nestedListJSON  thrpt    5  213.105 ± 1.311  ops/ms
ListJsonb7880.rootListJSONB   thrpt    5  599.050 ± 4.788  ops/ms

Benchmark result is saved to <work>/env/jmh/ab-r11c/v11c-r6.json
