# JMH version: 1.37
# VM version: JDK 21.0.12, OpenJDK 64-Bit Server VM, 21.0.12+8-LTS
# VM invoker: <jdk21>/bin/java
# VM options: -Xms1g -Xmx1g
# Blackhole mode: compiler (auto-detected, use -Djmh.blackhole.autoDetect=false to disable)
# Warmup: 4 iterations, 1 s each
# Measurement: 5 iterations, 1 s each
# Timeout: 10 min per iteration
# Threads: 1 thread, will synchronize iterations
# Benchmark mode: Throughput, ops/time
# Benchmark: bench11.ListJsonb7880.basketJSONB

# Run progress: 0.00% complete, ETA 00:00:27
# Fork: 1 of 1
# Warmup Iteration   1: 512.869 ops/ms
# Warmup Iteration   2: 624.026 ops/ms
# Warmup Iteration   3: 623.723 ops/ms
# Warmup Iteration   4: 613.731 ops/ms
Iteration   1: 623.459 ops/ms
Iteration   2: 620.041 ops/ms
Iteration   3: 623.677 ops/ms
Iteration   4: 600.826 ops/ms
Iteration   5: 615.325 ops/ms


Result "bench11.ListJsonb7880.basketJSONB":
  616.666 ±(99.9%) 36.500 ops/ms [Average]
  (min, avg, max) = (600.826, 616.666, 623.677), stdev = 9.479
  CI (99.9%): [580.166, 653.166] (assumes normal distribution)


# JMH version: 1.37
# VM version: JDK 21.0.12, OpenJDK 64-Bit Server VM, 21.0.12+8-LTS
# VM invoker: <jdk21>/bin/java
# VM options: -Xms1g -Xmx1g
# Blackhole mode: compiler (auto-detected, use -Djmh.blackhole.autoDetect=false to disable)
# Warmup: 4 iterations, 1 s each
# Measurement: 5 iterations, 1 s each
# Timeout: 10 min per iteration
# Threads: 1 thread, will synchronize iterations
# Benchmark mode: Throughput, ops/time
# Benchmark: bench11.ListJsonb7880.nestedListJSON

# Run progress: 33.33% complete, ETA 00:00:18
# Fork: 1 of 1
# Warmup Iteration   1: 157.426 ops/ms
# Warmup Iteration   2: 210.197 ops/ms
# Warmup Iteration   3: 210.197 ops/ms
# Warmup Iteration   4: 210.025 ops/ms
Iteration   1: 207.026 ops/ms
Iteration   2: 210.985 ops/ms
Iteration   3: 212.870 ops/ms
Iteration   4: 213.100 ops/ms
Iteration   5: 212.237 ops/ms


Result "bench11.ListJsonb7880.nestedListJSON":
  211.243 ±(99.9%) 9.614 ops/ms [Average]
  (min, avg, max) = (207.026, 211.243, 213.100), stdev = 2.497
  CI (99.9%): [201.630, 220.857] (assumes normal distribution)


# JMH version: 1.37
# VM version: JDK 21.0.12, OpenJDK 64-Bit Server VM, 21.0.12+8-LTS
# VM invoker: <jdk21>/bin/java
# VM options: -Xms1g -Xmx1g
# Blackhole mode: compiler (auto-detected, use -Djmh.blackhole.autoDetect=false to disable)
# Warmup: 4 iterations, 1 s each
# Measurement: 5 iterations, 1 s each
# Timeout: 10 min per iteration
# Threads: 1 thread, will synchronize iterations
# Benchmark mode: Throughput, ops/time
# Benchmark: bench11.ListJsonb7880.rootListJSONB

# Run progress: 66.67% complete, ETA 00:00:09
# Fork: 1 of 1
# Warmup Iteration   1: 501.836 ops/ms
# Warmup Iteration   2: 602.216 ops/ms
# Warmup Iteration   3: 605.649 ops/ms
# Warmup Iteration   4: 603.230 ops/ms
Iteration   1: 604.767 ops/ms
Iteration   2: 594.587 ops/ms
Iteration   3: 604.787 ops/ms
Iteration   4: 605.325 ops/ms
Iteration   5: 604.777 ops/ms


Result "bench11.ListJsonb7880.rootListJSONB":
  602.849 ±(99.9%) 17.807 ops/ms [Average]
  (min, avg, max) = (594.587, 602.849, 605.325), stdev = 4.624
  CI (99.9%): [585.042, 620.656] (assumes normal distribution)


# Run complete. Total time: 00:00:27

REMEMBER: The numbers below are just data. To gain reusable insights, you need to follow up on
why the numbers are the way they are. Use profilers (see -prof, -lprof), design factorial
experiments, perform baseline and negative tests that provide experimental control, make sure
the benchmarking environment is safe on JVM/OS/HW level, ask for reviews from the domain experts.
Do not assume the numbers tell you what you want them to tell.

NOTE: Current JVM experimentally supports Compiler Blackholes, and they are in use. Please exercise
extra caution when trusting the results, look into the generated code to check the benchmark still
works, and factor in a small probability of new VM bugs. Additionally, while comparisons between
different JVMs are already problematic, the performance difference caused by different Blackhole
modes can be very significant. Please make sure you use the consistent Blackhole mode for comparisons.

Benchmark                      Mode  Cnt    Score    Error   Units
ListJsonb7880.basketJSONB     thrpt    5  616.666 ± 36.500  ops/ms
ListJsonb7880.nestedListJSON  thrpt    5  211.243 ±  9.614  ops/ms
ListJsonb7880.rootListJSONB   thrpt    5  602.849 ± 17.807  ops/ms

Benchmark result is saved to <work>/env/jmh/ab-r11c/v11c-r7.json
