# JMH version: 1.37
# VM version: JDK 21.0.12, OpenJDK 64-Bit Server VM, 21.0.12+8-LTS
# VM invoker: <jdk21>/bin/java
# VM options: -Xms1g -Xmx1g
# Blackhole mode: compiler (auto-detected, use -Djmh.blackhole.autoDetect=false to disable)
# Warmup: 4 iterations, 1 s each
# Measurement: 5 iterations, 1 s each
# Timeout: 10 min per iteration
# Threads: 1 thread, will synchronize iterations
# Benchmark mode: Throughput, ops/time
# Benchmark: bench11.ListJsonb7880.basketJSONB

# Run progress: 0.00% complete, ETA 00:00:27
# Fork: 1 of 1
# Warmup Iteration   1: 497.543 ops/ms
# Warmup Iteration   2: 606.867 ops/ms
# Warmup Iteration   3: 598.318 ops/ms
# Warmup Iteration   4: 597.803 ops/ms
Iteration   1: 599.979 ops/ms
Iteration   2: 600.364 ops/ms
Iteration   3: 599.982 ops/ms
Iteration   4: 599.913 ops/ms
Iteration   5: 599.663 ops/ms


Result "bench11.ListJsonb7880.basketJSONB":
  599.980 ±(99.9%) 0.967 ops/ms [Average]
  (min, avg, max) = (599.663, 599.980, 600.364), stdev = 0.251
  CI (99.9%): [599.012, 600.947] (assumes normal distribution)


# JMH version: 1.37
# VM version: JDK 21.0.12, OpenJDK 64-Bit Server VM, 21.0.12+8-LTS
# VM invoker: <jdk21>/bin/java
# VM options: -Xms1g -Xmx1g
# Blackhole mode: compiler (auto-detected, use -Djmh.blackhole.autoDetect=false to disable)
# Warmup: 4 iterations, 1 s each
# Measurement: 5 iterations, 1 s each
# Timeout: 10 min per iteration
# Threads: 1 thread, will synchronize iterations
# Benchmark mode: Throughput, ops/time
# Benchmark: bench11.ListJsonb7880.nestedListJSON

# Run progress: 33.33% complete, ETA 00:00:18
# Fork: 1 of 1
# Warmup Iteration   1: 165.274 ops/ms
# Warmup Iteration   2: 209.927 ops/ms
# Warmup Iteration   3: 210.252 ops/ms
# Warmup Iteration   4: 209.949 ops/ms
Iteration   1: 210.669 ops/ms
Iteration   2: 209.842 ops/ms
Iteration   3: 209.628 ops/ms
Iteration   4: 210.610 ops/ms
Iteration   5: 210.545 ops/ms


Result "bench11.ListJsonb7880.nestedListJSON":
  210.259 ±(99.9%) 1.872 ops/ms [Average]
  (min, avg, max) = (209.628, 210.259, 210.669), stdev = 0.486
  CI (99.9%): [208.386, 212.131] (assumes normal distribution)


# JMH version: 1.37
# VM version: JDK 21.0.12, OpenJDK 64-Bit Server VM, 21.0.12+8-LTS
# VM invoker: <jdk21>/bin/java
# VM options: -Xms1g -Xmx1g
# Blackhole mode: compiler (auto-detected, use -Djmh.blackhole.autoDetect=false to disable)
# Warmup: 4 iterations, 1 s each
# Measurement: 5 iterations, 1 s each
# Timeout: 10 min per iteration
# Threads: 1 thread, will synchronize iterations
# Benchmark mode: Throughput, ops/time
# Benchmark: bench11.ListJsonb7880.rootListJSONB

# Run progress: 66.67% complete, ETA 00:00:09
# Fork: 1 of 1
# Warmup Iteration   1: 502.400 ops/ms
# Warmup Iteration   2: 604.392 ops/ms
# Warmup Iteration   3: 607.995 ops/ms
# Warmup Iteration   4: 602.413 ops/ms
Iteration   1: 612.688 ops/ms
Iteration   2: 616.980 ops/ms
Iteration   3: 615.380 ops/ms
Iteration   4: 616.166 ops/ms
Iteration   5: 615.883 ops/ms


Result "bench11.ListJsonb7880.rootListJSONB":
  615.420 ±(99.9%) 6.288 ops/ms [Average]
  (min, avg, max) = (612.688, 615.420, 616.980), stdev = 1.633
  CI (99.9%): [609.131, 621.708] (assumes normal distribution)


# Run complete. Total time: 00:00:27

REMEMBER: The numbers below are just data. To gain reusable insights, you need to follow up on
why the numbers are the way they are. Use profilers (see -prof, -lprof), design factorial
experiments, perform baseline and negative tests that provide experimental control, make sure
the benchmarking environment is safe on JVM/OS/HW level, ask for reviews from the domain experts.
Do not assume the numbers tell you what you want them to tell.

NOTE: Current JVM experimentally supports Compiler Blackholes, and they are in use. Please exercise
extra caution when trusting the results, look into the generated code to check the benchmark still
works, and factor in a small probability of new VM bugs. Additionally, while comparisons between
different JVMs are already problematic, the performance difference caused by different Blackhole
modes can be very significant. Please make sure you use the consistent Blackhole mode for comparisons.

Benchmark                      Mode  Cnt    Score   Error   Units
ListJsonb7880.basketJSONB     thrpt    5  599.980 ± 0.967  ops/ms
ListJsonb7880.nestedListJSON  thrpt    5  210.259 ± 1.872  ops/ms
ListJsonb7880.rootListJSONB   thrpt    5  615.420 ± 6.288  ops/ms

Benchmark result is saved to <work>/env/jmh/ab-r11c/v11c-r5.json
