# JMH version: 1.37
# VM version: JDK 21.0.12, OpenJDK 64-Bit Server VM, 21.0.12+8-LTS
# VM invoker: <jdk21>/bin/java
# VM options: -Xms1g -Xmx1g
# Blackhole mode: compiler (auto-detected, use -Djmh.blackhole.autoDetect=false to disable)
# Warmup: 4 iterations, 1 s each
# Measurement: 5 iterations, 1 s each
# Timeout: 10 min per iteration
# Threads: 1 thread, will synchronize iterations
# Benchmark mode: Throughput, ops/time
# Benchmark: bench11.ListJsonb7880.basketJSONB

# Run progress: 0.00% complete, ETA 00:00:27
# Fork: 1 of 1
# Warmup Iteration   1: 515.228 ops/ms
# Warmup Iteration   2: 623.323 ops/ms
# Warmup Iteration   3: 620.587 ops/ms
# Warmup Iteration   4: 621.991 ops/ms
Iteration   1: 625.710 ops/ms
Iteration   2: 624.385 ops/ms
Iteration   3: 625.451 ops/ms
Iteration   4: 624.943 ops/ms
Iteration   5: 621.601 ops/ms


Result "bench11.ListJsonb7880.basketJSONB":
  624.418 ±(99.9%) 6.371 ops/ms [Average]
  (min, avg, max) = (621.601, 624.418, 625.710), stdev = 1.654
  CI (99.9%): [618.048, 630.789] (assumes normal distribution)


# JMH version: 1.37
# VM version: JDK 21.0.12, OpenJDK 64-Bit Server VM, 21.0.12+8-LTS
# VM invoker: <jdk21>/bin/java
# VM options: -Xms1g -Xmx1g
# Blackhole mode: compiler (auto-detected, use -Djmh.blackhole.autoDetect=false to disable)
# Warmup: 4 iterations, 1 s each
# Measurement: 5 iterations, 1 s each
# Timeout: 10 min per iteration
# Threads: 1 thread, will synchronize iterations
# Benchmark mode: Throughput, ops/time
# Benchmark: bench11.ListJsonb7880.nestedListJSON

# Run progress: 33.33% complete, ETA 00:00:18
# Fork: 1 of 1
# Warmup Iteration   1: 160.092 ops/ms
# Warmup Iteration   2: 207.394 ops/ms
# Warmup Iteration   3: 210.514 ops/ms
# Warmup Iteration   4: 210.553 ops/ms
Iteration   1: 209.620 ops/ms
Iteration   2: 211.271 ops/ms
Iteration   3: 211.572 ops/ms
Iteration   4: 212.279 ops/ms
Iteration   5: 211.585 ops/ms


Result "bench11.ListJsonb7880.nestedListJSON":
  211.265 ±(99.9%) 3.818 ops/ms [Average]
  (min, avg, max) = (209.620, 211.265, 212.279), stdev = 0.991
  CI (99.9%): [207.448, 215.083] (assumes normal distribution)


# JMH version: 1.37
# VM version: JDK 21.0.12, OpenJDK 64-Bit Server VM, 21.0.12+8-LTS
# VM invoker: <jdk21>/bin/java
# VM options: -Xms1g -Xmx1g
# Blackhole mode: compiler (auto-detected, use -Djmh.blackhole.autoDetect=false to disable)
# Warmup: 4 iterations, 1 s each
# Measurement: 5 iterations, 1 s each
# Timeout: 10 min per iteration
# Threads: 1 thread, will synchronize iterations
# Benchmark mode: Throughput, ops/time
# Benchmark: bench11.ListJsonb7880.rootListJSONB

# Run progress: 66.67% complete, ETA 00:00:09
# Fork: 1 of 1
# Warmup Iteration   1: 506.887 ops/ms
# Warmup Iteration   2: 607.998 ops/ms
# Warmup Iteration   3: 607.726 ops/ms
# Warmup Iteration   4: 604.833 ops/ms
Iteration   1: 606.896 ops/ms
Iteration   2: 607.508 ops/ms
Iteration   3: 609.569 ops/ms
Iteration   4: 610.705 ops/ms
Iteration   5: 610.090 ops/ms


Result "bench11.ListJsonb7880.rootListJSONB":
  608.954 ±(99.9%) 6.403 ops/ms [Average]
  (min, avg, max) = (606.896, 608.954, 610.705), stdev = 1.663
  CI (99.9%): [602.551, 615.356] (assumes normal distribution)


# Run complete. Total time: 00:00:27

REMEMBER: The numbers below are just data. To gain reusable insights, you need to follow up on
why the numbers are the way they are. Use profilers (see -prof, -lprof), design factorial
experiments, perform baseline and negative tests that provide experimental control, make sure
the benchmarking environment is safe on JVM/OS/HW level, ask for reviews from the domain experts.
Do not assume the numbers tell you what you want them to tell.

NOTE: Current JVM experimentally supports Compiler Blackholes, and they are in use. Please exercise
extra caution when trusting the results, look into the generated code to check the benchmark still
works, and factor in a small probability of new VM bugs. Additionally, while comparisons between
different JVMs are already problematic, the performance difference caused by different Blackhole
modes can be very significant. Please make sure you use the consistent Blackhole mode for comparisons.

Benchmark                      Mode  Cnt    Score   Error   Units
ListJsonb7880.basketJSONB     thrpt    5  624.418 ± 6.371  ops/ms
ListJsonb7880.nestedListJSON  thrpt    5  211.265 ± 3.818  ops/ms
ListJsonb7880.rootListJSONB   thrpt    5  608.954 ± 6.403  ops/ms

Benchmark result is saved to <work>/env/jmh/ab-r11c/v11c-r3.json
