=== r12r round 1 v11 23:39:53
=== r12r round 1 v11copy 23:40:39
=== r12r round 1 v12 23:41:26
=== r12r round 1 fix12 23:42:13
=== r12r round 2 v11 23:43:00
=== r12r round 2 v11copy 23:43:46
=== r12r round 2 v12 23:44:33
=== r12r round 2 fix12 23:45:20
=== r12r round 3 v11 23:46:07
=== r12r round 3 v11copy 23:46:53
=== r12r round 3 v12 23:47:40
=== r12r round 3 fix12 23:48:27
=== r12r round 4 v11 23:49:14
=== r12r round 4 v11copy 23:50:00
=== r12r round 4 v12 23:50:47
=== r12r round 4 fix12 23:51:34
=== r12r round 5 v11 23:52:20
=== r12r round 5 v11copy 23:53:07
=== r12r round 5 v12 23:53:54
=== r12r round 5 fix12 23:54:41
=== r12r round 6 v11 23:55:28
=== r12r round 6 v11copy 23:56:14
=== r12r round 6 v12 23:57:01
=== r12r round 6 fix12 23:57:48
=== r12r round 7 v11 23:58:34
=== r12r round 7 v11copy 23:59:21
=== r12r round 7 v12 00:00:08
=== r12r round 7 fix12 00:00:55
=== r12r round 8 v11 00:01:41
=== r12r round 8 v11copy 00:02:28
=== r12r round 8 v12 00:03:15
=== r12r round 8 fix12 00:04:02
=== r12r done 00:04:48
=== r12u round 1 v10 00:04:48
=== r12u round 1 v10copy 00:05:16
=== r12u round 1 v12 00:05:44
=== r12u round 1 fix12c 00:06:12
=== r12u round 2 v10 00:06:39
=== r12u round 2 v10copy 00:07:07
=== r12u round 2 v12 00:07:35
=== r12u round 2 fix12c 00:08:03
=== r12u round 3 v10 00:08:30
=== r12u round 3 v10copy 00:08:58
=== r12u round 3 v12 00:09:26
=== r12u round 3 fix12c 00:09:54
=== r12u round 4 v10 00:10:21
=== r12u round 4 v10copy 00:10:49
=== r12u round 4 v12 00:11:17
=== r12u round 4 fix12c 00:11:45
=== r12u round 5 v10 00:12:12
=== r12u round 5 v10copy 00:12:40
=== r12u round 5 v12 00:13:08
=== r12u round 5 fix12c 00:13:36
=== r12u round 6 v10 00:14:04
=== r12u round 6 v10copy 00:14:31
=== r12u round 6 v12 00:14:59
=== r12u round 6 fix12c 00:15:27
=== r12u round 7 v10 00:15:55
=== r12u round 7 v10copy 00:16:22
=== r12u round 7 v12 00:16:50
=== r12u round 7 fix12c 00:17:18
=== r12u round 8 v10 00:17:46
=== r12u round 8 v10copy 00:18:14
=== r12u round 8 v12 00:18:41
=== r12u round 8 fix12c 00:19:09
=== r12u done 00:19:37
=== jmh12 all done 00:19:37
