# JMH version: 1.37
# VM version: JDK 21.0.12, OpenJDK 64-Bit Server VM, 21.0.12+8-LTS
# VM invoker: <jdk21>/bin/java
# VM options: -Xms1g -Xmx1g
# Blackhole mode: compiler (auto-detected, use -Djmh.blackhole.autoDetect=false to disable)
# Warmup: 4 iterations, 1 s each
# Measurement: 5 iterations, 1 s each
# Timeout: 10 min per iteration
# Threads: 1 thread, will synchronize iterations
# Benchmark mode: Throughput, ops/time
# Benchmark: bench.Bench7880.writeBasketArr100JSONB

# Run progress: 0.00% complete, ETA 00:00:36
# Fork: 1 of 1
# Warmup Iteration   1: 558.909 ops/ms
# Warmup Iteration   2: 606.462 ops/ms
# Warmup Iteration   3: 587.003 ops/ms
# Warmup Iteration   4: 550.336 ops/ms
Iteration   1: 550.492 ops/ms
Iteration   2: 550.455 ops/ms
Iteration   3: 550.702 ops/ms
Iteration   4: 548.886 ops/ms
Iteration   5: 548.010 ops/ms


Result "bench.Bench7880.writeBasketArr100JSONB":
  549.709 ±(99.9%) 4.605 ops/ms [Average]
  (min, avg, max) = (548.010, 549.709, 550.702), stdev = 1.196
  CI (99.9%): [545.104, 554.314] (assumes normal distribution)


# JMH version: 1.37
# VM version: JDK 21.0.12, OpenJDK 64-Bit Server VM, 21.0.12+8-LTS
# VM invoker: <jdk21>/bin/java
# VM options: -Xms1g -Xmx1g
# Blackhole mode: compiler (auto-detected, use -Djmh.blackhole.autoDetect=false to disable)
# Warmup: 4 iterations, 1 s each
# Measurement: 5 iterations, 1 s each
# Timeout: 10 min per iteration
# Threads: 1 thread, will synchronize iterations
# Benchmark mode: Throughput, ops/time
# Benchmark: bench.Bench7880.writeList100Beans

# Run progress: 25.00% complete, ETA 00:00:28
# Fork: 1 of 1
# Warmup Iteration   1: 135.860 ops/ms
# Warmup Iteration   2: 151.541 ops/ms
# Warmup Iteration   3: 152.344 ops/ms
# Warmup Iteration   4: 152.749 ops/ms
Iteration   1: 152.509 ops/ms
Iteration   2: 151.149 ops/ms
Iteration   3: 154.006 ops/ms
Iteration   4: 153.711 ops/ms
Iteration   5: 154.058 ops/ms


Result "bench.Bench7880.writeList100Beans":
  153.086 ±(99.9%) 4.820 ops/ms [Average]
  (min, avg, max) = (151.149, 153.086, 154.058), stdev = 1.252
  CI (99.9%): [148.266, 157.907] (assumes normal distribution)


# JMH version: 1.37
# VM version: JDK 21.0.12, OpenJDK 64-Bit Server VM, 21.0.12+8-LTS
# VM invoker: <jdk21>/bin/java
# VM options: -Xms1g -Xmx1g
# Blackhole mode: compiler (auto-detected, use -Djmh.blackhole.autoDetect=false to disable)
# Warmup: 4 iterations, 1 s each
# Measurement: 5 iterations, 1 s each
# Timeout: 10 min per iteration
# Threads: 1 thread, will synchronize iterations
# Benchmark mode: Throughput, ops/time
# Benchmark: bench.Bench7880.writeMediaContentJSONB

# Run progress: 50.00% complete, ETA 00:00:18
# Fork: 1 of 1
# Warmup Iteration   1: 8130.064 ops/ms
# Warmup Iteration   2: 9359.417 ops/ms
# Warmup Iteration   3: 9265.010 ops/ms
# Warmup Iteration   4: 9281.404 ops/ms
Iteration   1: 9289.785 ops/ms
Iteration   2: 9248.584 ops/ms
Iteration   3: 9282.057 ops/ms
Iteration   4: 9301.101 ops/ms
Iteration   5: 9285.508 ops/ms


Result "bench.Bench7880.writeMediaContentJSONB":
  9281.407 ±(99.9%) 75.865 ops/ms [Average]
  (min, avg, max) = (9248.584, 9281.407, 9301.101), stdev = 19.702
  CI (99.9%): [9205.542, 9357.272] (assumes normal distribution)


# JMH version: 1.37
# VM version: JDK 21.0.12, OpenJDK 64-Bit Server VM, 21.0.12+8-LTS
# VM invoker: <jdk21>/bin/java
# VM options: -Xms1g -Xmx1g
# Blackhole mode: compiler (auto-detected, use -Djmh.blackhole.autoDetect=false to disable)
# Warmup: 4 iterations, 1 s each
# Measurement: 5 iterations, 1 s each
# Timeout: 10 min per iteration
# Threads: 1 thread, will synchronize iterations
# Benchmark mode: Throughput, ops/time
# Benchmark: bench.Bench7880.writeOrderJSONB

# Run progress: 75.00% complete, ETA 00:00:09
# Fork: 1 of 1
# Warmup Iteration   1: 2313.415 ops/ms
# Warmup Iteration   2: 2656.937 ops/ms
# Warmup Iteration   3: 2628.960 ops/ms
# Warmup Iteration   4: 2648.164 ops/ms
Iteration   1: 2661.495 ops/ms
Iteration   2: 2652.285 ops/ms
Iteration   3: 2658.795 ops/ms
Iteration   4: 2653.063 ops/ms
Iteration   5: 2651.752 ops/ms


Result "bench.Bench7880.writeOrderJSONB":
  2655.478 ±(99.9%) 16.907 ops/ms [Average]
  (min, avg, max) = (2651.752, 2655.478, 2661.495), stdev = 4.391
  CI (99.9%): [2638.571, 2672.385] (assumes normal distribution)


# Run complete. Total time: 00:00:37

REMEMBER: The numbers below are just data. To gain reusable insights, you need to follow up on
why the numbers are the way they are. Use profilers (see -prof, -lprof), design factorial
experiments, perform baseline and negative tests that provide experimental control, make sure
the benchmarking environment is safe on JVM/OS/HW level, ask for reviews from the domain experts.
Do not assume the numbers tell you what you want them to tell.

NOTE: Current JVM experimentally supports Compiler Blackholes, and they are in use. Please exercise
extra caution when trusting the results, look into the generated code to check the benchmark still
works, and factor in a small probability of new VM bugs. Additionally, while comparisons between
different JVMs are already problematic, the performance difference caused by different Blackhole
modes can be very significant. Please make sure you use the consistent Blackhole mode for comparisons.

Benchmark                          Mode  Cnt     Score    Error   Units
Bench7880.writeBasketArr100JSONB  thrpt    5   549.709 ±  4.605  ops/ms
Bench7880.writeList100Beans       thrpt    5   153.086 ±  4.820  ops/ms
Bench7880.writeMediaContentJSONB  thrpt    5  9281.407 ± 75.865  ops/ms
Bench7880.writeOrderJSONB         thrpt    5  2655.478 ± 16.907  ops/ms

Benchmark result is saved to <work>/env/jmh/ab-r10x/dbg10-r4.json
