# JMH version: 1.37
# VM version: JDK 21.0.12, OpenJDK 64-Bit Server VM, 21.0.12+8-LTS
# VM invoker: <jdk21>/bin/java
# VM options: -Xms1g -Xmx1g
# Blackhole mode: compiler (auto-detected, use -Djmh.blackhole.autoDetect=false to disable)
# Warmup: 4 iterations, 1 s each
# Measurement: 5 iterations, 1 s each
# Timeout: 10 min per iteration
# Threads: 1 thread, will synchronize iterations
# Benchmark mode: Throughput, ops/time
# Benchmark: bench.Bench7880.writeBasketArr100JSONB

# Run progress: 0.00% complete, ETA 00:00:36
# Fork: 1 of 1
# Warmup Iteration   1: 547.042 ops/ms
# Warmup Iteration   2: 577.065 ops/ms
# Warmup Iteration   3: 592.773 ops/ms
# Warmup Iteration   4: 588.396 ops/ms
Iteration   1: 587.599 ops/ms
Iteration   2: 587.854 ops/ms
Iteration   3: 587.413 ops/ms
Iteration   4: 586.931 ops/ms
Iteration   5: 587.431 ops/ms


Result "bench.Bench7880.writeBasketArr100JSONB":
  587.446 ±(99.9%) 1.301 ops/ms [Average]
  (min, avg, max) = (586.931, 587.446, 587.854), stdev = 0.338
  CI (99.9%): [586.145, 588.747] (assumes normal distribution)


# JMH version: 1.37
# VM version: JDK 21.0.12, OpenJDK 64-Bit Server VM, 21.0.12+8-LTS
# VM invoker: <jdk21>/bin/java
# VM options: -Xms1g -Xmx1g
# Blackhole mode: compiler (auto-detected, use -Djmh.blackhole.autoDetect=false to disable)
# Warmup: 4 iterations, 1 s each
# Measurement: 5 iterations, 1 s each
# Timeout: 10 min per iteration
# Threads: 1 thread, will synchronize iterations
# Benchmark mode: Throughput, ops/time
# Benchmark: bench.Bench7880.writeList100Beans

# Run progress: 25.00% complete, ETA 00:00:27
# Fork: 1 of 1
# Warmup Iteration   1: 137.693 ops/ms
# Warmup Iteration   2: 153.792 ops/ms
# Warmup Iteration   3: 152.422 ops/ms
# Warmup Iteration   4: 154.442 ops/ms
Iteration   1: 152.689 ops/ms
Iteration   2: 151.700 ops/ms
Iteration   3: 155.603 ops/ms
Iteration   4: 153.013 ops/ms
Iteration   5: 155.605 ops/ms


Result "bench.Bench7880.writeList100Beans":
  153.722 ±(99.9%) 6.873 ops/ms [Average]
  (min, avg, max) = (151.700, 153.722, 155.605), stdev = 1.785
  CI (99.9%): [146.849, 160.595] (assumes normal distribution)


# JMH version: 1.37
# VM version: JDK 21.0.12, OpenJDK 64-Bit Server VM, 21.0.12+8-LTS
# VM invoker: <jdk21>/bin/java
# VM options: -Xms1g -Xmx1g
# Blackhole mode: compiler (auto-detected, use -Djmh.blackhole.autoDetect=false to disable)
# Warmup: 4 iterations, 1 s each
# Measurement: 5 iterations, 1 s each
# Timeout: 10 min per iteration
# Threads: 1 thread, will synchronize iterations
# Benchmark mode: Throughput, ops/time
# Benchmark: bench.Bench7880.writeMediaContentJSONB

# Run progress: 50.00% complete, ETA 00:00:18
# Fork: 1 of 1
# Warmup Iteration   1: 8107.554 ops/ms
# Warmup Iteration   2: 9366.168 ops/ms
# Warmup Iteration   3: 9538.340 ops/ms
# Warmup Iteration   4: 9536.412 ops/ms
Iteration   1: 9541.692 ops/ms
Iteration   2: 9540.140 ops/ms
Iteration   3: 9536.948 ops/ms
Iteration   4: 9558.971 ops/ms
Iteration   5: 9553.560 ops/ms


Result "bench.Bench7880.writeMediaContentJSONB":
  9546.262 ±(99.9%) 36.525 ops/ms [Average]
  (min, avg, max) = (9536.948, 9546.262, 9558.971), stdev = 9.485
  CI (99.9%): [9509.737, 9582.787] (assumes normal distribution)


# JMH version: 1.37
# VM version: JDK 21.0.12, OpenJDK 64-Bit Server VM, 21.0.12+8-LTS
# VM invoker: <jdk21>/bin/java
# VM options: -Xms1g -Xmx1g
# Blackhole mode: compiler (auto-detected, use -Djmh.blackhole.autoDetect=false to disable)
# Warmup: 4 iterations, 1 s each
# Measurement: 5 iterations, 1 s each
# Timeout: 10 min per iteration
# Threads: 1 thread, will synchronize iterations
# Benchmark mode: Throughput, ops/time
# Benchmark: bench.Bench7880.writeOrderJSONB

# Run progress: 75.00% complete, ETA 00:00:09
# Fork: 1 of 1
# Warmup Iteration   1: 2371.525 ops/ms
# Warmup Iteration   2: 2658.418 ops/ms
# Warmup Iteration   3: 2683.538 ops/ms
# Warmup Iteration   4: 2674.550 ops/ms
Iteration   1: 2672.544 ops/ms
Iteration   2: 2679.733 ops/ms
Iteration   3: 2668.324 ops/ms
Iteration   4: 2666.886 ops/ms
Iteration   5: 2665.012 ops/ms


Result "bench.Bench7880.writeOrderJSONB":
  2670.500 ±(99.9%) 22.563 ops/ms [Average]
  (min, avg, max) = (2665.012, 2670.500, 2679.733), stdev = 5.860
  CI (99.9%): [2647.937, 2693.063] (assumes normal distribution)


# Run complete. Total time: 00:00:37

REMEMBER: The numbers below are just data. To gain reusable insights, you need to follow up on
why the numbers are the way they are. Use profilers (see -prof, -lprof), design factorial
experiments, perform baseline and negative tests that provide experimental control, make sure
the benchmarking environment is safe on JVM/OS/HW level, ask for reviews from the domain experts.
Do not assume the numbers tell you what you want them to tell.

NOTE: Current JVM experimentally supports Compiler Blackholes, and they are in use. Please exercise
extra caution when trusting the results, look into the generated code to check the benchmark still
works, and factor in a small probability of new VM bugs. Additionally, while comparisons between
different JVMs are already problematic, the performance difference caused by different Blackhole
modes can be very significant. Please make sure you use the consistent Blackhole mode for comparisons.

Benchmark                          Mode  Cnt     Score    Error   Units
Bench7880.writeBasketArr100JSONB  thrpt    5   587.446 ±  1.301  ops/ms
Bench7880.writeList100Beans       thrpt    5   153.722 ±  6.873  ops/ms
Bench7880.writeMediaContentJSONB  thrpt    5  9546.262 ± 36.525  ops/ms
Bench7880.writeOrderJSONB         thrpt    5  2670.500 ± 22.563  ops/ms

Benchmark result is saved to <work>/env/jmh/ab-r10x/dbg10-r3.json
