# JMH version: 1.37
# VM version: JDK 21.0.12, OpenJDK 64-Bit Server VM, 21.0.12+8-LTS
# VM invoker: <jdk21>/bin/java
# VM options: -Xms1g -Xmx1g
# Blackhole mode: compiler (auto-detected, use -Djmh.blackhole.autoDetect=false to disable)
# Warmup: 4 iterations, 1 s each
# Measurement: 5 iterations, 1 s each
# Timeout: 10 min per iteration
# Threads: 1 thread, will synchronize iterations
# Benchmark mode: Throughput, ops/time
# Benchmark: bench.Bench7880.writeBasketArr100JSONB

# Run progress: 0.00% complete, ETA 00:00:36
# Fork: 1 of 1
# Warmup Iteration   1: 546.870 ops/ms
# Warmup Iteration   2: 578.438 ops/ms
# Warmup Iteration   3: 598.604 ops/ms
# Warmup Iteration   4: 583.815 ops/ms
Iteration   1: 585.132 ops/ms
Iteration   2: 583.615 ops/ms
Iteration   3: 583.979 ops/ms
Iteration   4: 582.505 ops/ms
Iteration   5: 581.412 ops/ms


Result "bench.Bench7880.writeBasketArr100JSONB":
  583.329 ±(99.9%) 5.482 ops/ms [Average]
  (min, avg, max) = (581.412, 583.329, 585.132), stdev = 1.424
  CI (99.9%): [577.846, 588.811] (assumes normal distribution)


# JMH version: 1.37
# VM version: JDK 21.0.12, OpenJDK 64-Bit Server VM, 21.0.12+8-LTS
# VM invoker: <jdk21>/bin/java
# VM options: -Xms1g -Xmx1g
# Blackhole mode: compiler (auto-detected, use -Djmh.blackhole.autoDetect=false to disable)
# Warmup: 4 iterations, 1 s each
# Measurement: 5 iterations, 1 s each
# Timeout: 10 min per iteration
# Threads: 1 thread, will synchronize iterations
# Benchmark mode: Throughput, ops/time
# Benchmark: bench.Bench7880.writeList100Beans

# Run progress: 25.00% complete, ETA 00:00:28
# Fork: 1 of 1
# Warmup Iteration   1: 138.473 ops/ms
# Warmup Iteration   2: 154.849 ops/ms
# Warmup Iteration   3: 152.430 ops/ms
# Warmup Iteration   4: 152.491 ops/ms
Iteration   1: 153.877 ops/ms
Iteration   2: 154.683 ops/ms
Iteration   3: 154.953 ops/ms
Iteration   4: 154.694 ops/ms
Iteration   5: 154.960 ops/ms


Result "bench.Bench7880.writeList100Beans":
  154.633 ±(99.9%) 1.708 ops/ms [Average]
  (min, avg, max) = (153.877, 154.633, 154.960), stdev = 0.444
  CI (99.9%): [152.926, 156.341] (assumes normal distribution)


# JMH version: 1.37
# VM version: JDK 21.0.12, OpenJDK 64-Bit Server VM, 21.0.12+8-LTS
# VM invoker: <jdk21>/bin/java
# VM options: -Xms1g -Xmx1g
# Blackhole mode: compiler (auto-detected, use -Djmh.blackhole.autoDetect=false to disable)
# Warmup: 4 iterations, 1 s each
# Measurement: 5 iterations, 1 s each
# Timeout: 10 min per iteration
# Threads: 1 thread, will synchronize iterations
# Benchmark mode: Throughput, ops/time
# Benchmark: bench.Bench7880.writeMediaContentJSONB

# Run progress: 50.00% complete, ETA 00:00:18
# Fork: 1 of 1
# Warmup Iteration   1: 8229.560 ops/ms
# Warmup Iteration   2: 9298.897 ops/ms
# Warmup Iteration   3: 9228.103 ops/ms
# Warmup Iteration   4: 9230.916 ops/ms
Iteration   1: 9206.996 ops/ms
Iteration   2: 9225.995 ops/ms
Iteration   3: 9222.265 ops/ms
Iteration   4: 9233.287 ops/ms
Iteration   5: 9240.469 ops/ms


Result "bench.Bench7880.writeMediaContentJSONB":
  9225.803 ±(99.9%) 48.606 ops/ms [Average]
  (min, avg, max) = (9206.996, 9225.803, 9240.469), stdev = 12.623
  CI (99.9%): [9177.197, 9274.408] (assumes normal distribution)


# JMH version: 1.37
# VM version: JDK 21.0.12, OpenJDK 64-Bit Server VM, 21.0.12+8-LTS
# VM invoker: <jdk21>/bin/java
# VM options: -Xms1g -Xmx1g
# Blackhole mode: compiler (auto-detected, use -Djmh.blackhole.autoDetect=false to disable)
# Warmup: 4 iterations, 1 s each
# Measurement: 5 iterations, 1 s each
# Timeout: 10 min per iteration
# Threads: 1 thread, will synchronize iterations
# Benchmark mode: Throughput, ops/time
# Benchmark: bench.Bench7880.writeOrderJSONB

# Run progress: 75.00% complete, ETA 00:00:09
# Fork: 1 of 1
# Warmup Iteration   1: 2354.448 ops/ms
# Warmup Iteration   2: 2630.612 ops/ms
# Warmup Iteration   3: 2681.328 ops/ms
# Warmup Iteration   4: 2679.341 ops/ms
Iteration   1: 2678.246 ops/ms
Iteration   2: 2676.307 ops/ms
Iteration   3: 2680.824 ops/ms
Iteration   4: 2685.313 ops/ms
Iteration   5: 2682.525 ops/ms


Result "bench.Bench7880.writeOrderJSONB":
  2680.643 ±(99.9%) 13.604 ops/ms [Average]
  (min, avg, max) = (2676.307, 2680.643, 2685.313), stdev = 3.533
  CI (99.9%): [2667.039, 2694.247] (assumes normal distribution)


# Run complete. Total time: 00:00:37

REMEMBER: The numbers below are just data. To gain reusable insights, you need to follow up on
why the numbers are the way they are. Use profilers (see -prof, -lprof), design factorial
experiments, perform baseline and negative tests that provide experimental control, make sure
the benchmarking environment is safe on JVM/OS/HW level, ask for reviews from the domain experts.
Do not assume the numbers tell you what you want them to tell.

NOTE: Current JVM experimentally supports Compiler Blackholes, and they are in use. Please exercise
extra caution when trusting the results, look into the generated code to check the benchmark still
works, and factor in a small probability of new VM bugs. Additionally, while comparisons between
different JVMs are already problematic, the performance difference caused by different Blackhole
modes can be very significant. Please make sure you use the consistent Blackhole mode for comparisons.

Benchmark                          Mode  Cnt     Score    Error   Units
Bench7880.writeBasketArr100JSONB  thrpt    5   583.329 ±  5.482  ops/ms
Bench7880.writeList100Beans       thrpt    5   154.633 ±  1.708  ops/ms
Bench7880.writeMediaContentJSONB  thrpt    5  9225.803 ± 48.606  ops/ms
Bench7880.writeOrderJSONB         thrpt    5  2680.643 ± 13.604  ops/ms

Benchmark result is saved to <work>/env/jmh/ab-r10x/v10-r3.json
