# JMH version: 1.37
# VM version: JDK 21.0.12, OpenJDK 64-Bit Server VM, 21.0.12+8-LTS
# VM invoker: <jdk21>/bin/java
# VM options: -Xms1g -Xmx1g
# Blackhole mode: compiler (auto-detected, use -Djmh.blackhole.autoDetect=false to disable)
# Warmup: 4 iterations, 1 s each
# Measurement: 5 iterations, 1 s each
# Timeout: 10 min per iteration
# Threads: 1 thread, will synchronize iterations
# Benchmark mode: Throughput, ops/time
# Benchmark: bench.Bench7880.writeBasketArr100JSONB

# Run progress: 0.00% complete, ETA 00:00:36
# Fork: 1 of 1
# Warmup Iteration   1: 560.494 ops/ms
# Warmup Iteration   2: 602.396 ops/ms
# Warmup Iteration   3: 607.633 ops/ms
# Warmup Iteration   4: 613.875 ops/ms
Iteration   1: 613.465 ops/ms
Iteration   2: 611.516 ops/ms
Iteration   3: 614.100 ops/ms
Iteration   4: 612.236 ops/ms
Iteration   5: 611.551 ops/ms


Result "bench.Bench7880.writeBasketArr100JSONB":
  612.574 ±(99.9%) 4.474 ops/ms [Average]
  (min, avg, max) = (611.516, 612.574, 614.100), stdev = 1.162
  CI (99.9%): [608.099, 617.048] (assumes normal distribution)


# JMH version: 1.37
# VM version: JDK 21.0.12, OpenJDK 64-Bit Server VM, 21.0.12+8-LTS
# VM invoker: <jdk21>/bin/java
# VM options: -Xms1g -Xmx1g
# Blackhole mode: compiler (auto-detected, use -Djmh.blackhole.autoDetect=false to disable)
# Warmup: 4 iterations, 1 s each
# Measurement: 5 iterations, 1 s each
# Timeout: 10 min per iteration
# Threads: 1 thread, will synchronize iterations
# Benchmark mode: Throughput, ops/time
# Benchmark: bench.Bench7880.writeList100Beans

# Run progress: 25.00% complete, ETA 00:00:28
# Fork: 1 of 1
# Warmup Iteration   1: 134.679 ops/ms
# Warmup Iteration   2: 153.926 ops/ms
# Warmup Iteration   3: 154.325 ops/ms
# Warmup Iteration   4: 154.023 ops/ms
Iteration   1: 153.871 ops/ms
Iteration   2: 153.307 ops/ms
Iteration   3: 153.766 ops/ms
Iteration   4: 153.648 ops/ms
Iteration   5: 153.819 ops/ms


Result "bench.Bench7880.writeList100Beans":
  153.682 ±(99.9%) 0.868 ops/ms [Average]
  (min, avg, max) = (153.307, 153.682, 153.871), stdev = 0.226
  CI (99.9%): [152.814, 154.551] (assumes normal distribution)


# JMH version: 1.37
# VM version: JDK 21.0.12, OpenJDK 64-Bit Server VM, 21.0.12+8-LTS
# VM invoker: <jdk21>/bin/java
# VM options: -Xms1g -Xmx1g
# Blackhole mode: compiler (auto-detected, use -Djmh.blackhole.autoDetect=false to disable)
# Warmup: 4 iterations, 1 s each
# Measurement: 5 iterations, 1 s each
# Timeout: 10 min per iteration
# Threads: 1 thread, will synchronize iterations
# Benchmark mode: Throughput, ops/time
# Benchmark: bench.Bench7880.writeMediaContentJSONB

# Run progress: 50.00% complete, ETA 00:00:18
# Fork: 1 of 1
# Warmup Iteration   1: 8214.015 ops/ms
# Warmup Iteration   2: 9285.269 ops/ms
# Warmup Iteration   3: 9206.033 ops/ms
# Warmup Iteration   4: 9221.089 ops/ms
Iteration   1: 9213.457 ops/ms
Iteration   2: 9201.941 ops/ms
Iteration   3: 9219.011 ops/ms
Iteration   4: 9213.068 ops/ms
Iteration   5: 9225.029 ops/ms


Result "bench.Bench7880.writeMediaContentJSONB":
  9214.501 ±(99.9%) 32.905 ops/ms [Average]
  (min, avg, max) = (9201.941, 9214.501, 9225.029), stdev = 8.545
  CI (99.9%): [9181.596, 9247.406] (assumes normal distribution)


# JMH version: 1.37
# VM version: JDK 21.0.12, OpenJDK 64-Bit Server VM, 21.0.12+8-LTS
# VM invoker: <jdk21>/bin/java
# VM options: -Xms1g -Xmx1g
# Blackhole mode: compiler (auto-detected, use -Djmh.blackhole.autoDetect=false to disable)
# Warmup: 4 iterations, 1 s each
# Measurement: 5 iterations, 1 s each
# Timeout: 10 min per iteration
# Threads: 1 thread, will synchronize iterations
# Benchmark mode: Throughput, ops/time
# Benchmark: bench.Bench7880.writeOrderJSONB

# Run progress: 75.00% complete, ETA 00:00:09
# Fork: 1 of 1
# Warmup Iteration   1: 2335.245 ops/ms
# Warmup Iteration   2: 2690.497 ops/ms
# Warmup Iteration   3: 2686.472 ops/ms
# Warmup Iteration   4: 2679.240 ops/ms
Iteration   1: 2686.352 ops/ms
Iteration   2: 2679.828 ops/ms
Iteration   3: 2681.605 ops/ms
Iteration   4: 2679.610 ops/ms
Iteration   5: 2685.638 ops/ms


Result "bench.Bench7880.writeOrderJSONB":
  2682.607 ±(99.9%) 12.317 ops/ms [Average]
  (min, avg, max) = (2679.610, 2682.607, 2686.352), stdev = 3.199
  CI (99.9%): [2670.290, 2694.923] (assumes normal distribution)


# Run complete. Total time: 00:00:37

REMEMBER: The numbers below are just data. To gain reusable insights, you need to follow up on
why the numbers are the way they are. Use profilers (see -prof, -lprof), design factorial
experiments, perform baseline and negative tests that provide experimental control, make sure
the benchmarking environment is safe on JVM/OS/HW level, ask for reviews from the domain experts.
Do not assume the numbers tell you what you want them to tell.

NOTE: Current JVM experimentally supports Compiler Blackholes, and they are in use. Please exercise
extra caution when trusting the results, look into the generated code to check the benchmark still
works, and factor in a small probability of new VM bugs. Additionally, while comparisons between
different JVMs are already problematic, the performance difference caused by different Blackhole
modes can be very significant. Please make sure you use the consistent Blackhole mode for comparisons.

Benchmark                          Mode  Cnt     Score    Error   Units
Bench7880.writeBasketArr100JSONB  thrpt    5   612.574 ±  4.474  ops/ms
Bench7880.writeList100Beans       thrpt    5   153.682 ±  0.868  ops/ms
Bench7880.writeMediaContentJSONB  thrpt    5  9214.501 ± 32.905  ops/ms
Bench7880.writeOrderJSONB         thrpt    5  2682.607 ± 12.317  ops/ms

Benchmark result is saved to <work>/env/jmh/ab-r10x/v10-r1.json
