# JMH version: 1.37
# VM version: JDK 21.0.12, OpenJDK 64-Bit Server VM, 21.0.12+8-LTS
# VM invoker: <jdk21>/bin/java
# VM options: -Xms1g -Xmx1g
# Blackhole mode: compiler (auto-detected, use -Djmh.blackhole.autoDetect=false to disable)
# Warmup: 4 iterations, 1 s each
# Measurement: 5 iterations, 1 s each
# Timeout: 10 min per iteration
# Threads: 1 thread, will synchronize iterations
# Benchmark mode: Throughput, ops/time
# Benchmark: bench.Bench7880.writeBasketArr100JSONB

# Run progress: 0.00% complete, ETA 00:00:36
# Fork: 1 of 1
# Warmup Iteration   1: 562.265 ops/ms
# Warmup Iteration   2: 602.536 ops/ms
# Warmup Iteration   3: 567.266 ops/ms
# Warmup Iteration   4: 568.843 ops/ms
Iteration   1: 569.002 ops/ms
Iteration   2: 569.426 ops/ms
Iteration   3: 568.482 ops/ms
Iteration   4: 568.790 ops/ms
Iteration   5: 569.141 ops/ms


Result "bench.Bench7880.writeBasketArr100JSONB":
  568.968 ±(99.9%) 1.373 ops/ms [Average]
  (min, avg, max) = (568.482, 568.968, 569.426), stdev = 0.357
  CI (99.9%): [567.595, 570.341] (assumes normal distribution)


# JMH version: 1.37
# VM version: JDK 21.0.12, OpenJDK 64-Bit Server VM, 21.0.12+8-LTS
# VM invoker: <jdk21>/bin/java
# VM options: -Xms1g -Xmx1g
# Blackhole mode: compiler (auto-detected, use -Djmh.blackhole.autoDetect=false to disable)
# Warmup: 4 iterations, 1 s each
# Measurement: 5 iterations, 1 s each
# Timeout: 10 min per iteration
# Threads: 1 thread, will synchronize iterations
# Benchmark mode: Throughput, ops/time
# Benchmark: bench.Bench7880.writeList100Beans

# Run progress: 25.00% complete, ETA 00:00:28
# Fork: 1 of 1
# Warmup Iteration   1: 138.845 ops/ms
# Warmup Iteration   2: 154.933 ops/ms
# Warmup Iteration   3: 155.418 ops/ms
# Warmup Iteration   4: 155.578 ops/ms
Iteration   1: 154.926 ops/ms
Iteration   2: 155.520 ops/ms
Iteration   3: 155.466 ops/ms
Iteration   4: 155.674 ops/ms
Iteration   5: 155.443 ops/ms


Result "bench.Bench7880.writeList100Beans":
  155.406 ±(99.9%) 1.090 ops/ms [Average]
  (min, avg, max) = (154.926, 155.406, 155.674), stdev = 0.283
  CI (99.9%): [154.316, 156.495] (assumes normal distribution)


# JMH version: 1.37
# VM version: JDK 21.0.12, OpenJDK 64-Bit Server VM, 21.0.12+8-LTS
# VM invoker: <jdk21>/bin/java
# VM options: -Xms1g -Xmx1g
# Blackhole mode: compiler (auto-detected, use -Djmh.blackhole.autoDetect=false to disable)
# Warmup: 4 iterations, 1 s each
# Measurement: 5 iterations, 1 s each
# Timeout: 10 min per iteration
# Threads: 1 thread, will synchronize iterations
# Benchmark mode: Throughput, ops/time
# Benchmark: bench.Bench7880.writeMediaContentJSONB

# Run progress: 50.00% complete, ETA 00:00:18
# Fork: 1 of 1
# Warmup Iteration   1: 8218.049 ops/ms
# Warmup Iteration   2: 9352.436 ops/ms
# Warmup Iteration   3: 9236.233 ops/ms
# Warmup Iteration   4: 9236.385 ops/ms
Iteration   1: 9216.168 ops/ms
Iteration   2: 9216.218 ops/ms
Iteration   3: 9200.097 ops/ms
Iteration   4: 9193.686 ops/ms
Iteration   5: 9209.415 ops/ms


Result "bench.Bench7880.writeMediaContentJSONB":
  9207.117 ±(99.9%) 38.493 ops/ms [Average]
  (min, avg, max) = (9193.686, 9207.117, 9216.218), stdev = 9.996
  CI (99.9%): [9168.624, 9245.609] (assumes normal distribution)


# JMH version: 1.37
# VM version: JDK 21.0.12, OpenJDK 64-Bit Server VM, 21.0.12+8-LTS
# VM invoker: <jdk21>/bin/java
# VM options: -Xms1g -Xmx1g
# Blackhole mode: compiler (auto-detected, use -Djmh.blackhole.autoDetect=false to disable)
# Warmup: 4 iterations, 1 s each
# Measurement: 5 iterations, 1 s each
# Timeout: 10 min per iteration
# Threads: 1 thread, will synchronize iterations
# Benchmark mode: Throughput, ops/time
# Benchmark: bench.Bench7880.writeOrderJSONB

# Run progress: 75.00% complete, ETA 00:00:09
# Fork: 1 of 1
# Warmup Iteration   1: 2355.066 ops/ms
# Warmup Iteration   2: 2677.133 ops/ms
# Warmup Iteration   3: 2707.907 ops/ms
# Warmup Iteration   4: 2706.694 ops/ms
Iteration   1: 2707.609 ops/ms
Iteration   2: 2714.902 ops/ms
Iteration   3: 2716.402 ops/ms
Iteration   4: 2717.909 ops/ms
Iteration   5: 2718.985 ops/ms


Result "bench.Bench7880.writeOrderJSONB":
  2715.162 ±(99.9%) 17.309 ops/ms [Average]
  (min, avg, max) = (2707.609, 2715.162, 2718.985), stdev = 4.495
  CI (99.9%): [2697.853, 2732.471] (assumes normal distribution)


# Run complete. Total time: 00:00:37

REMEMBER: The numbers below are just data. To gain reusable insights, you need to follow up on
why the numbers are the way they are. Use profilers (see -prof, -lprof), design factorial
experiments, perform baseline and negative tests that provide experimental control, make sure
the benchmarking environment is safe on JVM/OS/HW level, ask for reviews from the domain experts.
Do not assume the numbers tell you what you want them to tell.

NOTE: Current JVM experimentally supports Compiler Blackholes, and they are in use. Please exercise
extra caution when trusting the results, look into the generated code to check the benchmark still
works, and factor in a small probability of new VM bugs. Additionally, while comparisons between
different JVMs are already problematic, the performance difference caused by different Blackhole
modes can be very significant. Please make sure you use the consistent Blackhole mode for comparisons.

Benchmark                          Mode  Cnt     Score    Error   Units
Bench7880.writeBasketArr100JSONB  thrpt    5   568.968 ±  1.373  ops/ms
Bench7880.writeList100Beans       thrpt    5   155.406 ±  1.090  ops/ms
Bench7880.writeMediaContentJSONB  thrpt    5  9207.117 ± 38.493  ops/ms
Bench7880.writeOrderJSONB         thrpt    5  2715.162 ± 17.309  ops/ms

Benchmark result is saved to <work>/env/jmh/ab-r10x/v10-r6.json
