# JMH version: 1.37
# VM version: JDK 21.0.12, OpenJDK 64-Bit Server VM, 21.0.12+8-LTS
# VM invoker: <jdk21>/bin/java
# VM options: -Xms1g -Xmx1g
# Blackhole mode: compiler (auto-detected, use -Djmh.blackhole.autoDetect=false to disable)
# Warmup: 4 iterations, 1 s each
# Measurement: 5 iterations, 1 s each
# Timeout: 10 min per iteration
# Threads: 1 thread, will synchronize iterations
# Benchmark mode: Throughput, ops/time
# Benchmark: bench11.ListJsonb7880.basketJSONB

# Run progress: 0.00% complete, ETA 00:00:27
# Fork: 1 of 1
# Warmup Iteration   1: 518.219 ops/ms
# Warmup Iteration   2: 626.171 ops/ms
# Warmup Iteration   3: 627.387 ops/ms
# Warmup Iteration   4: 623.293 ops/ms
Iteration   1: 625.379 ops/ms
Iteration   2: 624.648 ops/ms
Iteration   3: 625.595 ops/ms
Iteration   4: 623.868 ops/ms
Iteration   5: 624.169 ops/ms


Result "bench11.ListJsonb7880.basketJSONB":
  624.732 ±(99.9%) 2.877 ops/ms [Average]
  (min, avg, max) = (623.868, 624.732, 625.595), stdev = 0.747
  CI (99.9%): [621.855, 627.609] (assumes normal distribution)


# JMH version: 1.37
# VM version: JDK 21.0.12, OpenJDK 64-Bit Server VM, 21.0.12+8-LTS
# VM invoker: <jdk21>/bin/java
# VM options: -Xms1g -Xmx1g
# Blackhole mode: compiler (auto-detected, use -Djmh.blackhole.autoDetect=false to disable)
# Warmup: 4 iterations, 1 s each
# Measurement: 5 iterations, 1 s each
# Timeout: 10 min per iteration
# Threads: 1 thread, will synchronize iterations
# Benchmark mode: Throughput, ops/time
# Benchmark: bench11.ListJsonb7880.nestedListJSON

# Run progress: 33.33% complete, ETA 00:00:18
# Fork: 1 of 1
# Warmup Iteration   1: 165.719 ops/ms
# Warmup Iteration   2: 211.883 ops/ms
# Warmup Iteration   3: 212.151 ops/ms
# Warmup Iteration   4: 212.958 ops/ms
Iteration   1: 211.902 ops/ms
Iteration   2: 209.920 ops/ms
Iteration   3: 213.076 ops/ms
Iteration   4: 213.259 ops/ms
Iteration   5: 213.199 ops/ms


Result "bench11.ListJsonb7880.nestedListJSON":
  212.271 ±(99.9%) 5.496 ops/ms [Average]
  (min, avg, max) = (209.920, 212.271, 213.259), stdev = 1.427
  CI (99.9%): [206.775, 217.767] (assumes normal distribution)


# JMH version: 1.37
# VM version: JDK 21.0.12, OpenJDK 64-Bit Server VM, 21.0.12+8-LTS
# VM invoker: <jdk21>/bin/java
# VM options: -Xms1g -Xmx1g
# Blackhole mode: compiler (auto-detected, use -Djmh.blackhole.autoDetect=false to disable)
# Warmup: 4 iterations, 1 s each
# Measurement: 5 iterations, 1 s each
# Timeout: 10 min per iteration
# Threads: 1 thread, will synchronize iterations
# Benchmark mode: Throughput, ops/time
# Benchmark: bench11.ListJsonb7880.rootListJSONB

# Run progress: 66.67% complete, ETA 00:00:09
# Fork: 1 of 1
# Warmup Iteration   1: 510.094 ops/ms
# Warmup Iteration   2: 624.433 ops/ms
# Warmup Iteration   3: 605.426 ops/ms
# Warmup Iteration   4: 608.409 ops/ms
Iteration   1: 613.925 ops/ms
Iteration   2: 613.756 ops/ms
Iteration   3: 617.033 ops/ms
Iteration   4: 613.793 ops/ms
Iteration   5: 615.485 ops/ms


Result "bench11.ListJsonb7880.rootListJSONB":
  614.798 ±(99.9%) 5.554 ops/ms [Average]
  (min, avg, max) = (613.756, 614.798, 617.033), stdev = 1.442
  CI (99.9%): [609.245, 620.352] (assumes normal distribution)


# Run complete. Total time: 00:00:27

REMEMBER: The numbers below are just data. To gain reusable insights, you need to follow up on
why the numbers are the way they are. Use profilers (see -prof, -lprof), design factorial
experiments, perform baseline and negative tests that provide experimental control, make sure
the benchmarking environment is safe on JVM/OS/HW level, ask for reviews from the domain experts.
Do not assume the numbers tell you what you want them to tell.

NOTE: Current JVM experimentally supports Compiler Blackholes, and they are in use. Please exercise
extra caution when trusting the results, look into the generated code to check the benchmark still
works, and factor in a small probability of new VM bugs. Additionally, while comparisons between
different JVMs are already problematic, the performance difference caused by different Blackhole
modes can be very significant. Please make sure you use the consistent Blackhole mode for comparisons.

Benchmark                      Mode  Cnt    Score   Error   Units
ListJsonb7880.basketJSONB     thrpt    5  624.732 ± 2.877  ops/ms
ListJsonb7880.nestedListJSON  thrpt    5  212.271 ± 5.496  ops/ms
ListJsonb7880.rootListJSONB   thrpt    5  614.798 ± 5.554  ops/ms

Benchmark result is saved to <work>/env/jmh/ab-r11l/v10-r5.json
