# JMH version: 1.37
# VM version: JDK 21.0.12, OpenJDK 64-Bit Server VM, 21.0.12+8-LTS
# VM invoker: <jdk21>/bin/java
# VM options: -Xms1g -Xmx1g
# Blackhole mode: compiler (auto-detected, use -Djmh.blackhole.autoDetect=false to disable)
# Warmup: 4 iterations, 1 s each
# Measurement: 5 iterations, 1 s each
# Timeout: 10 min per iteration
# Threads: 1 thread, will synchronize iterations
# Benchmark mode: Throughput, ops/time
# Benchmark: bench11.ListJsonb7880.basketJSONB

# Run progress: 0.00% complete, ETA 00:00:27
# Fork: 1 of 1
# Warmup Iteration   1: 516.895 ops/ms
# Warmup Iteration   2: 634.298 ops/ms
# Warmup Iteration   3: 630.991 ops/ms
# Warmup Iteration   4: 631.747 ops/ms
Iteration   1: 631.513 ops/ms
Iteration   2: 633.502 ops/ms
Iteration   3: 633.048 ops/ms
Iteration   4: 632.966 ops/ms
Iteration   5: 632.444 ops/ms


Result "bench11.ListJsonb7880.basketJSONB":
  632.694 ±(99.9%) 2.925 ops/ms [Average]
  (min, avg, max) = (631.513, 632.694, 633.502), stdev = 0.760
  CI (99.9%): [629.770, 635.619] (assumes normal distribution)


# JMH version: 1.37
# VM version: JDK 21.0.12, OpenJDK 64-Bit Server VM, 21.0.12+8-LTS
# VM invoker: <jdk21>/bin/java
# VM options: -Xms1g -Xmx1g
# Blackhole mode: compiler (auto-detected, use -Djmh.blackhole.autoDetect=false to disable)
# Warmup: 4 iterations, 1 s each
# Measurement: 5 iterations, 1 s each
# Timeout: 10 min per iteration
# Threads: 1 thread, will synchronize iterations
# Benchmark mode: Throughput, ops/time
# Benchmark: bench11.ListJsonb7880.nestedListJSON

# Run progress: 33.33% complete, ETA 00:00:18
# Fork: 1 of 1
# Warmup Iteration   1: 159.344 ops/ms
# Warmup Iteration   2: 212.441 ops/ms
# Warmup Iteration   3: 213.985 ops/ms
# Warmup Iteration   4: 213.925 ops/ms
Iteration   1: 212.873 ops/ms
Iteration   2: 213.637 ops/ms
Iteration   3: 213.522 ops/ms
Iteration   4: 214.231 ops/ms
Iteration   5: 213.981 ops/ms


Result "bench11.ListJsonb7880.nestedListJSON":
  213.649 ±(99.9%) 1.989 ops/ms [Average]
  (min, avg, max) = (212.873, 213.649, 214.231), stdev = 0.517
  CI (99.9%): [211.660, 215.638] (assumes normal distribution)


# JMH version: 1.37
# VM version: JDK 21.0.12, OpenJDK 64-Bit Server VM, 21.0.12+8-LTS
# VM invoker: <jdk21>/bin/java
# VM options: -Xms1g -Xmx1g
# Blackhole mode: compiler (auto-detected, use -Djmh.blackhole.autoDetect=false to disable)
# Warmup: 4 iterations, 1 s each
# Measurement: 5 iterations, 1 s each
# Timeout: 10 min per iteration
# Threads: 1 thread, will synchronize iterations
# Benchmark mode: Throughput, ops/time
# Benchmark: bench11.ListJsonb7880.rootListJSONB

# Run progress: 66.67% complete, ETA 00:00:09
# Fork: 1 of 1
# Warmup Iteration   1: 508.736 ops/ms
# Warmup Iteration   2: 605.879 ops/ms
# Warmup Iteration   3: 621.094 ops/ms
# Warmup Iteration   4: 615.609 ops/ms
Iteration   1: 620.987 ops/ms
Iteration   2: 624.059 ops/ms
Iteration   3: 622.716 ops/ms
Iteration   4: 623.594 ops/ms
Iteration   5: 621.674 ops/ms


Result "bench11.ListJsonb7880.rootListJSONB":
  622.606 ±(99.9%) 4.941 ops/ms [Average]
  (min, avg, max) = (620.987, 622.606, 624.059), stdev = 1.283
  CI (99.9%): [617.665, 627.547] (assumes normal distribution)


# Run complete. Total time: 00:00:27

REMEMBER: The numbers below are just data. To gain reusable insights, you need to follow up on
why the numbers are the way they are. Use profilers (see -prof, -lprof), design factorial
experiments, perform baseline and negative tests that provide experimental control, make sure
the benchmarking environment is safe on JVM/OS/HW level, ask for reviews from the domain experts.
Do not assume the numbers tell you what you want them to tell.

NOTE: Current JVM experimentally supports Compiler Blackholes, and they are in use. Please exercise
extra caution when trusting the results, look into the generated code to check the benchmark still
works, and factor in a small probability of new VM bugs. Additionally, while comparisons between
different JVMs are already problematic, the performance difference caused by different Blackhole
modes can be very significant. Please make sure you use the consistent Blackhole mode for comparisons.

Benchmark                      Mode  Cnt    Score   Error   Units
ListJsonb7880.basketJSONB     thrpt    5  632.694 ± 2.925  ops/ms
ListJsonb7880.nestedListJSON  thrpt    5  213.649 ± 1.989  ops/ms
ListJsonb7880.rootListJSONB   thrpt    5  622.606 ± 4.941  ops/ms

Benchmark result is saved to <work>/env/jmh/ab-r11l/v10-r7.json
