# JMH version: 1.37
# VM version: JDK 21.0.12, OpenJDK 64-Bit Server VM, 21.0.12+8-LTS
# VM invoker: <jdk21>/bin/java
# VM options: -Xms1g -Xmx1g
# Blackhole mode: compiler (auto-detected, use -Djmh.blackhole.autoDetect=false to disable)
# Warmup: 4 iterations, 1 s each
# Measurement: 5 iterations, 1 s each
# Timeout: 10 min per iteration
# Threads: 1 thread, will synchronize iterations
# Benchmark mode: Throughput, ops/time
# Benchmark: bench11.ListJsonb7880.basketJSONB

# Run progress: 0.00% complete, ETA 00:00:27
# Fork: 1 of 1
# Warmup Iteration   1: 518.042 ops/ms
# Warmup Iteration   2: 633.037 ops/ms
# Warmup Iteration   3: 633.068 ops/ms
# Warmup Iteration   4: 630.560 ops/ms
Iteration   1: 634.925 ops/ms
Iteration   2: 634.594 ops/ms
Iteration   3: 635.351 ops/ms
Iteration   4: 635.715 ops/ms
Iteration   5: 636.826 ops/ms


Result "bench11.ListJsonb7880.basketJSONB":
  635.482 ±(99.9%) 3.321 ops/ms [Average]
  (min, avg, max) = (634.594, 635.482, 636.826), stdev = 0.862
  CI (99.9%): [632.161, 638.803] (assumes normal distribution)


# JMH version: 1.37
# VM version: JDK 21.0.12, OpenJDK 64-Bit Server VM, 21.0.12+8-LTS
# VM invoker: <jdk21>/bin/java
# VM options: -Xms1g -Xmx1g
# Blackhole mode: compiler (auto-detected, use -Djmh.blackhole.autoDetect=false to disable)
# Warmup: 4 iterations, 1 s each
# Measurement: 5 iterations, 1 s each
# Timeout: 10 min per iteration
# Threads: 1 thread, will synchronize iterations
# Benchmark mode: Throughput, ops/time
# Benchmark: bench11.ListJsonb7880.nestedListJSON

# Run progress: 33.33% complete, ETA 00:00:18
# Fork: 1 of 1
# Warmup Iteration   1: 163.023 ops/ms
# Warmup Iteration   2: 212.760 ops/ms
# Warmup Iteration   3: 213.062 ops/ms
# Warmup Iteration   4: 210.011 ops/ms
Iteration   1: 211.918 ops/ms
Iteration   2: 212.945 ops/ms
Iteration   3: 213.289 ops/ms
Iteration   4: 213.887 ops/ms
Iteration   5: 213.960 ops/ms


Result "bench11.ListJsonb7880.nestedListJSON":
  213.200 ±(99.9%) 3.202 ops/ms [Average]
  (min, avg, max) = (211.918, 213.200, 213.960), stdev = 0.832
  CI (99.9%): [209.998, 216.402] (assumes normal distribution)


# JMH version: 1.37
# VM version: JDK 21.0.12, OpenJDK 64-Bit Server VM, 21.0.12+8-LTS
# VM invoker: <jdk21>/bin/java
# VM options: -Xms1g -Xmx1g
# Blackhole mode: compiler (auto-detected, use -Djmh.blackhole.autoDetect=false to disable)
# Warmup: 4 iterations, 1 s each
# Measurement: 5 iterations, 1 s each
# Timeout: 10 min per iteration
# Threads: 1 thread, will synchronize iterations
# Benchmark mode: Throughput, ops/time
# Benchmark: bench11.ListJsonb7880.rootListJSONB

# Run progress: 66.67% complete, ETA 00:00:09
# Fork: 1 of 1
# Warmup Iteration   1: 505.511 ops/ms
# Warmup Iteration   2: 625.543 ops/ms
# Warmup Iteration   3: 603.867 ops/ms
# Warmup Iteration   4: 604.846 ops/ms
Iteration   1: 606.391 ops/ms
Iteration   2: 606.594 ops/ms
Iteration   3: 605.060 ops/ms
Iteration   4: 605.977 ops/ms
Iteration   5: 606.081 ops/ms


Result "bench11.ListJsonb7880.rootListJSONB":
  606.021 ±(99.9%) 2.273 ops/ms [Average]
  (min, avg, max) = (605.060, 606.021, 606.594), stdev = 0.590
  CI (99.9%): [603.748, 608.293] (assumes normal distribution)


# Run complete. Total time: 00:00:27

REMEMBER: The numbers below are just data. To gain reusable insights, you need to follow up on
why the numbers are the way they are. Use profilers (see -prof, -lprof), design factorial
experiments, perform baseline and negative tests that provide experimental control, make sure
the benchmarking environment is safe on JVM/OS/HW level, ask for reviews from the domain experts.
Do not assume the numbers tell you what you want them to tell.

NOTE: Current JVM experimentally supports Compiler Blackholes, and they are in use. Please exercise
extra caution when trusting the results, look into the generated code to check the benchmark still
works, and factor in a small probability of new VM bugs. Additionally, while comparisons between
different JVMs are already problematic, the performance difference caused by different Blackhole
modes can be very significant. Please make sure you use the consistent Blackhole mode for comparisons.

Benchmark                      Mode  Cnt    Score   Error   Units
ListJsonb7880.basketJSONB     thrpt    5  635.482 ± 3.321  ops/ms
ListJsonb7880.nestedListJSON  thrpt    5  213.200 ± 3.202  ops/ms
ListJsonb7880.rootListJSONB   thrpt    5  606.021 ± 2.273  ops/ms

Benchmark result is saved to <work>/env/jmh/ab-r11l/v10-r8.json
