# JMH version: 1.37
# VM version: JDK 21.0.12, OpenJDK 64-Bit Server VM, 21.0.12+8-LTS
# VM invoker: <jdk21>/bin/java
# VM options: -Xms1g -Xmx1g
# Blackhole mode: compiler (auto-detected, use -Djmh.blackhole.autoDetect=false to disable)
# Warmup: 4 iterations, 1 s each
# Measurement: 5 iterations, 1 s each
# Timeout: 10 min per iteration
# Threads: 1 thread, will synchronize iterations
# Benchmark mode: Throughput, ops/time
# Benchmark: bench11.ListJsonb7880.basketJSONB

# Run progress: 0.00% complete, ETA 00:00:27
# Fork: 1 of 1
# Warmup Iteration   1: 517.137 ops/ms
# Warmup Iteration   2: 625.220 ops/ms
# Warmup Iteration   3: 630.562 ops/ms
# Warmup Iteration   4: 631.744 ops/ms
Iteration   1: 631.627 ops/ms
Iteration   2: 633.892 ops/ms
Iteration   3: 634.701 ops/ms
Iteration   4: 632.584 ops/ms
Iteration   5: 633.118 ops/ms


Result "bench11.ListJsonb7880.basketJSONB":
  633.184 ±(99.9%) 4.553 ops/ms [Average]
  (min, avg, max) = (631.627, 633.184, 634.701), stdev = 1.182
  CI (99.9%): [628.631, 637.737] (assumes normal distribution)


# JMH version: 1.37
# VM version: JDK 21.0.12, OpenJDK 64-Bit Server VM, 21.0.12+8-LTS
# VM invoker: <jdk21>/bin/java
# VM options: -Xms1g -Xmx1g
# Blackhole mode: compiler (auto-detected, use -Djmh.blackhole.autoDetect=false to disable)
# Warmup: 4 iterations, 1 s each
# Measurement: 5 iterations, 1 s each
# Timeout: 10 min per iteration
# Threads: 1 thread, will synchronize iterations
# Benchmark mode: Throughput, ops/time
# Benchmark: bench11.ListJsonb7880.nestedListJSON

# Run progress: 33.33% complete, ETA 00:00:18
# Fork: 1 of 1
# Warmup Iteration   1: 162.978 ops/ms
# Warmup Iteration   2: 212.672 ops/ms
# Warmup Iteration   3: 214.301 ops/ms
# Warmup Iteration   4: 213.047 ops/ms
Iteration   1: 213.819 ops/ms
Iteration   2: 213.964 ops/ms
Iteration   3: 209.734 ops/ms
Iteration   4: 210.577 ops/ms
Iteration   5: 210.391 ops/ms


Result "bench11.ListJsonb7880.nestedListJSON":
  211.697 ±(99.9%) 7.809 ops/ms [Average]
  (min, avg, max) = (209.734, 211.697, 213.964), stdev = 2.028
  CI (99.9%): [203.887, 219.506] (assumes normal distribution)


# JMH version: 1.37
# VM version: JDK 21.0.12, OpenJDK 64-Bit Server VM, 21.0.12+8-LTS
# VM invoker: <jdk21>/bin/java
# VM options: -Xms1g -Xmx1g
# Blackhole mode: compiler (auto-detected, use -Djmh.blackhole.autoDetect=false to disable)
# Warmup: 4 iterations, 1 s each
# Measurement: 5 iterations, 1 s each
# Timeout: 10 min per iteration
# Threads: 1 thread, will synchronize iterations
# Benchmark mode: Throughput, ops/time
# Benchmark: bench11.ListJsonb7880.rootListJSONB

# Run progress: 66.67% complete, ETA 00:00:09
# Fork: 1 of 1
# Warmup Iteration   1: 503.361 ops/ms
# Warmup Iteration   2: 625.072 ops/ms
# Warmup Iteration   3: 603.543 ops/ms
# Warmup Iteration   4: 604.057 ops/ms
Iteration   1: 605.062 ops/ms
Iteration   2: 605.133 ops/ms
Iteration   3: 603.308 ops/ms
Iteration   4: 602.616 ops/ms
Iteration   5: 603.432 ops/ms


Result "bench11.ListJsonb7880.rootListJSONB":
  603.910 ±(99.9%) 4.343 ops/ms [Average]
  (min, avg, max) = (602.616, 603.910, 605.133), stdev = 1.128
  CI (99.9%): [599.567, 608.254] (assumes normal distribution)


# Run complete. Total time: 00:00:27

REMEMBER: The numbers below are just data. To gain reusable insights, you need to follow up on
why the numbers are the way they are. Use profilers (see -prof, -lprof), design factorial
experiments, perform baseline and negative tests that provide experimental control, make sure
the benchmarking environment is safe on JVM/OS/HW level, ask for reviews from the domain experts.
Do not assume the numbers tell you what you want them to tell.

NOTE: Current JVM experimentally supports Compiler Blackholes, and they are in use. Please exercise
extra caution when trusting the results, look into the generated code to check the benchmark still
works, and factor in a small probability of new VM bugs. Additionally, while comparisons between
different JVMs are already problematic, the performance difference caused by different Blackhole
modes can be very significant. Please make sure you use the consistent Blackhole mode for comparisons.

Benchmark                      Mode  Cnt    Score   Error   Units
ListJsonb7880.basketJSONB     thrpt    5  633.184 ± 4.553  ops/ms
ListJsonb7880.nestedListJSON  thrpt    5  211.697 ± 7.809  ops/ms
ListJsonb7880.rootListJSONB   thrpt    5  603.910 ± 4.343  ops/ms

Benchmark result is saved to <work>/env/jmh/ab-r11l/v10-r2.json
