# JMH version: 1.37
# VM version: JDK 21.0.12, OpenJDK 64-Bit Server VM, 21.0.12+8-LTS
# VM invoker: <jdk21>/bin/java
# VM options: -Xms1g -Xmx1g
# Blackhole mode: compiler (auto-detected, use -Djmh.blackhole.autoDetect=false to disable)
# Warmup: 4 iterations, 1 s each
# Measurement: 5 iterations, 1 s each
# Timeout: 10 min per iteration
# Threads: 1 thread, will synchronize iterations
# Benchmark mode: Throughput, ops/time
# Benchmark: bench11.ListJsonb7880.basketJSONB

# Run progress: 0.00% complete, ETA 00:00:27
# Fork: 1 of 1
# Warmup Iteration   1: 519.162 ops/ms
# Warmup Iteration   2: 633.921 ops/ms
# Warmup Iteration   3: 635.418 ops/ms
# Warmup Iteration   4: 633.345 ops/ms
Iteration   1: 631.507 ops/ms
Iteration   2: 630.831 ops/ms
Iteration   3: 631.250 ops/ms
Iteration   4: 632.950 ops/ms
Iteration   5: 632.384 ops/ms


Result "bench11.ListJsonb7880.basketJSONB":
  631.784 ±(99.9%) 3.330 ops/ms [Average]
  (min, avg, max) = (630.831, 631.784, 632.950), stdev = 0.865
  CI (99.9%): [628.454, 635.114] (assumes normal distribution)


# JMH version: 1.37
# VM version: JDK 21.0.12, OpenJDK 64-Bit Server VM, 21.0.12+8-LTS
# VM invoker: <jdk21>/bin/java
# VM options: -Xms1g -Xmx1g
# Blackhole mode: compiler (auto-detected, use -Djmh.blackhole.autoDetect=false to disable)
# Warmup: 4 iterations, 1 s each
# Measurement: 5 iterations, 1 s each
# Timeout: 10 min per iteration
# Threads: 1 thread, will synchronize iterations
# Benchmark mode: Throughput, ops/time
# Benchmark: bench11.ListJsonb7880.nestedListJSON

# Run progress: 33.33% complete, ETA 00:00:18
# Fork: 1 of 1
# Warmup Iteration   1: 159.570 ops/ms
# Warmup Iteration   2: 210.652 ops/ms
# Warmup Iteration   3: 212.174 ops/ms
# Warmup Iteration   4: 211.829 ops/ms
Iteration   1: 211.110 ops/ms
Iteration   2: 211.140 ops/ms
Iteration   3: 209.168 ops/ms
Iteration   4: 209.447 ops/ms
Iteration   5: 209.213 ops/ms


Result "bench11.ListJsonb7880.nestedListJSON":
  210.016 ±(99.9%) 3.922 ops/ms [Average]
  (min, avg, max) = (209.168, 210.016, 211.140), stdev = 1.019
  CI (99.9%): [206.094, 213.938] (assumes normal distribution)


# JMH version: 1.37
# VM version: JDK 21.0.12, OpenJDK 64-Bit Server VM, 21.0.12+8-LTS
# VM invoker: <jdk21>/bin/java
# VM options: -Xms1g -Xmx1g
# Blackhole mode: compiler (auto-detected, use -Djmh.blackhole.autoDetect=false to disable)
# Warmup: 4 iterations, 1 s each
# Measurement: 5 iterations, 1 s each
# Timeout: 10 min per iteration
# Threads: 1 thread, will synchronize iterations
# Benchmark mode: Throughput, ops/time
# Benchmark: bench11.ListJsonb7880.rootListJSONB

# Run progress: 66.67% complete, ETA 00:00:09
# Fork: 1 of 1
# Warmup Iteration   1: 499.579 ops/ms
# Warmup Iteration   2: 603.697 ops/ms
# Warmup Iteration   3: 614.440 ops/ms
# Warmup Iteration   4: 616.827 ops/ms
Iteration   1: 625.741 ops/ms
Iteration   2: 626.836 ops/ms
Iteration   3: 624.316 ops/ms
Iteration   4: 625.794 ops/ms
Iteration   5: 624.998 ops/ms


Result "bench11.ListJsonb7880.rootListJSONB":
  625.537 ±(99.9%) 3.641 ops/ms [Average]
  (min, avg, max) = (624.316, 625.537, 626.836), stdev = 0.945
  CI (99.9%): [621.896, 629.178] (assumes normal distribution)


# Run complete. Total time: 00:00:27

REMEMBER: The numbers below are just data. To gain reusable insights, you need to follow up on
why the numbers are the way they are. Use profilers (see -prof, -lprof), design factorial
experiments, perform baseline and negative tests that provide experimental control, make sure
the benchmarking environment is safe on JVM/OS/HW level, ask for reviews from the domain experts.
Do not assume the numbers tell you what you want them to tell.

NOTE: Current JVM experimentally supports Compiler Blackholes, and they are in use. Please exercise
extra caution when trusting the results, look into the generated code to check the benchmark still
works, and factor in a small probability of new VM bugs. Additionally, while comparisons between
different JVMs are already problematic, the performance difference caused by different Blackhole
modes can be very significant. Please make sure you use the consistent Blackhole mode for comparisons.

Benchmark                      Mode  Cnt    Score   Error   Units
ListJsonb7880.basketJSONB     thrpt    5  631.784 ± 3.330  ops/ms
ListJsonb7880.nestedListJSON  thrpt    5  210.016 ± 3.922  ops/ms
ListJsonb7880.rootListJSONB   thrpt    5  625.537 ± 3.641  ops/ms

Benchmark result is saved to <work>/env/jmh/ab-r11l/v10-r4.json
