# JMH version: 1.37
# VM version: JDK 21.0.12, OpenJDK 64-Bit Server VM, 21.0.12+8-LTS
# VM invoker: <jdk21>/bin/java
# VM options: -Xms1g -Xmx1g
# Blackhole mode: compiler (auto-detected, use -Djmh.blackhole.autoDetect=false to disable)
# Warmup: 4 iterations, 1 s each
# Measurement: 5 iterations, 1 s each
# Timeout: 10 min per iteration
# Threads: 1 thread, will synchronize iterations
# Benchmark mode: Throughput, ops/time
# Benchmark: bench11.ListJsonb7880.basketJSONB

# Run progress: 0.00% complete, ETA 00:00:27
# Fork: 1 of 1
# Warmup Iteration   1: 520.410 ops/ms
# Warmup Iteration   2: 627.750 ops/ms
# Warmup Iteration   3: 630.122 ops/ms
# Warmup Iteration   4: 632.614 ops/ms
Iteration   1: 630.224 ops/ms
Iteration   2: 631.021 ops/ms
Iteration   3: 631.305 ops/ms
Iteration   4: 629.971 ops/ms
Iteration   5: 631.956 ops/ms


Result "bench11.ListJsonb7880.basketJSONB":
  630.895 ±(99.9%) 3.112 ops/ms [Average]
  (min, avg, max) = (629.971, 630.895, 631.956), stdev = 0.808
  CI (99.9%): [627.784, 634.007] (assumes normal distribution)


# JMH version: 1.37
# VM version: JDK 21.0.12, OpenJDK 64-Bit Server VM, 21.0.12+8-LTS
# VM invoker: <jdk21>/bin/java
# VM options: -Xms1g -Xmx1g
# Blackhole mode: compiler (auto-detected, use -Djmh.blackhole.autoDetect=false to disable)
# Warmup: 4 iterations, 1 s each
# Measurement: 5 iterations, 1 s each
# Timeout: 10 min per iteration
# Threads: 1 thread, will synchronize iterations
# Benchmark mode: Throughput, ops/time
# Benchmark: bench11.ListJsonb7880.nestedListJSON

# Run progress: 33.33% complete, ETA 00:00:18
# Fork: 1 of 1
# Warmup Iteration   1: 163.224 ops/ms
# Warmup Iteration   2: 213.194 ops/ms
# Warmup Iteration   3: 214.205 ops/ms
# Warmup Iteration   4: 214.069 ops/ms
Iteration   1: 214.318 ops/ms
Iteration   2: 214.048 ops/ms
Iteration   3: 210.687 ops/ms
Iteration   4: 211.153 ops/ms
Iteration   5: 210.665 ops/ms


Result "bench11.ListJsonb7880.nestedListJSON":
  212.174 ±(99.9%) 7.110 ops/ms [Average]
  (min, avg, max) = (210.665, 212.174, 214.318), stdev = 1.847
  CI (99.9%): [205.064, 219.285] (assumes normal distribution)


# JMH version: 1.37
# VM version: JDK 21.0.12, OpenJDK 64-Bit Server VM, 21.0.12+8-LTS
# VM invoker: <jdk21>/bin/java
# VM options: -Xms1g -Xmx1g
# Blackhole mode: compiler (auto-detected, use -Djmh.blackhole.autoDetect=false to disable)
# Warmup: 4 iterations, 1 s each
# Measurement: 5 iterations, 1 s each
# Timeout: 10 min per iteration
# Threads: 1 thread, will synchronize iterations
# Benchmark mode: Throughput, ops/time
# Benchmark: bench11.ListJsonb7880.rootListJSONB

# Run progress: 66.67% complete, ETA 00:00:09
# Fork: 1 of 1
# Warmup Iteration   1: 507.773 ops/ms
# Warmup Iteration   2: 627.526 ops/ms
# Warmup Iteration   3: 602.246 ops/ms
# Warmup Iteration   4: 605.031 ops/ms
Iteration   1: 606.003 ops/ms
Iteration   2: 605.092 ops/ms
Iteration   3: 605.256 ops/ms
Iteration   4: 605.932 ops/ms
Iteration   5: 604.083 ops/ms


Result "bench11.ListJsonb7880.rootListJSONB":
  605.273 ±(99.9%) 2.993 ops/ms [Average]
  (min, avg, max) = (604.083, 605.273, 606.003), stdev = 0.777
  CI (99.9%): [602.280, 608.266] (assumes normal distribution)


# Run complete. Total time: 00:00:27

REMEMBER: The numbers below are just data. To gain reusable insights, you need to follow up on
why the numbers are the way they are. Use profilers (see -prof, -lprof), design factorial
experiments, perform baseline and negative tests that provide experimental control, make sure
the benchmarking environment is safe on JVM/OS/HW level, ask for reviews from the domain experts.
Do not assume the numbers tell you what you want them to tell.

NOTE: Current JVM experimentally supports Compiler Blackholes, and they are in use. Please exercise
extra caution when trusting the results, look into the generated code to check the benchmark still
works, and factor in a small probability of new VM bugs. Additionally, while comparisons between
different JVMs are already problematic, the performance difference caused by different Blackhole
modes can be very significant. Please make sure you use the consistent Blackhole mode for comparisons.

Benchmark                      Mode  Cnt    Score   Error   Units
ListJsonb7880.basketJSONB     thrpt    5  630.895 ± 3.112  ops/ms
ListJsonb7880.nestedListJSON  thrpt    5  212.174 ± 7.110  ops/ms
ListJsonb7880.rootListJSONB   thrpt    5  605.273 ± 2.993  ops/ms

Benchmark result is saved to <work>/env/jmh/ab-r11l/v10-r3.json
