# JMH version: 1.37
# VM version: JDK 21.0.12, OpenJDK 64-Bit Server VM, 21.0.12+8-LTS
# VM invoker: <jdk21>/bin/java
# VM options: -Xms1g -Xmx1g
# Blackhole mode: compiler (auto-detected, use -Djmh.blackhole.autoDetect=false to disable)
# Warmup: 4 iterations, 1 s each
# Measurement: 5 iterations, 1 s each
# Timeout: 10 min per iteration
# Threads: 1 thread, will synchronize iterations
# Benchmark mode: Throughput, ops/time
# Benchmark: bench11.ListJsonb7880.basketJSONB

# Run progress: 0.00% complete, ETA 00:00:27
# Fork: 1 of 1
# Warmup Iteration   1: 498.729 ops/ms
# Warmup Iteration   2: 598.362 ops/ms
# Warmup Iteration   3: 597.865 ops/ms
# Warmup Iteration   4: 596.475 ops/ms
Iteration   1: 600.491 ops/ms
Iteration   2: 600.063 ops/ms
Iteration   3: 599.388 ops/ms
Iteration   4: 597.900 ops/ms
Iteration   5: 598.185 ops/ms


Result "bench11.ListJsonb7880.basketJSONB":
  599.205 ±(99.9%) 4.377 ops/ms [Average]
  (min, avg, max) = (597.900, 599.205, 600.491), stdev = 1.137
  CI (99.9%): [594.828, 603.582] (assumes normal distribution)


# JMH version: 1.37
# VM version: JDK 21.0.12, OpenJDK 64-Bit Server VM, 21.0.12+8-LTS
# VM invoker: <jdk21>/bin/java
# VM options: -Xms1g -Xmx1g
# Blackhole mode: compiler (auto-detected, use -Djmh.blackhole.autoDetect=false to disable)
# Warmup: 4 iterations, 1 s each
# Measurement: 5 iterations, 1 s each
# Timeout: 10 min per iteration
# Threads: 1 thread, will synchronize iterations
# Benchmark mode: Throughput, ops/time
# Benchmark: bench11.ListJsonb7880.nestedListJSON

# Run progress: 33.33% complete, ETA 00:00:18
# Fork: 1 of 1
# Warmup Iteration   1: 162.606 ops/ms
# Warmup Iteration   2: 212.018 ops/ms
# Warmup Iteration   3: 213.488 ops/ms
# Warmup Iteration   4: 213.953 ops/ms
Iteration   1: 212.657 ops/ms
Iteration   2: 212.658 ops/ms
Iteration   3: 212.993 ops/ms
Iteration   4: 213.321 ops/ms
Iteration   5: 213.420 ops/ms


Result "bench11.ListJsonb7880.nestedListJSON":
  213.010 ±(99.9%) 1.380 ops/ms [Average]
  (min, avg, max) = (212.657, 213.010, 213.420), stdev = 0.358
  CI (99.9%): [211.630, 214.390] (assumes normal distribution)


# JMH version: 1.37
# VM version: JDK 21.0.12, OpenJDK 64-Bit Server VM, 21.0.12+8-LTS
# VM invoker: <jdk21>/bin/java
# VM options: -Xms1g -Xmx1g
# Blackhole mode: compiler (auto-detected, use -Djmh.blackhole.autoDetect=false to disable)
# Warmup: 4 iterations, 1 s each
# Measurement: 5 iterations, 1 s each
# Timeout: 10 min per iteration
# Threads: 1 thread, will synchronize iterations
# Benchmark mode: Throughput, ops/time
# Benchmark: bench11.ListJsonb7880.rootListJSONB

# Run progress: 66.67% complete, ETA 00:00:09
# Fork: 1 of 1
# Warmup Iteration   1: 499.005 ops/ms
# Warmup Iteration   2: 624.253 ops/ms
# Warmup Iteration   3: 602.326 ops/ms
# Warmup Iteration   4: 600.766 ops/ms
Iteration   1: 599.392 ops/ms
Iteration   2: 599.150 ops/ms
Iteration   3: 599.960 ops/ms
Iteration   4: 601.232 ops/ms
Iteration   5: 598.934 ops/ms


Result "bench11.ListJsonb7880.rootListJSONB":
  599.734 ±(99.9%) 3.548 ops/ms [Average]
  (min, avg, max) = (598.934, 599.734, 601.232), stdev = 0.921
  CI (99.9%): [596.186, 603.281] (assumes normal distribution)


# Run complete. Total time: 00:00:27

REMEMBER: The numbers below are just data. To gain reusable insights, you need to follow up on
why the numbers are the way they are. Use profilers (see -prof, -lprof), design factorial
experiments, perform baseline and negative tests that provide experimental control, make sure
the benchmarking environment is safe on JVM/OS/HW level, ask for reviews from the domain experts.
Do not assume the numbers tell you what you want them to tell.

NOTE: Current JVM experimentally supports Compiler Blackholes, and they are in use. Please exercise
extra caution when trusting the results, look into the generated code to check the benchmark still
works, and factor in a small probability of new VM bugs. Additionally, while comparisons between
different JVMs are already problematic, the performance difference caused by different Blackhole
modes can be very significant. Please make sure you use the consistent Blackhole mode for comparisons.

Benchmark                      Mode  Cnt    Score   Error   Units
ListJsonb7880.basketJSONB     thrpt    5  599.205 ± 4.377  ops/ms
ListJsonb7880.nestedListJSON  thrpt    5  213.010 ± 1.380  ops/ms
ListJsonb7880.rootListJSONB   thrpt    5  599.734 ± 3.548  ops/ms

Benchmark result is saved to <work>/env/jmh/ab-r11l/v10copy-r8.json
