# JMH version: 1.37
# VM version: JDK 21.0.12, OpenJDK 64-Bit Server VM, 21.0.12+8-LTS
# VM invoker: <jdk21>/bin/java
# VM options: -Xms1g -Xmx1g
# Blackhole mode: compiler (auto-detected, use -Djmh.blackhole.autoDetect=false to disable)
# Warmup: 4 iterations, 1 s each
# Measurement: 5 iterations, 1 s each
# Timeout: 10 min per iteration
# Threads: 1 thread, will synchronize iterations
# Benchmark mode: Throughput, ops/time
# Benchmark: bench11.ListJsonb7880.basketJSONB

# Run progress: 0.00% complete, ETA 00:00:27
# Fork: 1 of 1
# Warmup Iteration   1: 507.666 ops/ms
# Warmup Iteration   2: 614.432 ops/ms
# Warmup Iteration   3: 611.319 ops/ms
# Warmup Iteration   4: 613.372 ops/ms
Iteration   1: 614.727 ops/ms
Iteration   2: 616.160 ops/ms
Iteration   3: 613.824 ops/ms
Iteration   4: 614.293 ops/ms
Iteration   5: 612.660 ops/ms


Result "bench11.ListJsonb7880.basketJSONB":
  614.333 ±(99.9%) 4.928 ops/ms [Average]
  (min, avg, max) = (612.660, 614.333, 616.160), stdev = 1.280
  CI (99.9%): [609.404, 619.261] (assumes normal distribution)


# JMH version: 1.37
# VM version: JDK 21.0.12, OpenJDK 64-Bit Server VM, 21.0.12+8-LTS
# VM invoker: <jdk21>/bin/java
# VM options: -Xms1g -Xmx1g
# Blackhole mode: compiler (auto-detected, use -Djmh.blackhole.autoDetect=false to disable)
# Warmup: 4 iterations, 1 s each
# Measurement: 5 iterations, 1 s each
# Timeout: 10 min per iteration
# Threads: 1 thread, will synchronize iterations
# Benchmark mode: Throughput, ops/time
# Benchmark: bench11.ListJsonb7880.nestedListJSON

# Run progress: 33.33% complete, ETA 00:00:18
# Fork: 1 of 1
# Warmup Iteration   1: 165.687 ops/ms
# Warmup Iteration   2: 212.148 ops/ms
# Warmup Iteration   3: 212.066 ops/ms
# Warmup Iteration   4: 213.067 ops/ms
Iteration   1: 208.852 ops/ms
Iteration   2: 211.816 ops/ms
Iteration   3: 213.601 ops/ms
Iteration   4: 213.911 ops/ms
Iteration   5: 214.087 ops/ms


Result "bench11.ListJsonb7880.nestedListJSON":
  212.453 ±(99.9%) 8.499 ops/ms [Average]
  (min, avg, max) = (208.852, 212.453, 214.087), stdev = 2.207
  CI (99.9%): [203.955, 220.952] (assumes normal distribution)


# JMH version: 1.37
# VM version: JDK 21.0.12, OpenJDK 64-Bit Server VM, 21.0.12+8-LTS
# VM invoker: <jdk21>/bin/java
# VM options: -Xms1g -Xmx1g
# Blackhole mode: compiler (auto-detected, use -Djmh.blackhole.autoDetect=false to disable)
# Warmup: 4 iterations, 1 s each
# Measurement: 5 iterations, 1 s each
# Timeout: 10 min per iteration
# Threads: 1 thread, will synchronize iterations
# Benchmark mode: Throughput, ops/time
# Benchmark: bench11.ListJsonb7880.rootListJSONB

# Run progress: 66.67% complete, ETA 00:00:09
# Fork: 1 of 1
# Warmup Iteration   1: 507.536 ops/ms
# Warmup Iteration   2: 620.124 ops/ms
# Warmup Iteration   3: 607.424 ops/ms
# Warmup Iteration   4: 610.688 ops/ms
Iteration   1: 607.910 ops/ms
Iteration   2: 608.593 ops/ms
Iteration   3: 607.486 ops/ms
Iteration   4: 607.234 ops/ms
Iteration   5: 609.385 ops/ms


Result "bench11.ListJsonb7880.rootListJSONB":
  608.121 ±(99.9%) 3.366 ops/ms [Average]
  (min, avg, max) = (607.234, 608.121, 609.385), stdev = 0.874
  CI (99.9%): [604.756, 611.487] (assumes normal distribution)


# Run complete. Total time: 00:00:27

REMEMBER: The numbers below are just data. To gain reusable insights, you need to follow up on
why the numbers are the way they are. Use profilers (see -prof, -lprof), design factorial
experiments, perform baseline and negative tests that provide experimental control, make sure
the benchmarking environment is safe on JVM/OS/HW level, ask for reviews from the domain experts.
Do not assume the numbers tell you what you want them to tell.

NOTE: Current JVM experimentally supports Compiler Blackholes, and they are in use. Please exercise
extra caution when trusting the results, look into the generated code to check the benchmark still
works, and factor in a small probability of new VM bugs. Additionally, while comparisons between
different JVMs are already problematic, the performance difference caused by different Blackhole
modes can be very significant. Please make sure you use the consistent Blackhole mode for comparisons.

Benchmark                      Mode  Cnt    Score   Error   Units
ListJsonb7880.basketJSONB     thrpt    5  614.333 ± 4.928  ops/ms
ListJsonb7880.nestedListJSON  thrpt    5  212.453 ± 8.499  ops/ms
ListJsonb7880.rootListJSONB   thrpt    5  608.121 ± 3.366  ops/ms

Benchmark result is saved to <work>/env/jmh/ab-r11l/v10copy-r2.json
