# JMH version: 1.37
# VM version: JDK 21.0.12, OpenJDK 64-Bit Server VM, 21.0.12+8-LTS
# VM invoker: <jdk21>/bin/java
# VM options: -Xms1g -Xmx1g
# Blackhole mode: compiler (auto-detected, use -Djmh.blackhole.autoDetect=false to disable)
# Warmup: 4 iterations, 1 s each
# Measurement: 5 iterations, 1 s each
# Timeout: 10 min per iteration
# Threads: 1 thread, will synchronize iterations
# Benchmark mode: Throughput, ops/time
# Benchmark: bench11.ListJsonb7880.basketJSONB

# Run progress: 0.00% complete, ETA 00:00:27
# Fork: 1 of 1
# Warmup Iteration   1: 516.676 ops/ms
# Warmup Iteration   2: 625.918 ops/ms
# Warmup Iteration   3: 628.802 ops/ms
# Warmup Iteration   4: 625.391 ops/ms
Iteration   1: 623.628 ops/ms
Iteration   2: 623.930 ops/ms
Iteration   3: 624.960 ops/ms
Iteration   4: 625.278 ops/ms
Iteration   5: 624.705 ops/ms


Result "bench11.ListJsonb7880.basketJSONB":
  624.500 ±(99.9%) 2.683 ops/ms [Average]
  (min, avg, max) = (623.628, 624.500, 625.278), stdev = 0.697
  CI (99.9%): [621.817, 627.184] (assumes normal distribution)


# JMH version: 1.37
# VM version: JDK 21.0.12, OpenJDK 64-Bit Server VM, 21.0.12+8-LTS
# VM invoker: <jdk21>/bin/java
# VM options: -Xms1g -Xmx1g
# Blackhole mode: compiler (auto-detected, use -Djmh.blackhole.autoDetect=false to disable)
# Warmup: 4 iterations, 1 s each
# Measurement: 5 iterations, 1 s each
# Timeout: 10 min per iteration
# Threads: 1 thread, will synchronize iterations
# Benchmark mode: Throughput, ops/time
# Benchmark: bench11.ListJsonb7880.nestedListJSON

# Run progress: 33.33% complete, ETA 00:00:18
# Fork: 1 of 1
# Warmup Iteration   1: 160.404 ops/ms
# Warmup Iteration   2: 211.682 ops/ms
# Warmup Iteration   3: 210.824 ops/ms
# Warmup Iteration   4: 212.812 ops/ms
Iteration   1: 213.101 ops/ms
Iteration   2: 212.843 ops/ms
Iteration   3: 213.632 ops/ms
Iteration   4: 214.201 ops/ms
Iteration   5: 213.971 ops/ms


Result "bench11.ListJsonb7880.nestedListJSON":
  213.550 ±(99.9%) 2.202 ops/ms [Average]
  (min, avg, max) = (212.843, 213.550, 214.201), stdev = 0.572
  CI (99.9%): [211.348, 215.752] (assumes normal distribution)


# JMH version: 1.37
# VM version: JDK 21.0.12, OpenJDK 64-Bit Server VM, 21.0.12+8-LTS
# VM invoker: <jdk21>/bin/java
# VM options: -Xms1g -Xmx1g
# Blackhole mode: compiler (auto-detected, use -Djmh.blackhole.autoDetect=false to disable)
# Warmup: 4 iterations, 1 s each
# Measurement: 5 iterations, 1 s each
# Timeout: 10 min per iteration
# Threads: 1 thread, will synchronize iterations
# Benchmark mode: Throughput, ops/time
# Benchmark: bench11.ListJsonb7880.rootListJSONB

# Run progress: 66.67% complete, ETA 00:00:09
# Fork: 1 of 1
# Warmup Iteration   1: 502.926 ops/ms
# Warmup Iteration   2: 624.638 ops/ms
# Warmup Iteration   3: 606.218 ops/ms
# Warmup Iteration   4: 604.121 ops/ms
Iteration   1: 608.738 ops/ms
Iteration   2: 606.404 ops/ms
Iteration   3: 608.285 ops/ms
Iteration   4: 606.432 ops/ms
Iteration   5: 607.053 ops/ms


Result "bench11.ListJsonb7880.rootListJSONB":
  607.382 ±(99.9%) 4.139 ops/ms [Average]
  (min, avg, max) = (606.404, 607.382, 608.738), stdev = 1.075
  CI (99.9%): [603.243, 611.522] (assumes normal distribution)


# Run complete. Total time: 00:00:27

REMEMBER: The numbers below are just data. To gain reusable insights, you need to follow up on
why the numbers are the way they are. Use profilers (see -prof, -lprof), design factorial
experiments, perform baseline and negative tests that provide experimental control, make sure
the benchmarking environment is safe on JVM/OS/HW level, ask for reviews from the domain experts.
Do not assume the numbers tell you what you want them to tell.

NOTE: Current JVM experimentally supports Compiler Blackholes, and they are in use. Please exercise
extra caution when trusting the results, look into the generated code to check the benchmark still
works, and factor in a small probability of new VM bugs. Additionally, while comparisons between
different JVMs are already problematic, the performance difference caused by different Blackhole
modes can be very significant. Please make sure you use the consistent Blackhole mode for comparisons.

Benchmark                      Mode  Cnt    Score   Error   Units
ListJsonb7880.basketJSONB     thrpt    5  624.500 ± 2.683  ops/ms
ListJsonb7880.nestedListJSON  thrpt    5  213.550 ± 2.202  ops/ms
ListJsonb7880.rootListJSONB   thrpt    5  607.382 ± 4.139  ops/ms

Benchmark result is saved to <work>/env/jmh/ab-r11l/v10copy-r4.json
