# JMH version: 1.37
# VM version: JDK 21.0.12, OpenJDK 64-Bit Server VM, 21.0.12+8-LTS
# VM invoker: <jdk21>/bin/java
# VM options: -Xms1g -Xmx1g
# Blackhole mode: compiler (auto-detected, use -Djmh.blackhole.autoDetect=false to disable)
# Warmup: 4 iterations, 1 s each
# Measurement: 5 iterations, 1 s each
# Timeout: 10 min per iteration
# Threads: 1 thread, will synchronize iterations
# Benchmark mode: Throughput, ops/time
# Benchmark: bench11.ListJsonb7880.basketJSONB

# Run progress: 0.00% complete, ETA 00:00:27
# Fork: 1 of 1
# Warmup Iteration   1: 512.811 ops/ms
# Warmup Iteration   2: 626.333 ops/ms
# Warmup Iteration   3: 635.107 ops/ms
# Warmup Iteration   4: 634.422 ops/ms
Iteration   1: 634.000 ops/ms
Iteration   2: 634.806 ops/ms
Iteration   3: 636.197 ops/ms
Iteration   4: 634.971 ops/ms
Iteration   5: 634.335 ops/ms


Result "bench11.ListJsonb7880.basketJSONB":
  634.862 ±(99.9%) 3.232 ops/ms [Average]
  (min, avg, max) = (634.000, 634.862, 636.197), stdev = 0.839
  CI (99.9%): [631.630, 638.094] (assumes normal distribution)


# JMH version: 1.37
# VM version: JDK 21.0.12, OpenJDK 64-Bit Server VM, 21.0.12+8-LTS
# VM invoker: <jdk21>/bin/java
# VM options: -Xms1g -Xmx1g
# Blackhole mode: compiler (auto-detected, use -Djmh.blackhole.autoDetect=false to disable)
# Warmup: 4 iterations, 1 s each
# Measurement: 5 iterations, 1 s each
# Timeout: 10 min per iteration
# Threads: 1 thread, will synchronize iterations
# Benchmark mode: Throughput, ops/time
# Benchmark: bench11.ListJsonb7880.nestedListJSON

# Run progress: 33.33% complete, ETA 00:00:18
# Fork: 1 of 1
# Warmup Iteration   1: 162.295 ops/ms
# Warmup Iteration   2: 212.490 ops/ms
# Warmup Iteration   3: 213.049 ops/ms
# Warmup Iteration   4: 210.117 ops/ms
Iteration   1: 213.000 ops/ms
Iteration   2: 213.245 ops/ms
Iteration   3: 208.845 ops/ms
Iteration   4: 208.550 ops/ms
Iteration   5: 208.738 ops/ms


Result "bench11.ListJsonb7880.nestedListJSON":
  210.476 ±(99.9%) 9.318 ops/ms [Average]
  (min, avg, max) = (208.550, 210.476, 213.245), stdev = 2.420
  CI (99.9%): [201.157, 219.794] (assumes normal distribution)


# JMH version: 1.37
# VM version: JDK 21.0.12, OpenJDK 64-Bit Server VM, 21.0.12+8-LTS
# VM invoker: <jdk21>/bin/java
# VM options: -Xms1g -Xmx1g
# Blackhole mode: compiler (auto-detected, use -Djmh.blackhole.autoDetect=false to disable)
# Warmup: 4 iterations, 1 s each
# Measurement: 5 iterations, 1 s each
# Timeout: 10 min per iteration
# Threads: 1 thread, will synchronize iterations
# Benchmark mode: Throughput, ops/time
# Benchmark: bench11.ListJsonb7880.rootListJSONB

# Run progress: 66.67% complete, ETA 00:00:09
# Fork: 1 of 1
# Warmup Iteration   1: 503.137 ops/ms
# Warmup Iteration   2: 610.502 ops/ms
# Warmup Iteration   3: 623.205 ops/ms
# Warmup Iteration   4: 621.021 ops/ms
Iteration   1: 622.996 ops/ms
Iteration   2: 622.801 ops/ms
Iteration   3: 623.194 ops/ms
Iteration   4: 625.419 ops/ms
Iteration   5: 622.441 ops/ms


Result "bench11.ListJsonb7880.rootListJSONB":
  623.370 ±(99.9%) 4.538 ops/ms [Average]
  (min, avg, max) = (622.441, 623.370, 625.419), stdev = 1.179
  CI (99.9%): [618.832, 627.908] (assumes normal distribution)


# Run complete. Total time: 00:00:27

REMEMBER: The numbers below are just data. To gain reusable insights, you need to follow up on
why the numbers are the way they are. Use profilers (see -prof, -lprof), design factorial
experiments, perform baseline and negative tests that provide experimental control, make sure
the benchmarking environment is safe on JVM/OS/HW level, ask for reviews from the domain experts.
Do not assume the numbers tell you what you want them to tell.

NOTE: Current JVM experimentally supports Compiler Blackholes, and they are in use. Please exercise
extra caution when trusting the results, look into the generated code to check the benchmark still
works, and factor in a small probability of new VM bugs. Additionally, while comparisons between
different JVMs are already problematic, the performance difference caused by different Blackhole
modes can be very significant. Please make sure you use the consistent Blackhole mode for comparisons.

Benchmark                      Mode  Cnt    Score   Error   Units
ListJsonb7880.basketJSONB     thrpt    5  634.862 ± 3.232  ops/ms
ListJsonb7880.nestedListJSON  thrpt    5  210.476 ± 9.318  ops/ms
ListJsonb7880.rootListJSONB   thrpt    5  623.370 ± 4.538  ops/ms

Benchmark result is saved to <work>/env/jmh/ab-r11l/v10copy-r1.json
