# JMH version: 1.37
# VM version: JDK 21.0.12, OpenJDK 64-Bit Server VM, 21.0.12+8-LTS
# VM invoker: <jdk21>/bin/java
# VM options: -Xms1g -Xmx1g
# Blackhole mode: compiler (auto-detected, use -Djmh.blackhole.autoDetect=false to disable)
# Warmup: 4 iterations, 1 s each
# Measurement: 5 iterations, 1 s each
# Timeout: 10 min per iteration
# Threads: 1 thread, will synchronize iterations
# Benchmark mode: Throughput, ops/time
# Benchmark: bench11.ListJsonb7880.basketJSONB

# Run progress: 0.00% complete, ETA 00:00:27
# Fork: 1 of 1
# Warmup Iteration   1: 518.910 ops/ms
# Warmup Iteration   2: 631.506 ops/ms
# Warmup Iteration   3: 633.173 ops/ms
# Warmup Iteration   4: 631.356 ops/ms
Iteration   1: 634.257 ops/ms
Iteration   2: 633.476 ops/ms
Iteration   3: 634.130 ops/ms
Iteration   4: 633.727 ops/ms
Iteration   5: 634.047 ops/ms


Result "bench11.ListJsonb7880.basketJSONB":
  633.927 ±(99.9%) 1.229 ops/ms [Average]
  (min, avg, max) = (633.476, 633.927, 634.257), stdev = 0.319
  CI (99.9%): [632.698, 635.157] (assumes normal distribution)


# JMH version: 1.37
# VM version: JDK 21.0.12, OpenJDK 64-Bit Server VM, 21.0.12+8-LTS
# VM invoker: <jdk21>/bin/java
# VM options: -Xms1g -Xmx1g
# Blackhole mode: compiler (auto-detected, use -Djmh.blackhole.autoDetect=false to disable)
# Warmup: 4 iterations, 1 s each
# Measurement: 5 iterations, 1 s each
# Timeout: 10 min per iteration
# Threads: 1 thread, will synchronize iterations
# Benchmark mode: Throughput, ops/time
# Benchmark: bench11.ListJsonb7880.nestedListJSON

# Run progress: 33.33% complete, ETA 00:00:18
# Fork: 1 of 1
# Warmup Iteration   1: 165.613 ops/ms
# Warmup Iteration   2: 213.272 ops/ms
# Warmup Iteration   3: 212.383 ops/ms
# Warmup Iteration   4: 212.122 ops/ms
Iteration   1: 213.767 ops/ms
Iteration   2: 211.236 ops/ms
Iteration   3: 211.547 ops/ms
Iteration   4: 212.161 ops/ms
Iteration   5: 210.769 ops/ms


Result "bench11.ListJsonb7880.nestedListJSON":
  211.896 ±(99.9%) 4.473 ops/ms [Average]
  (min, avg, max) = (210.769, 211.896, 213.767), stdev = 1.162
  CI (99.9%): [207.423, 216.369] (assumes normal distribution)


# JMH version: 1.37
# VM version: JDK 21.0.12, OpenJDK 64-Bit Server VM, 21.0.12+8-LTS
# VM invoker: <jdk21>/bin/java
# VM options: -Xms1g -Xmx1g
# Blackhole mode: compiler (auto-detected, use -Djmh.blackhole.autoDetect=false to disable)
# Warmup: 4 iterations, 1 s each
# Measurement: 5 iterations, 1 s each
# Timeout: 10 min per iteration
# Threads: 1 thread, will synchronize iterations
# Benchmark mode: Throughput, ops/time
# Benchmark: bench11.ListJsonb7880.rootListJSONB

# Run progress: 66.67% complete, ETA 00:00:09
# Fork: 1 of 1
# Warmup Iteration   1: 505.117 ops/ms
# Warmup Iteration   2: 600.870 ops/ms
# Warmup Iteration   3: 618.801 ops/ms
# Warmup Iteration   4: 611.391 ops/ms
Iteration   1: 618.622 ops/ms
Iteration   2: 616.003 ops/ms
Iteration   3: 620.039 ops/ms
Iteration   4: 622.840 ops/ms
Iteration   5: 624.101 ops/ms


Result "bench11.ListJsonb7880.rootListJSONB":
  620.321 ±(99.9%) 12.514 ops/ms [Average]
  (min, avg, max) = (616.003, 620.321, 624.101), stdev = 3.250
  CI (99.9%): [607.807, 632.835] (assumes normal distribution)


# Run complete. Total time: 00:00:27

REMEMBER: The numbers below are just data. To gain reusable insights, you need to follow up on
why the numbers are the way they are. Use profilers (see -prof, -lprof), design factorial
experiments, perform baseline and negative tests that provide experimental control, make sure
the benchmarking environment is safe on JVM/OS/HW level, ask for reviews from the domain experts.
Do not assume the numbers tell you what you want them to tell.

NOTE: Current JVM experimentally supports Compiler Blackholes, and they are in use. Please exercise
extra caution when trusting the results, look into the generated code to check the benchmark still
works, and factor in a small probability of new VM bugs. Additionally, while comparisons between
different JVMs are already problematic, the performance difference caused by different Blackhole
modes can be very significant. Please make sure you use the consistent Blackhole mode for comparisons.

Benchmark                      Mode  Cnt    Score    Error   Units
ListJsonb7880.basketJSONB     thrpt    5  633.927 ±  1.229  ops/ms
ListJsonb7880.nestedListJSON  thrpt    5  211.896 ±  4.473  ops/ms
ListJsonb7880.rootListJSONB   thrpt    5  620.321 ± 12.514  ops/ms

Benchmark result is saved to <work>/env/jmh/ab-r11l/v10copy-r5.json
