# JMH version: 1.37
# VM version: JDK 21.0.12, OpenJDK 64-Bit Server VM, 21.0.12+8-LTS
# VM invoker: <jdk21>/bin/java
# VM options: -Xms1g -Xmx1g
# Blackhole mode: compiler (auto-detected, use -Djmh.blackhole.autoDetect=false to disable)
# Warmup: 4 iterations, 1 s each
# Measurement: 5 iterations, 1 s each
# Timeout: 10 min per iteration
# Threads: 1 thread, will synchronize iterations
# Benchmark mode: Throughput, ops/time
# Benchmark: bench11.ListJsonb7880.basketJSONB

# Run progress: 0.00% complete, ETA 00:00:27
# Fork: 1 of 1
# Warmup Iteration   1: 515.991 ops/ms
# Warmup Iteration   2: 624.584 ops/ms
# Warmup Iteration   3: 622.500 ops/ms
# Warmup Iteration   4: 626.130 ops/ms
Iteration   1: 627.990 ops/ms
Iteration   2: 626.473 ops/ms
Iteration   3: 626.595 ops/ms
Iteration   4: 627.829 ops/ms
Iteration   5: 626.920 ops/ms


Result "bench11.ListJsonb7880.basketJSONB":
  627.161 ±(99.9%) 2.713 ops/ms [Average]
  (min, avg, max) = (626.473, 627.161, 627.990), stdev = 0.705
  CI (99.9%): [624.448, 629.875] (assumes normal distribution)


# JMH version: 1.37
# VM version: JDK 21.0.12, OpenJDK 64-Bit Server VM, 21.0.12+8-LTS
# VM invoker: <jdk21>/bin/java
# VM options: -Xms1g -Xmx1g
# Blackhole mode: compiler (auto-detected, use -Djmh.blackhole.autoDetect=false to disable)
# Warmup: 4 iterations, 1 s each
# Measurement: 5 iterations, 1 s each
# Timeout: 10 min per iteration
# Threads: 1 thread, will synchronize iterations
# Benchmark mode: Throughput, ops/time
# Benchmark: bench11.ListJsonb7880.nestedListJSON

# Run progress: 33.33% complete, ETA 00:00:18
# Fork: 1 of 1
# Warmup Iteration   1: 160.705 ops/ms
# Warmup Iteration   2: 206.777 ops/ms
# Warmup Iteration   3: 213.422 ops/ms
# Warmup Iteration   4: 214.165 ops/ms
Iteration   1: 214.039 ops/ms
Iteration   2: 210.200 ops/ms
Iteration   3: 212.489 ops/ms
Iteration   4: 214.501 ops/ms
Iteration   5: 214.505 ops/ms


Result "bench11.ListJsonb7880.nestedListJSON":
  213.147 ±(99.9%) 7.098 ops/ms [Average]
  (min, avg, max) = (210.200, 213.147, 214.505), stdev = 1.843
  CI (99.9%): [206.049, 220.245] (assumes normal distribution)


# JMH version: 1.37
# VM version: JDK 21.0.12, OpenJDK 64-Bit Server VM, 21.0.12+8-LTS
# VM invoker: <jdk21>/bin/java
# VM options: -Xms1g -Xmx1g
# Blackhole mode: compiler (auto-detected, use -Djmh.blackhole.autoDetect=false to disable)
# Warmup: 4 iterations, 1 s each
# Measurement: 5 iterations, 1 s each
# Timeout: 10 min per iteration
# Threads: 1 thread, will synchronize iterations
# Benchmark mode: Throughput, ops/time
# Benchmark: bench11.ListJsonb7880.rootListJSONB

# Run progress: 66.67% complete, ETA 00:00:09
# Fork: 1 of 1
# Warmup Iteration   1: 508.771 ops/ms
# Warmup Iteration   2: 627.456 ops/ms
# Warmup Iteration   3: 604.492 ops/ms
# Warmup Iteration   4: 606.888 ops/ms
Iteration   1: 609.209 ops/ms
Iteration   2: 610.915 ops/ms
Iteration   3: 609.379 ops/ms
Iteration   4: 608.626 ops/ms
Iteration   5: 609.939 ops/ms


Result "bench11.ListJsonb7880.rootListJSONB":
  609.614 ±(99.9%) 3.331 ops/ms [Average]
  (min, avg, max) = (608.626, 609.614, 610.915), stdev = 0.865
  CI (99.9%): [606.282, 612.945] (assumes normal distribution)


# Run complete. Total time: 00:00:27

REMEMBER: The numbers below are just data. To gain reusable insights, you need to follow up on
why the numbers are the way they are. Use profilers (see -prof, -lprof), design factorial
experiments, perform baseline and negative tests that provide experimental control, make sure
the benchmarking environment is safe on JVM/OS/HW level, ask for reviews from the domain experts.
Do not assume the numbers tell you what you want them to tell.

NOTE: Current JVM experimentally supports Compiler Blackholes, and they are in use. Please exercise
extra caution when trusting the results, look into the generated code to check the benchmark still
works, and factor in a small probability of new VM bugs. Additionally, while comparisons between
different JVMs are already problematic, the performance difference caused by different Blackhole
modes can be very significant. Please make sure you use the consistent Blackhole mode for comparisons.

Benchmark                      Mode  Cnt    Score   Error   Units
ListJsonb7880.basketJSONB     thrpt    5  627.161 ± 2.713  ops/ms
ListJsonb7880.nestedListJSON  thrpt    5  213.147 ± 7.098  ops/ms
ListJsonb7880.rootListJSONB   thrpt    5  609.614 ± 3.331  ops/ms

Benchmark result is saved to <work>/env/jmh/ab-r11l/v10copy-r7.json
