# JMH version: 1.37
# VM version: JDK 21.0.12, OpenJDK 64-Bit Server VM, 21.0.12+8-LTS
# VM invoker: <jdk21>/bin/java
# VM options: -Xms1g -Xmx1g
# Blackhole mode: compiler (auto-detected, use -Djmh.blackhole.autoDetect=false to disable)
# Warmup: 4 iterations, 1 s each
# Measurement: 5 iterations, 1 s each
# Timeout: 10 min per iteration
# Threads: 1 thread, will synchronize iterations
# Benchmark mode: Throughput, ops/time
# Benchmark: bench11.ListJsonb7880.basketJSONB

# Run progress: 0.00% complete, ETA 00:00:27
# Fork: 1 of 1
# Warmup Iteration   1: 522.770 ops/ms
# Warmup Iteration   2: 631.404 ops/ms
# Warmup Iteration   3: 630.219 ops/ms
# Warmup Iteration   4: 629.854 ops/ms
Iteration   1: 628.426 ops/ms
Iteration   2: 626.263 ops/ms
Iteration   3: 625.718 ops/ms
Iteration   4: 625.938 ops/ms
Iteration   5: 626.267 ops/ms


Result "bench11.ListJsonb7880.basketJSONB":
  626.523 ±(99.9%) 4.195 ops/ms [Average]
  (min, avg, max) = (625.718, 626.523, 628.426), stdev = 1.089
  CI (99.9%): [622.328, 630.717] (assumes normal distribution)


# JMH version: 1.37
# VM version: JDK 21.0.12, OpenJDK 64-Bit Server VM, 21.0.12+8-LTS
# VM invoker: <jdk21>/bin/java
# VM options: -Xms1g -Xmx1g
# Blackhole mode: compiler (auto-detected, use -Djmh.blackhole.autoDetect=false to disable)
# Warmup: 4 iterations, 1 s each
# Measurement: 5 iterations, 1 s each
# Timeout: 10 min per iteration
# Threads: 1 thread, will synchronize iterations
# Benchmark mode: Throughput, ops/time
# Benchmark: bench11.ListJsonb7880.nestedListJSON

# Run progress: 33.33% complete, ETA 00:00:18
# Fork: 1 of 1
# Warmup Iteration   1: 167.766 ops/ms
# Warmup Iteration   2: 213.938 ops/ms
# Warmup Iteration   3: 214.331 ops/ms
# Warmup Iteration   4: 214.128 ops/ms
Iteration   1: 214.477 ops/ms
Iteration   2: 214.118 ops/ms
Iteration   3: 213.332 ops/ms
Iteration   4: 214.184 ops/ms
Iteration   5: 213.906 ops/ms


Result "bench11.ListJsonb7880.nestedListJSON":
  214.004 ±(99.9%) 1.646 ops/ms [Average]
  (min, avg, max) = (213.332, 214.004, 214.477), stdev = 0.427
  CI (99.9%): [212.358, 215.649] (assumes normal distribution)


# JMH version: 1.37
# VM version: JDK 21.0.12, OpenJDK 64-Bit Server VM, 21.0.12+8-LTS
# VM invoker: <jdk21>/bin/java
# VM options: -Xms1g -Xmx1g
# Blackhole mode: compiler (auto-detected, use -Djmh.blackhole.autoDetect=false to disable)
# Warmup: 4 iterations, 1 s each
# Measurement: 5 iterations, 1 s each
# Timeout: 10 min per iteration
# Threads: 1 thread, will synchronize iterations
# Benchmark mode: Throughput, ops/time
# Benchmark: bench11.ListJsonb7880.rootListJSONB

# Run progress: 66.67% complete, ETA 00:00:09
# Fork: 1 of 1
# Warmup Iteration   1: 504.871 ops/ms
# Warmup Iteration   2: 623.945 ops/ms
# Warmup Iteration   3: 610.900 ops/ms
# Warmup Iteration   4: 619.329 ops/ms
Iteration   1: 606.331 ops/ms
Iteration   2: 607.126 ops/ms
Iteration   3: 608.256 ops/ms
Iteration   4: 607.517 ops/ms
Iteration   5: 611.527 ops/ms


Result "bench11.ListJsonb7880.rootListJSONB":
  608.151 ±(99.9%) 7.742 ops/ms [Average]
  (min, avg, max) = (606.331, 608.151, 611.527), stdev = 2.011
  CI (99.9%): [600.410, 615.893] (assumes normal distribution)


# Run complete. Total time: 00:00:27

REMEMBER: The numbers below are just data. To gain reusable insights, you need to follow up on
why the numbers are the way they are. Use profilers (see -prof, -lprof), design factorial
experiments, perform baseline and negative tests that provide experimental control, make sure
the benchmarking environment is safe on JVM/OS/HW level, ask for reviews from the domain experts.
Do not assume the numbers tell you what you want them to tell.

NOTE: Current JVM experimentally supports Compiler Blackholes, and they are in use. Please exercise
extra caution when trusting the results, look into the generated code to check the benchmark still
works, and factor in a small probability of new VM bugs. Additionally, while comparisons between
different JVMs are already problematic, the performance difference caused by different Blackhole
modes can be very significant. Please make sure you use the consistent Blackhole mode for comparisons.

Benchmark                      Mode  Cnt    Score   Error   Units
ListJsonb7880.basketJSONB     thrpt    5  626.523 ± 4.195  ops/ms
ListJsonb7880.nestedListJSON  thrpt    5  214.004 ± 1.646  ops/ms
ListJsonb7880.rootListJSONB   thrpt    5  608.151 ± 7.742  ops/ms

Benchmark result is saved to <work>/env/jmh/ab-r11l/v10copy-r3.json
