# JMH version: 1.37
# VM version: JDK 21.0.12, OpenJDK 64-Bit Server VM, 21.0.12+8-LTS
# VM invoker: <jdk21>/bin/java
# VM options: -Xms1g -Xmx1g
# Blackhole mode: compiler (auto-detected, use -Djmh.blackhole.autoDetect=false to disable)
# Warmup: 4 iterations, 1 s each
# Measurement: 5 iterations, 1 s each
# Timeout: 10 min per iteration
# Threads: 1 thread, will synchronize iterations
# Benchmark mode: Throughput, ops/time
# Benchmark: bench11.ListJsonb7880.basketJSONB

# Run progress: 0.00% complete, ETA 00:00:27
# Fork: 1 of 1
# Warmup Iteration   1: 513.483 ops/ms
# Warmup Iteration   2: 622.255 ops/ms
# Warmup Iteration   3: 630.472 ops/ms
# Warmup Iteration   4: 630.696 ops/ms
Iteration   1: 630.731 ops/ms
Iteration   2: 630.694 ops/ms
Iteration   3: 631.660 ops/ms
Iteration   4: 631.466 ops/ms
Iteration   5: 631.857 ops/ms


Result "bench11.ListJsonb7880.basketJSONB":
  631.282 ±(99.9%) 2.070 ops/ms [Average]
  (min, avg, max) = (630.694, 631.282, 631.857), stdev = 0.538
  CI (99.9%): [629.211, 633.352] (assumes normal distribution)


# JMH version: 1.37
# VM version: JDK 21.0.12, OpenJDK 64-Bit Server VM, 21.0.12+8-LTS
# VM invoker: <jdk21>/bin/java
# VM options: -Xms1g -Xmx1g
# Blackhole mode: compiler (auto-detected, use -Djmh.blackhole.autoDetect=false to disable)
# Warmup: 4 iterations, 1 s each
# Measurement: 5 iterations, 1 s each
# Timeout: 10 min per iteration
# Threads: 1 thread, will synchronize iterations
# Benchmark mode: Throughput, ops/time
# Benchmark: bench11.ListJsonb7880.nestedListJSON

# Run progress: 33.33% complete, ETA 00:00:18
# Fork: 1 of 1
# Warmup Iteration   1: 162.768 ops/ms
# Warmup Iteration   2: 210.185 ops/ms
# Warmup Iteration   3: 212.567 ops/ms
# Warmup Iteration   4: 210.352 ops/ms
Iteration   1: 212.247 ops/ms
Iteration   2: 212.131 ops/ms
Iteration   3: 205.958 ops/ms
Iteration   4: 206.030 ops/ms
Iteration   5: 205.664 ops/ms


Result "bench11.ListJsonb7880.nestedListJSON":
  208.406 ±(99.9%) 13.309 ops/ms [Average]
  (min, avg, max) = (205.664, 208.406, 212.247), stdev = 3.456
  CI (99.9%): [195.097, 221.715] (assumes normal distribution)


# JMH version: 1.37
# VM version: JDK 21.0.12, OpenJDK 64-Bit Server VM, 21.0.12+8-LTS
# VM invoker: <jdk21>/bin/java
# VM options: -Xms1g -Xmx1g
# Blackhole mode: compiler (auto-detected, use -Djmh.blackhole.autoDetect=false to disable)
# Warmup: 4 iterations, 1 s each
# Measurement: 5 iterations, 1 s each
# Timeout: 10 min per iteration
# Threads: 1 thread, will synchronize iterations
# Benchmark mode: Throughput, ops/time
# Benchmark: bench11.ListJsonb7880.rootListJSONB

# Run progress: 66.67% complete, ETA 00:00:09
# Fork: 1 of 1
# Warmup Iteration   1: 487.947 ops/ms
# Warmup Iteration   2: 592.587 ops/ms
# Warmup Iteration   3: 591.929 ops/ms
# Warmup Iteration   4: 592.665 ops/ms
Iteration   1: 599.537 ops/ms
Iteration   2: 602.438 ops/ms
Iteration   3: 599.294 ops/ms
Iteration   4: 600.660 ops/ms
Iteration   5: 600.635 ops/ms


Result "bench11.ListJsonb7880.rootListJSONB":
  600.513 ±(99.9%) 4.786 ops/ms [Average]
  (min, avg, max) = (599.294, 600.513, 602.438), stdev = 1.243
  CI (99.9%): [595.727, 605.299] (assumes normal distribution)


# Run complete. Total time: 00:00:27

REMEMBER: The numbers below are just data. To gain reusable insights, you need to follow up on
why the numbers are the way they are. Use profilers (see -prof, -lprof), design factorial
experiments, perform baseline and negative tests that provide experimental control, make sure
the benchmarking environment is safe on JVM/OS/HW level, ask for reviews from the domain experts.
Do not assume the numbers tell you what you want them to tell.

NOTE: Current JVM experimentally supports Compiler Blackholes, and they are in use. Please exercise
extra caution when trusting the results, look into the generated code to check the benchmark still
works, and factor in a small probability of new VM bugs. Additionally, while comparisons between
different JVMs are already problematic, the performance difference caused by different Blackhole
modes can be very significant. Please make sure you use the consistent Blackhole mode for comparisons.

Benchmark                      Mode  Cnt    Score    Error   Units
ListJsonb7880.basketJSONB     thrpt    5  631.282 ±  2.070  ops/ms
ListJsonb7880.nestedListJSON  thrpt    5  208.406 ± 13.309  ops/ms
ListJsonb7880.rootListJSONB   thrpt    5  600.513 ±  4.786  ops/ms

Benchmark result is saved to <work>/env/jmh/ab-r11l/v11-r4.json
