# JMH version: 1.37
# VM version: JDK 21.0.12, OpenJDK 64-Bit Server VM, 21.0.12+8-LTS
# VM invoker: <jdk21>/bin/java
# VM options: -Xms1g -Xmx1g
# Blackhole mode: compiler (auto-detected, use -Djmh.blackhole.autoDetect=false to disable)
# Warmup: 4 iterations, 1 s each
# Measurement: 5 iterations, 1 s each
# Timeout: 10 min per iteration
# Threads: 1 thread, will synchronize iterations
# Benchmark mode: Throughput, ops/time
# Benchmark: bench11.ListJsonb7880.basketJSONB

# Run progress: 0.00% complete, ETA 00:00:27
# Fork: 1 of 1
# Warmup Iteration   1: 507.784 ops/ms
# Warmup Iteration   2: 621.931 ops/ms
# Warmup Iteration   3: 627.339 ops/ms
# Warmup Iteration   4: 626.492 ops/ms
Iteration   1: 629.907 ops/ms
Iteration   2: 627.492 ops/ms
Iteration   3: 627.906 ops/ms
Iteration   4: 628.533 ops/ms
Iteration   5: 629.019 ops/ms


Result "bench11.ListJsonb7880.basketJSONB":
  628.572 ±(99.9%) 3.651 ops/ms [Average]
  (min, avg, max) = (627.492, 628.572, 629.907), stdev = 0.948
  CI (99.9%): [624.921, 632.222] (assumes normal distribution)


# JMH version: 1.37
# VM version: JDK 21.0.12, OpenJDK 64-Bit Server VM, 21.0.12+8-LTS
# VM invoker: <jdk21>/bin/java
# VM options: -Xms1g -Xmx1g
# Blackhole mode: compiler (auto-detected, use -Djmh.blackhole.autoDetect=false to disable)
# Warmup: 4 iterations, 1 s each
# Measurement: 5 iterations, 1 s each
# Timeout: 10 min per iteration
# Threads: 1 thread, will synchronize iterations
# Benchmark mode: Throughput, ops/time
# Benchmark: bench11.ListJsonb7880.nestedListJSON

# Run progress: 33.33% complete, ETA 00:00:18
# Fork: 1 of 1
# Warmup Iteration   1: 159.358 ops/ms
# Warmup Iteration   2: 211.215 ops/ms
# Warmup Iteration   3: 212.416 ops/ms
# Warmup Iteration   4: 212.612 ops/ms
Iteration   1: 213.147 ops/ms
Iteration   2: 213.026 ops/ms
Iteration   3: 212.789 ops/ms
Iteration   4: 213.339 ops/ms
Iteration   5: 213.207 ops/ms


Result "bench11.ListJsonb7880.nestedListJSON":
  213.102 ±(99.9%) 0.801 ops/ms [Average]
  (min, avg, max) = (212.789, 213.102, 213.339), stdev = 0.208
  CI (99.9%): [212.300, 213.903] (assumes normal distribution)


# JMH version: 1.37
# VM version: JDK 21.0.12, OpenJDK 64-Bit Server VM, 21.0.12+8-LTS
# VM invoker: <jdk21>/bin/java
# VM options: -Xms1g -Xmx1g
# Blackhole mode: compiler (auto-detected, use -Djmh.blackhole.autoDetect=false to disable)
# Warmup: 4 iterations, 1 s each
# Measurement: 5 iterations, 1 s each
# Timeout: 10 min per iteration
# Threads: 1 thread, will synchronize iterations
# Benchmark mode: Throughput, ops/time
# Benchmark: bench11.ListJsonb7880.rootListJSONB

# Run progress: 66.67% complete, ETA 00:00:09
# Fork: 1 of 1
# Warmup Iteration   1: 498.879 ops/ms
# Warmup Iteration   2: 593.484 ops/ms
# Warmup Iteration   3: 595.069 ops/ms
# Warmup Iteration   4: 595.143 ops/ms
Iteration   1: 593.774 ops/ms
Iteration   2: 594.307 ops/ms
Iteration   3: 584.952 ops/ms
Iteration   4: 591.530 ops/ms
Iteration   5: 594.349 ops/ms


Result "bench11.ListJsonb7880.rootListJSONB":
  591.782 ±(99.9%) 15.360 ops/ms [Average]
  (min, avg, max) = (584.952, 591.782, 594.349), stdev = 3.989
  CI (99.9%): [576.423, 607.142] (assumes normal distribution)


# Run complete. Total time: 00:00:27

REMEMBER: The numbers below are just data. To gain reusable insights, you need to follow up on
why the numbers are the way they are. Use profilers (see -prof, -lprof), design factorial
experiments, perform baseline and negative tests that provide experimental control, make sure
the benchmarking environment is safe on JVM/OS/HW level, ask for reviews from the domain experts.
Do not assume the numbers tell you what you want them to tell.

NOTE: Current JVM experimentally supports Compiler Blackholes, and they are in use. Please exercise
extra caution when trusting the results, look into the generated code to check the benchmark still
works, and factor in a small probability of new VM bugs. Additionally, while comparisons between
different JVMs are already problematic, the performance difference caused by different Blackhole
modes can be very significant. Please make sure you use the consistent Blackhole mode for comparisons.

Benchmark                      Mode  Cnt    Score    Error   Units
ListJsonb7880.basketJSONB     thrpt    5  628.572 ±  3.651  ops/ms
ListJsonb7880.nestedListJSON  thrpt    5  213.102 ±  0.801  ops/ms
ListJsonb7880.rootListJSONB   thrpt    5  591.782 ± 15.360  ops/ms

Benchmark result is saved to <work>/env/jmh/ab-r11l/v11-r7.json
