# JMH version: 1.37
# VM version: JDK 21.0.12, OpenJDK 64-Bit Server VM, 21.0.12+8-LTS
# VM invoker: <jdk21>/bin/java
# VM options: -Xms1g -Xmx1g
# Blackhole mode: compiler (auto-detected, use -Djmh.blackhole.autoDetect=false to disable)
# Warmup: 4 iterations, 1 s each
# Measurement: 5 iterations, 1 s each
# Timeout: 10 min per iteration
# Threads: 1 thread, will synchronize iterations
# Benchmark mode: Throughput, ops/time
# Benchmark: bench11.ListJsonb7880.basketJSONB

# Run progress: 0.00% complete, ETA 00:00:27
# Fork: 1 of 1
# Warmup Iteration   1: 516.484 ops/ms
# Warmup Iteration   2: 624.101 ops/ms
# Warmup Iteration   3: 625.621 ops/ms
# Warmup Iteration   4: 626.074 ops/ms
Iteration   1: 627.055 ops/ms
Iteration   2: 627.758 ops/ms
Iteration   3: 627.139 ops/ms
Iteration   4: 627.323 ops/ms
Iteration   5: 627.449 ops/ms


Result "bench11.ListJsonb7880.basketJSONB":
  627.345 ±(99.9%) 1.069 ops/ms [Average]
  (min, avg, max) = (627.055, 627.345, 627.758), stdev = 0.278
  CI (99.9%): [626.276, 628.414] (assumes normal distribution)


# JMH version: 1.37
# VM version: JDK 21.0.12, OpenJDK 64-Bit Server VM, 21.0.12+8-LTS
# VM invoker: <jdk21>/bin/java
# VM options: -Xms1g -Xmx1g
# Blackhole mode: compiler (auto-detected, use -Djmh.blackhole.autoDetect=false to disable)
# Warmup: 4 iterations, 1 s each
# Measurement: 5 iterations, 1 s each
# Timeout: 10 min per iteration
# Threads: 1 thread, will synchronize iterations
# Benchmark mode: Throughput, ops/time
# Benchmark: bench11.ListJsonb7880.nestedListJSON

# Run progress: 33.33% complete, ETA 00:00:18
# Fork: 1 of 1
# Warmup Iteration   1: 160.200 ops/ms
# Warmup Iteration   2: 212.573 ops/ms
# Warmup Iteration   3: 212.551 ops/ms
# Warmup Iteration   4: 212.159 ops/ms
Iteration   1: 211.440 ops/ms
Iteration   2: 211.837 ops/ms
Iteration   3: 205.923 ops/ms
Iteration   4: 205.966 ops/ms
Iteration   5: 205.819 ops/ms


Result "bench11.ListJsonb7880.nestedListJSON":
  208.197 ±(99.9%) 12.112 ops/ms [Average]
  (min, avg, max) = (205.819, 208.197, 211.837), stdev = 3.145
  CI (99.9%): [196.085, 220.309] (assumes normal distribution)


# JMH version: 1.37
# VM version: JDK 21.0.12, OpenJDK 64-Bit Server VM, 21.0.12+8-LTS
# VM invoker: <jdk21>/bin/java
# VM options: -Xms1g -Xmx1g
# Blackhole mode: compiler (auto-detected, use -Djmh.blackhole.autoDetect=false to disable)
# Warmup: 4 iterations, 1 s each
# Measurement: 5 iterations, 1 s each
# Timeout: 10 min per iteration
# Threads: 1 thread, will synchronize iterations
# Benchmark mode: Throughput, ops/time
# Benchmark: bench11.ListJsonb7880.rootListJSONB

# Run progress: 66.67% complete, ETA 00:00:09
# Fork: 1 of 1
# Warmup Iteration   1: 495.270 ops/ms
# Warmup Iteration   2: 588.721 ops/ms
# Warmup Iteration   3: 593.309 ops/ms
# Warmup Iteration   4: 590.811 ops/ms
Iteration   1: 591.153 ops/ms
Iteration   2: 593.781 ops/ms
Iteration   3: 594.123 ops/ms
Iteration   4: 592.600 ops/ms
Iteration   5: 591.962 ops/ms


Result "bench11.ListJsonb7880.rootListJSONB":
  592.724 ±(99.9%) 4.771 ops/ms [Average]
  (min, avg, max) = (591.153, 592.724, 594.123), stdev = 1.239
  CI (99.9%): [587.953, 597.494] (assumes normal distribution)


# Run complete. Total time: 00:00:27

REMEMBER: The numbers below are just data. To gain reusable insights, you need to follow up on
why the numbers are the way they are. Use profilers (see -prof, -lprof), design factorial
experiments, perform baseline and negative tests that provide experimental control, make sure
the benchmarking environment is safe on JVM/OS/HW level, ask for reviews from the domain experts.
Do not assume the numbers tell you what you want them to tell.

NOTE: Current JVM experimentally supports Compiler Blackholes, and they are in use. Please exercise
extra caution when trusting the results, look into the generated code to check the benchmark still
works, and factor in a small probability of new VM bugs. Additionally, while comparisons between
different JVMs are already problematic, the performance difference caused by different Blackhole
modes can be very significant. Please make sure you use the consistent Blackhole mode for comparisons.

Benchmark                      Mode  Cnt    Score    Error   Units
ListJsonb7880.basketJSONB     thrpt    5  627.345 ±  1.069  ops/ms
ListJsonb7880.nestedListJSON  thrpt    5  208.197 ± 12.112  ops/ms
ListJsonb7880.rootListJSONB   thrpt    5  592.724 ±  4.771  ops/ms

Benchmark result is saved to <work>/env/jmh/ab-r11l/v11-r5.json
