# JMH version: 1.37
# VM version: JDK 21.0.12, OpenJDK 64-Bit Server VM, 21.0.12+8-LTS
# VM invoker: <jdk21>/bin/java
# VM options: -Xms1g -Xmx1g
# Blackhole mode: compiler (auto-detected, use -Djmh.blackhole.autoDetect=false to disable)
# Warmup: 4 iterations, 1 s each
# Measurement: 5 iterations, 1 s each
# Timeout: 10 min per iteration
# Threads: 1 thread, will synchronize iterations
# Benchmark mode: Throughput, ops/time
# Benchmark: bench9.MapKey7880.beanKeysFiltered

# Run progress: 0.00% complete, ETA 00:00:27
# Fork: 1 of 1
# Warmup Iteration   1: 151.323 ops/ms
# Warmup Iteration   2: 176.196 ops/ms
# Warmup Iteration   3: 163.968 ops/ms
# Warmup Iteration   4: 164.254 ops/ms
Iteration   1: 164.268 ops/ms
Iteration   2: 163.405 ops/ms
Iteration   3: 164.590 ops/ms
Iteration   4: 164.289 ops/ms
Iteration   5: 164.258 ops/ms


Result "bench9.MapKey7880.beanKeysFiltered":
  164.162 ±(99.9%) 1.714 ops/ms [Average]
  (min, avg, max) = (163.405, 164.162, 164.590), stdev = 0.445
  CI (99.9%): [162.448, 165.876] (assumes normal distribution)


# JMH version: 1.37
# VM version: JDK 21.0.12, OpenJDK 64-Bit Server VM, 21.0.12+8-LTS
# VM invoker: <jdk21>/bin/java
# VM options: -Xms1g -Xmx1g
# Blackhole mode: compiler (auto-detected, use -Djmh.blackhole.autoDetect=false to disable)
# Warmup: 4 iterations, 1 s each
# Measurement: 5 iterations, 1 s each
# Timeout: 10 min per iteration
# Threads: 1 thread, will synchronize iterations
# Benchmark mode: Throughput, ops/time
# Benchmark: bench9.MapKey7880.dateKeysFiltered

# Run progress: 33.33% complete, ETA 00:00:18
# Fork: 1 of 1
# Warmup Iteration   1: 134.572 ops/ms
# Warmup Iteration   2: 162.637 ops/ms
# Warmup Iteration   3: 157.201 ops/ms
# Warmup Iteration   4: 156.939 ops/ms
Iteration   1: 157.102 ops/ms
Iteration   2: 156.911 ops/ms
Iteration   3: 157.155 ops/ms
Iteration   4: 157.099 ops/ms
Iteration   5: 157.194 ops/ms


Result "bench9.MapKey7880.dateKeysFiltered":
  157.092 ±(99.9%) 0.418 ops/ms [Average]
  (min, avg, max) = (156.911, 157.092, 157.194), stdev = 0.108
  CI (99.9%): [156.674, 157.510] (assumes normal distribution)


# JMH version: 1.37
# VM version: JDK 21.0.12, OpenJDK 64-Bit Server VM, 21.0.12+8-LTS
# VM invoker: <jdk21>/bin/java
# VM options: -Xms1g -Xmx1g
# Blackhole mode: compiler (auto-detected, use -Djmh.blackhole.autoDetect=false to disable)
# Warmup: 4 iterations, 1 s each
# Measurement: 5 iterations, 1 s each
# Timeout: 10 min per iteration
# Threads: 1 thread, will synchronize iterations
# Benchmark mode: Throughput, ops/time
# Benchmark: bench9.MapKeySorted7880.beanKeysFieldSorted

# Run progress: 66.67% complete, ETA 00:00:09
# Fork: 1 of 1
# Warmup Iteration   1: 168.679 ops/ms
# Warmup Iteration   2: 215.590 ops/ms
# Warmup Iteration   3: 220.321 ops/ms
# Warmup Iteration   4: 219.937 ops/ms
Iteration   1: 220.264 ops/ms
Iteration   2: 219.834 ops/ms
Iteration   3: 219.666 ops/ms
Iteration   4: 220.133 ops/ms
Iteration   5: 219.916 ops/ms


Result "bench9.MapKeySorted7880.beanKeysFieldSorted":
  219.962 ±(99.9%) 0.916 ops/ms [Average]
  (min, avg, max) = (219.666, 219.962, 220.264), stdev = 0.238
  CI (99.9%): [219.046, 220.879] (assumes normal distribution)


# Run complete. Total time: 00:00:27

REMEMBER: The numbers below are just data. To gain reusable insights, you need to follow up on
why the numbers are the way they are. Use profilers (see -prof, -lprof), design factorial
experiments, perform baseline and negative tests that provide experimental control, make sure
the benchmarking environment is safe on JVM/OS/HW level, ask for reviews from the domain experts.
Do not assume the numbers tell you what you want them to tell.

NOTE: Current JVM experimentally supports Compiler Blackholes, and they are in use. Please exercise
extra caution when trusting the results, look into the generated code to check the benchmark still
works, and factor in a small probability of new VM bugs. Additionally, while comparisons between
different JVMs are already problematic, the performance difference caused by different Blackhole
modes can be very significant. Please make sure you use the consistent Blackhole mode for comparisons.

Benchmark                              Mode  Cnt    Score   Error   Units
MapKey7880.beanKeysFiltered           thrpt    5  164.162 ± 1.714  ops/ms
MapKey7880.dateKeysFiltered           thrpt    5  157.092 ± 0.418  ops/ms
MapKeySorted7880.beanKeysFieldSorted  thrpt    5  219.962 ± 0.916  ops/ms

Benchmark result is saved to <work>/env/jmh/ab-r10k/dbg10-r4.json
