# JMH version: 1.37
# VM version: JDK 21.0.12, OpenJDK 64-Bit Server VM, 21.0.12+8-LTS
# VM invoker: <jdk21>/bin/java
# VM options: -Xms1g -Xmx1g
# Blackhole mode: compiler (auto-detected, use -Djmh.blackhole.autoDetect=false to disable)
# Warmup: 4 iterations, 1 s each
# Measurement: 5 iterations, 1 s each
# Timeout: 10 min per iteration
# Threads: 1 thread, will synchronize iterations
# Benchmark mode: Throughput, ops/time
# Benchmark: bench9.MapKey7880.beanKeysFiltered

# Run progress: 0.00% complete, ETA 00:00:27
# Fork: 1 of 1
# Warmup Iteration   1: 147.853 ops/ms
# Warmup Iteration   2: 175.996 ops/ms
# Warmup Iteration   3: 163.779 ops/ms
# Warmup Iteration   4: 163.891 ops/ms
Iteration   1: 163.558 ops/ms
Iteration   2: 163.556 ops/ms
Iteration   3: 163.715 ops/ms
Iteration   4: 163.487 ops/ms
Iteration   5: 162.643 ops/ms


Result "bench9.MapKey7880.beanKeysFiltered":
  163.392 ±(99.9%) 1.643 ops/ms [Average]
  (min, avg, max) = (162.643, 163.392, 163.715), stdev = 0.427
  CI (99.9%): [161.749, 165.035] (assumes normal distribution)


# JMH version: 1.37
# VM version: JDK 21.0.12, OpenJDK 64-Bit Server VM, 21.0.12+8-LTS
# VM invoker: <jdk21>/bin/java
# VM options: -Xms1g -Xmx1g
# Blackhole mode: compiler (auto-detected, use -Djmh.blackhole.autoDetect=false to disable)
# Warmup: 4 iterations, 1 s each
# Measurement: 5 iterations, 1 s each
# Timeout: 10 min per iteration
# Threads: 1 thread, will synchronize iterations
# Benchmark mode: Throughput, ops/time
# Benchmark: bench9.MapKey7880.dateKeysFiltered

# Run progress: 33.33% complete, ETA 00:00:18
# Fork: 1 of 1
# Warmup Iteration   1: 136.806 ops/ms
# Warmup Iteration   2: 162.165 ops/ms
# Warmup Iteration   3: 156.496 ops/ms
# Warmup Iteration   4: 156.582 ops/ms
Iteration   1: 156.784 ops/ms
Iteration   2: 156.445 ops/ms
Iteration   3: 156.372 ops/ms
Iteration   4: 156.377 ops/ms
Iteration   5: 156.401 ops/ms


Result "bench9.MapKey7880.dateKeysFiltered":
  156.476 ±(99.9%) 0.673 ops/ms [Average]
  (min, avg, max) = (156.372, 156.476, 156.784), stdev = 0.175
  CI (99.9%): [155.803, 157.149] (assumes normal distribution)


# JMH version: 1.37
# VM version: JDK 21.0.12, OpenJDK 64-Bit Server VM, 21.0.12+8-LTS
# VM invoker: <jdk21>/bin/java
# VM options: -Xms1g -Xmx1g
# Blackhole mode: compiler (auto-detected, use -Djmh.blackhole.autoDetect=false to disable)
# Warmup: 4 iterations, 1 s each
# Measurement: 5 iterations, 1 s each
# Timeout: 10 min per iteration
# Threads: 1 thread, will synchronize iterations
# Benchmark mode: Throughput, ops/time
# Benchmark: bench9.MapKeySorted7880.beanKeysFieldSorted

# Run progress: 66.67% complete, ETA 00:00:09
# Fork: 1 of 1
# Warmup Iteration   1: 162.074 ops/ms
# Warmup Iteration   2: 205.925 ops/ms
# Warmup Iteration   3: 219.341 ops/ms
# Warmup Iteration   4: 219.633 ops/ms
Iteration   1: 219.464 ops/ms
Iteration   2: 219.963 ops/ms
Iteration   3: 219.840 ops/ms
Iteration   4: 219.812 ops/ms
Iteration   5: 219.480 ops/ms


Result "bench9.MapKeySorted7880.beanKeysFieldSorted":
  219.712 ±(99.9%) 0.871 ops/ms [Average]
  (min, avg, max) = (219.464, 219.712, 219.963), stdev = 0.226
  CI (99.9%): [218.841, 220.583] (assumes normal distribution)


# Run complete. Total time: 00:00:27

REMEMBER: The numbers below are just data. To gain reusable insights, you need to follow up on
why the numbers are the way they are. Use profilers (see -prof, -lprof), design factorial
experiments, perform baseline and negative tests that provide experimental control, make sure
the benchmarking environment is safe on JVM/OS/HW level, ask for reviews from the domain experts.
Do not assume the numbers tell you what you want them to tell.

NOTE: Current JVM experimentally supports Compiler Blackholes, and they are in use. Please exercise
extra caution when trusting the results, look into the generated code to check the benchmark still
works, and factor in a small probability of new VM bugs. Additionally, while comparisons between
different JVMs are already problematic, the performance difference caused by different Blackhole
modes can be very significant. Please make sure you use the consistent Blackhole mode for comparisons.

Benchmark                              Mode  Cnt    Score   Error   Units
MapKey7880.beanKeysFiltered           thrpt    5  163.392 ± 1.643  ops/ms
MapKey7880.dateKeysFiltered           thrpt    5  156.476 ± 0.673  ops/ms
MapKeySorted7880.beanKeysFieldSorted  thrpt    5  219.712 ± 0.871  ops/ms

Benchmark result is saved to <work>/env/jmh/ab-r10k/dbg10-r1.json
