# JMH version: 1.37
# VM version: JDK 21.0.12, OpenJDK 64-Bit Server VM, 21.0.12+8-LTS
# VM invoker: <jdk21>/bin/java
# VM options: -Xms1g -Xmx1g
# Blackhole mode: compiler (auto-detected, use -Djmh.blackhole.autoDetect=false to disable)
# Warmup: 4 iterations, 1 s each
# Measurement: 5 iterations, 1 s each
# Timeout: 10 min per iteration
# Threads: 1 thread, will synchronize iterations
# Benchmark mode: Throughput, ops/time
# Benchmark: bench9.MapKey7880.beanKeysFiltered

# Run progress: 0.00% complete, ETA 00:00:27
# Fork: 1 of 1
# Warmup Iteration   1: 145.770 ops/ms
# Warmup Iteration   2: 172.205 ops/ms
# Warmup Iteration   3: 172.007 ops/ms
# Warmup Iteration   4: 174.509 ops/ms
Iteration   1: 174.293 ops/ms
Iteration   2: 174.617 ops/ms
Iteration   3: 173.766 ops/ms
Iteration   4: 174.090 ops/ms
Iteration   5: 174.366 ops/ms


Result "bench9.MapKey7880.beanKeysFiltered":
  174.226 ±(99.9%) 1.229 ops/ms [Average]
  (min, avg, max) = (173.766, 174.226, 174.617), stdev = 0.319
  CI (99.9%): [172.997, 175.455] (assumes normal distribution)


# JMH version: 1.37
# VM version: JDK 21.0.12, OpenJDK 64-Bit Server VM, 21.0.12+8-LTS
# VM invoker: <jdk21>/bin/java
# VM options: -Xms1g -Xmx1g
# Blackhole mode: compiler (auto-detected, use -Djmh.blackhole.autoDetect=false to disable)
# Warmup: 4 iterations, 1 s each
# Measurement: 5 iterations, 1 s each
# Timeout: 10 min per iteration
# Threads: 1 thread, will synchronize iterations
# Benchmark mode: Throughput, ops/time
# Benchmark: bench9.MapKey7880.dateKeysFiltered

# Run progress: 33.33% complete, ETA 00:00:18
# Fork: 1 of 1
# Warmup Iteration   1: 135.337 ops/ms
# Warmup Iteration   2: 161.421 ops/ms
# Warmup Iteration   3: 155.530 ops/ms
# Warmup Iteration   4: 155.389 ops/ms
Iteration   1: 155.412 ops/ms
Iteration   2: 155.448 ops/ms
Iteration   3: 155.470 ops/ms
Iteration   4: 155.651 ops/ms
Iteration   5: 155.220 ops/ms


Result "bench9.MapKey7880.dateKeysFiltered":
  155.440 ±(99.9%) 0.592 ops/ms [Average]
  (min, avg, max) = (155.220, 155.440, 155.651), stdev = 0.154
  CI (99.9%): [154.848, 156.032] (assumes normal distribution)


# JMH version: 1.37
# VM version: JDK 21.0.12, OpenJDK 64-Bit Server VM, 21.0.12+8-LTS
# VM invoker: <jdk21>/bin/java
# VM options: -Xms1g -Xmx1g
# Blackhole mode: compiler (auto-detected, use -Djmh.blackhole.autoDetect=false to disable)
# Warmup: 4 iterations, 1 s each
# Measurement: 5 iterations, 1 s each
# Timeout: 10 min per iteration
# Threads: 1 thread, will synchronize iterations
# Benchmark mode: Throughput, ops/time
# Benchmark: bench9.MapKeySorted7880.beanKeysFieldSorted

# Run progress: 66.67% complete, ETA 00:00:09
# Fork: 1 of 1
# Warmup Iteration   1: 162.503 ops/ms
# Warmup Iteration   2: 209.911 ops/ms
# Warmup Iteration   3: 221.159 ops/ms
# Warmup Iteration   4: 221.890 ops/ms
Iteration   1: 221.539 ops/ms
Iteration   2: 221.994 ops/ms
Iteration   3: 221.692 ops/ms
Iteration   4: 221.980 ops/ms
Iteration   5: 221.948 ops/ms


Result "bench9.MapKeySorted7880.beanKeysFieldSorted":
  221.831 ±(99.9%) 0.787 ops/ms [Average]
  (min, avg, max) = (221.539, 221.831, 221.994), stdev = 0.205
  CI (99.9%): [221.043, 222.618] (assumes normal distribution)


# Run complete. Total time: 00:00:27

REMEMBER: The numbers below are just data. To gain reusable insights, you need to follow up on
why the numbers are the way they are. Use profilers (see -prof, -lprof), design factorial
experiments, perform baseline and negative tests that provide experimental control, make sure
the benchmarking environment is safe on JVM/OS/HW level, ask for reviews from the domain experts.
Do not assume the numbers tell you what you want them to tell.

NOTE: Current JVM experimentally supports Compiler Blackholes, and they are in use. Please exercise
extra caution when trusting the results, look into the generated code to check the benchmark still
works, and factor in a small probability of new VM bugs. Additionally, while comparisons between
different JVMs are already problematic, the performance difference caused by different Blackhole
modes can be very significant. Please make sure you use the consistent Blackhole mode for comparisons.

Benchmark                              Mode  Cnt    Score   Error   Units
MapKey7880.beanKeysFiltered           thrpt    5  174.226 ± 1.229  ops/ms
MapKey7880.dateKeysFiltered           thrpt    5  155.440 ± 0.592  ops/ms
MapKeySorted7880.beanKeysFieldSorted  thrpt    5  221.831 ± 0.787  ops/ms

Benchmark result is saved to <work>/env/jmh/ab-r10k/dbg10-r2.json
