# JMH version: 1.37
# VM version: JDK 21.0.12, OpenJDK 64-Bit Server VM, 21.0.12+8-LTS
# VM invoker: <jdk21>/bin/java
# VM options: -Xms1g -Xmx1g
# Blackhole mode: compiler (auto-detected, use -Djmh.blackhole.autoDetect=false to disable)
# Warmup: 4 iterations, 1 s each
# Measurement: 5 iterations, 1 s each
# Timeout: 10 min per iteration
# Threads: 1 thread, will synchronize iterations
# Benchmark mode: Throughput, ops/time
# Benchmark: bench9.MapKey7880.beanKeysFiltered

# Run progress: 0.00% complete, ETA 00:00:27
# Fork: 1 of 1
# Warmup Iteration   1: 148.761 ops/ms
# Warmup Iteration   2: 174.740 ops/ms
# Warmup Iteration   3: 165.741 ops/ms
# Warmup Iteration   4: 166.164 ops/ms
Iteration   1: 165.899 ops/ms
Iteration   2: 165.105 ops/ms
Iteration   3: 165.258 ops/ms
Iteration   4: 165.178 ops/ms
Iteration   5: 165.664 ops/ms


Result "bench9.MapKey7880.beanKeysFiltered":
  165.421 ±(99.9%) 1.324 ops/ms [Average]
  (min, avg, max) = (165.105, 165.421, 165.899), stdev = 0.344
  CI (99.9%): [164.097, 166.744] (assumes normal distribution)


# JMH version: 1.37
# VM version: JDK 21.0.12, OpenJDK 64-Bit Server VM, 21.0.12+8-LTS
# VM invoker: <jdk21>/bin/java
# VM options: -Xms1g -Xmx1g
# Blackhole mode: compiler (auto-detected, use -Djmh.blackhole.autoDetect=false to disable)
# Warmup: 4 iterations, 1 s each
# Measurement: 5 iterations, 1 s each
# Timeout: 10 min per iteration
# Threads: 1 thread, will synchronize iterations
# Benchmark mode: Throughput, ops/time
# Benchmark: bench9.MapKey7880.dateKeysFiltered

# Run progress: 33.33% complete, ETA 00:00:18
# Fork: 1 of 1
# Warmup Iteration   1: 138.658 ops/ms
# Warmup Iteration   2: 162.163 ops/ms
# Warmup Iteration   3: 156.459 ops/ms
# Warmup Iteration   4: 156.374 ops/ms
Iteration   1: 156.430 ops/ms
Iteration   2: 156.331 ops/ms
Iteration   3: 156.407 ops/ms
Iteration   4: 156.257 ops/ms
Iteration   5: 156.425 ops/ms


Result "bench9.MapKey7880.dateKeysFiltered":
  156.370 ±(99.9%) 0.288 ops/ms [Average]
  (min, avg, max) = (156.257, 156.370, 156.430), stdev = 0.075
  CI (99.9%): [156.082, 156.657] (assumes normal distribution)


# JMH version: 1.37
# VM version: JDK 21.0.12, OpenJDK 64-Bit Server VM, 21.0.12+8-LTS
# VM invoker: <jdk21>/bin/java
# VM options: -Xms1g -Xmx1g
# Blackhole mode: compiler (auto-detected, use -Djmh.blackhole.autoDetect=false to disable)
# Warmup: 4 iterations, 1 s each
# Measurement: 5 iterations, 1 s each
# Timeout: 10 min per iteration
# Threads: 1 thread, will synchronize iterations
# Benchmark mode: Throughput, ops/time
# Benchmark: bench9.MapKeySorted7880.beanKeysFieldSorted

# Run progress: 66.67% complete, ETA 00:00:09
# Fork: 1 of 1
# Warmup Iteration   1: 168.610 ops/ms
# Warmup Iteration   2: 214.504 ops/ms
# Warmup Iteration   3: 221.046 ops/ms
# Warmup Iteration   4: 221.157 ops/ms
Iteration   1: 221.205 ops/ms
Iteration   2: 220.799 ops/ms
Iteration   3: 221.074 ops/ms
Iteration   4: 221.279 ops/ms
Iteration   5: 221.003 ops/ms


Result "bench9.MapKeySorted7880.beanKeysFieldSorted":
  221.072 ±(99.9%) 0.720 ops/ms [Average]
  (min, avg, max) = (220.799, 221.072, 221.279), stdev = 0.187
  CI (99.9%): [220.352, 221.792] (assumes normal distribution)


# Run complete. Total time: 00:00:27

REMEMBER: The numbers below are just data. To gain reusable insights, you need to follow up on
why the numbers are the way they are. Use profilers (see -prof, -lprof), design factorial
experiments, perform baseline and negative tests that provide experimental control, make sure
the benchmarking environment is safe on JVM/OS/HW level, ask for reviews from the domain experts.
Do not assume the numbers tell you what you want them to tell.

NOTE: Current JVM experimentally supports Compiler Blackholes, and they are in use. Please exercise
extra caution when trusting the results, look into the generated code to check the benchmark still
works, and factor in a small probability of new VM bugs. Additionally, while comparisons between
different JVMs are already problematic, the performance difference caused by different Blackhole
modes can be very significant. Please make sure you use the consistent Blackhole mode for comparisons.

Benchmark                              Mode  Cnt    Score   Error   Units
MapKey7880.beanKeysFiltered           thrpt    5  165.421 ± 1.324  ops/ms
MapKey7880.dateKeysFiltered           thrpt    5  156.370 ± 0.288  ops/ms
MapKeySorted7880.beanKeysFieldSorted  thrpt    5  221.072 ± 0.720  ops/ms

Benchmark result is saved to <work>/env/jmh/ab-r10k/fix10-r2.json
