# JMH version: 1.37
# VM version: JDK 21.0.12, OpenJDK 64-Bit Server VM, 21.0.12+8-LTS
# VM invoker: <jdk21>/bin/java
# VM options: -Xms1g -Xmx1g
# Blackhole mode: compiler (auto-detected, use -Djmh.blackhole.autoDetect=false to disable)
# Warmup: 4 iterations, 1 s each
# Measurement: 5 iterations, 1 s each
# Timeout: 10 min per iteration
# Threads: 1 thread, will synchronize iterations
# Benchmark mode: Throughput, ops/time
# Benchmark: bench9.MapKey7880.beanKeysFiltered

# Run progress: 0.00% complete, ETA 00:00:27
# Fork: 1 of 1
# Warmup Iteration   1: 145.433 ops/ms
# Warmup Iteration   2: 169.784 ops/ms
# Warmup Iteration   3: 167.928 ops/ms
# Warmup Iteration   4: 166.729 ops/ms
Iteration   1: 167.356 ops/ms
Iteration   2: 168.948 ops/ms
Iteration   3: 167.121 ops/ms
Iteration   4: 168.718 ops/ms
Iteration   5: 167.754 ops/ms


Result "bench9.MapKey7880.beanKeysFiltered":
  167.979 ±(99.9%) 3.140 ops/ms [Average]
  (min, avg, max) = (167.121, 167.979, 168.948), stdev = 0.816
  CI (99.9%): [164.839, 171.120] (assumes normal distribution)


# JMH version: 1.37
# VM version: JDK 21.0.12, OpenJDK 64-Bit Server VM, 21.0.12+8-LTS
# VM invoker: <jdk21>/bin/java
# VM options: -Xms1g -Xmx1g
# Blackhole mode: compiler (auto-detected, use -Djmh.blackhole.autoDetect=false to disable)
# Warmup: 4 iterations, 1 s each
# Measurement: 5 iterations, 1 s each
# Timeout: 10 min per iteration
# Threads: 1 thread, will synchronize iterations
# Benchmark mode: Throughput, ops/time
# Benchmark: bench9.MapKey7880.dateKeysFiltered

# Run progress: 33.33% complete, ETA 00:00:18
# Fork: 1 of 1
# Warmup Iteration   1: 136.610 ops/ms
# Warmup Iteration   2: 162.468 ops/ms
# Warmup Iteration   3: 156.946 ops/ms
# Warmup Iteration   4: 156.838 ops/ms
Iteration   1: 157.093 ops/ms
Iteration   2: 156.974 ops/ms
Iteration   3: 156.964 ops/ms
Iteration   4: 156.643 ops/ms
Iteration   5: 157.011 ops/ms


Result "bench9.MapKey7880.dateKeysFiltered":
  156.937 ±(99.9%) 0.661 ops/ms [Average]
  (min, avg, max) = (156.643, 156.937, 157.093), stdev = 0.172
  CI (99.9%): [156.276, 157.598] (assumes normal distribution)


# JMH version: 1.37
# VM version: JDK 21.0.12, OpenJDK 64-Bit Server VM, 21.0.12+8-LTS
# VM invoker: <jdk21>/bin/java
# VM options: -Xms1g -Xmx1g
# Blackhole mode: compiler (auto-detected, use -Djmh.blackhole.autoDetect=false to disable)
# Warmup: 4 iterations, 1 s each
# Measurement: 5 iterations, 1 s each
# Timeout: 10 min per iteration
# Threads: 1 thread, will synchronize iterations
# Benchmark mode: Throughput, ops/time
# Benchmark: bench9.MapKeySorted7880.beanKeysFieldSorted

# Run progress: 66.67% complete, ETA 00:00:09
# Fork: 1 of 1
# Warmup Iteration   1: 168.491 ops/ms
# Warmup Iteration   2: 217.057 ops/ms
# Warmup Iteration   3: 220.137 ops/ms
# Warmup Iteration   4: 219.775 ops/ms
Iteration   1: 220.050 ops/ms
Iteration   2: 219.937 ops/ms
Iteration   3: 220.014 ops/ms
Iteration   4: 219.968 ops/ms
Iteration   5: 220.175 ops/ms


Result "bench9.MapKeySorted7880.beanKeysFieldSorted":
  220.029 ±(99.9%) 0.355 ops/ms [Average]
  (min, avg, max) = (219.937, 220.029, 220.175), stdev = 0.092
  CI (99.9%): [219.673, 220.384] (assumes normal distribution)


# Run complete. Total time: 00:00:27

REMEMBER: The numbers below are just data. To gain reusable insights, you need to follow up on
why the numbers are the way they are. Use profilers (see -prof, -lprof), design factorial
experiments, perform baseline and negative tests that provide experimental control, make sure
the benchmarking environment is safe on JVM/OS/HW level, ask for reviews from the domain experts.
Do not assume the numbers tell you what you want them to tell.

NOTE: Current JVM experimentally supports Compiler Blackholes, and they are in use. Please exercise
extra caution when trusting the results, look into the generated code to check the benchmark still
works, and factor in a small probability of new VM bugs. Additionally, while comparisons between
different JVMs are already problematic, the performance difference caused by different Blackhole
modes can be very significant. Please make sure you use the consistent Blackhole mode for comparisons.

Benchmark                              Mode  Cnt    Score   Error   Units
MapKey7880.beanKeysFiltered           thrpt    5  167.979 ± 3.140  ops/ms
MapKey7880.dateKeysFiltered           thrpt    5  156.937 ± 0.661  ops/ms
MapKeySorted7880.beanKeysFieldSorted  thrpt    5  220.029 ± 0.355  ops/ms

Benchmark result is saved to <work>/env/jmh/ab-r10k/fix10-r1.json
