# JMH version: 1.37
# VM version: JDK 21.0.12, OpenJDK 64-Bit Server VM, 21.0.12+8-LTS
# VM invoker: <jdk21>/bin/java
# VM options: -Xms1g -Xmx1g
# Blackhole mode: compiler (auto-detected, use -Djmh.blackhole.autoDetect=false to disable)
# Warmup: 4 iterations, 1 s each
# Measurement: 5 iterations, 1 s each
# Timeout: 10 min per iteration
# Threads: 1 thread, will synchronize iterations
# Benchmark mode: Throughput, ops/time
# Benchmark: bench9.MapKey7880.beanKeysFiltered

# Run progress: 0.00% complete, ETA 00:00:27
# Fork: 1 of 1
# Warmup Iteration   1: 150.748 ops/ms
# Warmup Iteration   2: 175.531 ops/ms
# Warmup Iteration   3: 165.190 ops/ms
# Warmup Iteration   4: 164.458 ops/ms
Iteration   1: 165.367 ops/ms
Iteration   2: 164.877 ops/ms
Iteration   3: 164.941 ops/ms
Iteration   4: 164.408 ops/ms
Iteration   5: 164.966 ops/ms


Result "bench9.MapKey7880.beanKeysFiltered":
  164.912 ±(99.9%) 1.314 ops/ms [Average]
  (min, avg, max) = (164.408, 164.912, 165.367), stdev = 0.341
  CI (99.9%): [163.598, 166.226] (assumes normal distribution)


# JMH version: 1.37
# VM version: JDK 21.0.12, OpenJDK 64-Bit Server VM, 21.0.12+8-LTS
# VM invoker: <jdk21>/bin/java
# VM options: -Xms1g -Xmx1g
# Blackhole mode: compiler (auto-detected, use -Djmh.blackhole.autoDetect=false to disable)
# Warmup: 4 iterations, 1 s each
# Measurement: 5 iterations, 1 s each
# Timeout: 10 min per iteration
# Threads: 1 thread, will synchronize iterations
# Benchmark mode: Throughput, ops/time
# Benchmark: bench9.MapKey7880.dateKeysFiltered

# Run progress: 33.33% complete, ETA 00:00:18
# Fork: 1 of 1
# Warmup Iteration   1: 136.210 ops/ms
# Warmup Iteration   2: 162.347 ops/ms
# Warmup Iteration   3: 156.576 ops/ms
# Warmup Iteration   4: 156.714 ops/ms
Iteration   1: 156.389 ops/ms
Iteration   2: 156.461 ops/ms
Iteration   3: 156.605 ops/ms
Iteration   4: 156.712 ops/ms
Iteration   5: 156.815 ops/ms


Result "bench9.MapKey7880.dateKeysFiltered":
  156.596 ±(99.9%) 0.674 ops/ms [Average]
  (min, avg, max) = (156.389, 156.596, 156.815), stdev = 0.175
  CI (99.9%): [155.922, 157.271] (assumes normal distribution)


# JMH version: 1.37
# VM version: JDK 21.0.12, OpenJDK 64-Bit Server VM, 21.0.12+8-LTS
# VM invoker: <jdk21>/bin/java
# VM options: -Xms1g -Xmx1g
# Blackhole mode: compiler (auto-detected, use -Djmh.blackhole.autoDetect=false to disable)
# Warmup: 4 iterations, 1 s each
# Measurement: 5 iterations, 1 s each
# Timeout: 10 min per iteration
# Threads: 1 thread, will synchronize iterations
# Benchmark mode: Throughput, ops/time
# Benchmark: bench9.MapKeySorted7880.beanKeysFieldSorted

# Run progress: 66.67% complete, ETA 00:00:09
# Fork: 1 of 1
# Warmup Iteration   1: 164.717 ops/ms
# Warmup Iteration   2: 215.629 ops/ms
# Warmup Iteration   3: 222.188 ops/ms
# Warmup Iteration   4: 222.269 ops/ms
Iteration   1: 222.177 ops/ms
Iteration   2: 221.885 ops/ms
Iteration   3: 221.842 ops/ms
Iteration   4: 221.897 ops/ms
Iteration   5: 221.761 ops/ms


Result "bench9.MapKeySorted7880.beanKeysFieldSorted":
  221.912 ±(99.9%) 0.606 ops/ms [Average]
  (min, avg, max) = (221.761, 221.912, 222.177), stdev = 0.157
  CI (99.9%): [221.306, 222.518] (assumes normal distribution)


# Run complete. Total time: 00:00:27

REMEMBER: The numbers below are just data. To gain reusable insights, you need to follow up on
why the numbers are the way they are. Use profilers (see -prof, -lprof), design factorial
experiments, perform baseline and negative tests that provide experimental control, make sure
the benchmarking environment is safe on JVM/OS/HW level, ask for reviews from the domain experts.
Do not assume the numbers tell you what you want them to tell.

NOTE: Current JVM experimentally supports Compiler Blackholes, and they are in use. Please exercise
extra caution when trusting the results, look into the generated code to check the benchmark still
works, and factor in a small probability of new VM bugs. Additionally, while comparisons between
different JVMs are already problematic, the performance difference caused by different Blackhole
modes can be very significant. Please make sure you use the consistent Blackhole mode for comparisons.

Benchmark                              Mode  Cnt    Score   Error   Units
MapKey7880.beanKeysFiltered           thrpt    5  164.912 ± 1.314  ops/ms
MapKey7880.dateKeysFiltered           thrpt    5  156.596 ± 0.674  ops/ms
MapKeySorted7880.beanKeysFieldSorted  thrpt    5  221.912 ± 0.606  ops/ms

Benchmark result is saved to <work>/env/jmh/ab-r10k/fix10-r4.json
