# JMH version: 1.37
# VM version: JDK 21.0.12, OpenJDK 64-Bit Server VM, 21.0.12+8-LTS
# VM invoker: <jdk21>/bin/java
# VM options: -Xms1g -Xmx1g
# Blackhole mode: compiler (auto-detected, use -Djmh.blackhole.autoDetect=false to disable)
# Warmup: 4 iterations, 1 s each
# Measurement: 5 iterations, 1 s each
# Timeout: 10 min per iteration
# Threads: 1 thread, will synchronize iterations
# Benchmark mode: Throughput, ops/time
# Benchmark: bench9.MapKey7880.beanKeysFiltered

# Run progress: 0.00% complete, ETA 00:00:27
# Fork: 1 of 1
# Warmup Iteration   1: 148.736 ops/ms
# Warmup Iteration   2: 175.576 ops/ms
# Warmup Iteration   3: 165.328 ops/ms
# Warmup Iteration   4: 164.866 ops/ms
Iteration   1: 165.600 ops/ms
Iteration   2: 164.634 ops/ms
Iteration   3: 164.347 ops/ms
Iteration   4: 164.234 ops/ms
Iteration   5: 165.474 ops/ms


Result "bench9.MapKey7880.beanKeysFiltered":
  164.858 ±(99.9%) 2.459 ops/ms [Average]
  (min, avg, max) = (164.234, 164.858, 165.600), stdev = 0.639
  CI (99.9%): [162.399, 167.317] (assumes normal distribution)


# JMH version: 1.37
# VM version: JDK 21.0.12, OpenJDK 64-Bit Server VM, 21.0.12+8-LTS
# VM invoker: <jdk21>/bin/java
# VM options: -Xms1g -Xmx1g
# Blackhole mode: compiler (auto-detected, use -Djmh.blackhole.autoDetect=false to disable)
# Warmup: 4 iterations, 1 s each
# Measurement: 5 iterations, 1 s each
# Timeout: 10 min per iteration
# Threads: 1 thread, will synchronize iterations
# Benchmark mode: Throughput, ops/time
# Benchmark: bench9.MapKey7880.dateKeysFiltered

# Run progress: 33.33% complete, ETA 00:00:18
# Fork: 1 of 1
# Warmup Iteration   1: 136.086 ops/ms
# Warmup Iteration   2: 162.136 ops/ms
# Warmup Iteration   3: 156.432 ops/ms
# Warmup Iteration   4: 156.419 ops/ms
Iteration   1: 156.591 ops/ms
Iteration   2: 156.429 ops/ms
Iteration   3: 156.342 ops/ms
Iteration   4: 156.121 ops/ms
Iteration   5: 156.395 ops/ms


Result "bench9.MapKey7880.dateKeysFiltered":
  156.376 ±(99.9%) 0.655 ops/ms [Average]
  (min, avg, max) = (156.121, 156.376, 156.591), stdev = 0.170
  CI (99.9%): [155.721, 157.031] (assumes normal distribution)


# JMH version: 1.37
# VM version: JDK 21.0.12, OpenJDK 64-Bit Server VM, 21.0.12+8-LTS
# VM invoker: <jdk21>/bin/java
# VM options: -Xms1g -Xmx1g
# Blackhole mode: compiler (auto-detected, use -Djmh.blackhole.autoDetect=false to disable)
# Warmup: 4 iterations, 1 s each
# Measurement: 5 iterations, 1 s each
# Timeout: 10 min per iteration
# Threads: 1 thread, will synchronize iterations
# Benchmark mode: Throughput, ops/time
# Benchmark: bench9.MapKeySorted7880.beanKeysFieldSorted

# Run progress: 66.67% complete, ETA 00:00:09
# Fork: 1 of 1
# Warmup Iteration   1: 160.382 ops/ms
# Warmup Iteration   2: 203.446 ops/ms
# Warmup Iteration   3: 217.797 ops/ms
# Warmup Iteration   4: 217.984 ops/ms
Iteration   1: 217.786 ops/ms
Iteration   2: 217.889 ops/ms
Iteration   3: 217.511 ops/ms
Iteration   4: 217.733 ops/ms
Iteration   5: 217.982 ops/ms


Result "bench9.MapKeySorted7880.beanKeysFieldSorted":
  217.780 ±(99.9%) 0.686 ops/ms [Average]
  (min, avg, max) = (217.511, 217.780, 217.982), stdev = 0.178
  CI (99.9%): [217.094, 218.466] (assumes normal distribution)


# Run complete. Total time: 00:00:27

REMEMBER: The numbers below are just data. To gain reusable insights, you need to follow up on
why the numbers are the way they are. Use profilers (see -prof, -lprof), design factorial
experiments, perform baseline and negative tests that provide experimental control, make sure
the benchmarking environment is safe on JVM/OS/HW level, ask for reviews from the domain experts.
Do not assume the numbers tell you what you want them to tell.

NOTE: Current JVM experimentally supports Compiler Blackholes, and they are in use. Please exercise
extra caution when trusting the results, look into the generated code to check the benchmark still
works, and factor in a small probability of new VM bugs. Additionally, while comparisons between
different JVMs are already problematic, the performance difference caused by different Blackhole
modes can be very significant. Please make sure you use the consistent Blackhole mode for comparisons.

Benchmark                              Mode  Cnt    Score   Error   Units
MapKey7880.beanKeysFiltered           thrpt    5  164.858 ± 2.459  ops/ms
MapKey7880.dateKeysFiltered           thrpt    5  156.376 ± 0.655  ops/ms
MapKeySorted7880.beanKeysFieldSorted  thrpt    5  217.780 ± 0.686  ops/ms

Benchmark result is saved to <work>/env/jmh/ab-r10k/v10-r4.json
