# JMH version: 1.37
# VM version: JDK 21.0.12, OpenJDK 64-Bit Server VM, 21.0.12+8-LTS
# VM invoker: <jdk21>/bin/java
# VM options: -Xms1g -Xmx1g
# Blackhole mode: compiler (auto-detected, use -Djmh.blackhole.autoDetect=false to disable)
# Warmup: 4 iterations, 1 s each
# Measurement: 5 iterations, 1 s each
# Timeout: 10 min per iteration
# Threads: 1 thread, will synchronize iterations
# Benchmark mode: Throughput, ops/time
# Benchmark: bench9.MapKey7880.beanKeysFiltered

# Run progress: 0.00% complete, ETA 00:00:27
# Fork: 1 of 1
# Warmup Iteration   1: 149.889 ops/ms
# Warmup Iteration   2: 172.620 ops/ms
# Warmup Iteration   3: 165.614 ops/ms
# Warmup Iteration   4: 164.188 ops/ms
Iteration   1: 163.557 ops/ms
Iteration   2: 163.538 ops/ms
Iteration   3: 163.980 ops/ms
Iteration   4: 164.021 ops/ms
Iteration   5: 162.708 ops/ms


Result "bench9.MapKey7880.beanKeysFiltered":
  163.561 ±(99.9%) 2.034 ops/ms [Average]
  (min, avg, max) = (162.708, 163.561, 164.021), stdev = 0.528
  CI (99.9%): [161.526, 165.595] (assumes normal distribution)


# JMH version: 1.37
# VM version: JDK 21.0.12, OpenJDK 64-Bit Server VM, 21.0.12+8-LTS
# VM invoker: <jdk21>/bin/java
# VM options: -Xms1g -Xmx1g
# Blackhole mode: compiler (auto-detected, use -Djmh.blackhole.autoDetect=false to disable)
# Warmup: 4 iterations, 1 s each
# Measurement: 5 iterations, 1 s each
# Timeout: 10 min per iteration
# Threads: 1 thread, will synchronize iterations
# Benchmark mode: Throughput, ops/time
# Benchmark: bench9.MapKey7880.dateKeysFiltered

# Run progress: 33.33% complete, ETA 00:00:18
# Fork: 1 of 1
# Warmup Iteration   1: 137.141 ops/ms
# Warmup Iteration   2: 162.505 ops/ms
# Warmup Iteration   3: 156.954 ops/ms
# Warmup Iteration   4: 156.898 ops/ms
Iteration   1: 156.446 ops/ms
Iteration   2: 156.309 ops/ms
Iteration   3: 156.915 ops/ms
Iteration   4: 157.307 ops/ms
Iteration   5: 157.180 ops/ms


Result "bench9.MapKey7880.dateKeysFiltered":
  156.831 ±(99.9%) 1.696 ops/ms [Average]
  (min, avg, max) = (156.309, 156.831, 157.307), stdev = 0.440
  CI (99.9%): [155.135, 158.527] (assumes normal distribution)


# JMH version: 1.37
# VM version: JDK 21.0.12, OpenJDK 64-Bit Server VM, 21.0.12+8-LTS
# VM invoker: <jdk21>/bin/java
# VM options: -Xms1g -Xmx1g
# Blackhole mode: compiler (auto-detected, use -Djmh.blackhole.autoDetect=false to disable)
# Warmup: 4 iterations, 1 s each
# Measurement: 5 iterations, 1 s each
# Timeout: 10 min per iteration
# Threads: 1 thread, will synchronize iterations
# Benchmark mode: Throughput, ops/time
# Benchmark: bench9.MapKeySorted7880.beanKeysFieldSorted

# Run progress: 66.67% complete, ETA 00:00:09
# Fork: 1 of 1
# Warmup Iteration   1: 156.888 ops/ms
# Warmup Iteration   2: 205.073 ops/ms
# Warmup Iteration   3: 216.532 ops/ms
# Warmup Iteration   4: 216.885 ops/ms
Iteration   1: 216.773 ops/ms
Iteration   2: 216.900 ops/ms
Iteration   3: 216.848 ops/ms
Iteration   4: 216.870 ops/ms
Iteration   5: 216.664 ops/ms


Result "bench9.MapKeySorted7880.beanKeysFieldSorted":
  216.811 ±(99.9%) 0.365 ops/ms [Average]
  (min, avg, max) = (216.664, 216.811, 216.900), stdev = 0.095
  CI (99.9%): [216.446, 217.176] (assumes normal distribution)


# Run complete. Total time: 00:00:27

REMEMBER: The numbers below are just data. To gain reusable insights, you need to follow up on
why the numbers are the way they are. Use profilers (see -prof, -lprof), design factorial
experiments, perform baseline and negative tests that provide experimental control, make sure
the benchmarking environment is safe on JVM/OS/HW level, ask for reviews from the domain experts.
Do not assume the numbers tell you what you want them to tell.

NOTE: Current JVM experimentally supports Compiler Blackholes, and they are in use. Please exercise
extra caution when trusting the results, look into the generated code to check the benchmark still
works, and factor in a small probability of new VM bugs. Additionally, while comparisons between
different JVMs are already problematic, the performance difference caused by different Blackhole
modes can be very significant. Please make sure you use the consistent Blackhole mode for comparisons.

Benchmark                              Mode  Cnt    Score   Error   Units
MapKey7880.beanKeysFiltered           thrpt    5  163.561 ± 2.034  ops/ms
MapKey7880.dateKeysFiltered           thrpt    5  156.831 ± 1.696  ops/ms
MapKeySorted7880.beanKeysFieldSorted  thrpt    5  216.811 ± 0.365  ops/ms

Benchmark result is saved to <work>/env/jmh/ab-r10k/v10-r1.json
