# JMH version: 1.37
# VM version: JDK 21.0.12, OpenJDK 64-Bit Server VM, 21.0.12+8-LTS
# VM invoker: <jdk21>/bin/java
# VM options: -Xms1g -Xmx1g
# Blackhole mode: compiler (auto-detected, use -Djmh.blackhole.autoDetect=false to disable)
# Warmup: 4 iterations, 1 s each
# Measurement: 5 iterations, 1 s each
# Timeout: 10 min per iteration
# Threads: 1 thread, will synchronize iterations
# Benchmark mode: Throughput, ops/time
# Benchmark: bench9.MapKey7880.beanKeysFiltered

# Run progress: 0.00% complete, ETA 00:00:27
# Fork: 1 of 1
# Warmup Iteration   1: 149.971 ops/ms
# Warmup Iteration   2: 172.373 ops/ms
# Warmup Iteration   3: 167.906 ops/ms
# Warmup Iteration   4: 168.634 ops/ms
Iteration   1: 168.329 ops/ms
Iteration   2: 168.317 ops/ms
Iteration   3: 168.636 ops/ms
Iteration   4: 168.715 ops/ms
Iteration   5: 168.791 ops/ms


Result "bench9.MapKey7880.beanKeysFiltered":
  168.558 ±(99.9%) 0.852 ops/ms [Average]
  (min, avg, max) = (168.317, 168.558, 168.791), stdev = 0.221
  CI (99.9%): [167.705, 169.410] (assumes normal distribution)


# JMH version: 1.37
# VM version: JDK 21.0.12, OpenJDK 64-Bit Server VM, 21.0.12+8-LTS
# VM invoker: <jdk21>/bin/java
# VM options: -Xms1g -Xmx1g
# Blackhole mode: compiler (auto-detected, use -Djmh.blackhole.autoDetect=false to disable)
# Warmup: 4 iterations, 1 s each
# Measurement: 5 iterations, 1 s each
# Timeout: 10 min per iteration
# Threads: 1 thread, will synchronize iterations
# Benchmark mode: Throughput, ops/time
# Benchmark: bench9.MapKey7880.dateKeysFiltered

# Run progress: 33.33% complete, ETA 00:00:18
# Fork: 1 of 1
# Warmup Iteration   1: 139.431 ops/ms
# Warmup Iteration   2: 161.601 ops/ms
# Warmup Iteration   3: 156.624 ops/ms
# Warmup Iteration   4: 156.709 ops/ms
Iteration   1: 156.900 ops/ms
Iteration   2: 156.615 ops/ms
Iteration   3: 156.632 ops/ms
Iteration   4: 156.409 ops/ms
Iteration   5: 156.858 ops/ms


Result "bench9.MapKey7880.dateKeysFiltered":
  156.683 ±(99.9%) 0.770 ops/ms [Average]
  (min, avg, max) = (156.409, 156.683, 156.900), stdev = 0.200
  CI (99.9%): [155.913, 157.453] (assumes normal distribution)


# JMH version: 1.37
# VM version: JDK 21.0.12, OpenJDK 64-Bit Server VM, 21.0.12+8-LTS
# VM invoker: <jdk21>/bin/java
# VM options: -Xms1g -Xmx1g
# Blackhole mode: compiler (auto-detected, use -Djmh.blackhole.autoDetect=false to disable)
# Warmup: 4 iterations, 1 s each
# Measurement: 5 iterations, 1 s each
# Timeout: 10 min per iteration
# Threads: 1 thread, will synchronize iterations
# Benchmark mode: Throughput, ops/time
# Benchmark: bench9.MapKeySorted7880.beanKeysFieldSorted

# Run progress: 66.67% complete, ETA 00:00:09
# Fork: 1 of 1
# Warmup Iteration   1: 159.759 ops/ms
# Warmup Iteration   2: 203.483 ops/ms
# Warmup Iteration   3: 217.844 ops/ms
# Warmup Iteration   4: 218.187 ops/ms
Iteration   1: 217.809 ops/ms
Iteration   2: 217.780 ops/ms
Iteration   3: 217.804 ops/ms
Iteration   4: 218.137 ops/ms
Iteration   5: 218.072 ops/ms


Result "bench9.MapKeySorted7880.beanKeysFieldSorted":
  217.920 ±(99.9%) 0.655 ops/ms [Average]
  (min, avg, max) = (217.780, 217.920, 218.137), stdev = 0.170
  CI (99.9%): [217.266, 218.575] (assumes normal distribution)


# Run complete. Total time: 00:00:27

REMEMBER: The numbers below are just data. To gain reusable insights, you need to follow up on
why the numbers are the way they are. Use profilers (see -prof, -lprof), design factorial
experiments, perform baseline and negative tests that provide experimental control, make sure
the benchmarking environment is safe on JVM/OS/HW level, ask for reviews from the domain experts.
Do not assume the numbers tell you what you want them to tell.

NOTE: Current JVM experimentally supports Compiler Blackholes, and they are in use. Please exercise
extra caution when trusting the results, look into the generated code to check the benchmark still
works, and factor in a small probability of new VM bugs. Additionally, while comparisons between
different JVMs are already problematic, the performance difference caused by different Blackhole
modes can be very significant. Please make sure you use the consistent Blackhole mode for comparisons.

Benchmark                              Mode  Cnt    Score   Error   Units
MapKey7880.beanKeysFiltered           thrpt    5  168.558 ± 0.852  ops/ms
MapKey7880.dateKeysFiltered           thrpt    5  156.683 ± 0.770  ops/ms
MapKeySorted7880.beanKeysFieldSorted  thrpt    5  217.920 ± 0.655  ops/ms

Benchmark result is saved to <work>/env/jmh/ab-r10k/v10-r2.json
