# JMH version: 1.37
# VM version: JDK 21.0.12, OpenJDK 64-Bit Server VM, 21.0.12+8-LTS
# VM invoker: <jdk21>/bin/java
# VM options: -Xms1g -Xmx1g
# Blackhole mode: compiler (auto-detected, use -Djmh.blackhole.autoDetect=false to disable)
# Warmup: 4 iterations, 1 s each
# Measurement: 5 iterations, 1 s each
# Timeout: 10 min per iteration
# Threads: 1 thread, will synchronize iterations
# Benchmark mode: Throughput, ops/time
# Benchmark: bench.Bench7880.parseJSONObject40

# Run progress: 0.00% complete, ETA 00:02:24
# Fork: 1 of 1
# Warmup Iteration   1: 393.969 ops/ms
# Warmup Iteration   2: 467.250 ops/ms
# Warmup Iteration   3: 471.498 ops/ms
# Warmup Iteration   4: 470.955 ops/ms
Iteration   1: 473.686 ops/ms
Iteration   2: 472.624 ops/ms
Iteration   3: 472.795 ops/ms
Iteration   4: 473.667 ops/ms
Iteration   5: 472.957 ops/ms


Result "bench.Bench7880.parseJSONObject40":
  473.146 ±(99.9%) 1.920 ops/ms [Average]
  (min, avg, max) = (472.624, 473.146, 473.686), stdev = 0.499
  CI (99.9%): [471.226, 475.065] (assumes normal distribution)


# JMH version: 1.37
# VM version: JDK 21.0.12, OpenJDK 64-Bit Server VM, 21.0.12+8-LTS
# VM invoker: <jdk21>/bin/java
# VM options: -Xms1g -Xmx1g
# Blackhole mode: compiler (auto-detected, use -Djmh.blackhole.autoDetect=false to disable)
# Warmup: 4 iterations, 1 s each
# Measurement: 5 iterations, 1 s each
# Timeout: 10 min per iteration
# Threads: 1 thread, will synchronize iterations
# Benchmark mode: Throughput, ops/time
# Benchmark: bench.Bench7880.parseList100Objects

# Run progress: 6.25% complete, ETA 00:02:20
# Fork: 1 of 1
# Warmup Iteration   1: 61.431 ops/ms
# Warmup Iteration   2: 70.925 ops/ms
# Warmup Iteration   3: 71.013 ops/ms
# Warmup Iteration   4: 71.400 ops/ms
Iteration   1: 71.299 ops/ms
Iteration   2: 71.365 ops/ms
Iteration   3: 71.284 ops/ms
Iteration   4: 71.301 ops/ms
Iteration   5: 71.350 ops/ms


Result "bench.Bench7880.parseList100Objects":
  71.320 ±(99.9%) 0.137 ops/ms [Average]
  (min, avg, max) = (71.284, 71.320, 71.365), stdev = 0.036
  CI (99.9%): [71.183, 71.457] (assumes normal distribution)


# JMH version: 1.37
# VM version: JDK 21.0.12, OpenJDK 64-Bit Server VM, 21.0.12+8-LTS
# VM invoker: <jdk21>/bin/java
# VM options: -Xms1g -Xmx1g
# Blackhole mode: compiler (auto-detected, use -Djmh.blackhole.autoDetect=false to disable)
# Warmup: 4 iterations, 1 s each
# Measurement: 5 iterations, 1 s each
# Timeout: 10 min per iteration
# Threads: 1 thread, will synchronize iterations
# Benchmark mode: Throughput, ops/time
# Benchmark: bench.Bench7880.parseMapStringInteger64

# Run progress: 12.50% complete, ETA 00:02:10
# Fork: 1 of 1
# Warmup Iteration   1: 461.532 ops/ms
# Warmup Iteration   2: 524.449 ops/ms
# Warmup Iteration   3: 525.436 ops/ms
# Warmup Iteration   4: 527.219 ops/ms
Iteration   1: 528.911 ops/ms
Iteration   2: 527.991 ops/ms
Iteration   3: 526.811 ops/ms
Iteration   4: 527.873 ops/ms
Iteration   5: 527.880 ops/ms


Result "bench.Bench7880.parseMapStringInteger64":
  527.893 ±(99.9%) 2.866 ops/ms [Average]
  (min, avg, max) = (526.811, 527.893, 528.911), stdev = 0.744
  CI (99.9%): [525.027, 530.759] (assumes normal distribution)


# JMH version: 1.37
# VM version: JDK 21.0.12, OpenJDK 64-Bit Server VM, 21.0.12+8-LTS
# VM invoker: <jdk21>/bin/java
# VM options: -Xms1g -Xmx1g
# Blackhole mode: compiler (auto-detected, use -Djmh.blackhole.autoDetect=false to disable)
# Warmup: 4 iterations, 1 s each
# Measurement: 5 iterations, 1 s each
# Timeout: 10 min per iteration
# Threads: 1 thread, will synchronize iterations
# Benchmark mode: Throughput, ops/time
# Benchmark: bench.Bench7880.parseMediaContentBean

# Run progress: 18.75% complete, ETA 00:02:01
# Fork: 1 of 1
# Warmup Iteration   1: 2573.819 ops/ms
# Warmup Iteration   2: 3100.645 ops/ms
# Warmup Iteration   3: 3103.661 ops/ms
# Warmup Iteration   4: 3095.166 ops/ms
Iteration   1: 3109.069 ops/ms
Iteration   2: 3101.281 ops/ms
Iteration   3: 3102.486 ops/ms
Iteration   4: 3100.464 ops/ms
Iteration   5: 3111.095 ops/ms


Result "bench.Bench7880.parseMediaContentBean":
  3104.879 ±(99.9%) 18.702 ops/ms [Average]
  (min, avg, max) = (3100.464, 3104.879, 3111.095), stdev = 4.857
  CI (99.9%): [3086.177, 3123.581] (assumes normal distribution)


# JMH version: 1.37
# VM version: JDK 21.0.12, OpenJDK 64-Bit Server VM, 21.0.12+8-LTS
# VM invoker: <jdk21>/bin/java
# VM options: -Xms1g -Xmx1g
# Blackhole mode: compiler (auto-detected, use -Djmh.blackhole.autoDetect=false to disable)
# Warmup: 4 iterations, 1 s each
# Measurement: 5 iterations, 1 s each
# Timeout: 10 min per iteration
# Threads: 1 thread, will synchronize iterations
# Benchmark mode: Throughput, ops/time
# Benchmark: bench.Bench7880.treeFromBasket100

# Run progress: 25.00% complete, ETA 00:01:51
# Fork: 1 of 1
# Warmup Iteration   1: 92.864 ops/ms
# Warmup Iteration   2: 112.576 ops/ms
# Warmup Iteration   3: 113.479 ops/ms
# Warmup Iteration   4: 114.182 ops/ms
Iteration   1: 114.403 ops/ms
Iteration   2: 114.430 ops/ms
Iteration   3: 114.090 ops/ms
Iteration   4: 114.150 ops/ms
Iteration   5: 114.301 ops/ms


Result "bench.Bench7880.treeFromBasket100":
  114.275 ±(99.9%) 0.580 ops/ms [Average]
  (min, avg, max) = (114.090, 114.275, 114.430), stdev = 0.151
  CI (99.9%): [113.694, 114.855] (assumes normal distribution)


# JMH version: 1.37
# VM version: JDK 21.0.12, OpenJDK 64-Bit Server VM, 21.0.12+8-LTS
# VM invoker: <jdk21>/bin/java
# VM options: -Xms1g -Xmx1g
# Blackhole mode: compiler (auto-detected, use -Djmh.blackhole.autoDetect=false to disable)
# Warmup: 4 iterations, 1 s each
# Measurement: 5 iterations, 1 s each
# Timeout: 10 min per iteration
# Threads: 1 thread, will synchronize iterations
# Benchmark mode: Throughput, ops/time
# Benchmark: bench.Bench7880.treeFromMediaContent

# Run progress: 31.25% complete, ETA 00:01:42
# Fork: 1 of 1
# Warmup Iteration   1: 1578.423 ops/ms
# Warmup Iteration   2: 2001.118 ops/ms
# Warmup Iteration   3: 2015.870 ops/ms
# Warmup Iteration   4: 2018.411 ops/ms
Iteration   1: 2006.814 ops/ms
Iteration   2: 1972.488 ops/ms
Iteration   3: 2027.269 ops/ms
Iteration   4: 2022.060 ops/ms
Iteration   5: 1960.654 ops/ms


Result "bench.Bench7880.treeFromMediaContent":
  1997.857 ±(99.9%) 114.856 ops/ms [Average]
  (min, avg, max) = (1960.654, 1997.857, 2027.269), stdev = 29.828
  CI (99.9%): [1883.001, 2112.713] (assumes normal distribution)


# JMH version: 1.37
# VM version: JDK 21.0.12, OpenJDK 64-Bit Server VM, 21.0.12+8-LTS
# VM invoker: <jdk21>/bin/java
# VM options: -Xms1g -Xmx1g
# Blackhole mode: compiler (auto-detected, use -Djmh.blackhole.autoDetect=false to disable)
# Warmup: 4 iterations, 1 s each
# Measurement: 5 iterations, 1 s each
# Timeout: 10 min per iteration
# Threads: 1 thread, will synchronize iterations
# Benchmark mode: Throughput, ops/time
# Benchmark: bench.Bench7880.writeBasketArr100

# Run progress: 37.50% complete, ETA 00:01:33
# Fork: 1 of 1
# Warmup Iteration   1: 139.678 ops/ms
# Warmup Iteration   2: 158.602 ops/ms
# Warmup Iteration   3: 158.587 ops/ms
# Warmup Iteration   4: 159.096 ops/ms
Iteration   1: 158.941 ops/ms
Iteration   2: 158.964 ops/ms
Iteration   3: 159.502 ops/ms
Iteration   4: 159.573 ops/ms
Iteration   5: 159.612 ops/ms


Result "bench.Bench7880.writeBasketArr100":
  159.319 ±(99.9%) 1.296 ops/ms [Average]
  (min, avg, max) = (158.941, 159.319, 159.612), stdev = 0.337
  CI (99.9%): [158.022, 160.615] (assumes normal distribution)


# JMH version: 1.37
# VM version: JDK 21.0.12, OpenJDK 64-Bit Server VM, 21.0.12+8-LTS
# VM invoker: <jdk21>/bin/java
# VM options: -Xms1g -Xmx1g
# Blackhole mode: compiler (auto-detected, use -Djmh.blackhole.autoDetect=false to disable)
# Warmup: 4 iterations, 1 s each
# Measurement: 5 iterations, 1 s each
# Timeout: 10 min per iteration
# Threads: 1 thread, will synchronize iterations
# Benchmark mode: Throughput, ops/time
# Benchmark: bench.Bench7880.writeBasketArr100JSONB

# Run progress: 43.75% complete, ETA 00:01:23
# Fork: 1 of 1
# Warmup Iteration   1: 566.916 ops/ms
# Warmup Iteration   2: 609.320 ops/ms
# Warmup Iteration   3: 606.959 ops/ms
# Warmup Iteration   4: 600.604 ops/ms
Iteration   1: 600.051 ops/ms
Iteration   2: 601.795 ops/ms
Iteration   3: 609.861 ops/ms
Iteration   4: 606.930 ops/ms
Iteration   5: 605.730 ops/ms


Result "bench.Bench7880.writeBasketArr100JSONB":
  604.873 ±(99.9%) 15.230 ops/ms [Average]
  (min, avg, max) = (600.051, 604.873, 609.861), stdev = 3.955
  CI (99.9%): [589.643, 620.104] (assumes normal distribution)


# JMH version: 1.37
# VM version: JDK 21.0.12, OpenJDK 64-Bit Server VM, 21.0.12+8-LTS
# VM invoker: <jdk21>/bin/java
# VM options: -Xms1g -Xmx1g
# Blackhole mode: compiler (auto-detected, use -Djmh.blackhole.autoDetect=false to disable)
# Warmup: 4 iterations, 1 s each
# Measurement: 5 iterations, 1 s each
# Timeout: 10 min per iteration
# Threads: 1 thread, will synchronize iterations
# Benchmark mode: Throughput, ops/time
# Benchmark: bench.Bench7880.writeBasketArr100UTF8

# Run progress: 50.00% complete, ETA 00:01:14
# Fork: 1 of 1
# Warmup Iteration   1: 148.706 ops/ms
# Warmup Iteration   2: 166.380 ops/ms
# Warmup Iteration   3: 165.988 ops/ms
# Warmup Iteration   4: 165.845 ops/ms
Iteration   1: 167.090 ops/ms
Iteration   2: 165.618 ops/ms
Iteration   3: 165.641 ops/ms
Iteration   4: 165.747 ops/ms
Iteration   5: 165.565 ops/ms


Result "bench.Bench7880.writeBasketArr100UTF8":
  165.932 ±(99.9%) 2.505 ops/ms [Average]
  (min, avg, max) = (165.565, 165.932, 167.090), stdev = 0.650
  CI (99.9%): [163.428, 168.437] (assumes normal distribution)


# JMH version: 1.37
# VM version: JDK 21.0.12, OpenJDK 64-Bit Server VM, 21.0.12+8-LTS
# VM invoker: <jdk21>/bin/java
# VM options: -Xms1g -Xmx1g
# Blackhole mode: compiler (auto-detected, use -Djmh.blackhole.autoDetect=false to disable)
# Warmup: 4 iterations, 1 s each
# Measurement: 5 iterations, 1 s each
# Timeout: 10 min per iteration
# Threads: 1 thread, will synchronize iterations
# Benchmark mode: Throughput, ops/time
# Benchmark: bench.Bench7880.writeList100Beans

# Run progress: 56.25% complete, ETA 00:01:05
# Fork: 1 of 1
# Warmup Iteration   1: 136.944 ops/ms
# Warmup Iteration   2: 155.103 ops/ms
# Warmup Iteration   3: 155.517 ops/ms
# Warmup Iteration   4: 154.510 ops/ms
Iteration   1: 155.157 ops/ms
Iteration   2: 155.172 ops/ms
Iteration   3: 156.008 ops/ms
Iteration   4: 156.475 ops/ms
Iteration   5: 156.372 ops/ms


Result "bench.Bench7880.writeList100Beans":
  155.837 ±(99.9%) 2.455 ops/ms [Average]
  (min, avg, max) = (155.157, 155.837, 156.475), stdev = 0.638
  CI (99.9%): [153.381, 158.292] (assumes normal distribution)


# JMH version: 1.37
# VM version: JDK 21.0.12, OpenJDK 64-Bit Server VM, 21.0.12+8-LTS
# VM invoker: <jdk21>/bin/java
# VM options: -Xms1g -Xmx1g
# Blackhole mode: compiler (auto-detected, use -Djmh.blackhole.autoDetect=false to disable)
# Warmup: 4 iterations, 1 s each
# Measurement: 5 iterations, 1 s each
# Timeout: 10 min per iteration
# Threads: 1 thread, will synchronize iterations
# Benchmark mode: Throughput, ops/time
# Benchmark: bench.Bench7880.writeMap100Beans

# Run progress: 62.50% complete, ETA 00:00:55
# Fork: 1 of 1
# Warmup Iteration   1: 111.551 ops/ms
# Warmup Iteration   2: 130.526 ops/ms
# Warmup Iteration   3: 130.832 ops/ms
# Warmup Iteration   4: 130.994 ops/ms
Iteration   1: 130.169 ops/ms
Iteration   2: 130.693 ops/ms
Iteration   3: 130.595 ops/ms
Iteration   4: 131.308 ops/ms
Iteration   5: 131.155 ops/ms


Result "bench.Bench7880.writeMap100Beans":
  130.784 ±(99.9%) 1.759 ops/ms [Average]
  (min, avg, max) = (130.169, 130.784, 131.308), stdev = 0.457
  CI (99.9%): [129.025, 132.543] (assumes normal distribution)


# JMH version: 1.37
# VM version: JDK 21.0.12, OpenJDK 64-Bit Server VM, 21.0.12+8-LTS
# VM invoker: <jdk21>/bin/java
# VM options: -Xms1g -Xmx1g
# Blackhole mode: compiler (auto-detected, use -Djmh.blackhole.autoDetect=false to disable)
# Warmup: 4 iterations, 1 s each
# Measurement: 5 iterations, 1 s each
# Timeout: 10 min per iteration
# Threads: 1 thread, will synchronize iterations
# Benchmark mode: Throughput, ops/time
# Benchmark: bench.Bench7880.writeMediaContent

# Run progress: 68.75% complete, ETA 00:00:46
# Fork: 1 of 1
# Warmup Iteration   1: 2998.912 ops/ms
# Warmup Iteration   2: 3587.342 ops/ms
# Warmup Iteration   3: 3574.327 ops/ms
# Warmup Iteration   4: 3560.948 ops/ms
Iteration   1: 3551.069 ops/ms
Iteration   2: 3554.610 ops/ms
Iteration   3: 3553.461 ops/ms
Iteration   4: 3557.245 ops/ms
Iteration   5: 3558.413 ops/ms


Result "bench.Bench7880.writeMediaContent":
  3554.960 ±(99.9%) 11.334 ops/ms [Average]
  (min, avg, max) = (3551.069, 3554.960, 3558.413), stdev = 2.943
  CI (99.9%): [3543.626, 3566.294] (assumes normal distribution)


# JMH version: 1.37
# VM version: JDK 21.0.12, OpenJDK 64-Bit Server VM, 21.0.12+8-LTS
# VM invoker: <jdk21>/bin/java
# VM options: -Xms1g -Xmx1g
# Blackhole mode: compiler (auto-detected, use -Djmh.blackhole.autoDetect=false to disable)
# Warmup: 4 iterations, 1 s each
# Measurement: 5 iterations, 1 s each
# Timeout: 10 min per iteration
# Threads: 1 thread, will synchronize iterations
# Benchmark mode: Throughput, ops/time
# Benchmark: bench.Bench7880.writeMediaContentJSONB

# Run progress: 75.00% complete, ETA 00:00:37
# Fork: 1 of 1
# Warmup Iteration   1: 8456.623 ops/ms
# Warmup Iteration   2: 9613.216 ops/ms
# Warmup Iteration   3: 9480.240 ops/ms
# Warmup Iteration   4: 9323.753 ops/ms
Iteration   1: 9484.599 ops/ms
Iteration   2: 9486.927 ops/ms
Iteration   3: 9472.327 ops/ms
Iteration   4: 9495.570 ops/ms
Iteration   5: 9441.751 ops/ms


Result "bench.Bench7880.writeMediaContentJSONB":
  9476.235 ±(99.9%) 80.831 ops/ms [Average]
  (min, avg, max) = (9441.751, 9476.235, 9495.570), stdev = 20.991
  CI (99.9%): [9395.404, 9557.065] (assumes normal distribution)


# JMH version: 1.37
# VM version: JDK 21.0.12, OpenJDK 64-Bit Server VM, 21.0.12+8-LTS
# VM invoker: <jdk21>/bin/java
# VM options: -Xms1g -Xmx1g
# Blackhole mode: compiler (auto-detected, use -Djmh.blackhole.autoDetect=false to disable)
# Warmup: 4 iterations, 1 s each
# Measurement: 5 iterations, 1 s each
# Timeout: 10 min per iteration
# Threads: 1 thread, will synchronize iterations
# Benchmark mode: Throughput, ops/time
# Benchmark: bench.Bench7880.writeMediaContentUTF8

# Run progress: 81.25% complete, ETA 00:00:27
# Fork: 1 of 1
# Warmup Iteration   1: 3756.687 ops/ms
# Warmup Iteration   2: 4466.105 ops/ms
# Warmup Iteration   3: 4460.818 ops/ms
# Warmup Iteration   4: 4435.236 ops/ms
Iteration   1: 4431.802 ops/ms
Iteration   2: 4430.573 ops/ms
Iteration   3: 4438.707 ops/ms
Iteration   4: 4432.276 ops/ms
Iteration   5: 4434.425 ops/ms


Result "bench.Bench7880.writeMediaContentUTF8":
  4433.557 ±(99.9%) 12.313 ops/ms [Average]
  (min, avg, max) = (4430.573, 4433.557, 4438.707), stdev = 3.198
  CI (99.9%): [4421.243, 4445.870] (assumes normal distribution)


# JMH version: 1.37
# VM version: JDK 21.0.12, OpenJDK 64-Bit Server VM, 21.0.12+8-LTS
# VM invoker: <jdk21>/bin/java
# VM options: -Xms1g -Xmx1g
# Blackhole mode: compiler (auto-detected, use -Djmh.blackhole.autoDetect=false to disable)
# Warmup: 4 iterations, 1 s each
# Measurement: 5 iterations, 1 s each
# Timeout: 10 min per iteration
# Threads: 1 thread, will synchronize iterations
# Benchmark mode: Throughput, ops/time
# Benchmark: bench.Bench7880.writeOrderJSONB

# Run progress: 87.50% complete, ETA 00:00:18
# Fork: 1 of 1
# Warmup Iteration   1: 2407.641 ops/ms
# Warmup Iteration   2: 2732.928 ops/ms
# Warmup Iteration   3: 2747.516 ops/ms
# Warmup Iteration   4: 2741.397 ops/ms
Iteration   1: 2737.120 ops/ms
Iteration   2: 2735.682 ops/ms
Iteration   3: 2740.081 ops/ms
Iteration   4: 2739.265 ops/ms
Iteration   5: 2742.470 ops/ms


Result "bench.Bench7880.writeOrderJSONB":
  2738.923 ±(99.9%) 10.151 ops/ms [Average]
  (min, avg, max) = (2735.682, 2738.923, 2742.470), stdev = 2.636
  CI (99.9%): [2728.772, 2749.075] (assumes normal distribution)


# JMH version: 1.37
# VM version: JDK 21.0.12, OpenJDK 64-Bit Server VM, 21.0.12+8-LTS
# VM invoker: <jdk21>/bin/java
# VM options: -Xms1g -Xmx1g
# Blackhole mode: compiler (auto-detected, use -Djmh.blackhole.autoDetect=false to disable)
# Warmup: 4 iterations, 1 s each
# Measurement: 5 iterations, 1 s each
# Timeout: 10 min per iteration
# Threads: 1 thread, will synchronize iterations
# Benchmark mode: Throughput, ops/time
# Benchmark: bench.Bench7880.writeSet100Beans

# Run progress: 93.75% complete, ETA 00:00:09
# Fork: 1 of 1
# Warmup Iteration   1: 134.907 ops/ms
# Warmup Iteration   2: 153.413 ops/ms
# Warmup Iteration   3: 153.116 ops/ms
# Warmup Iteration   4: 153.275 ops/ms
Iteration   1: 153.548 ops/ms
Iteration   2: 153.429 ops/ms
Iteration   3: 154.209 ops/ms
Iteration   4: 154.162 ops/ms
Iteration   5: 154.308 ops/ms


Result "bench.Bench7880.writeSet100Beans":
  153.931 ±(99.9%) 1.578 ops/ms [Average]
  (min, avg, max) = (153.429, 153.931, 154.308), stdev = 0.410
  CI (99.9%): [152.353, 155.509] (assumes normal distribution)


# Run complete. Total time: 00:02:29

REMEMBER: The numbers below are just data. To gain reusable insights, you need to follow up on
why the numbers are the way they are. Use profilers (see -prof, -lprof), design factorial
experiments, perform baseline and negative tests that provide experimental control, make sure
the benchmarking environment is safe on JVM/OS/HW level, ask for reviews from the domain experts.
Do not assume the numbers tell you what you want them to tell.

NOTE: Current JVM experimentally supports Compiler Blackholes, and they are in use. Please exercise
extra caution when trusting the results, look into the generated code to check the benchmark still
works, and factor in a small probability of new VM bugs. Additionally, while comparisons between
different JVMs are already problematic, the performance difference caused by different Blackhole
modes can be very significant. Please make sure you use the consistent Blackhole mode for comparisons.

Benchmark                           Mode  Cnt     Score     Error   Units
Bench7880.parseJSONObject40        thrpt    5   473.146 ±   1.920  ops/ms
Bench7880.parseList100Objects      thrpt    5    71.320 ±   0.137  ops/ms
Bench7880.parseMapStringInteger64  thrpt    5   527.893 ±   2.866  ops/ms
Bench7880.parseMediaContentBean    thrpt    5  3104.879 ±  18.702  ops/ms
Bench7880.treeFromBasket100        thrpt    5   114.275 ±   0.580  ops/ms
Bench7880.treeFromMediaContent     thrpt    5  1997.857 ± 114.856  ops/ms
Bench7880.writeBasketArr100        thrpt    5   159.319 ±   1.296  ops/ms
Bench7880.writeBasketArr100JSONB   thrpt    5   604.873 ±  15.230  ops/ms
Bench7880.writeBasketArr100UTF8    thrpt    5   165.932 ±   2.505  ops/ms
Bench7880.writeList100Beans        thrpt    5   155.837 ±   2.455  ops/ms
Bench7880.writeMap100Beans         thrpt    5   130.784 ±   1.759  ops/ms
Bench7880.writeMediaContent        thrpt    5  3554.960 ±  11.334  ops/ms
Bench7880.writeMediaContentJSONB   thrpt    5  9476.235 ±  80.831  ops/ms
Bench7880.writeMediaContentUTF8    thrpt    5  4433.557 ±  12.313  ops/ms
Bench7880.writeOrderJSONB          thrpt    5  2738.923 ±  10.151  ops/ms
Bench7880.writeSet100Beans         thrpt    5   153.931 ±   1.578  ops/ms

Benchmark result is saved to <work>/env/jmh/ab-r7/main-r2.json
