# JMH version: 1.37
# VM version: JDK 21.0.12, OpenJDK 64-Bit Server VM, 21.0.12+8-LTS
# VM invoker: <jdk21>/bin/java
# VM options: -Xms1g -Xmx1g
# Blackhole mode: compiler (auto-detected, use -Djmh.blackhole.autoDetect=false to disable)
# Warmup: 4 iterations, 1 s each
# Measurement: 5 iterations, 1 s each
# Timeout: 10 min per iteration
# Threads: 1 thread, will synchronize iterations
# Benchmark mode: Throughput, ops/time
# Benchmark: bench.Bench7880.parseJSONObject40

# Run progress: 0.00% complete, ETA 00:02:24
# Fork: 1 of 1
# Warmup Iteration   1: 394.330 ops/ms
# Warmup Iteration   2: 463.300 ops/ms
# Warmup Iteration   3: 467.303 ops/ms
# Warmup Iteration   4: 469.131 ops/ms
Iteration   1: 469.600 ops/ms
Iteration   2: 469.690 ops/ms
Iteration   3: 469.373 ops/ms
Iteration   4: 469.887 ops/ms
Iteration   5: 470.164 ops/ms


Result "bench.Bench7880.parseJSONObject40":
  469.743 ±(99.9%) 1.153 ops/ms [Average]
  (min, avg, max) = (469.373, 469.743, 470.164), stdev = 0.299
  CI (99.9%): [468.590, 470.895] (assumes normal distribution)


# JMH version: 1.37
# VM version: JDK 21.0.12, OpenJDK 64-Bit Server VM, 21.0.12+8-LTS
# VM invoker: <jdk21>/bin/java
# VM options: -Xms1g -Xmx1g
# Blackhole mode: compiler (auto-detected, use -Djmh.blackhole.autoDetect=false to disable)
# Warmup: 4 iterations, 1 s each
# Measurement: 5 iterations, 1 s each
# Timeout: 10 min per iteration
# Threads: 1 thread, will synchronize iterations
# Benchmark mode: Throughput, ops/time
# Benchmark: bench.Bench7880.parseList100Objects

# Run progress: 6.25% complete, ETA 00:02:20
# Fork: 1 of 1
# Warmup Iteration   1: 61.745 ops/ms
# Warmup Iteration   2: 72.835 ops/ms
# Warmup Iteration   3: 73.020 ops/ms
# Warmup Iteration   4: 73.376 ops/ms
Iteration   1: 73.288 ops/ms
Iteration   2: 73.455 ops/ms
Iteration   3: 73.294 ops/ms
Iteration   4: 73.278 ops/ms
Iteration   5: 73.275 ops/ms


Result "bench.Bench7880.parseList100Objects":
  73.318 ±(99.9%) 0.296 ops/ms [Average]
  (min, avg, max) = (73.275, 73.318, 73.455), stdev = 0.077
  CI (99.9%): [73.022, 73.614] (assumes normal distribution)


# JMH version: 1.37
# VM version: JDK 21.0.12, OpenJDK 64-Bit Server VM, 21.0.12+8-LTS
# VM invoker: <jdk21>/bin/java
# VM options: -Xms1g -Xmx1g
# Blackhole mode: compiler (auto-detected, use -Djmh.blackhole.autoDetect=false to disable)
# Warmup: 4 iterations, 1 s each
# Measurement: 5 iterations, 1 s each
# Timeout: 10 min per iteration
# Threads: 1 thread, will synchronize iterations
# Benchmark mode: Throughput, ops/time
# Benchmark: bench.Bench7880.parseMapStringInteger64

# Run progress: 12.50% complete, ETA 00:02:10
# Fork: 1 of 1
# Warmup Iteration   1: 469.197 ops/ms
# Warmup Iteration   2: 533.682 ops/ms
# Warmup Iteration   3: 537.926 ops/ms
# Warmup Iteration   4: 539.949 ops/ms
Iteration   1: 540.739 ops/ms
Iteration   2: 541.306 ops/ms
Iteration   3: 540.082 ops/ms
Iteration   4: 540.693 ops/ms
Iteration   5: 540.373 ops/ms


Result "bench.Bench7880.parseMapStringInteger64":
  540.639 ±(99.9%) 1.763 ops/ms [Average]
  (min, avg, max) = (540.082, 540.639, 541.306), stdev = 0.458
  CI (99.9%): [538.875, 542.402] (assumes normal distribution)


# JMH version: 1.37
# VM version: JDK 21.0.12, OpenJDK 64-Bit Server VM, 21.0.12+8-LTS
# VM invoker: <jdk21>/bin/java
# VM options: -Xms1g -Xmx1g
# Blackhole mode: compiler (auto-detected, use -Djmh.blackhole.autoDetect=false to disable)
# Warmup: 4 iterations, 1 s each
# Measurement: 5 iterations, 1 s each
# Timeout: 10 min per iteration
# Threads: 1 thread, will synchronize iterations
# Benchmark mode: Throughput, ops/time
# Benchmark: bench.Bench7880.parseMediaContentBean

# Run progress: 18.75% complete, ETA 00:02:01
# Fork: 1 of 1
# Warmup Iteration   1: 2532.690 ops/ms
# Warmup Iteration   2: 3016.638 ops/ms
# Warmup Iteration   3: 3058.080 ops/ms
# Warmup Iteration   4: 3060.263 ops/ms
Iteration   1: 3065.138 ops/ms
Iteration   2: 3058.609 ops/ms
Iteration   3: 3062.706 ops/ms
Iteration   4: 3065.302 ops/ms
Iteration   5: 3053.557 ops/ms


Result "bench.Bench7880.parseMediaContentBean":
  3061.062 ±(99.9%) 19.219 ops/ms [Average]
  (min, avg, max) = (3053.557, 3061.062, 3065.302), stdev = 4.991
  CI (99.9%): [3041.843, 3080.282] (assumes normal distribution)


# JMH version: 1.37
# VM version: JDK 21.0.12, OpenJDK 64-Bit Server VM, 21.0.12+8-LTS
# VM invoker: <jdk21>/bin/java
# VM options: -Xms1g -Xmx1g
# Blackhole mode: compiler (auto-detected, use -Djmh.blackhole.autoDetect=false to disable)
# Warmup: 4 iterations, 1 s each
# Measurement: 5 iterations, 1 s each
# Timeout: 10 min per iteration
# Threads: 1 thread, will synchronize iterations
# Benchmark mode: Throughput, ops/time
# Benchmark: bench.Bench7880.treeFromBasket100

# Run progress: 25.00% complete, ETA 00:01:51
# Fork: 1 of 1
# Warmup Iteration   1: 93.818 ops/ms
# Warmup Iteration   2: 106.750 ops/ms
# Warmup Iteration   3: 107.723 ops/ms
# Warmup Iteration   4: 107.994 ops/ms
Iteration   1: 108.104 ops/ms
Iteration   2: 108.158 ops/ms
Iteration   3: 107.883 ops/ms
Iteration   4: 108.023 ops/ms
Iteration   5: 108.029 ops/ms


Result "bench.Bench7880.treeFromBasket100":
  108.039 ±(99.9%) 0.399 ops/ms [Average]
  (min, avg, max) = (107.883, 108.039, 108.158), stdev = 0.104
  CI (99.9%): [107.640, 108.439] (assumes normal distribution)


# JMH version: 1.37
# VM version: JDK 21.0.12, OpenJDK 64-Bit Server VM, 21.0.12+8-LTS
# VM invoker: <jdk21>/bin/java
# VM options: -Xms1g -Xmx1g
# Blackhole mode: compiler (auto-detected, use -Djmh.blackhole.autoDetect=false to disable)
# Warmup: 4 iterations, 1 s each
# Measurement: 5 iterations, 1 s each
# Timeout: 10 min per iteration
# Threads: 1 thread, will synchronize iterations
# Benchmark mode: Throughput, ops/time
# Benchmark: bench.Bench7880.treeFromMediaContent

# Run progress: 31.25% complete, ETA 00:01:42
# Fork: 1 of 1
# Warmup Iteration   1: 1581.622 ops/ms
# Warmup Iteration   2: 2015.776 ops/ms
# Warmup Iteration   3: 2039.421 ops/ms
# Warmup Iteration   4: 2038.124 ops/ms
Iteration   1: 2037.445 ops/ms
Iteration   2: 2039.023 ops/ms
Iteration   3: 2042.949 ops/ms
Iteration   4: 2040.948 ops/ms
Iteration   5: 2045.158 ops/ms


Result "bench.Bench7880.treeFromMediaContent":
  2041.105 ±(99.9%) 11.803 ops/ms [Average]
  (min, avg, max) = (2037.445, 2041.105, 2045.158), stdev = 3.065
  CI (99.9%): [2029.302, 2052.907] (assumes normal distribution)


# JMH version: 1.37
# VM version: JDK 21.0.12, OpenJDK 64-Bit Server VM, 21.0.12+8-LTS
# VM invoker: <jdk21>/bin/java
# VM options: -Xms1g -Xmx1g
# Blackhole mode: compiler (auto-detected, use -Djmh.blackhole.autoDetect=false to disable)
# Warmup: 4 iterations, 1 s each
# Measurement: 5 iterations, 1 s each
# Timeout: 10 min per iteration
# Threads: 1 thread, will synchronize iterations
# Benchmark mode: Throughput, ops/time
# Benchmark: bench.Bench7880.writeBasketArr100

# Run progress: 37.50% complete, ETA 00:01:33
# Fork: 1 of 1
# Warmup Iteration   1: 139.985 ops/ms
# Warmup Iteration   2: 159.448 ops/ms
# Warmup Iteration   3: 158.887 ops/ms
# Warmup Iteration   4: 159.731 ops/ms
Iteration   1: 159.548 ops/ms
Iteration   2: 159.525 ops/ms
Iteration   3: 160.012 ops/ms
Iteration   4: 159.811 ops/ms
Iteration   5: 159.909 ops/ms


Result "bench.Bench7880.writeBasketArr100":
  159.761 ±(99.9%) 0.836 ops/ms [Average]
  (min, avg, max) = (159.525, 159.761, 160.012), stdev = 0.217
  CI (99.9%): [158.925, 160.597] (assumes normal distribution)


# JMH version: 1.37
# VM version: JDK 21.0.12, OpenJDK 64-Bit Server VM, 21.0.12+8-LTS
# VM invoker: <jdk21>/bin/java
# VM options: -Xms1g -Xmx1g
# Blackhole mode: compiler (auto-detected, use -Djmh.blackhole.autoDetect=false to disable)
# Warmup: 4 iterations, 1 s each
# Measurement: 5 iterations, 1 s each
# Timeout: 10 min per iteration
# Threads: 1 thread, will synchronize iterations
# Benchmark mode: Throughput, ops/time
# Benchmark: bench.Bench7880.writeBasketArr100JSONB

# Run progress: 43.75% complete, ETA 00:01:23
# Fork: 1 of 1
# Warmup Iteration   1: 525.424 ops/ms
# Warmup Iteration   2: 565.749 ops/ms
# Warmup Iteration   3: 548.264 ops/ms
# Warmup Iteration   4: 549.102 ops/ms
Iteration   1: 549.593 ops/ms
Iteration   2: 549.488 ops/ms
Iteration   3: 551.329 ops/ms
Iteration   4: 550.829 ops/ms
Iteration   5: 552.447 ops/ms


Result "bench.Bench7880.writeBasketArr100JSONB":
  550.737 ±(99.9%) 4.775 ops/ms [Average]
  (min, avg, max) = (549.488, 550.737, 552.447), stdev = 1.240
  CI (99.9%): [545.962, 555.512] (assumes normal distribution)


# JMH version: 1.37
# VM version: JDK 21.0.12, OpenJDK 64-Bit Server VM, 21.0.12+8-LTS
# VM invoker: <jdk21>/bin/java
# VM options: -Xms1g -Xmx1g
# Blackhole mode: compiler (auto-detected, use -Djmh.blackhole.autoDetect=false to disable)
# Warmup: 4 iterations, 1 s each
# Measurement: 5 iterations, 1 s each
# Timeout: 10 min per iteration
# Threads: 1 thread, will synchronize iterations
# Benchmark mode: Throughput, ops/time
# Benchmark: bench.Bench7880.writeBasketArr100UTF8

# Run progress: 50.00% complete, ETA 00:01:14
# Fork: 1 of 1
# Warmup Iteration   1: 149.674 ops/ms
# Warmup Iteration   2: 167.180 ops/ms
# Warmup Iteration   3: 166.198 ops/ms
# Warmup Iteration   4: 166.675 ops/ms
Iteration   1: 167.282 ops/ms
Iteration   2: 163.556 ops/ms
Iteration   3: 162.506 ops/ms
Iteration   4: 162.524 ops/ms
Iteration   5: 161.756 ops/ms


Result "bench.Bench7880.writeBasketArr100UTF8":
  163.525 ±(99.9%) 8.454 ops/ms [Average]
  (min, avg, max) = (161.756, 163.525, 167.282), stdev = 2.195
  CI (99.9%): [155.071, 171.979] (assumes normal distribution)


# JMH version: 1.37
# VM version: JDK 21.0.12, OpenJDK 64-Bit Server VM, 21.0.12+8-LTS
# VM invoker: <jdk21>/bin/java
# VM options: -Xms1g -Xmx1g
# Blackhole mode: compiler (auto-detected, use -Djmh.blackhole.autoDetect=false to disable)
# Warmup: 4 iterations, 1 s each
# Measurement: 5 iterations, 1 s each
# Timeout: 10 min per iteration
# Threads: 1 thread, will synchronize iterations
# Benchmark mode: Throughput, ops/time
# Benchmark: bench.Bench7880.writeList100Beans

# Run progress: 56.25% complete, ETA 00:01:05
# Fork: 1 of 1
# Warmup Iteration   1: 139.942 ops/ms
# Warmup Iteration   2: 154.403 ops/ms
# Warmup Iteration   3: 155.437 ops/ms
# Warmup Iteration   4: 155.937 ops/ms
Iteration   1: 155.217 ops/ms
Iteration   2: 155.868 ops/ms
Iteration   3: 156.120 ops/ms
Iteration   4: 156.416 ops/ms
Iteration   5: 156.350 ops/ms


Result "bench.Bench7880.writeList100Beans":
  155.994 ±(99.9%) 1.866 ops/ms [Average]
  (min, avg, max) = (155.217, 155.994, 156.416), stdev = 0.485
  CI (99.9%): [154.128, 157.861] (assumes normal distribution)


# JMH version: 1.37
# VM version: JDK 21.0.12, OpenJDK 64-Bit Server VM, 21.0.12+8-LTS
# VM invoker: <jdk21>/bin/java
# VM options: -Xms1g -Xmx1g
# Blackhole mode: compiler (auto-detected, use -Djmh.blackhole.autoDetect=false to disable)
# Warmup: 4 iterations, 1 s each
# Measurement: 5 iterations, 1 s each
# Timeout: 10 min per iteration
# Threads: 1 thread, will synchronize iterations
# Benchmark mode: Throughput, ops/time
# Benchmark: bench.Bench7880.writeMap100Beans

# Run progress: 62.50% complete, ETA 00:00:55
# Fork: 1 of 1
# Warmup Iteration   1: 113.485 ops/ms
# Warmup Iteration   2: 130.871 ops/ms
# Warmup Iteration   3: 130.672 ops/ms
# Warmup Iteration   4: 130.147 ops/ms
Iteration   1: 131.054 ops/ms
Iteration   2: 130.979 ops/ms
Iteration   3: 130.757 ops/ms
Iteration   4: 131.413 ops/ms
Iteration   5: 131.432 ops/ms


Result "bench.Bench7880.writeMap100Beans":
  131.127 ±(99.9%) 1.122 ops/ms [Average]
  (min, avg, max) = (130.757, 131.127, 131.432), stdev = 0.291
  CI (99.9%): [130.005, 132.248] (assumes normal distribution)


# JMH version: 1.37
# VM version: JDK 21.0.12, OpenJDK 64-Bit Server VM, 21.0.12+8-LTS
# VM invoker: <jdk21>/bin/java
# VM options: -Xms1g -Xmx1g
# Blackhole mode: compiler (auto-detected, use -Djmh.blackhole.autoDetect=false to disable)
# Warmup: 4 iterations, 1 s each
# Measurement: 5 iterations, 1 s each
# Timeout: 10 min per iteration
# Threads: 1 thread, will synchronize iterations
# Benchmark mode: Throughput, ops/time
# Benchmark: bench.Bench7880.writeMediaContent

# Run progress: 68.75% complete, ETA 00:00:46
# Fork: 1 of 1
# Warmup Iteration   1: 2952.950 ops/ms
# Warmup Iteration   2: 3596.037 ops/ms
# Warmup Iteration   3: 3594.589 ops/ms
# Warmup Iteration   4: 3579.380 ops/ms
Iteration   1: 3571.075 ops/ms
Iteration   2: 3570.371 ops/ms
Iteration   3: 3569.240 ops/ms
Iteration   4: 3569.780 ops/ms
Iteration   5: 3570.551 ops/ms


Result "bench.Bench7880.writeMediaContent":
  3570.203 ±(99.9%) 2.734 ops/ms [Average]
  (min, avg, max) = (3569.240, 3570.203, 3571.075), stdev = 0.710
  CI (99.9%): [3567.470, 3572.937] (assumes normal distribution)


# JMH version: 1.37
# VM version: JDK 21.0.12, OpenJDK 64-Bit Server VM, 21.0.12+8-LTS
# VM invoker: <jdk21>/bin/java
# VM options: -Xms1g -Xmx1g
# Blackhole mode: compiler (auto-detected, use -Djmh.blackhole.autoDetect=false to disable)
# Warmup: 4 iterations, 1 s each
# Measurement: 5 iterations, 1 s each
# Timeout: 10 min per iteration
# Threads: 1 thread, will synchronize iterations
# Benchmark mode: Throughput, ops/time
# Benchmark: bench.Bench7880.writeMediaContentJSONB

# Run progress: 75.00% complete, ETA 00:00:37
# Fork: 1 of 1
# Warmup Iteration   1: 8400.925 ops/ms
# Warmup Iteration   2: 9529.213 ops/ms
# Warmup Iteration   3: 9497.785 ops/ms
# Warmup Iteration   4: 9498.566 ops/ms
Iteration   1: 9476.938 ops/ms
Iteration   2: 9505.722 ops/ms
Iteration   3: 9510.283 ops/ms
Iteration   4: 9484.933 ops/ms
Iteration   5: 9499.951 ops/ms


Result "bench.Bench7880.writeMediaContentJSONB":
  9495.566 ±(99.9%) 54.424 ops/ms [Average]
  (min, avg, max) = (9476.938, 9495.566, 9510.283), stdev = 14.134
  CI (99.9%): [9441.142, 9549.989] (assumes normal distribution)


# JMH version: 1.37
# VM version: JDK 21.0.12, OpenJDK 64-Bit Server VM, 21.0.12+8-LTS
# VM invoker: <jdk21>/bin/java
# VM options: -Xms1g -Xmx1g
# Blackhole mode: compiler (auto-detected, use -Djmh.blackhole.autoDetect=false to disable)
# Warmup: 4 iterations, 1 s each
# Measurement: 5 iterations, 1 s each
# Timeout: 10 min per iteration
# Threads: 1 thread, will synchronize iterations
# Benchmark mode: Throughput, ops/time
# Benchmark: bench.Bench7880.writeMediaContentUTF8

# Run progress: 81.25% complete, ETA 00:00:27
# Fork: 1 of 1
# Warmup Iteration   1: 3848.354 ops/ms
# Warmup Iteration   2: 4538.469 ops/ms
# Warmup Iteration   3: 4535.194 ops/ms
# Warmup Iteration   4: 4500.465 ops/ms
Iteration   1: 4504.494 ops/ms
Iteration   2: 4495.761 ops/ms
Iteration   3: 4502.648 ops/ms
Iteration   4: 4502.317 ops/ms
Iteration   5: 4506.317 ops/ms


Result "bench.Bench7880.writeMediaContentUTF8":
  4502.307 ±(99.9%) 15.381 ops/ms [Average]
  (min, avg, max) = (4495.761, 4502.307, 4506.317), stdev = 3.994
  CI (99.9%): [4486.927, 4517.688] (assumes normal distribution)


# JMH version: 1.37
# VM version: JDK 21.0.12, OpenJDK 64-Bit Server VM, 21.0.12+8-LTS
# VM invoker: <jdk21>/bin/java
# VM options: -Xms1g -Xmx1g
# Blackhole mode: compiler (auto-detected, use -Djmh.blackhole.autoDetect=false to disable)
# Warmup: 4 iterations, 1 s each
# Measurement: 5 iterations, 1 s each
# Timeout: 10 min per iteration
# Threads: 1 thread, will synchronize iterations
# Benchmark mode: Throughput, ops/time
# Benchmark: bench.Bench7880.writeOrderJSONB

# Run progress: 87.50% complete, ETA 00:00:18
# Fork: 1 of 1
# Warmup Iteration   1: 2335.658 ops/ms
# Warmup Iteration   2: 2638.932 ops/ms
# Warmup Iteration   3: 2751.796 ops/ms
# Warmup Iteration   4: 2749.446 ops/ms
Iteration   1: 2751.636 ops/ms
Iteration   2: 2759.657 ops/ms
Iteration   3: 2752.325 ops/ms
Iteration   4: 2758.179 ops/ms
Iteration   5: 2759.594 ops/ms


Result "bench.Bench7880.writeOrderJSONB":
  2756.278 ±(99.9%) 15.306 ops/ms [Average]
  (min, avg, max) = (2751.636, 2756.278, 2759.657), stdev = 3.975
  CI (99.9%): [2740.973, 2771.584] (assumes normal distribution)


# JMH version: 1.37
# VM version: JDK 21.0.12, OpenJDK 64-Bit Server VM, 21.0.12+8-LTS
# VM invoker: <jdk21>/bin/java
# VM options: -Xms1g -Xmx1g
# Blackhole mode: compiler (auto-detected, use -Djmh.blackhole.autoDetect=false to disable)
# Warmup: 4 iterations, 1 s each
# Measurement: 5 iterations, 1 s each
# Timeout: 10 min per iteration
# Threads: 1 thread, will synchronize iterations
# Benchmark mode: Throughput, ops/time
# Benchmark: bench.Bench7880.writeSet100Beans

# Run progress: 93.75% complete, ETA 00:00:09
# Fork: 1 of 1
# Warmup Iteration   1: 138.335 ops/ms
# Warmup Iteration   2: 156.577 ops/ms
# Warmup Iteration   3: 155.877 ops/ms
# Warmup Iteration   4: 155.637 ops/ms
Iteration   1: 155.212 ops/ms
Iteration   2: 157.283 ops/ms
Iteration   3: 157.501 ops/ms
Iteration   4: 157.783 ops/ms
Iteration   5: 157.419 ops/ms


Result "bench.Bench7880.writeSet100Beans":
  157.040 ±(99.9%) 3.996 ops/ms [Average]
  (min, avg, max) = (155.212, 157.040, 157.783), stdev = 1.038
  CI (99.9%): [153.044, 161.035] (assumes normal distribution)


# Run complete. Total time: 00:02:29

REMEMBER: The numbers below are just data. To gain reusable insights, you need to follow up on
why the numbers are the way they are. Use profilers (see -prof, -lprof), design factorial
experiments, perform baseline and negative tests that provide experimental control, make sure
the benchmarking environment is safe on JVM/OS/HW level, ask for reviews from the domain experts.
Do not assume the numbers tell you what you want them to tell.

NOTE: Current JVM experimentally supports Compiler Blackholes, and they are in use. Please exercise
extra caution when trusting the results, look into the generated code to check the benchmark still
works, and factor in a small probability of new VM bugs. Additionally, while comparisons between
different JVMs are already problematic, the performance difference caused by different Blackhole
modes can be very significant. Please make sure you use the consistent Blackhole mode for comparisons.

Benchmark                           Mode  Cnt     Score    Error   Units
Bench7880.parseJSONObject40        thrpt    5   469.743 ±  1.153  ops/ms
Bench7880.parseList100Objects      thrpt    5    73.318 ±  0.296  ops/ms
Bench7880.parseMapStringInteger64  thrpt    5   540.639 ±  1.763  ops/ms
Bench7880.parseMediaContentBean    thrpt    5  3061.062 ± 19.219  ops/ms
Bench7880.treeFromBasket100        thrpt    5   108.039 ±  0.399  ops/ms
Bench7880.treeFromMediaContent     thrpt    5  2041.105 ± 11.803  ops/ms
Bench7880.writeBasketArr100        thrpt    5   159.761 ±  0.836  ops/ms
Bench7880.writeBasketArr100JSONB   thrpt    5   550.737 ±  4.775  ops/ms
Bench7880.writeBasketArr100UTF8    thrpt    5   163.525 ±  8.454  ops/ms
Bench7880.writeList100Beans        thrpt    5   155.994 ±  1.866  ops/ms
Bench7880.writeMap100Beans         thrpt    5   131.127 ±  1.122  ops/ms
Bench7880.writeMediaContent        thrpt    5  3570.203 ±  2.734  ops/ms
Bench7880.writeMediaContentJSONB   thrpt    5  9495.566 ± 54.424  ops/ms
Bench7880.writeMediaContentUTF8    thrpt    5  4502.307 ± 15.381  ops/ms
Bench7880.writeOrderJSONB          thrpt    5  2756.278 ± 15.306  ops/ms
Bench7880.writeSet100Beans         thrpt    5   157.040 ±  3.996  ops/ms

Benchmark result is saved to <work>/env/jmh/ab-r7/main-r5.json
