# JMH version: 1.37
# VM version: JDK 21.0.12, OpenJDK 64-Bit Server VM, 21.0.12+8-LTS
# VM invoker: <jdk21>/bin/java
# VM options: -Xms1g -Xmx1g
# Blackhole mode: compiler (auto-detected, use -Djmh.blackhole.autoDetect=false to disable)
# Warmup: 4 iterations, 1 s each
# Measurement: 5 iterations, 1 s each
# Timeout: 10 min per iteration
# Threads: 1 thread, will synchronize iterations
# Benchmark mode: Throughput, ops/time
# Benchmark: bench.Bench7880.parseJSONObject40

# Run progress: 0.00% complete, ETA 00:02:24
# Fork: 1 of 1
# Warmup Iteration   1: 398.474 ops/ms
# Warmup Iteration   2: 463.197 ops/ms
# Warmup Iteration   3: 475.717 ops/ms
# Warmup Iteration   4: 479.571 ops/ms
Iteration   1: 478.991 ops/ms
Iteration   2: 478.849 ops/ms
Iteration   3: 479.423 ops/ms
Iteration   4: 478.312 ops/ms
Iteration   5: 479.367 ops/ms


Result "bench.Bench7880.parseJSONObject40":
  478.989 ±(99.9%) 1.732 ops/ms [Average]
  (min, avg, max) = (478.312, 478.989, 479.423), stdev = 0.450
  CI (99.9%): [477.257, 480.720] (assumes normal distribution)


# JMH version: 1.37
# VM version: JDK 21.0.12, OpenJDK 64-Bit Server VM, 21.0.12+8-LTS
# VM invoker: <jdk21>/bin/java
# VM options: -Xms1g -Xmx1g
# Blackhole mode: compiler (auto-detected, use -Djmh.blackhole.autoDetect=false to disable)
# Warmup: 4 iterations, 1 s each
# Measurement: 5 iterations, 1 s each
# Timeout: 10 min per iteration
# Threads: 1 thread, will synchronize iterations
# Benchmark mode: Throughput, ops/time
# Benchmark: bench.Bench7880.parseList100Objects

# Run progress: 6.25% complete, ETA 00:02:20
# Fork: 1 of 1
# Warmup Iteration   1: 63.574 ops/ms
# Warmup Iteration   2: 73.547 ops/ms
# Warmup Iteration   3: 74.061 ops/ms
# Warmup Iteration   4: 74.431 ops/ms
Iteration   1: 74.301 ops/ms
Iteration   2: 74.361 ops/ms
Iteration   3: 74.422 ops/ms
Iteration   4: 74.445 ops/ms
Iteration   5: 74.404 ops/ms


Result "bench.Bench7880.parseList100Objects":
  74.387 ±(99.9%) 0.218 ops/ms [Average]
  (min, avg, max) = (74.301, 74.387, 74.445), stdev = 0.057
  CI (99.9%): [74.168, 74.605] (assumes normal distribution)


# JMH version: 1.37
# VM version: JDK 21.0.12, OpenJDK 64-Bit Server VM, 21.0.12+8-LTS
# VM invoker: <jdk21>/bin/java
# VM options: -Xms1g -Xmx1g
# Blackhole mode: compiler (auto-detected, use -Djmh.blackhole.autoDetect=false to disable)
# Warmup: 4 iterations, 1 s each
# Measurement: 5 iterations, 1 s each
# Timeout: 10 min per iteration
# Threads: 1 thread, will synchronize iterations
# Benchmark mode: Throughput, ops/time
# Benchmark: bench.Bench7880.parseMapStringInteger64

# Run progress: 12.50% complete, ETA 00:02:10
# Fork: 1 of 1
# Warmup Iteration   1: 455.412 ops/ms
# Warmup Iteration   2: 513.296 ops/ms
# Warmup Iteration   3: 517.815 ops/ms
# Warmup Iteration   4: 521.788 ops/ms
Iteration   1: 521.576 ops/ms
Iteration   2: 521.512 ops/ms
Iteration   3: 521.528 ops/ms
Iteration   4: 521.499 ops/ms
Iteration   5: 522.696 ops/ms


Result "bench.Bench7880.parseMapStringInteger64":
  521.762 ±(99.9%) 2.013 ops/ms [Average]
  (min, avg, max) = (521.499, 521.762, 522.696), stdev = 0.523
  CI (99.9%): [519.749, 523.775] (assumes normal distribution)


# JMH version: 1.37
# VM version: JDK 21.0.12, OpenJDK 64-Bit Server VM, 21.0.12+8-LTS
# VM invoker: <jdk21>/bin/java
# VM options: -Xms1g -Xmx1g
# Blackhole mode: compiler (auto-detected, use -Djmh.blackhole.autoDetect=false to disable)
# Warmup: 4 iterations, 1 s each
# Measurement: 5 iterations, 1 s each
# Timeout: 10 min per iteration
# Threads: 1 thread, will synchronize iterations
# Benchmark mode: Throughput, ops/time
# Benchmark: bench.Bench7880.parseMediaContentBean

# Run progress: 18.75% complete, ETA 00:02:01
# Fork: 1 of 1
# Warmup Iteration   1: 2605.254 ops/ms
# Warmup Iteration   2: 3081.386 ops/ms
# Warmup Iteration   3: 3111.972 ops/ms
# Warmup Iteration   4: 3113.377 ops/ms
Iteration   1: 3119.242 ops/ms
Iteration   2: 3116.959 ops/ms
Iteration   3: 3118.491 ops/ms
Iteration   4: 3120.172 ops/ms
Iteration   5: 3116.030 ops/ms


Result "bench.Bench7880.parseMediaContentBean":
  3118.179 ±(99.9%) 6.474 ops/ms [Average]
  (min, avg, max) = (3116.030, 3118.179, 3120.172), stdev = 1.681
  CI (99.9%): [3111.705, 3124.652] (assumes normal distribution)


# JMH version: 1.37
# VM version: JDK 21.0.12, OpenJDK 64-Bit Server VM, 21.0.12+8-LTS
# VM invoker: <jdk21>/bin/java
# VM options: -Xms1g -Xmx1g
# Blackhole mode: compiler (auto-detected, use -Djmh.blackhole.autoDetect=false to disable)
# Warmup: 4 iterations, 1 s each
# Measurement: 5 iterations, 1 s each
# Timeout: 10 min per iteration
# Threads: 1 thread, will synchronize iterations
# Benchmark mode: Throughput, ops/time
# Benchmark: bench.Bench7880.treeFromBasket100

# Run progress: 25.00% complete, ETA 00:01:51
# Fork: 1 of 1
# Warmup Iteration   1: 90.260 ops/ms
# Warmup Iteration   2: 112.266 ops/ms
# Warmup Iteration   3: 109.318 ops/ms
# Warmup Iteration   4: 109.738 ops/ms
Iteration   1: 109.969 ops/ms
Iteration   2: 109.855 ops/ms
Iteration   3: 109.896 ops/ms
Iteration   4: 109.994 ops/ms
Iteration   5: 110.071 ops/ms


Result "bench.Bench7880.treeFromBasket100":
  109.957 ±(99.9%) 0.326 ops/ms [Average]
  (min, avg, max) = (109.855, 109.957, 110.071), stdev = 0.085
  CI (99.9%): [109.631, 110.283] (assumes normal distribution)


# JMH version: 1.37
# VM version: JDK 21.0.12, OpenJDK 64-Bit Server VM, 21.0.12+8-LTS
# VM invoker: <jdk21>/bin/java
# VM options: -Xms1g -Xmx1g
# Blackhole mode: compiler (auto-detected, use -Djmh.blackhole.autoDetect=false to disable)
# Warmup: 4 iterations, 1 s each
# Measurement: 5 iterations, 1 s each
# Timeout: 10 min per iteration
# Threads: 1 thread, will synchronize iterations
# Benchmark mode: Throughput, ops/time
# Benchmark: bench.Bench7880.treeFromMediaContent

# Run progress: 31.25% complete, ETA 00:01:42
# Fork: 1 of 1
# Warmup Iteration   1: 1558.558 ops/ms
# Warmup Iteration   2: 1971.871 ops/ms
# Warmup Iteration   3: 2014.914 ops/ms
# Warmup Iteration   4: 2020.549 ops/ms
Iteration   1: 2015.852 ops/ms
Iteration   2: 2019.142 ops/ms
Iteration   3: 2013.727 ops/ms
Iteration   4: 2012.032 ops/ms
Iteration   5: 2011.194 ops/ms


Result "bench.Bench7880.treeFromMediaContent":
  2014.390 ±(99.9%) 12.317 ops/ms [Average]
  (min, avg, max) = (2011.194, 2014.390, 2019.142), stdev = 3.199
  CI (99.9%): [2002.072, 2026.707] (assumes normal distribution)


# JMH version: 1.37
# VM version: JDK 21.0.12, OpenJDK 64-Bit Server VM, 21.0.12+8-LTS
# VM invoker: <jdk21>/bin/java
# VM options: -Xms1g -Xmx1g
# Blackhole mode: compiler (auto-detected, use -Djmh.blackhole.autoDetect=false to disable)
# Warmup: 4 iterations, 1 s each
# Measurement: 5 iterations, 1 s each
# Timeout: 10 min per iteration
# Threads: 1 thread, will synchronize iterations
# Benchmark mode: Throughput, ops/time
# Benchmark: bench.Bench7880.writeBasketArr100

# Run progress: 37.50% complete, ETA 00:01:33
# Fork: 1 of 1
# Warmup Iteration   1: 140.334 ops/ms
# Warmup Iteration   2: 160.194 ops/ms
# Warmup Iteration   3: 160.021 ops/ms
# Warmup Iteration   4: 159.618 ops/ms
Iteration   1: 160.122 ops/ms
Iteration   2: 158.622 ops/ms
Iteration   3: 156.601 ops/ms
Iteration   4: 157.018 ops/ms
Iteration   5: 156.865 ops/ms


Result "bench.Bench7880.writeBasketArr100":
  157.846 ±(99.9%) 5.770 ops/ms [Average]
  (min, avg, max) = (156.601, 157.846, 160.122), stdev = 1.498
  CI (99.9%): [152.076, 163.615] (assumes normal distribution)


# JMH version: 1.37
# VM version: JDK 21.0.12, OpenJDK 64-Bit Server VM, 21.0.12+8-LTS
# VM invoker: <jdk21>/bin/java
# VM options: -Xms1g -Xmx1g
# Blackhole mode: compiler (auto-detected, use -Djmh.blackhole.autoDetect=false to disable)
# Warmup: 4 iterations, 1 s each
# Measurement: 5 iterations, 1 s each
# Timeout: 10 min per iteration
# Threads: 1 thread, will synchronize iterations
# Benchmark mode: Throughput, ops/time
# Benchmark: bench.Bench7880.writeBasketArr100JSONB

# Run progress: 43.75% complete, ETA 00:01:23
# Fork: 1 of 1
# Warmup Iteration   1: 552.908 ops/ms
# Warmup Iteration   2: 592.592 ops/ms
# Warmup Iteration   3: 579.522 ops/ms
# Warmup Iteration   4: 587.596 ops/ms
Iteration   1: 586.290 ops/ms
Iteration   2: 586.042 ops/ms
Iteration   3: 584.523 ops/ms
Iteration   4: 590.157 ops/ms
Iteration   5: 587.292 ops/ms


Result "bench.Bench7880.writeBasketArr100JSONB":
  586.861 ±(99.9%) 8.058 ops/ms [Average]
  (min, avg, max) = (584.523, 586.861, 590.157), stdev = 2.093
  CI (99.9%): [578.803, 594.919] (assumes normal distribution)


# JMH version: 1.37
# VM version: JDK 21.0.12, OpenJDK 64-Bit Server VM, 21.0.12+8-LTS
# VM invoker: <jdk21>/bin/java
# VM options: -Xms1g -Xmx1g
# Blackhole mode: compiler (auto-detected, use -Djmh.blackhole.autoDetect=false to disable)
# Warmup: 4 iterations, 1 s each
# Measurement: 5 iterations, 1 s each
# Timeout: 10 min per iteration
# Threads: 1 thread, will synchronize iterations
# Benchmark mode: Throughput, ops/time
# Benchmark: bench.Bench7880.writeBasketArr100UTF8

# Run progress: 50.00% complete, ETA 00:01:14
# Fork: 1 of 1
# Warmup Iteration   1: 148.717 ops/ms
# Warmup Iteration   2: 166.844 ops/ms
# Warmup Iteration   3: 166.457 ops/ms
# Warmup Iteration   4: 166.501 ops/ms
Iteration   1: 166.675 ops/ms
Iteration   2: 166.164 ops/ms
Iteration   3: 166.463 ops/ms
Iteration   4: 166.461 ops/ms
Iteration   5: 166.274 ops/ms


Result "bench.Bench7880.writeBasketArr100UTF8":
  166.408 ±(99.9%) 0.757 ops/ms [Average]
  (min, avg, max) = (166.164, 166.408, 166.675), stdev = 0.197
  CI (99.9%): [165.651, 167.165] (assumes normal distribution)


# JMH version: 1.37
# VM version: JDK 21.0.12, OpenJDK 64-Bit Server VM, 21.0.12+8-LTS
# VM invoker: <jdk21>/bin/java
# VM options: -Xms1g -Xmx1g
# Blackhole mode: compiler (auto-detected, use -Djmh.blackhole.autoDetect=false to disable)
# Warmup: 4 iterations, 1 s each
# Measurement: 5 iterations, 1 s each
# Timeout: 10 min per iteration
# Threads: 1 thread, will synchronize iterations
# Benchmark mode: Throughput, ops/time
# Benchmark: bench.Bench7880.writeList100Beans

# Run progress: 56.25% complete, ETA 00:01:05
# Fork: 1 of 1
# Warmup Iteration   1: 137.578 ops/ms
# Warmup Iteration   2: 155.040 ops/ms
# Warmup Iteration   3: 155.211 ops/ms
# Warmup Iteration   4: 155.399 ops/ms
Iteration   1: 155.340 ops/ms
Iteration   2: 155.637 ops/ms
Iteration   3: 155.901 ops/ms
Iteration   4: 156.074 ops/ms
Iteration   5: 155.911 ops/ms


Result "bench.Bench7880.writeList100Beans":
  155.773 ±(99.9%) 1.109 ops/ms [Average]
  (min, avg, max) = (155.340, 155.773, 156.074), stdev = 0.288
  CI (99.9%): [154.664, 156.881] (assumes normal distribution)


# JMH version: 1.37
# VM version: JDK 21.0.12, OpenJDK 64-Bit Server VM, 21.0.12+8-LTS
# VM invoker: <jdk21>/bin/java
# VM options: -Xms1g -Xmx1g
# Blackhole mode: compiler (auto-detected, use -Djmh.blackhole.autoDetect=false to disable)
# Warmup: 4 iterations, 1 s each
# Measurement: 5 iterations, 1 s each
# Timeout: 10 min per iteration
# Threads: 1 thread, will synchronize iterations
# Benchmark mode: Throughput, ops/time
# Benchmark: bench.Bench7880.writeMap100Beans

# Run progress: 62.50% complete, ETA 00:00:55
# Fork: 1 of 1
# Warmup Iteration   1: 113.454 ops/ms
# Warmup Iteration   2: 130.821 ops/ms
# Warmup Iteration   3: 130.088 ops/ms
# Warmup Iteration   4: 129.938 ops/ms
Iteration   1: 130.842 ops/ms
Iteration   2: 131.534 ops/ms
Iteration   3: 130.669 ops/ms
Iteration   4: 132.605 ops/ms
Iteration   5: 132.733 ops/ms


Result "bench.Bench7880.writeMap100Beans":
  131.676 ±(99.9%) 3.708 ops/ms [Average]
  (min, avg, max) = (130.669, 131.676, 132.733), stdev = 0.963
  CI (99.9%): [127.969, 135.384] (assumes normal distribution)


# JMH version: 1.37
# VM version: JDK 21.0.12, OpenJDK 64-Bit Server VM, 21.0.12+8-LTS
# VM invoker: <jdk21>/bin/java
# VM options: -Xms1g -Xmx1g
# Blackhole mode: compiler (auto-detected, use -Djmh.blackhole.autoDetect=false to disable)
# Warmup: 4 iterations, 1 s each
# Measurement: 5 iterations, 1 s each
# Timeout: 10 min per iteration
# Threads: 1 thread, will synchronize iterations
# Benchmark mode: Throughput, ops/time
# Benchmark: bench.Bench7880.writeMediaContent

# Run progress: 68.75% complete, ETA 00:00:46
# Fork: 1 of 1
# Warmup Iteration   1: 2949.976 ops/ms
# Warmup Iteration   2: 3539.562 ops/ms
# Warmup Iteration   3: 3544.710 ops/ms
# Warmup Iteration   4: 3537.824 ops/ms
Iteration   1: 3523.745 ops/ms
Iteration   2: 3526.838 ops/ms
Iteration   3: 3526.444 ops/ms
Iteration   4: 3529.363 ops/ms
Iteration   5: 3520.861 ops/ms


Result "bench.Bench7880.writeMediaContent":
  3525.450 ±(99.9%) 12.506 ops/ms [Average]
  (min, avg, max) = (3520.861, 3525.450, 3529.363), stdev = 3.248
  CI (99.9%): [3512.944, 3537.956] (assumes normal distribution)


# JMH version: 1.37
# VM version: JDK 21.0.12, OpenJDK 64-Bit Server VM, 21.0.12+8-LTS
# VM invoker: <jdk21>/bin/java
# VM options: -Xms1g -Xmx1g
# Blackhole mode: compiler (auto-detected, use -Djmh.blackhole.autoDetect=false to disable)
# Warmup: 4 iterations, 1 s each
# Measurement: 5 iterations, 1 s each
# Timeout: 10 min per iteration
# Threads: 1 thread, will synchronize iterations
# Benchmark mode: Throughput, ops/time
# Benchmark: bench.Bench7880.writeMediaContentJSONB

# Run progress: 75.00% complete, ETA 00:00:37
# Fork: 1 of 1
# Warmup Iteration   1: 8178.059 ops/ms
# Warmup Iteration   2: 9480.381 ops/ms
# Warmup Iteration   3: 9312.795 ops/ms
# Warmup Iteration   4: 9305.657 ops/ms
Iteration   1: 9325.358 ops/ms
Iteration   2: 9314.686 ops/ms
Iteration   3: 9325.284 ops/ms
Iteration   4: 9336.452 ops/ms
Iteration   5: 9305.105 ops/ms


Result "bench.Bench7880.writeMediaContentJSONB":
  9321.377 ±(99.9%) 45.882 ops/ms [Average]
  (min, avg, max) = (9305.105, 9321.377, 9336.452), stdev = 11.915
  CI (99.9%): [9275.495, 9367.259] (assumes normal distribution)


# JMH version: 1.37
# VM version: JDK 21.0.12, OpenJDK 64-Bit Server VM, 21.0.12+8-LTS
# VM invoker: <jdk21>/bin/java
# VM options: -Xms1g -Xmx1g
# Blackhole mode: compiler (auto-detected, use -Djmh.blackhole.autoDetect=false to disable)
# Warmup: 4 iterations, 1 s each
# Measurement: 5 iterations, 1 s each
# Timeout: 10 min per iteration
# Threads: 1 thread, will synchronize iterations
# Benchmark mode: Throughput, ops/time
# Benchmark: bench.Bench7880.writeMediaContentUTF8

# Run progress: 81.25% complete, ETA 00:00:27
# Fork: 1 of 1
# Warmup Iteration   1: 3739.241 ops/ms
# Warmup Iteration   2: 4430.510 ops/ms
# Warmup Iteration   3: 4445.059 ops/ms
# Warmup Iteration   4: 4407.068 ops/ms
Iteration   1: 4398.840 ops/ms
Iteration   2: 4401.415 ops/ms
Iteration   3: 4392.222 ops/ms
Iteration   4: 4396.977 ops/ms
Iteration   5: 4401.318 ops/ms


Result "bench.Bench7880.writeMediaContentUTF8":
  4398.154 ±(99.9%) 14.623 ops/ms [Average]
  (min, avg, max) = (4392.222, 4398.154, 4401.415), stdev = 3.797
  CI (99.9%): [4383.532, 4412.777] (assumes normal distribution)


# JMH version: 1.37
# VM version: JDK 21.0.12, OpenJDK 64-Bit Server VM, 21.0.12+8-LTS
# VM invoker: <jdk21>/bin/java
# VM options: -Xms1g -Xmx1g
# Blackhole mode: compiler (auto-detected, use -Djmh.blackhole.autoDetect=false to disable)
# Warmup: 4 iterations, 1 s each
# Measurement: 5 iterations, 1 s each
# Timeout: 10 min per iteration
# Threads: 1 thread, will synchronize iterations
# Benchmark mode: Throughput, ops/time
# Benchmark: bench.Bench7880.writeOrderJSONB

# Run progress: 87.50% complete, ETA 00:00:18
# Fork: 1 of 1
# Warmup Iteration   1: 2346.660 ops/ms
# Warmup Iteration   2: 2709.136 ops/ms
# Warmup Iteration   3: 2711.429 ops/ms
# Warmup Iteration   4: 2719.487 ops/ms
Iteration   1: 2721.023 ops/ms
Iteration   2: 2716.349 ops/ms
Iteration   3: 2718.189 ops/ms
Iteration   4: 2716.366 ops/ms
Iteration   5: 2719.706 ops/ms


Result "bench.Bench7880.writeOrderJSONB":
  2718.327 ±(99.9%) 7.925 ops/ms [Average]
  (min, avg, max) = (2716.349, 2718.327, 2721.023), stdev = 2.058
  CI (99.9%): [2710.402, 2726.252] (assumes normal distribution)


# JMH version: 1.37
# VM version: JDK 21.0.12, OpenJDK 64-Bit Server VM, 21.0.12+8-LTS
# VM invoker: <jdk21>/bin/java
# VM options: -Xms1g -Xmx1g
# Blackhole mode: compiler (auto-detected, use -Djmh.blackhole.autoDetect=false to disable)
# Warmup: 4 iterations, 1 s each
# Measurement: 5 iterations, 1 s each
# Timeout: 10 min per iteration
# Threads: 1 thread, will synchronize iterations
# Benchmark mode: Throughput, ops/time
# Benchmark: bench.Bench7880.writeSet100Beans

# Run progress: 93.75% complete, ETA 00:00:09
# Fork: 1 of 1
# Warmup Iteration   1: 133.747 ops/ms
# Warmup Iteration   2: 152.920 ops/ms
# Warmup Iteration   3: 152.415 ops/ms
# Warmup Iteration   4: 153.432 ops/ms
Iteration   1: 153.015 ops/ms
Iteration   2: 151.516 ops/ms
Iteration   3: 154.424 ops/ms
Iteration   4: 154.408 ops/ms
Iteration   5: 154.467 ops/ms


Result "bench.Bench7880.writeSet100Beans":
  153.566 ±(99.9%) 5.007 ops/ms [Average]
  (min, avg, max) = (151.516, 153.566, 154.467), stdev = 1.300
  CI (99.9%): [148.559, 158.573] (assumes normal distribution)


# Run complete. Total time: 00:02:29

REMEMBER: The numbers below are just data. To gain reusable insights, you need to follow up on
why the numbers are the way they are. Use profilers (see -prof, -lprof), design factorial
experiments, perform baseline and negative tests that provide experimental control, make sure
the benchmarking environment is safe on JVM/OS/HW level, ask for reviews from the domain experts.
Do not assume the numbers tell you what you want them to tell.

NOTE: Current JVM experimentally supports Compiler Blackholes, and they are in use. Please exercise
extra caution when trusting the results, look into the generated code to check the benchmark still
works, and factor in a small probability of new VM bugs. Additionally, while comparisons between
different JVMs are already problematic, the performance difference caused by different Blackhole
modes can be very significant. Please make sure you use the consistent Blackhole mode for comparisons.

Benchmark                           Mode  Cnt     Score    Error   Units
Bench7880.parseJSONObject40        thrpt    5   478.989 ±  1.732  ops/ms
Bench7880.parseList100Objects      thrpt    5    74.387 ±  0.218  ops/ms
Bench7880.parseMapStringInteger64  thrpt    5   521.762 ±  2.013  ops/ms
Bench7880.parseMediaContentBean    thrpt    5  3118.179 ±  6.474  ops/ms
Bench7880.treeFromBasket100        thrpt    5   109.957 ±  0.326  ops/ms
Bench7880.treeFromMediaContent     thrpt    5  2014.390 ± 12.317  ops/ms
Bench7880.writeBasketArr100        thrpt    5   157.846 ±  5.770  ops/ms
Bench7880.writeBasketArr100JSONB   thrpt    5   586.861 ±  8.058  ops/ms
Bench7880.writeBasketArr100UTF8    thrpt    5   166.408 ±  0.757  ops/ms
Bench7880.writeList100Beans        thrpt    5   155.773 ±  1.109  ops/ms
Bench7880.writeMap100Beans         thrpt    5   131.676 ±  3.708  ops/ms
Bench7880.writeMediaContent        thrpt    5  3525.450 ± 12.506  ops/ms
Bench7880.writeMediaContentJSONB   thrpt    5  9321.377 ± 45.882  ops/ms
Bench7880.writeMediaContentUTF8    thrpt    5  4398.154 ± 14.623  ops/ms
Bench7880.writeOrderJSONB          thrpt    5  2718.327 ±  7.925  ops/ms
Bench7880.writeSet100Beans         thrpt    5   153.566 ±  5.007  ops/ms

Benchmark result is saved to <work>/env/jmh/ab-r7/v8-r2.json
