# JMH version: 1.37
# VM version: JDK 21.0.12, OpenJDK 64-Bit Server VM, 21.0.12+8-LTS
# VM invoker: <jdk21>/bin/java
# VM options: -Xms1g -Xmx1g
# Blackhole mode: compiler (auto-detected, use -Djmh.blackhole.autoDetect=false to disable)
# Warmup: 4 iterations, 1 s each
# Measurement: 5 iterations, 1 s each
# Timeout: 10 min per iteration
# Threads: 1 thread, will synchronize iterations
# Benchmark mode: Throughput, ops/time
# Benchmark: bench.Bench7880.parseJSONObject40

# Run progress: 0.00% complete, ETA 00:02:24
# Fork: 1 of 1
# Warmup Iteration   1: 389.354 ops/ms
# Warmup Iteration   2: 462.906 ops/ms
# Warmup Iteration   3: 466.027 ops/ms
# Warmup Iteration   4: 468.285 ops/ms
Iteration   1: 468.309 ops/ms
Iteration   2: 468.423 ops/ms
Iteration   3: 468.141 ops/ms
Iteration   4: 467.069 ops/ms
Iteration   5: 468.134 ops/ms


Result "bench.Bench7880.parseJSONObject40":
  468.015 ±(99.9%) 2.091 ops/ms [Average]
  (min, avg, max) = (467.069, 468.015, 468.423), stdev = 0.543
  CI (99.9%): [465.925, 470.106] (assumes normal distribution)


# JMH version: 1.37
# VM version: JDK 21.0.12, OpenJDK 64-Bit Server VM, 21.0.12+8-LTS
# VM invoker: <jdk21>/bin/java
# VM options: -Xms1g -Xmx1g
# Blackhole mode: compiler (auto-detected, use -Djmh.blackhole.autoDetect=false to disable)
# Warmup: 4 iterations, 1 s each
# Measurement: 5 iterations, 1 s each
# Timeout: 10 min per iteration
# Threads: 1 thread, will synchronize iterations
# Benchmark mode: Throughput, ops/time
# Benchmark: bench.Bench7880.parseList100Objects

# Run progress: 6.25% complete, ETA 00:02:20
# Fork: 1 of 1
# Warmup Iteration   1: 60.744 ops/ms
# Warmup Iteration   2: 70.572 ops/ms
# Warmup Iteration   3: 71.195 ops/ms
# Warmup Iteration   4: 71.323 ops/ms
Iteration   1: 71.410 ops/ms
Iteration   2: 71.498 ops/ms
Iteration   3: 71.370 ops/ms
Iteration   4: 71.247 ops/ms
Iteration   5: 71.403 ops/ms


Result "bench.Bench7880.parseList100Objects":
  71.386 ±(99.9%) 0.349 ops/ms [Average]
  (min, avg, max) = (71.247, 71.386, 71.498), stdev = 0.091
  CI (99.9%): [71.037, 71.734] (assumes normal distribution)


# JMH version: 1.37
# VM version: JDK 21.0.12, OpenJDK 64-Bit Server VM, 21.0.12+8-LTS
# VM invoker: <jdk21>/bin/java
# VM options: -Xms1g -Xmx1g
# Blackhole mode: compiler (auto-detected, use -Djmh.blackhole.autoDetect=false to disable)
# Warmup: 4 iterations, 1 s each
# Measurement: 5 iterations, 1 s each
# Timeout: 10 min per iteration
# Threads: 1 thread, will synchronize iterations
# Benchmark mode: Throughput, ops/time
# Benchmark: bench.Bench7880.parseMapStringInteger64

# Run progress: 12.50% complete, ETA 00:02:10
# Fork: 1 of 1
# Warmup Iteration   1: 464.564 ops/ms
# Warmup Iteration   2: 515.509 ops/ms
# Warmup Iteration   3: 522.030 ops/ms
# Warmup Iteration   4: 524.177 ops/ms
Iteration   1: 524.072 ops/ms
Iteration   2: 524.225 ops/ms
Iteration   3: 524.359 ops/ms
Iteration   4: 524.222 ops/ms
Iteration   5: 524.341 ops/ms


Result "bench.Bench7880.parseMapStringInteger64":
  524.244 ±(99.9%) 0.443 ops/ms [Average]
  (min, avg, max) = (524.072, 524.244, 524.359), stdev = 0.115
  CI (99.9%): [523.800, 524.687] (assumes normal distribution)


# JMH version: 1.37
# VM version: JDK 21.0.12, OpenJDK 64-Bit Server VM, 21.0.12+8-LTS
# VM invoker: <jdk21>/bin/java
# VM options: -Xms1g -Xmx1g
# Blackhole mode: compiler (auto-detected, use -Djmh.blackhole.autoDetect=false to disable)
# Warmup: 4 iterations, 1 s each
# Measurement: 5 iterations, 1 s each
# Timeout: 10 min per iteration
# Threads: 1 thread, will synchronize iterations
# Benchmark mode: Throughput, ops/time
# Benchmark: bench.Bench7880.parseMediaContentBean

# Run progress: 18.75% complete, ETA 00:02:01
# Fork: 1 of 1
# Warmup Iteration   1: 2577.751 ops/ms
# Warmup Iteration   2: 3089.467 ops/ms
# Warmup Iteration   3: 3081.048 ops/ms
# Warmup Iteration   4: 3089.418 ops/ms
Iteration   1: 3096.369 ops/ms
Iteration   2: 3091.012 ops/ms
Iteration   3: 3093.264 ops/ms
Iteration   4: 3091.834 ops/ms
Iteration   5: 3098.248 ops/ms


Result "bench.Bench7880.parseMediaContentBean":
  3094.145 ±(99.9%) 11.824 ops/ms [Average]
  (min, avg, max) = (3091.012, 3094.145, 3098.248), stdev = 3.071
  CI (99.9%): [3082.322, 3105.969] (assumes normal distribution)


# JMH version: 1.37
# VM version: JDK 21.0.12, OpenJDK 64-Bit Server VM, 21.0.12+8-LTS
# VM invoker: <jdk21>/bin/java
# VM options: -Xms1g -Xmx1g
# Blackhole mode: compiler (auto-detected, use -Djmh.blackhole.autoDetect=false to disable)
# Warmup: 4 iterations, 1 s each
# Measurement: 5 iterations, 1 s each
# Timeout: 10 min per iteration
# Threads: 1 thread, will synchronize iterations
# Benchmark mode: Throughput, ops/time
# Benchmark: bench.Bench7880.treeFromBasket100

# Run progress: 25.00% complete, ETA 00:01:51
# Fork: 1 of 1
# Warmup Iteration   1: 95.098 ops/ms
# Warmup Iteration   2: 112.465 ops/ms
# Warmup Iteration   3: 113.776 ops/ms
# Warmup Iteration   4: 114.011 ops/ms
Iteration   1: 113.995 ops/ms
Iteration   2: 113.958 ops/ms
Iteration   3: 113.754 ops/ms
Iteration   4: 113.902 ops/ms
Iteration   5: 113.880 ops/ms


Result "bench.Bench7880.treeFromBasket100":
  113.898 ±(99.9%) 0.355 ops/ms [Average]
  (min, avg, max) = (113.754, 113.898, 113.995), stdev = 0.092
  CI (99.9%): [113.543, 114.253] (assumes normal distribution)


# JMH version: 1.37
# VM version: JDK 21.0.12, OpenJDK 64-Bit Server VM, 21.0.12+8-LTS
# VM invoker: <jdk21>/bin/java
# VM options: -Xms1g -Xmx1g
# Blackhole mode: compiler (auto-detected, use -Djmh.blackhole.autoDetect=false to disable)
# Warmup: 4 iterations, 1 s each
# Measurement: 5 iterations, 1 s each
# Timeout: 10 min per iteration
# Threads: 1 thread, will synchronize iterations
# Benchmark mode: Throughput, ops/time
# Benchmark: bench.Bench7880.treeFromMediaContent

# Run progress: 31.25% complete, ETA 00:01:42
# Fork: 1 of 1
# Warmup Iteration   1: 1576.404 ops/ms
# Warmup Iteration   2: 1994.324 ops/ms
# Warmup Iteration   3: 2038.049 ops/ms
# Warmup Iteration   4: 2037.357 ops/ms
Iteration   1: 2038.832 ops/ms
Iteration   2: 2033.709 ops/ms
Iteration   3: 2038.302 ops/ms
Iteration   4: 2037.082 ops/ms
Iteration   5: 2036.565 ops/ms


Result "bench.Bench7880.treeFromMediaContent":
  2036.898 ±(99.9%) 7.708 ops/ms [Average]
  (min, avg, max) = (2033.709, 2036.898, 2038.832), stdev = 2.002
  CI (99.9%): [2029.190, 2044.605] (assumes normal distribution)


# JMH version: 1.37
# VM version: JDK 21.0.12, OpenJDK 64-Bit Server VM, 21.0.12+8-LTS
# VM invoker: <jdk21>/bin/java
# VM options: -Xms1g -Xmx1g
# Blackhole mode: compiler (auto-detected, use -Djmh.blackhole.autoDetect=false to disable)
# Warmup: 4 iterations, 1 s each
# Measurement: 5 iterations, 1 s each
# Timeout: 10 min per iteration
# Threads: 1 thread, will synchronize iterations
# Benchmark mode: Throughput, ops/time
# Benchmark: bench.Bench7880.writeBasketArr100

# Run progress: 37.50% complete, ETA 00:01:33
# Fork: 1 of 1
# Warmup Iteration   1: 139.075 ops/ms
# Warmup Iteration   2: 157.364 ops/ms
# Warmup Iteration   3: 158.295 ops/ms
# Warmup Iteration   4: 158.657 ops/ms
Iteration   1: 158.133 ops/ms
Iteration   2: 158.577 ops/ms
Iteration   3: 159.239 ops/ms
Iteration   4: 159.489 ops/ms
Iteration   5: 159.432 ops/ms


Result "bench.Bench7880.writeBasketArr100":
  158.974 ±(99.9%) 2.285 ops/ms [Average]
  (min, avg, max) = (158.133, 158.974, 159.489), stdev = 0.594
  CI (99.9%): [156.689, 161.260] (assumes normal distribution)


# JMH version: 1.37
# VM version: JDK 21.0.12, OpenJDK 64-Bit Server VM, 21.0.12+8-LTS
# VM invoker: <jdk21>/bin/java
# VM options: -Xms1g -Xmx1g
# Blackhole mode: compiler (auto-detected, use -Djmh.blackhole.autoDetect=false to disable)
# Warmup: 4 iterations, 1 s each
# Measurement: 5 iterations, 1 s each
# Timeout: 10 min per iteration
# Threads: 1 thread, will synchronize iterations
# Benchmark mode: Throughput, ops/time
# Benchmark: bench.Bench7880.writeBasketArr100JSONB

# Run progress: 43.75% complete, ETA 00:01:23
# Fork: 1 of 1
# Warmup Iteration   1: 570.381 ops/ms
# Warmup Iteration   2: 610.764 ops/ms
# Warmup Iteration   3: 614.328 ops/ms
# Warmup Iteration   4: 616.939 ops/ms
Iteration   1: 615.339 ops/ms
Iteration   2: 615.925 ops/ms
Iteration   3: 610.256 ops/ms
Iteration   4: 615.635 ops/ms
Iteration   5: 614.858 ops/ms


Result "bench.Bench7880.writeBasketArr100JSONB":
  614.403 ±(99.9%) 9.054 ops/ms [Average]
  (min, avg, max) = (610.256, 614.403, 615.925), stdev = 2.351
  CI (99.9%): [605.349, 623.456] (assumes normal distribution)


# JMH version: 1.37
# VM version: JDK 21.0.12, OpenJDK 64-Bit Server VM, 21.0.12+8-LTS
# VM invoker: <jdk21>/bin/java
# VM options: -Xms1g -Xmx1g
# Blackhole mode: compiler (auto-detected, use -Djmh.blackhole.autoDetect=false to disable)
# Warmup: 4 iterations, 1 s each
# Measurement: 5 iterations, 1 s each
# Timeout: 10 min per iteration
# Threads: 1 thread, will synchronize iterations
# Benchmark mode: Throughput, ops/time
# Benchmark: bench.Bench7880.writeBasketArr100UTF8

# Run progress: 50.00% complete, ETA 00:01:14
# Fork: 1 of 1
# Warmup Iteration   1: 148.348 ops/ms
# Warmup Iteration   2: 166.402 ops/ms
# Warmup Iteration   3: 162.349 ops/ms
# Warmup Iteration   4: 164.978 ops/ms
Iteration   1: 165.049 ops/ms
Iteration   2: 165.633 ops/ms
Iteration   3: 167.762 ops/ms
Iteration   4: 167.896 ops/ms
Iteration   5: 167.849 ops/ms


Result "bench.Bench7880.writeBasketArr100UTF8":
  166.838 ±(99.9%) 5.324 ops/ms [Average]
  (min, avg, max) = (165.049, 166.838, 167.896), stdev = 1.383
  CI (99.9%): [161.513, 172.162] (assumes normal distribution)


# JMH version: 1.37
# VM version: JDK 21.0.12, OpenJDK 64-Bit Server VM, 21.0.12+8-LTS
# VM invoker: <jdk21>/bin/java
# VM options: -Xms1g -Xmx1g
# Blackhole mode: compiler (auto-detected, use -Djmh.blackhole.autoDetect=false to disable)
# Warmup: 4 iterations, 1 s each
# Measurement: 5 iterations, 1 s each
# Timeout: 10 min per iteration
# Threads: 1 thread, will synchronize iterations
# Benchmark mode: Throughput, ops/time
# Benchmark: bench.Bench7880.writeList100Beans

# Run progress: 56.25% complete, ETA 00:01:05
# Fork: 1 of 1
# Warmup Iteration   1: 136.860 ops/ms
# Warmup Iteration   2: 155.089 ops/ms
# Warmup Iteration   3: 155.025 ops/ms
# Warmup Iteration   4: 155.771 ops/ms
Iteration   1: 155.217 ops/ms
Iteration   2: 155.130 ops/ms
Iteration   3: 155.195 ops/ms
Iteration   4: 155.625 ops/ms
Iteration   5: 155.288 ops/ms


Result "bench.Bench7880.writeList100Beans":
  155.291 ±(99.9%) 0.751 ops/ms [Average]
  (min, avg, max) = (155.130, 155.291, 155.625), stdev = 0.195
  CI (99.9%): [154.539, 156.042] (assumes normal distribution)


# JMH version: 1.37
# VM version: JDK 21.0.12, OpenJDK 64-Bit Server VM, 21.0.12+8-LTS
# VM invoker: <jdk21>/bin/java
# VM options: -Xms1g -Xmx1g
# Blackhole mode: compiler (auto-detected, use -Djmh.blackhole.autoDetect=false to disable)
# Warmup: 4 iterations, 1 s each
# Measurement: 5 iterations, 1 s each
# Timeout: 10 min per iteration
# Threads: 1 thread, will synchronize iterations
# Benchmark mode: Throughput, ops/time
# Benchmark: bench.Bench7880.writeMap100Beans

# Run progress: 62.50% complete, ETA 00:00:55
# Fork: 1 of 1
# Warmup Iteration   1: 112.285 ops/ms
# Warmup Iteration   2: 132.204 ops/ms
# Warmup Iteration   3: 132.612 ops/ms
# Warmup Iteration   4: 132.228 ops/ms
Iteration   1: 132.132 ops/ms
Iteration   2: 132.014 ops/ms
Iteration   3: 130.630 ops/ms
Iteration   4: 130.065 ops/ms
Iteration   5: 130.021 ops/ms


Result "bench.Bench7880.writeMap100Beans":
  130.972 ±(99.9%) 3.982 ops/ms [Average]
  (min, avg, max) = (130.021, 130.972, 132.132), stdev = 1.034
  CI (99.9%): [126.991, 134.954] (assumes normal distribution)


# JMH version: 1.37
# VM version: JDK 21.0.12, OpenJDK 64-Bit Server VM, 21.0.12+8-LTS
# VM invoker: <jdk21>/bin/java
# VM options: -Xms1g -Xmx1g
# Blackhole mode: compiler (auto-detected, use -Djmh.blackhole.autoDetect=false to disable)
# Warmup: 4 iterations, 1 s each
# Measurement: 5 iterations, 1 s each
# Timeout: 10 min per iteration
# Threads: 1 thread, will synchronize iterations
# Benchmark mode: Throughput, ops/time
# Benchmark: bench.Bench7880.writeMediaContent

# Run progress: 68.75% complete, ETA 00:00:46
# Fork: 1 of 1
# Warmup Iteration   1: 2930.101 ops/ms
# Warmup Iteration   2: 3495.794 ops/ms
# Warmup Iteration   3: 3508.175 ops/ms
# Warmup Iteration   4: 3497.360 ops/ms
Iteration   1: 3487.085 ops/ms
Iteration   2: 3489.538 ops/ms
Iteration   3: 3491.737 ops/ms
Iteration   4: 3483.939 ops/ms
Iteration   5: 3492.425 ops/ms


Result "bench.Bench7880.writeMediaContent":
  3488.945 ±(99.9%) 13.448 ops/ms [Average]
  (min, avg, max) = (3483.939, 3488.945, 3492.425), stdev = 3.492
  CI (99.9%): [3475.497, 3502.392] (assumes normal distribution)


# JMH version: 1.37
# VM version: JDK 21.0.12, OpenJDK 64-Bit Server VM, 21.0.12+8-LTS
# VM invoker: <jdk21>/bin/java
# VM options: -Xms1g -Xmx1g
# Blackhole mode: compiler (auto-detected, use -Djmh.blackhole.autoDetect=false to disable)
# Warmup: 4 iterations, 1 s each
# Measurement: 5 iterations, 1 s each
# Timeout: 10 min per iteration
# Threads: 1 thread, will synchronize iterations
# Benchmark mode: Throughput, ops/time
# Benchmark: bench.Bench7880.writeMediaContentJSONB

# Run progress: 75.00% complete, ETA 00:00:37
# Fork: 1 of 1
# Warmup Iteration   1: 8273.669 ops/ms
# Warmup Iteration   2: 9364.539 ops/ms
# Warmup Iteration   3: 9169.570 ops/ms
# Warmup Iteration   4: 9240.042 ops/ms
Iteration   1: 9198.616 ops/ms
Iteration   2: 9234.558 ops/ms
Iteration   3: 9197.237 ops/ms
Iteration   4: 9195.299 ops/ms
Iteration   5: 9212.424 ops/ms


Result "bench.Bench7880.writeMediaContentJSONB":
  9207.627 ±(99.9%) 63.549 ops/ms [Average]
  (min, avg, max) = (9195.299, 9207.627, 9234.558), stdev = 16.503
  CI (99.9%): [9144.078, 9271.175] (assumes normal distribution)


# JMH version: 1.37
# VM version: JDK 21.0.12, OpenJDK 64-Bit Server VM, 21.0.12+8-LTS
# VM invoker: <jdk21>/bin/java
# VM options: -Xms1g -Xmx1g
# Blackhole mode: compiler (auto-detected, use -Djmh.blackhole.autoDetect=false to disable)
# Warmup: 4 iterations, 1 s each
# Measurement: 5 iterations, 1 s each
# Timeout: 10 min per iteration
# Threads: 1 thread, will synchronize iterations
# Benchmark mode: Throughput, ops/time
# Benchmark: bench.Bench7880.writeMediaContentUTF8

# Run progress: 81.25% complete, ETA 00:00:27
# Fork: 1 of 1
# Warmup Iteration   1: 3698.144 ops/ms
# Warmup Iteration   2: 4343.447 ops/ms
# Warmup Iteration   3: 4342.417 ops/ms
# Warmup Iteration   4: 4297.098 ops/ms
Iteration   1: 4300.505 ops/ms
Iteration   2: 4296.620 ops/ms
Iteration   3: 4298.635 ops/ms
Iteration   4: 4294.590 ops/ms
Iteration   5: 4300.437 ops/ms


Result "bench.Bench7880.writeMediaContentUTF8":
  4298.158 ±(99.9%) 9.822 ops/ms [Average]
  (min, avg, max) = (4294.590, 4298.158, 4300.505), stdev = 2.551
  CI (99.9%): [4288.336, 4307.979] (assumes normal distribution)


# JMH version: 1.37
# VM version: JDK 21.0.12, OpenJDK 64-Bit Server VM, 21.0.12+8-LTS
# VM invoker: <jdk21>/bin/java
# VM options: -Xms1g -Xmx1g
# Blackhole mode: compiler (auto-detected, use -Djmh.blackhole.autoDetect=false to disable)
# Warmup: 4 iterations, 1 s each
# Measurement: 5 iterations, 1 s each
# Timeout: 10 min per iteration
# Threads: 1 thread, will synchronize iterations
# Benchmark mode: Throughput, ops/time
# Benchmark: bench.Bench7880.writeOrderJSONB

# Run progress: 87.50% complete, ETA 00:00:18
# Fork: 1 of 1
# Warmup Iteration   1: 2383.057 ops/ms
# Warmup Iteration   2: 2619.406 ops/ms
# Warmup Iteration   3: 2678.514 ops/ms
# Warmup Iteration   4: 2688.510 ops/ms
Iteration   1: 2684.829 ops/ms
Iteration   2: 2686.608 ops/ms
Iteration   3: 2688.434 ops/ms
Iteration   4: 2701.981 ops/ms
Iteration   5: 2688.583 ops/ms


Result "bench.Bench7880.writeOrderJSONB":
  2690.087 ±(99.9%) 26.273 ops/ms [Average]
  (min, avg, max) = (2684.829, 2690.087, 2701.981), stdev = 6.823
  CI (99.9%): [2663.814, 2716.360] (assumes normal distribution)


# JMH version: 1.37
# VM version: JDK 21.0.12, OpenJDK 64-Bit Server VM, 21.0.12+8-LTS
# VM invoker: <jdk21>/bin/java
# VM options: -Xms1g -Xmx1g
# Blackhole mode: compiler (auto-detected, use -Djmh.blackhole.autoDetect=false to disable)
# Warmup: 4 iterations, 1 s each
# Measurement: 5 iterations, 1 s each
# Timeout: 10 min per iteration
# Threads: 1 thread, will synchronize iterations
# Benchmark mode: Throughput, ops/time
# Benchmark: bench.Bench7880.writeSet100Beans

# Run progress: 93.75% complete, ETA 00:00:09
# Fork: 1 of 1
# Warmup Iteration   1: 137.115 ops/ms
# Warmup Iteration   2: 153.901 ops/ms
# Warmup Iteration   3: 154.250 ops/ms
# Warmup Iteration   4: 154.374 ops/ms
Iteration   1: 154.467 ops/ms
Iteration   2: 153.723 ops/ms
Iteration   3: 154.253 ops/ms
Iteration   4: 154.233 ops/ms
Iteration   5: 154.492 ops/ms


Result "bench.Bench7880.writeSet100Beans":
  154.234 ±(99.9%) 1.192 ops/ms [Average]
  (min, avg, max) = (153.723, 154.234, 154.492), stdev = 0.310
  CI (99.9%): [153.042, 155.426] (assumes normal distribution)


# Run complete. Total time: 00:02:29

REMEMBER: The numbers below are just data. To gain reusable insights, you need to follow up on
why the numbers are the way they are. Use profilers (see -prof, -lprof), design factorial
experiments, perform baseline and negative tests that provide experimental control, make sure
the benchmarking environment is safe on JVM/OS/HW level, ask for reviews from the domain experts.
Do not assume the numbers tell you what you want them to tell.

NOTE: Current JVM experimentally supports Compiler Blackholes, and they are in use. Please exercise
extra caution when trusting the results, look into the generated code to check the benchmark still
works, and factor in a small probability of new VM bugs. Additionally, while comparisons between
different JVMs are already problematic, the performance difference caused by different Blackhole
modes can be very significant. Please make sure you use the consistent Blackhole mode for comparisons.

Benchmark                           Mode  Cnt     Score    Error   Units
Bench7880.parseJSONObject40        thrpt    5   468.015 ±  2.091  ops/ms
Bench7880.parseList100Objects      thrpt    5    71.386 ±  0.349  ops/ms
Bench7880.parseMapStringInteger64  thrpt    5   524.244 ±  0.443  ops/ms
Bench7880.parseMediaContentBean    thrpt    5  3094.145 ± 11.824  ops/ms
Bench7880.treeFromBasket100        thrpt    5   113.898 ±  0.355  ops/ms
Bench7880.treeFromMediaContent     thrpt    5  2036.898 ±  7.708  ops/ms
Bench7880.writeBasketArr100        thrpt    5   158.974 ±  2.285  ops/ms
Bench7880.writeBasketArr100JSONB   thrpt    5   614.403 ±  9.054  ops/ms
Bench7880.writeBasketArr100UTF8    thrpt    5   166.838 ±  5.324  ops/ms
Bench7880.writeList100Beans        thrpt    5   155.291 ±  0.751  ops/ms
Bench7880.writeMap100Beans         thrpt    5   130.972 ±  3.982  ops/ms
Bench7880.writeMediaContent        thrpt    5  3488.945 ± 13.448  ops/ms
Bench7880.writeMediaContentJSONB   thrpt    5  9207.627 ± 63.549  ops/ms
Bench7880.writeMediaContentUTF8    thrpt    5  4298.158 ±  9.822  ops/ms
Bench7880.writeOrderJSONB          thrpt    5  2690.087 ± 26.273  ops/ms
Bench7880.writeSet100Beans         thrpt    5   154.234 ±  1.192  ops/ms

Benchmark result is saved to <work>/env/jmh/ab-r7/v8-r6.json
