WARNING: A restricted method in java.lang.System has been called
WARNING: java.lang.System::load has been called by org.fusesource.jansi.internal.JansiLoader in an unnamed module (file:<maven>/lib/jansi-2.4.1.jar)
WARNING: Use --enable-native-access=ALL-UNNAMED to avoid a warning for callers in this module
WARNING: Restricted methods will be blocked in a future release unless native access is enabled

WARNING: A terminally deprecated method in sun.misc.Unsafe has been called
WARNING: sun.misc.Unsafe::objectFieldOffset has been called by com.google.common.util.concurrent.AbstractFuture$UnsafeAtomicHelper (file:<maven>/lib/guava-33.2.1-jre.jar)
WARNING: Please consider reporting this to the maintainers of class com.google.common.util.concurrent.AbstractFuture$UnsafeAtomicHelper
WARNING: sun.misc.Unsafe::objectFieldOffset will be removed in a future release
WARNING: A terminally deprecated method in sun.misc.Unsafe has been called
WARNING: sun.misc.Unsafe::invokeCleaner has been called by nonapi.io.github.classgraph.utils.FileUtils (file:<m2>/io/github/classgraph/classgraph/4.8.83/classgraph-4.8.83.jar)
WARNING: Please consider reporting this to the maintainers of class nonapi.io.github.classgraph.utils.FileUtils
WARNING: sun.misc.Unsafe::invokeCleaner will be removed in a future release
[ERROR] Tests run: 2, Failures: 2, Errors: 0, Skipped: 0, Time elapsed: 0.013 s <<< FAILURE! -- in com.alibaba.fastjson2.writer.MapKeyContextTest
[ERROR] com.alibaba.fastjson2.writer.MapKeyContextTest.dateKeysKeepTheContextFormatWhenFiltersAreSet -- Time elapsed: 0.007 s <<< FAILURE!
org.opentest4j.AssertionFailedError: expected: <{"byDay":{"2026/10/06":"v"},"day":"2026/10/06"}> but was: <{"byDay":{"2026-10-06":"v"},"day":"2026/10/06"}>
	at org.junit.jupiter.api.AssertionFailureBuilder.build(AssertionFailureBuilder.java:151)
	at org.junit.jupiter.api.AssertionFailureBuilder.buildAndThrow(AssertionFailureBuilder.java:132)
	at org.junit.jupiter.api.AssertEquals.failNotEqual(AssertEquals.java:197)
	at org.junit.jupiter.api.AssertEquals.assertEquals(AssertEquals.java:182)
	at org.junit.jupiter.api.AssertEquals.assertEquals(AssertEquals.java:177)
	at org.junit.jupiter.api.Assertions.assertEquals(Assertions.java:1145)
	at com.alibaba.fastjson2.writer.MapKeyContextTest.dateKeysKeepTheContextFormatWhenFiltersAreSet(MapKeyContextTest.java:31)
	at java.base/java.lang.reflect.Method.invoke(Method.java:565)
	at java.base/java.util.ArrayList.forEach(ArrayList.java:1604)
	at java.base/java.util.ArrayList.forEach(ArrayList.java:1604)

[ERROR] com.alibaba.fastjson2.writer.MapKeyContextTest.beanKeysGoThroughTheContextFilters -- Time elapsed: 0.004 s <<< FAILURE!
org.opentest4j.AssertionFailedError: expected: <{"m":{"{\"password\":\"***\",\"user\":\"u\"}":"v"}}> but was: <{"m":{"{\"password\":\"hunter2\",\"user\":\"u\"}":"v"}}>
	at org.junit.jupiter.api.AssertionFailureBuilder.build(AssertionFailureBuilder.java:151)
	at org.junit.jupiter.api.AssertionFailureBuilder.buildAndThrow(AssertionFailureBuilder.java:132)
	at org.junit.jupiter.api.AssertEquals.failNotEqual(AssertEquals.java:197)
	at org.junit.jupiter.api.AssertEquals.assertEquals(AssertEquals.java:182)
	at org.junit.jupiter.api.AssertEquals.assertEquals(AssertEquals.java:177)
	at org.junit.jupiter.api.Assertions.assertEquals(Assertions.java:1145)
	at com.alibaba.fastjson2.writer.MapKeyContextTest.beanKeysGoThroughTheContextFilters(MapKeyContextTest.java:47)
	at java.base/java.lang.reflect.Method.invoke(Method.java:565)
	at java.base/java.util.ArrayList.forEach(ArrayList.java:1604)
	at java.base/java.util.ArrayList.forEach(ArrayList.java:1604)

[ERROR] Tests run: 2, Failures: 2, Errors: 0, Skipped: 0, Time elapsed: 40.01 s <<< FAILURE! -- in com.alibaba.fastjson2.writer.ObjectWriterProviderCreationLockTest
[ERROR] com.alibaba.fastjson2.writer.ObjectWriterProviderCreationLockTest.constructorRunByTheCreatorMayWaitForAnInitializerThatSerializes -- Time elapsed: 20.00 s <<< FAILURE!
org.opentest4j.AssertionFailedError: writer creation and a serializing class initializer deadlocked ==> expected: <false> but was: <true>
	at org.junit.jupiter.api.AssertionFailureBuilder.build(AssertionFailureBuilder.java:151)
	at org.junit.jupiter.api.AssertionFailureBuilder.buildAndThrow(AssertionFailureBuilder.java:132)
	at org.junit.jupiter.api.AssertFalse.failNotFalse(AssertFalse.java:63)
	at org.junit.jupiter.api.AssertFalse.assertFalse(AssertFalse.java:36)
	at org.junit.jupiter.api.Assertions.assertFalse(Assertions.java:239)
	at com.alibaba.fastjson2.writer.ObjectWriterProviderCreationLockTest.constructorRunByTheCreatorMayWaitForAnInitializerThatSerializes(ObjectWriterProviderCreationLockTest.java:88)
	at java.base/java.lang.reflect.Method.invoke(Method.java:565)
	at java.base/java.util.ArrayList.forEach(ArrayList.java:1604)
	at java.base/java.util.ArrayList.forEach(ArrayList.java:1604)

[ERROR] com.alibaba.fastjson2.writer.ObjectWriterProviderCreationLockTest.enumFieldWriterMayWaitForAnEnumInitializerThatSerializes -- Time elapsed: 20.00 s <<< FAILURE!
org.opentest4j.AssertionFailedError: writer creation and a serializing enum initializer deadlocked ==> expected: <false> but was: <true>
	at org.junit.jupiter.api.AssertionFailureBuilder.build(AssertionFailureBuilder.java:151)
	at org.junit.jupiter.api.AssertionFailureBuilder.buildAndThrow(AssertionFailureBuilder.java:132)
	at org.junit.jupiter.api.AssertFalse.failNotFalse(AssertFalse.java:63)
	at org.junit.jupiter.api.AssertFalse.assertFalse(AssertFalse.java:36)
	at org.junit.jupiter.api.Assertions.assertFalse(Assertions.java:239)
	at com.alibaba.fastjson2.writer.ObjectWriterProviderCreationLockTest.enumFieldWriterMayWaitForAnEnumInitializerThatSerializes(ObjectWriterProviderCreationLockTest.java:134)
	at java.base/java.lang.reflect.Method.invoke(Method.java:565)
	at java.base/java.util.ArrayList.forEach(ArrayList.java:1604)
	at java.base/java.util.ArrayList.forEach(ArrayList.java:1604)

[ERROR] Tests run: 23, Failures: 1, Errors: 0, Skipped: 0, Time elapsed: 0.064 s <<< FAILURE! -- in com.alibaba.fastjson2.features.SortFieldNamesAlphabeticallyTest
[ERROR] com.alibaba.fastjson2.features.SortFieldNamesAlphabeticallyTest.fieldAnnotationSortsEveryFieldShape -- Time elapsed: 0.005 s <<< FAILURE!
org.opentest4j.AssertionFailedError: JSON set: {"byKey":{"{\"apple\":1,\"zebra\":3}":"v"},"finalArr":[{"apple":1,"zebra":3}],"list":[{"apple":1,"zebra":3}],"openArr":[{"apple":1,"zebra":3}],"plain":{"zebra":3,"apple":1},"rows":{"k":{"apple":1,"zebra":3}},"scalar":{"apple":1,"zebra":3},"set":[{"zebra":3,"apple":1}]} ==> expected: <true> but was: <false>
	at org.junit.jupiter.api.AssertionFailureBuilder.build(AssertionFailureBuilder.java:151)
	at org.junit.jupiter.api.AssertionFailureBuilder.buildAndThrow(AssertionFailureBuilder.java:132)
	at org.junit.jupiter.api.AssertTrue.failNotTrue(AssertTrue.java:63)
	at org.junit.jupiter.api.AssertTrue.assertTrue(AssertTrue.java:36)
	at org.junit.jupiter.api.Assertions.assertTrue(Assertions.java:214)
	at com.alibaba.fastjson2.features.SortFieldNamesAlphabeticallyTest.assertFieldShapes(SortFieldNamesAlphabeticallyTest.java:237)
	at com.alibaba.fastjson2.features.SortFieldNamesAlphabeticallyTest.fieldAnnotationSortsEveryFieldShape(SortFieldNamesAlphabeticallyTest.java:227)
	at java.base/java.lang.reflect.Method.invoke(Method.java:565)
	at java.base/java.util.ArrayList.forEach(ArrayList.java:1604)
	at java.base/java.util.ArrayList.forEach(ArrayList.java:1604)

[ERROR] Failures: 
[ERROR]   SortFieldNamesAlphabeticallyTest.fieldAnnotationSortsEveryFieldShape:227->assertFieldShapes:237 JSON set: {"byKey":{"{\"apple\":1,\"zebra\":3}":"v"},"finalArr":[{"apple":1,"zebra":3}],"list":[{"apple":1,"zebra":3}],"openArr":[{"apple":1,"zebra":3}],"plain":{"zebra":3,"apple":1},"rows":{"k":{"apple":1,"zebra":3}},"scalar":{"apple":1,"zebra":3},"set":[{"zebra":3,"apple":1}]} ==> expected: <true> but was: <false>
[ERROR]   MapKeyContextTest.beanKeysGoThroughTheContextFilters:47 expected: <{"m":{"{\"password\":\"***\",\"user\":\"u\"}":"v"}}> but was: <{"m":{"{\"password\":\"hunter2\",\"user\":\"u\"}":"v"}}>
[ERROR]   MapKeyContextTest.dateKeysKeepTheContextFormatWhenFiltersAreSet:31 expected: <{"byDay":{"2026/10/06":"v"},"day":"2026/10/06"}> but was: <{"byDay":{"2026-10-06":"v"},"day":"2026/10/06"}>
[ERROR]   ObjectWriterProviderCreationLockTest.constructorRunByTheCreatorMayWaitForAnInitializerThatSerializes:88 writer creation and a serializing class initializer deadlocked ==> expected: <false> but was: <true>
[ERROR]   ObjectWriterProviderCreationLockTest.enumFieldWriterMayWaitForAnEnumInitializerThatSerializes:134 writer creation and a serializing enum initializer deadlocked ==> expected: <false> but was: <true>
[ERROR] Tests run: 110, Failures: 5, Errors: 0, Skipped: 0
[ERROR] Failed to execute goal org.apache.maven.plugins:maven-surefire-plugin:3.5.3:test (default-test) on project fastjson2: There are test failures.
[ERROR] 
[ERROR] See <work>/wt-mut6/core/target/surefire-reports for the individual test results.
[ERROR] See dump files (if any exist) [date].dump, [date]-jvmRun[N].dump and [date].dumpstream.
[ERROR] -> [Help 1]
[ERROR] 
[ERROR] To see the full stack trace of the errors, re-run Maven with the -e switch.
[ERROR] Re-run Maven using the -X switch to enable full debug logging.
[ERROR] 
[ERROR] For more information about the errors and possible solutions, please read the following articles:
[ERROR] [Help 1] http://cwiki.apache.org/confluence/display/MAVEN/MojoFailureException
