# JMH version: 1.37
# VM version: JDK 21.0.12, OpenJDK 64-Bit Server VM, 21.0.12+8-LTS
# VM invoker: <jdk21>/bin/java
# VM options: -Xms1g -Xmx1g
# Blackhole mode: compiler (auto-detected, use -Djmh.blackhole.autoDetect=false to disable)
# Warmup: 4 iterations, 1 s each
# Measurement: 5 iterations, 1 s each
# Timeout: 10 min per iteration
# Threads: 1 thread, will synchronize iterations
# Benchmark mode: Throughput, ops/time
# Benchmark: bench.Bench7880.featureWriteBasketArr100Sorted

# Run progress: 0.00% complete, ETA 00:00:27
# Fork: 1 of 1
# Warmup Iteration   1: 137.818 ops/ms
# Warmup Iteration   2: 156.221 ops/ms
# Warmup Iteration   3: 157.036 ops/ms
# Warmup Iteration   4: 157.367 ops/ms
Iteration   1: 156.208 ops/ms
Iteration   2: 157.399 ops/ms
Iteration   3: 157.351 ops/ms
Iteration   4: 157.432 ops/ms
Iteration   5: 157.503 ops/ms


Result "bench.Bench7880.featureWriteBasketArr100Sorted":
  157.179 ±(99.9%) 2.100 ops/ms [Average]
  (min, avg, max) = (156.208, 157.179, 157.503), stdev = 0.545
  CI (99.9%): [155.078, 159.279] (assumes normal distribution)


# JMH version: 1.37
# VM version: JDK 21.0.12, OpenJDK 64-Bit Server VM, 21.0.12+8-LTS
# VM invoker: <jdk21>/bin/java
# VM options: -Xms1g -Xmx1g
# Blackhole mode: compiler (auto-detected, use -Djmh.blackhole.autoDetect=false to disable)
# Warmup: 4 iterations, 1 s each
# Measurement: 5 iterations, 1 s each
# Timeout: 10 min per iteration
# Threads: 1 thread, will synchronize iterations
# Benchmark mode: Throughput, ops/time
# Benchmark: bench.Bench7880.featureWriteList100Sorted

# Run progress: 33.33% complete, ETA 00:00:18
# Fork: 1 of 1
# Warmup Iteration   1: 136.997 ops/ms
# Warmup Iteration   2: 152.514 ops/ms
# Warmup Iteration   3: 151.709 ops/ms
# Warmup Iteration   4: 154.375 ops/ms
Iteration   1: 153.934 ops/ms
Iteration   2: 152.525 ops/ms
Iteration   3: 153.586 ops/ms
Iteration   4: 153.450 ops/ms
Iteration   5: 153.523 ops/ms


Result "bench.Bench7880.featureWriteList100Sorted":
  153.404 ±(99.9%) 2.023 ops/ms [Average]
  (min, avg, max) = (152.525, 153.404, 153.934), stdev = 0.525
  CI (99.9%): [151.381, 155.426] (assumes normal distribution)


# JMH version: 1.37
# VM version: JDK 21.0.12, OpenJDK 64-Bit Server VM, 21.0.12+8-LTS
# VM invoker: <jdk21>/bin/java
# VM options: -Xms1g -Xmx1g
# Blackhole mode: compiler (auto-detected, use -Djmh.blackhole.autoDetect=false to disable)
# Warmup: 4 iterations, 1 s each
# Measurement: 5 iterations, 1 s each
# Timeout: 10 min per iteration
# Threads: 1 thread, will synchronize iterations
# Benchmark mode: Throughput, ops/time
# Benchmark: bench.Bench7880.featureWriteOrderSorted

# Run progress: 66.67% complete, ETA 00:00:09
# Fork: 1 of 1
# Warmup Iteration   1: 557.256 ops/ms
# Warmup Iteration   2: 636.451 ops/ms
# Warmup Iteration   3: 648.692 ops/ms
# Warmup Iteration   4: 644.354 ops/ms
Iteration   1: 642.708 ops/ms
Iteration   2: 632.993 ops/ms
Iteration   3: 650.114 ops/ms
Iteration   4: 649.448 ops/ms
Iteration   5: 650.457 ops/ms


Result "bench.Bench7880.featureWriteOrderSorted":
  645.144 ±(99.9%) 28.882 ops/ms [Average]
  (min, avg, max) = (632.993, 645.144, 650.457), stdev = 7.500
  CI (99.9%): [616.262, 674.026] (assumes normal distribution)


# Run complete. Total time: 00:00:28

REMEMBER: The numbers below are just data. To gain reusable insights, you need to follow up on
why the numbers are the way they are. Use profilers (see -prof, -lprof), design factorial
experiments, perform baseline and negative tests that provide experimental control, make sure
the benchmarking environment is safe on JVM/OS/HW level, ask for reviews from the domain experts.
Do not assume the numbers tell you what you want them to tell.

NOTE: Current JVM experimentally supports Compiler Blackholes, and they are in use. Please exercise
extra caution when trusting the results, look into the generated code to check the benchmark still
works, and factor in a small probability of new VM bugs. Additionally, while comparisons between
different JVMs are already problematic, the performance difference caused by different Blackhole
modes can be very significant. Please make sure you use the consistent Blackhole mode for comparisons.

Benchmark                                  Mode  Cnt    Score    Error   Units
Bench7880.featureWriteBasketArr100Sorted  thrpt    5  157.179 ±  2.100  ops/ms
Bench7880.featureWriteList100Sorted       thrpt    5  153.404 ±  2.023  ops/ms
Bench7880.featureWriteOrderSorted         thrpt    5  645.144 ± 28.882  ops/ms

Benchmark result is saved to <work>/env/jmh/ab-r7feat/v6-r2.json
