# JMH version: 1.37
# VM version: JDK 21.0.12, OpenJDK 64-Bit Server VM, 21.0.12+8-LTS
# VM invoker: <jdk21>/bin/java
# VM options: -Xms1g -Xmx1g
# Blackhole mode: compiler (auto-detected, use -Djmh.blackhole.autoDetect=false to disable)
# Warmup: 4 iterations, 1 s each
# Measurement: 5 iterations, 1 s each
# Timeout: 10 min per iteration
# Threads: 1 thread, will synchronize iterations
# Benchmark mode: Throughput, ops/time
# Benchmark: bench.Bench7880.featureWriteBasketArr100Sorted

# Run progress: 0.00% complete, ETA 00:00:27
# Fork: 1 of 1
# Warmup Iteration   1: 135.625 ops/ms
# Warmup Iteration   2: 154.408 ops/ms
# Warmup Iteration   3: 153.494 ops/ms
# Warmup Iteration   4: 155.468 ops/ms
Iteration   1: 155.035 ops/ms
Iteration   2: 154.831 ops/ms
Iteration   3: 156.221 ops/ms
Iteration   4: 155.816 ops/ms
Iteration   5: 155.965 ops/ms


Result "bench.Bench7880.featureWriteBasketArr100Sorted":
  155.574 ±(99.9%) 2.337 ops/ms [Average]
  (min, avg, max) = (154.831, 155.574, 156.221), stdev = 0.607
  CI (99.9%): [153.237, 157.911] (assumes normal distribution)


# JMH version: 1.37
# VM version: JDK 21.0.12, OpenJDK 64-Bit Server VM, 21.0.12+8-LTS
# VM invoker: <jdk21>/bin/java
# VM options: -Xms1g -Xmx1g
# Blackhole mode: compiler (auto-detected, use -Djmh.blackhole.autoDetect=false to disable)
# Warmup: 4 iterations, 1 s each
# Measurement: 5 iterations, 1 s each
# Timeout: 10 min per iteration
# Threads: 1 thread, will synchronize iterations
# Benchmark mode: Throughput, ops/time
# Benchmark: bench.Bench7880.featureWriteList100Sorted

# Run progress: 33.33% complete, ETA 00:00:18
# Fork: 1 of 1
# Warmup Iteration   1: 132.859 ops/ms
# Warmup Iteration   2: 152.475 ops/ms
# Warmup Iteration   3: 151.972 ops/ms
# Warmup Iteration   4: 152.674 ops/ms
Iteration   1: 152.814 ops/ms
Iteration   2: 152.516 ops/ms
Iteration   3: 153.377 ops/ms
Iteration   4: 153.351 ops/ms
Iteration   5: 153.448 ops/ms


Result "bench.Bench7880.featureWriteList100Sorted":
  153.101 ±(99.9%) 1.591 ops/ms [Average]
  (min, avg, max) = (152.516, 153.101, 153.448), stdev = 0.413
  CI (99.9%): [151.510, 154.693] (assumes normal distribution)


# JMH version: 1.37
# VM version: JDK 21.0.12, OpenJDK 64-Bit Server VM, 21.0.12+8-LTS
# VM invoker: <jdk21>/bin/java
# VM options: -Xms1g -Xmx1g
# Blackhole mode: compiler (auto-detected, use -Djmh.blackhole.autoDetect=false to disable)
# Warmup: 4 iterations, 1 s each
# Measurement: 5 iterations, 1 s each
# Timeout: 10 min per iteration
# Threads: 1 thread, will synchronize iterations
# Benchmark mode: Throughput, ops/time
# Benchmark: bench.Bench7880.featureWriteOrderSorted

# Run progress: 66.67% complete, ETA 00:00:09
# Fork: 1 of 1
# Warmup Iteration   1: 562.272 ops/ms
# Warmup Iteration   2: 643.841 ops/ms
# Warmup Iteration   3: 644.122 ops/ms
# Warmup Iteration   4: 643.289 ops/ms
Iteration   1: 644.616 ops/ms
Iteration   2: 642.244 ops/ms
Iteration   3: 645.172 ops/ms
Iteration   4: 645.243 ops/ms
Iteration   5: 645.574 ops/ms


Result "bench.Bench7880.featureWriteOrderSorted":
  644.570 ±(99.9%) 5.180 ops/ms [Average]
  (min, avg, max) = (642.244, 644.570, 645.574), stdev = 1.345
  CI (99.9%): [639.390, 649.750] (assumes normal distribution)


# Run complete. Total time: 00:00:27

REMEMBER: The numbers below are just data. To gain reusable insights, you need to follow up on
why the numbers are the way they are. Use profilers (see -prof, -lprof), design factorial
experiments, perform baseline and negative tests that provide experimental control, make sure
the benchmarking environment is safe on JVM/OS/HW level, ask for reviews from the domain experts.
Do not assume the numbers tell you what you want them to tell.

NOTE: Current JVM experimentally supports Compiler Blackholes, and they are in use. Please exercise
extra caution when trusting the results, look into the generated code to check the benchmark still
works, and factor in a small probability of new VM bugs. Additionally, while comparisons between
different JVMs are already problematic, the performance difference caused by different Blackhole
modes can be very significant. Please make sure you use the consistent Blackhole mode for comparisons.

Benchmark                                  Mode  Cnt    Score   Error   Units
Bench7880.featureWriteBasketArr100Sorted  thrpt    5  155.574 ± 2.337  ops/ms
Bench7880.featureWriteList100Sorted       thrpt    5  153.101 ± 1.591  ops/ms
Bench7880.featureWriteOrderSorted         thrpt    5  644.570 ± 5.180  ops/ms

Benchmark result is saved to <work>/env/jmh/ab-r7feat/v6-r1.json
