# JMH version: 1.37
# VM version: JDK 21.0.12, OpenJDK 64-Bit Server VM, 21.0.12+8-LTS
# VM invoker: <jdk21>/bin/java
# VM options: -Xms1g -Xmx1g
# Blackhole mode: compiler (auto-detected, use -Djmh.blackhole.autoDetect=false to disable)
# Warmup: 4 iterations, 1 s each
# Measurement: 5 iterations, 1 s each
# Timeout: 10 min per iteration
# Threads: 1 thread, will synchronize iterations
# Benchmark mode: Throughput, ops/time
# Benchmark: bench.Bench7880.featureWriteBasketArr100Sorted

# Run progress: 0.00% complete, ETA 00:00:27
# Fork: 1 of 1
# Warmup Iteration   1: 135.034 ops/ms
# Warmup Iteration   2: 153.802 ops/ms
# Warmup Iteration   3: 155.371 ops/ms
# Warmup Iteration   4: 156.267 ops/ms
Iteration   1: 155.121 ops/ms
Iteration   2: 156.167 ops/ms
Iteration   3: 156.397 ops/ms
Iteration   4: 156.421 ops/ms
Iteration   5: 156.507 ops/ms


Result "bench.Bench7880.featureWriteBasketArr100Sorted":
  156.123 ±(99.9%) 2.209 ops/ms [Average]
  (min, avg, max) = (155.121, 156.123, 156.507), stdev = 0.574
  CI (99.9%): [153.914, 158.331] (assumes normal distribution)


# JMH version: 1.37
# VM version: JDK 21.0.12, OpenJDK 64-Bit Server VM, 21.0.12+8-LTS
# VM invoker: <jdk21>/bin/java
# VM options: -Xms1g -Xmx1g
# Blackhole mode: compiler (auto-detected, use -Djmh.blackhole.autoDetect=false to disable)
# Warmup: 4 iterations, 1 s each
# Measurement: 5 iterations, 1 s each
# Timeout: 10 min per iteration
# Threads: 1 thread, will synchronize iterations
# Benchmark mode: Throughput, ops/time
# Benchmark: bench.Bench7880.featureWriteList100Sorted

# Run progress: 33.33% complete, ETA 00:00:18
# Fork: 1 of 1
# Warmup Iteration   1: 135.317 ops/ms
# Warmup Iteration   2: 153.157 ops/ms
# Warmup Iteration   3: 153.647 ops/ms
# Warmup Iteration   4: 153.671 ops/ms
Iteration   1: 154.258 ops/ms
Iteration   2: 152.372 ops/ms
Iteration   3: 153.042 ops/ms
Iteration   4: 152.963 ops/ms
Iteration   5: 153.104 ops/ms


Result "bench.Bench7880.featureWriteList100Sorted":
  153.148 ±(99.9%) 2.641 ops/ms [Average]
  (min, avg, max) = (152.372, 153.148, 154.258), stdev = 0.686
  CI (99.9%): [150.506, 155.789] (assumes normal distribution)


# JMH version: 1.37
# VM version: JDK 21.0.12, OpenJDK 64-Bit Server VM, 21.0.12+8-LTS
# VM invoker: <jdk21>/bin/java
# VM options: -Xms1g -Xmx1g
# Blackhole mode: compiler (auto-detected, use -Djmh.blackhole.autoDetect=false to disable)
# Warmup: 4 iterations, 1 s each
# Measurement: 5 iterations, 1 s each
# Timeout: 10 min per iteration
# Threads: 1 thread, will synchronize iterations
# Benchmark mode: Throughput, ops/time
# Benchmark: bench.Bench7880.featureWriteOrderSorted

# Run progress: 66.67% complete, ETA 00:00:09
# Fork: 1 of 1
# Warmup Iteration   1: 543.033 ops/ms
# Warmup Iteration   2: 645.457 ops/ms
# Warmup Iteration   3: 647.535 ops/ms
# Warmup Iteration   4: 645.097 ops/ms
Iteration   1: 647.816 ops/ms
Iteration   2: 644.136 ops/ms
Iteration   3: 647.863 ops/ms
Iteration   4: 647.479 ops/ms
Iteration   5: 648.354 ops/ms


Result "bench.Bench7880.featureWriteOrderSorted":
  647.130 ±(99.9%) 6.556 ops/ms [Average]
  (min, avg, max) = (644.136, 647.130, 648.354), stdev = 1.702
  CI (99.9%): [640.574, 653.685] (assumes normal distribution)


# Run complete. Total time: 00:00:27

REMEMBER: The numbers below are just data. To gain reusable insights, you need to follow up on
why the numbers are the way they are. Use profilers (see -prof, -lprof), design factorial
experiments, perform baseline and negative tests that provide experimental control, make sure
the benchmarking environment is safe on JVM/OS/HW level, ask for reviews from the domain experts.
Do not assume the numbers tell you what you want them to tell.

NOTE: Current JVM experimentally supports Compiler Blackholes, and they are in use. Please exercise
extra caution when trusting the results, look into the generated code to check the benchmark still
works, and factor in a small probability of new VM bugs. Additionally, while comparisons between
different JVMs are already problematic, the performance difference caused by different Blackhole
modes can be very significant. Please make sure you use the consistent Blackhole mode for comparisons.

Benchmark                                  Mode  Cnt    Score   Error   Units
Bench7880.featureWriteBasketArr100Sorted  thrpt    5  156.123 ± 2.209  ops/ms
Bench7880.featureWriteList100Sorted       thrpt    5  153.148 ± 2.641  ops/ms
Bench7880.featureWriteOrderSorted         thrpt    5  647.130 ± 6.556  ops/ms

Benchmark result is saved to <work>/env/jmh/ab-r7feat/v6-r3.json
