# JMH version: 1.37
# VM version: JDK 21.0.12, OpenJDK 64-Bit Server VM, 21.0.12+8-LTS
# VM invoker: <jdk21>/bin/java
# VM options: -Xms1g -Xmx1g
# Blackhole mode: compiler (auto-detected, use -Djmh.blackhole.autoDetect=false to disable)
# Warmup: 4 iterations, 1 s each
# Measurement: 5 iterations, 1 s each
# Timeout: 10 min per iteration
# Threads: 1 thread, will synchronize iterations
# Benchmark mode: Throughput, ops/time
# Benchmark: bench.Bench7880.featureWriteBasketArr100Sorted

# Run progress: 0.00% complete, ETA 00:00:27
# Fork: 1 of 1
# Warmup Iteration   1: 139.681 ops/ms
# Warmup Iteration   2: 155.998 ops/ms
# Warmup Iteration   3: 157.021 ops/ms
# Warmup Iteration   4: 157.447 ops/ms
Iteration   1: 156.882 ops/ms
Iteration   2: 156.640 ops/ms
Iteration   3: 156.953 ops/ms
Iteration   4: 157.118 ops/ms
Iteration   5: 156.891 ops/ms


Result "bench.Bench7880.featureWriteBasketArr100Sorted":
  156.897 ±(99.9%) 0.663 ops/ms [Average]
  (min, avg, max) = (156.640, 156.897, 157.118), stdev = 0.172
  CI (99.9%): [156.234, 157.559] (assumes normal distribution)


# JMH version: 1.37
# VM version: JDK 21.0.12, OpenJDK 64-Bit Server VM, 21.0.12+8-LTS
# VM invoker: <jdk21>/bin/java
# VM options: -Xms1g -Xmx1g
# Blackhole mode: compiler (auto-detected, use -Djmh.blackhole.autoDetect=false to disable)
# Warmup: 4 iterations, 1 s each
# Measurement: 5 iterations, 1 s each
# Timeout: 10 min per iteration
# Threads: 1 thread, will synchronize iterations
# Benchmark mode: Throughput, ops/time
# Benchmark: bench.Bench7880.featureWriteList100Sorted

# Run progress: 33.33% complete, ETA 00:00:18
# Fork: 1 of 1
# Warmup Iteration   1: 134.158 ops/ms
# Warmup Iteration   2: 151.542 ops/ms
# Warmup Iteration   3: 150.794 ops/ms
# Warmup Iteration   4: 151.382 ops/ms
Iteration   1: 150.980 ops/ms
Iteration   2: 151.549 ops/ms
Iteration   3: 153.306 ops/ms
Iteration   4: 153.253 ops/ms
Iteration   5: 153.346 ops/ms


Result "bench.Bench7880.featureWriteList100Sorted":
  152.487 ±(99.9%) 4.367 ops/ms [Average]
  (min, avg, max) = (150.980, 152.487, 153.346), stdev = 1.134
  CI (99.9%): [148.120, 156.854] (assumes normal distribution)


# JMH version: 1.37
# VM version: JDK 21.0.12, OpenJDK 64-Bit Server VM, 21.0.12+8-LTS
# VM invoker: <jdk21>/bin/java
# VM options: -Xms1g -Xmx1g
# Blackhole mode: compiler (auto-detected, use -Djmh.blackhole.autoDetect=false to disable)
# Warmup: 4 iterations, 1 s each
# Measurement: 5 iterations, 1 s each
# Timeout: 10 min per iteration
# Threads: 1 thread, will synchronize iterations
# Benchmark mode: Throughput, ops/time
# Benchmark: bench.Bench7880.featureWriteOrderSorted

# Run progress: 66.67% complete, ETA 00:00:09
# Fork: 1 of 1
# Warmup Iteration   1: 562.479 ops/ms
# Warmup Iteration   2: 644.181 ops/ms
# Warmup Iteration   3: 641.104 ops/ms
# Warmup Iteration   4: 643.922 ops/ms
Iteration   1: 645.302 ops/ms
Iteration   2: 640.781 ops/ms
Iteration   3: 646.215 ops/ms
Iteration   4: 645.975 ops/ms
Iteration   5: 647.171 ops/ms


Result "bench.Bench7880.featureWriteOrderSorted":
  645.089 ±(99.9%) 9.625 ops/ms [Average]
  (min, avg, max) = (640.781, 645.089, 647.171), stdev = 2.500
  CI (99.9%): [635.463, 654.714] (assumes normal distribution)


# Run complete. Total time: 00:00:28

REMEMBER: The numbers below are just data. To gain reusable insights, you need to follow up on
why the numbers are the way they are. Use profilers (see -prof, -lprof), design factorial
experiments, perform baseline and negative tests that provide experimental control, make sure
the benchmarking environment is safe on JVM/OS/HW level, ask for reviews from the domain experts.
Do not assume the numbers tell you what you want them to tell.

NOTE: Current JVM experimentally supports Compiler Blackholes, and they are in use. Please exercise
extra caution when trusting the results, look into the generated code to check the benchmark still
works, and factor in a small probability of new VM bugs. Additionally, while comparisons between
different JVMs are already problematic, the performance difference caused by different Blackhole
modes can be very significant. Please make sure you use the consistent Blackhole mode for comparisons.

Benchmark                                  Mode  Cnt    Score   Error   Units
Bench7880.featureWriteBasketArr100Sorted  thrpt    5  156.897 ± 0.663  ops/ms
Bench7880.featureWriteList100Sorted       thrpt    5  152.487 ± 4.367  ops/ms
Bench7880.featureWriteOrderSorted         thrpt    5  645.089 ± 9.625  ops/ms

Benchmark result is saved to <work>/env/jmh/ab-r7feat/v6-r4.json
