# JMH version: 1.37
# VM version: JDK 21.0.12, OpenJDK 64-Bit Server VM, 21.0.12+8-LTS
# VM invoker: <jdk21>/bin/java
# VM options: -Xms1g -Xmx1g
# Blackhole mode: compiler (auto-detected, use -Djmh.blackhole.autoDetect=false to disable)
# Warmup: 4 iterations, 1 s each
# Measurement: 5 iterations, 1 s each
# Timeout: 10 min per iteration
# Threads: 1 thread, will synchronize iterations
# Benchmark mode: Throughput, ops/time
# Benchmark: bench.Bench7880.featureWriteBasketArr100Sorted

# Run progress: 0.00% complete, ETA 00:00:27
# Fork: 1 of 1
# Warmup Iteration   1: 137.407 ops/ms
# Warmup Iteration   2: 156.876 ops/ms
# Warmup Iteration   3: 157.309 ops/ms
# Warmup Iteration   4: 157.378 ops/ms
Iteration   1: 157.341 ops/ms
Iteration   2: 157.532 ops/ms
Iteration   3: 158.094 ops/ms
Iteration   4: 158.039 ops/ms
Iteration   5: 158.134 ops/ms


Result "bench.Bench7880.featureWriteBasketArr100Sorted":
  157.828 ±(99.9%) 1.405 ops/ms [Average]
  (min, avg, max) = (157.341, 157.828, 158.134), stdev = 0.365
  CI (99.9%): [156.422, 159.233] (assumes normal distribution)


# JMH version: 1.37
# VM version: JDK 21.0.12, OpenJDK 64-Bit Server VM, 21.0.12+8-LTS
# VM invoker: <jdk21>/bin/java
# VM options: -Xms1g -Xmx1g
# Blackhole mode: compiler (auto-detected, use -Djmh.blackhole.autoDetect=false to disable)
# Warmup: 4 iterations, 1 s each
# Measurement: 5 iterations, 1 s each
# Timeout: 10 min per iteration
# Threads: 1 thread, will synchronize iterations
# Benchmark mode: Throughput, ops/time
# Benchmark: bench.Bench7880.featureWriteList100Sorted

# Run progress: 33.33% complete, ETA 00:00:18
# Fork: 1 of 1
# Warmup Iteration   1: 134.385 ops/ms
# Warmup Iteration   2: 152.853 ops/ms
# Warmup Iteration   3: 153.921 ops/ms
# Warmup Iteration   4: 152.793 ops/ms
Iteration   1: 153.617 ops/ms
Iteration   2: 153.320 ops/ms
Iteration   3: 153.881 ops/ms
Iteration   4: 153.669 ops/ms
Iteration   5: 153.813 ops/ms


Result "bench.Bench7880.featureWriteList100Sorted":
  153.660 ±(99.9%) 0.839 ops/ms [Average]
  (min, avg, max) = (153.320, 153.660, 153.881), stdev = 0.218
  CI (99.9%): [152.822, 154.499] (assumes normal distribution)


# JMH version: 1.37
# VM version: JDK 21.0.12, OpenJDK 64-Bit Server VM, 21.0.12+8-LTS
# VM invoker: <jdk21>/bin/java
# VM options: -Xms1g -Xmx1g
# Blackhole mode: compiler (auto-detected, use -Djmh.blackhole.autoDetect=false to disable)
# Warmup: 4 iterations, 1 s each
# Measurement: 5 iterations, 1 s each
# Timeout: 10 min per iteration
# Threads: 1 thread, will synchronize iterations
# Benchmark mode: Throughput, ops/time
# Benchmark: bench.Bench7880.featureWriteOrderSorted

# Run progress: 66.67% complete, ETA 00:00:09
# Fork: 1 of 1
# Warmup Iteration   1: 512.596 ops/ms
# Warmup Iteration   2: 626.290 ops/ms
# Warmup Iteration   3: 626.689 ops/ms
# Warmup Iteration   4: 627.148 ops/ms
Iteration   1: 622.939 ops/ms
Iteration   2: 627.693 ops/ms
Iteration   3: 629.766 ops/ms
Iteration   4: 629.167 ops/ms
Iteration   5: 628.930 ops/ms


Result "bench.Bench7880.featureWriteOrderSorted":
  627.699 ±(99.9%) 10.651 ops/ms [Average]
  (min, avg, max) = (622.939, 627.699, 629.766), stdev = 2.766
  CI (99.9%): [617.048, 638.350] (assumes normal distribution)


# Run complete. Total time: 00:00:28

REMEMBER: The numbers below are just data. To gain reusable insights, you need to follow up on
why the numbers are the way they are. Use profilers (see -prof, -lprof), design factorial
experiments, perform baseline and negative tests that provide experimental control, make sure
the benchmarking environment is safe on JVM/OS/HW level, ask for reviews from the domain experts.
Do not assume the numbers tell you what you want them to tell.

NOTE: Current JVM experimentally supports Compiler Blackholes, and they are in use. Please exercise
extra caution when trusting the results, look into the generated code to check the benchmark still
works, and factor in a small probability of new VM bugs. Additionally, while comparisons between
different JVMs are already problematic, the performance difference caused by different Blackhole
modes can be very significant. Please make sure you use the consistent Blackhole mode for comparisons.

Benchmark                                  Mode  Cnt    Score    Error   Units
Bench7880.featureWriteBasketArr100Sorted  thrpt    5  157.828 ±  1.405  ops/ms
Bench7880.featureWriteList100Sorted       thrpt    5  153.660 ±  0.839  ops/ms
Bench7880.featureWriteOrderSorted         thrpt    5  627.699 ± 10.651  ops/ms

Benchmark result is saved to <work>/env/jmh/ab-r7feat/v8-r4.json
