# JMH version: 1.37
# VM version: JDK 21.0.12, OpenJDK 64-Bit Server VM, 21.0.12+8-LTS
# VM invoker: <jdk21>/bin/java
# VM options: -Xms1g -Xmx1g
# Blackhole mode: compiler (auto-detected, use -Djmh.blackhole.autoDetect=false to disable)
# Warmup: 4 iterations, 1 s each
# Measurement: 5 iterations, 1 s each
# Timeout: 10 min per iteration
# Threads: 1 thread, will synchronize iterations
# Benchmark mode: Throughput, ops/time
# Benchmark: bench.Bench7880.featureWriteBasketArr100Sorted

# Run progress: 0.00% complete, ETA 00:00:27
# Fork: 1 of 1
# Warmup Iteration   1: 138.845 ops/ms
# Warmup Iteration   2: 157.208 ops/ms
# Warmup Iteration   3: 156.620 ops/ms
# Warmup Iteration   4: 157.725 ops/ms
Iteration   1: 157.082 ops/ms
Iteration   2: 157.487 ops/ms
Iteration   3: 157.395 ops/ms
Iteration   4: 157.629 ops/ms
Iteration   5: 157.534 ops/ms


Result "bench.Bench7880.featureWriteBasketArr100Sorted":
  157.425 ±(99.9%) 0.806 ops/ms [Average]
  (min, avg, max) = (157.082, 157.425, 157.629), stdev = 0.209
  CI (99.9%): [156.619, 158.232] (assumes normal distribution)


# JMH version: 1.37
# VM version: JDK 21.0.12, OpenJDK 64-Bit Server VM, 21.0.12+8-LTS
# VM invoker: <jdk21>/bin/java
# VM options: -Xms1g -Xmx1g
# Blackhole mode: compiler (auto-detected, use -Djmh.blackhole.autoDetect=false to disable)
# Warmup: 4 iterations, 1 s each
# Measurement: 5 iterations, 1 s each
# Timeout: 10 min per iteration
# Threads: 1 thread, will synchronize iterations
# Benchmark mode: Throughput, ops/time
# Benchmark: bench.Bench7880.featureWriteList100Sorted

# Run progress: 33.33% complete, ETA 00:00:18
# Fork: 1 of 1
# Warmup Iteration   1: 134.016 ops/ms
# Warmup Iteration   2: 152.683 ops/ms
# Warmup Iteration   3: 152.817 ops/ms
# Warmup Iteration   4: 152.433 ops/ms
Iteration   1: 152.737 ops/ms
Iteration   2: 151.941 ops/ms
Iteration   3: 153.685 ops/ms
Iteration   4: 153.518 ops/ms
Iteration   5: 153.695 ops/ms


Result "bench.Bench7880.featureWriteList100Sorted":
  153.115 ±(99.9%) 2.948 ops/ms [Average]
  (min, avg, max) = (151.941, 153.115, 153.695), stdev = 0.765
  CI (99.9%): [150.168, 156.063] (assumes normal distribution)


# JMH version: 1.37
# VM version: JDK 21.0.12, OpenJDK 64-Bit Server VM, 21.0.12+8-LTS
# VM invoker: <jdk21>/bin/java
# VM options: -Xms1g -Xmx1g
# Blackhole mode: compiler (auto-detected, use -Djmh.blackhole.autoDetect=false to disable)
# Warmup: 4 iterations, 1 s each
# Measurement: 5 iterations, 1 s each
# Timeout: 10 min per iteration
# Threads: 1 thread, will synchronize iterations
# Benchmark mode: Throughput, ops/time
# Benchmark: bench.Bench7880.featureWriteOrderSorted

# Run progress: 66.67% complete, ETA 00:00:09
# Fork: 1 of 1
# Warmup Iteration   1: 533.146 ops/ms
# Warmup Iteration   2: 622.494 ops/ms
# Warmup Iteration   3: 625.099 ops/ms
# Warmup Iteration   4: 622.832 ops/ms
Iteration   1: 622.992 ops/ms
Iteration   2: 624.548 ops/ms
Iteration   3: 626.207 ops/ms
Iteration   4: 625.791 ops/ms
Iteration   5: 625.778 ops/ms


Result "bench.Bench7880.featureWriteOrderSorted":
  625.063 ±(99.9%) 5.059 ops/ms [Average]
  (min, avg, max) = (622.992, 625.063, 626.207), stdev = 1.314
  CI (99.9%): [620.005, 630.122] (assumes normal distribution)


# Run complete. Total time: 00:00:28

REMEMBER: The numbers below are just data. To gain reusable insights, you need to follow up on
why the numbers are the way they are. Use profilers (see -prof, -lprof), design factorial
experiments, perform baseline and negative tests that provide experimental control, make sure
the benchmarking environment is safe on JVM/OS/HW level, ask for reviews from the domain experts.
Do not assume the numbers tell you what you want them to tell.

NOTE: Current JVM experimentally supports Compiler Blackholes, and they are in use. Please exercise
extra caution when trusting the results, look into the generated code to check the benchmark still
works, and factor in a small probability of new VM bugs. Additionally, while comparisons between
different JVMs are already problematic, the performance difference caused by different Blackhole
modes can be very significant. Please make sure you use the consistent Blackhole mode for comparisons.

Benchmark                                  Mode  Cnt    Score   Error   Units
Bench7880.featureWriteBasketArr100Sorted  thrpt    5  157.425 ± 0.806  ops/ms
Bench7880.featureWriteList100Sorted       thrpt    5  153.115 ± 2.948  ops/ms
Bench7880.featureWriteOrderSorted         thrpt    5  625.063 ± 5.059  ops/ms

Benchmark result is saved to <work>/env/jmh/ab-r7feat/v8-r1.json
