# JMH version: 1.37
# VM version: JDK 21.0.12, OpenJDK 64-Bit Server VM, 21.0.12+8-LTS
# VM invoker: <jdk21>/bin/java
# VM options: -Xms1g -Xmx1g
# Blackhole mode: compiler (auto-detected, use -Djmh.blackhole.autoDetect=false to disable)
# Warmup: 4 iterations, 1 s each
# Measurement: 5 iterations, 1 s each
# Timeout: 10 min per iteration
# Threads: 1 thread, will synchronize iterations
# Benchmark mode: Throughput, ops/time
# Benchmark: bench.Bench7880.featureWriteBasketArr100Sorted

# Run progress: 0.00% complete, ETA 00:00:27
# Fork: 1 of 1
# Warmup Iteration   1: 139.092 ops/ms
# Warmup Iteration   2: 157.811 ops/ms
# Warmup Iteration   3: 157.734 ops/ms
# Warmup Iteration   4: 157.841 ops/ms
Iteration   1: 157.227 ops/ms
Iteration   2: 157.596 ops/ms
Iteration   3: 158.530 ops/ms
Iteration   4: 158.657 ops/ms
Iteration   5: 158.433 ops/ms


Result "bench.Bench7880.featureWriteBasketArr100Sorted":
  158.088 ±(99.9%) 2.451 ops/ms [Average]
  (min, avg, max) = (157.227, 158.088, 158.657), stdev = 0.636
  CI (99.9%): [155.638, 160.539] (assumes normal distribution)


# JMH version: 1.37
# VM version: JDK 21.0.12, OpenJDK 64-Bit Server VM, 21.0.12+8-LTS
# VM invoker: <jdk21>/bin/java
# VM options: -Xms1g -Xmx1g
# Blackhole mode: compiler (auto-detected, use -Djmh.blackhole.autoDetect=false to disable)
# Warmup: 4 iterations, 1 s each
# Measurement: 5 iterations, 1 s each
# Timeout: 10 min per iteration
# Threads: 1 thread, will synchronize iterations
# Benchmark mode: Throughput, ops/time
# Benchmark: bench.Bench7880.featureWriteList100Sorted

# Run progress: 33.33% complete, ETA 00:00:18
# Fork: 1 of 1
# Warmup Iteration   1: 134.365 ops/ms
# Warmup Iteration   2: 152.218 ops/ms
# Warmup Iteration   3: 153.478 ops/ms
# Warmup Iteration   4: 152.879 ops/ms
Iteration   1: 153.447 ops/ms
Iteration   2: 153.430 ops/ms
Iteration   3: 154.439 ops/ms
Iteration   4: 154.302 ops/ms
Iteration   5: 154.293 ops/ms


Result "bench.Bench7880.featureWriteList100Sorted":
  153.982 ±(99.9%) 1.924 ops/ms [Average]
  (min, avg, max) = (153.430, 153.982, 154.439), stdev = 0.500
  CI (99.9%): [152.058, 155.906] (assumes normal distribution)


# JMH version: 1.37
# VM version: JDK 21.0.12, OpenJDK 64-Bit Server VM, 21.0.12+8-LTS
# VM invoker: <jdk21>/bin/java
# VM options: -Xms1g -Xmx1g
# Blackhole mode: compiler (auto-detected, use -Djmh.blackhole.autoDetect=false to disable)
# Warmup: 4 iterations, 1 s each
# Measurement: 5 iterations, 1 s each
# Timeout: 10 min per iteration
# Threads: 1 thread, will synchronize iterations
# Benchmark mode: Throughput, ops/time
# Benchmark: bench.Bench7880.featureWriteOrderSorted

# Run progress: 66.67% complete, ETA 00:00:09
# Fork: 1 of 1
# Warmup Iteration   1: 516.438 ops/ms
# Warmup Iteration   2: 626.036 ops/ms
# Warmup Iteration   3: 626.857 ops/ms
# Warmup Iteration   4: 626.375 ops/ms
Iteration   1: 625.322 ops/ms
Iteration   2: 626.845 ops/ms
Iteration   3: 628.041 ops/ms
Iteration   4: 627.868 ops/ms
Iteration   5: 628.482 ops/ms


Result "bench.Bench7880.featureWriteOrderSorted":
  627.311 ±(99.9%) 4.866 ops/ms [Average]
  (min, avg, max) = (625.322, 627.311, 628.482), stdev = 1.264
  CI (99.9%): [622.445, 632.178] (assumes normal distribution)


# Run complete. Total time: 00:00:27

REMEMBER: The numbers below are just data. To gain reusable insights, you need to follow up on
why the numbers are the way they are. Use profilers (see -prof, -lprof), design factorial
experiments, perform baseline and negative tests that provide experimental control, make sure
the benchmarking environment is safe on JVM/OS/HW level, ask for reviews from the domain experts.
Do not assume the numbers tell you what you want them to tell.

NOTE: Current JVM experimentally supports Compiler Blackholes, and they are in use. Please exercise
extra caution when trusting the results, look into the generated code to check the benchmark still
works, and factor in a small probability of new VM bugs. Additionally, while comparisons between
different JVMs are already problematic, the performance difference caused by different Blackhole
modes can be very significant. Please make sure you use the consistent Blackhole mode for comparisons.

Benchmark                                  Mode  Cnt    Score   Error   Units
Bench7880.featureWriteBasketArr100Sorted  thrpt    5  158.088 ± 2.451  ops/ms
Bench7880.featureWriteList100Sorted       thrpt    5  153.982 ± 1.924  ops/ms
Bench7880.featureWriteOrderSorted         thrpt    5  627.311 ± 4.866  ops/ms

Benchmark result is saved to <work>/env/jmh/ab-r7feat/v8-r3.json
