# JMH version: 1.37
# VM version: JDK 21.0.12, OpenJDK 64-Bit Server VM, 21.0.12+8-LTS
# VM invoker: <jdk21>/bin/java
# VM options: -Xms1g -Xmx1g
# Blackhole mode: compiler (auto-detected, use -Djmh.blackhole.autoDetect=false to disable)
# Warmup: 4 iterations, 1 s each
# Measurement: 5 iterations, 1 s each
# Timeout: 10 min per iteration
# Threads: 1 thread, will synchronize iterations
# Benchmark mode: Throughput, ops/time
# Benchmark: bench11.ListJsonb7880.basketJSONB

# Run progress: 0.00% complete, ETA 00:00:27
# Fork: 1 of 1
# Warmup Iteration   1: 495.997 ops/ms
# Warmup Iteration   2: 602.956 ops/ms
# Warmup Iteration   3: 605.633 ops/ms
# Warmup Iteration   4: 602.629 ops/ms
Iteration   1: 601.996 ops/ms
Iteration   2: 602.060 ops/ms
Iteration   3: 601.828 ops/ms
Iteration   4: 601.116 ops/ms
Iteration   5: 601.144 ops/ms


Result "bench11.ListJsonb7880.basketJSONB":
  601.629 ±(99.9%) 1.785 ops/ms [Average]
  (min, avg, max) = (601.116, 601.629, 602.060), stdev = 0.463
  CI (99.9%): [599.844, 603.414] (assumes normal distribution)


# JMH version: 1.37
# VM version: JDK 21.0.12, OpenJDK 64-Bit Server VM, 21.0.12+8-LTS
# VM invoker: <jdk21>/bin/java
# VM options: -Xms1g -Xmx1g
# Blackhole mode: compiler (auto-detected, use -Djmh.blackhole.autoDetect=false to disable)
# Warmup: 4 iterations, 1 s each
# Measurement: 5 iterations, 1 s each
# Timeout: 10 min per iteration
# Threads: 1 thread, will synchronize iterations
# Benchmark mode: Throughput, ops/time
# Benchmark: bench11.ListJsonb7880.nestedListJSON

# Run progress: 33.33% complete, ETA 00:00:18
# Fork: 1 of 1
# Warmup Iteration   1: 164.081 ops/ms
# Warmup Iteration   2: 214.591 ops/ms
# Warmup Iteration   3: 213.158 ops/ms
# Warmup Iteration   4: 211.603 ops/ms
Iteration   1: 212.267 ops/ms
Iteration   2: 211.856 ops/ms
Iteration   3: 212.834 ops/ms
Iteration   4: 213.686 ops/ms
Iteration   5: 213.961 ops/ms


Result "bench11.ListJsonb7880.nestedListJSON":
  212.921 ±(99.9%) 3.463 ops/ms [Average]
  (min, avg, max) = (211.856, 212.921, 213.961), stdev = 0.899
  CI (99.9%): [209.457, 216.384] (assumes normal distribution)


# JMH version: 1.37
# VM version: JDK 21.0.12, OpenJDK 64-Bit Server VM, 21.0.12+8-LTS
# VM invoker: <jdk21>/bin/java
# VM options: -Xms1g -Xmx1g
# Blackhole mode: compiler (auto-detected, use -Djmh.blackhole.autoDetect=false to disable)
# Warmup: 4 iterations, 1 s each
# Measurement: 5 iterations, 1 s each
# Timeout: 10 min per iteration
# Threads: 1 thread, will synchronize iterations
# Benchmark mode: Throughput, ops/time
# Benchmark: bench11.ListJsonb7880.rootListJSONB

# Run progress: 66.67% complete, ETA 00:00:09
# Fork: 1 of 1
# Warmup Iteration   1: 501.847 ops/ms
# Warmup Iteration   2: 602.221 ops/ms
# Warmup Iteration   3: 610.478 ops/ms
# Warmup Iteration   4: 607.175 ops/ms
Iteration   1: 609.544 ops/ms
Iteration   2: 610.407 ops/ms
Iteration   3: 611.249 ops/ms
Iteration   4: 611.661 ops/ms
Iteration   5: 609.683 ops/ms


Result "bench11.ListJsonb7880.rootListJSONB":
  610.509 ±(99.9%) 3.602 ops/ms [Average]
  (min, avg, max) = (609.544, 610.509, 611.661), stdev = 0.935
  CI (99.9%): [606.907, 614.111] (assumes normal distribution)


# Run complete. Total time: 00:00:27

REMEMBER: The numbers below are just data. To gain reusable insights, you need to follow up on
why the numbers are the way they are. Use profilers (see -prof, -lprof), design factorial
experiments, perform baseline and negative tests that provide experimental control, make sure
the benchmarking environment is safe on JVM/OS/HW level, ask for reviews from the domain experts.
Do not assume the numbers tell you what you want them to tell.

NOTE: Current JVM experimentally supports Compiler Blackholes, and they are in use. Please exercise
extra caution when trusting the results, look into the generated code to check the benchmark still
works, and factor in a small probability of new VM bugs. Additionally, while comparisons between
different JVMs are already problematic, the performance difference caused by different Blackhole
modes can be very significant. Please make sure you use the consistent Blackhole mode for comparisons.

Benchmark                      Mode  Cnt    Score   Error   Units
ListJsonb7880.basketJSONB     thrpt    5  601.629 ± 1.785  ops/ms
ListJsonb7880.nestedListJSON  thrpt    5  212.921 ± 3.463  ops/ms
ListJsonb7880.rootListJSONB   thrpt    5  610.509 ± 3.602  ops/ms

Benchmark result is saved to <work>/env/jmh/ab-r13u/v10-r3.json
