# JMH version: 1.37
# VM version: JDK 21.0.12, OpenJDK 64-Bit Server VM, 21.0.12+8-LTS
# VM invoker: <jdk21>/bin/java
# VM options: -Xms1g -Xmx1g
# Blackhole mode: compiler (auto-detected, use -Djmh.blackhole.autoDetect=false to disable)
# Warmup: 4 iterations, 1 s each
# Measurement: 5 iterations, 1 s each
# Timeout: 10 min per iteration
# Threads: 1 thread, will synchronize iterations
# Benchmark mode: Throughput, ops/time
# Benchmark: bench11.ListJsonb7880.basketJSONB

# Run progress: 0.00% complete, ETA 00:00:27
# Fork: 1 of 1
# Warmup Iteration   1: 521.691 ops/ms
# Warmup Iteration   2: 629.513 ops/ms
# Warmup Iteration   3: 633.668 ops/ms
# Warmup Iteration   4: 632.576 ops/ms
Iteration   1: 635.339 ops/ms
Iteration   2: 633.854 ops/ms
Iteration   3: 634.234 ops/ms
Iteration   4: 633.809 ops/ms
Iteration   5: 633.712 ops/ms


Result "bench11.ListJsonb7880.basketJSONB":
  634.190 ±(99.9%) 2.590 ops/ms [Average]
  (min, avg, max) = (633.712, 634.190, 635.339), stdev = 0.673
  CI (99.9%): [631.600, 636.779] (assumes normal distribution)


# JMH version: 1.37
# VM version: JDK 21.0.12, OpenJDK 64-Bit Server VM, 21.0.12+8-LTS
# VM invoker: <jdk21>/bin/java
# VM options: -Xms1g -Xmx1g
# Blackhole mode: compiler (auto-detected, use -Djmh.blackhole.autoDetect=false to disable)
# Warmup: 4 iterations, 1 s each
# Measurement: 5 iterations, 1 s each
# Timeout: 10 min per iteration
# Threads: 1 thread, will synchronize iterations
# Benchmark mode: Throughput, ops/time
# Benchmark: bench11.ListJsonb7880.nestedListJSON

# Run progress: 33.33% complete, ETA 00:00:18
# Fork: 1 of 1
# Warmup Iteration   1: 164.912 ops/ms
# Warmup Iteration   2: 213.896 ops/ms
# Warmup Iteration   3: 213.487 ops/ms
# Warmup Iteration   4: 213.822 ops/ms
Iteration   1: 214.756 ops/ms
Iteration   2: 213.641 ops/ms
Iteration   3: 213.379 ops/ms
Iteration   4: 214.553 ops/ms
Iteration   5: 214.346 ops/ms


Result "bench11.ListJsonb7880.nestedListJSON":
  214.135 ±(99.9%) 2.295 ops/ms [Average]
  (min, avg, max) = (213.379, 214.135, 214.756), stdev = 0.596
  CI (99.9%): [211.840, 216.430] (assumes normal distribution)


# JMH version: 1.37
# VM version: JDK 21.0.12, OpenJDK 64-Bit Server VM, 21.0.12+8-LTS
# VM invoker: <jdk21>/bin/java
# VM options: -Xms1g -Xmx1g
# Blackhole mode: compiler (auto-detected, use -Djmh.blackhole.autoDetect=false to disable)
# Warmup: 4 iterations, 1 s each
# Measurement: 5 iterations, 1 s each
# Timeout: 10 min per iteration
# Threads: 1 thread, will synchronize iterations
# Benchmark mode: Throughput, ops/time
# Benchmark: bench11.ListJsonb7880.rootListJSONB

# Run progress: 66.67% complete, ETA 00:00:09
# Fork: 1 of 1
# Warmup Iteration   1: 510.399 ops/ms
# Warmup Iteration   2: 607.351 ops/ms
# Warmup Iteration   3: 612.649 ops/ms
# Warmup Iteration   4: 621.391 ops/ms
Iteration   1: 618.510 ops/ms
Iteration   2: 619.183 ops/ms
Iteration   3: 618.042 ops/ms
Iteration   4: 617.488 ops/ms
Iteration   5: 613.972 ops/ms


Result "bench11.ListJsonb7880.rootListJSONB":
  617.439 ±(99.9%) 7.839 ops/ms [Average]
  (min, avg, max) = (613.972, 617.439, 619.183), stdev = 2.036
  CI (99.9%): [609.600, 625.278] (assumes normal distribution)


# Run complete. Total time: 00:00:27

REMEMBER: The numbers below are just data. To gain reusable insights, you need to follow up on
why the numbers are the way they are. Use profilers (see -prof, -lprof), design factorial
experiments, perform baseline and negative tests that provide experimental control, make sure
the benchmarking environment is safe on JVM/OS/HW level, ask for reviews from the domain experts.
Do not assume the numbers tell you what you want them to tell.

NOTE: Current JVM experimentally supports Compiler Blackholes, and they are in use. Please exercise
extra caution when trusting the results, look into the generated code to check the benchmark still
works, and factor in a small probability of new VM bugs. Additionally, while comparisons between
different JVMs are already problematic, the performance difference caused by different Blackhole
modes can be very significant. Please make sure you use the consistent Blackhole mode for comparisons.

Benchmark                      Mode  Cnt    Score   Error   Units
ListJsonb7880.basketJSONB     thrpt    5  634.190 ± 2.590  ops/ms
ListJsonb7880.nestedListJSON  thrpt    5  214.135 ± 2.295  ops/ms
ListJsonb7880.rootListJSONB   thrpt    5  617.439 ± 7.839  ops/ms

Benchmark result is saved to <work>/env/jmh/ab-r13u/v10-r7.json
