# JMH version: 1.37
# VM version: JDK 21.0.12, OpenJDK 64-Bit Server VM, 21.0.12+8-LTS
# VM invoker: <jdk21>/bin/java
# VM options: -Xms1g -Xmx1g
# Blackhole mode: compiler (auto-detected, use -Djmh.blackhole.autoDetect=false to disable)
# Warmup: 4 iterations, 1 s each
# Measurement: 5 iterations, 1 s each
# Timeout: 10 min per iteration
# Threads: 1 thread, will synchronize iterations
# Benchmark mode: Throughput, ops/time
# Benchmark: bench11.ListJsonb7880.basketJSONB

# Run progress: 0.00% complete, ETA 00:00:27
# Fork: 1 of 1
# Warmup Iteration   1: 520.039 ops/ms
# Warmup Iteration   2: 630.521 ops/ms
# Warmup Iteration   3: 635.572 ops/ms
# Warmup Iteration   4: 635.838 ops/ms
Iteration   1: 638.299 ops/ms
Iteration   2: 637.424 ops/ms
Iteration   3: 638.884 ops/ms
Iteration   4: 637.747 ops/ms
Iteration   5: 637.845 ops/ms


Result "bench11.ListJsonb7880.basketJSONB":
  638.040 ±(99.9%) 2.181 ops/ms [Average]
  (min, avg, max) = (637.424, 638.040, 638.884), stdev = 0.566
  CI (99.9%): [635.859, 640.220] (assumes normal distribution)


# JMH version: 1.37
# VM version: JDK 21.0.12, OpenJDK 64-Bit Server VM, 21.0.12+8-LTS
# VM invoker: <jdk21>/bin/java
# VM options: -Xms1g -Xmx1g
# Blackhole mode: compiler (auto-detected, use -Djmh.blackhole.autoDetect=false to disable)
# Warmup: 4 iterations, 1 s each
# Measurement: 5 iterations, 1 s each
# Timeout: 10 min per iteration
# Threads: 1 thread, will synchronize iterations
# Benchmark mode: Throughput, ops/time
# Benchmark: bench11.ListJsonb7880.nestedListJSON

# Run progress: 33.33% complete, ETA 00:00:18
# Fork: 1 of 1
# Warmup Iteration   1: 167.244 ops/ms
# Warmup Iteration   2: 213.045 ops/ms
# Warmup Iteration   3: 209.927 ops/ms
# Warmup Iteration   4: 212.795 ops/ms
Iteration   1: 213.857 ops/ms
Iteration   2: 212.599 ops/ms
Iteration   3: 212.384 ops/ms
Iteration   4: 212.827 ops/ms
Iteration   5: 212.696 ops/ms


Result "bench11.ListJsonb7880.nestedListJSON":
  212.872 ±(99.9%) 2.209 ops/ms [Average]
  (min, avg, max) = (212.384, 212.872, 213.857), stdev = 0.574
  CI (99.9%): [210.663, 215.082] (assumes normal distribution)


# JMH version: 1.37
# VM version: JDK 21.0.12, OpenJDK 64-Bit Server VM, 21.0.12+8-LTS
# VM invoker: <jdk21>/bin/java
# VM options: -Xms1g -Xmx1g
# Blackhole mode: compiler (auto-detected, use -Djmh.blackhole.autoDetect=false to disable)
# Warmup: 4 iterations, 1 s each
# Measurement: 5 iterations, 1 s each
# Timeout: 10 min per iteration
# Threads: 1 thread, will synchronize iterations
# Benchmark mode: Throughput, ops/time
# Benchmark: bench11.ListJsonb7880.rootListJSONB

# Run progress: 66.67% complete, ETA 00:00:09
# Fork: 1 of 1
# Warmup Iteration   1: 506.212 ops/ms
# Warmup Iteration   2: 635.790 ops/ms
# Warmup Iteration   3: 605.659 ops/ms
# Warmup Iteration   4: 606.163 ops/ms
Iteration   1: 606.919 ops/ms
Iteration   2: 605.595 ops/ms
Iteration   3: 606.557 ops/ms
Iteration   4: 606.090 ops/ms
Iteration   5: 606.458 ops/ms


Result "bench11.ListJsonb7880.rootListJSONB":
  606.324 ±(99.9%) 1.938 ops/ms [Average]
  (min, avg, max) = (605.595, 606.324, 606.919), stdev = 0.503
  CI (99.9%): [604.386, 608.262] (assumes normal distribution)


# Run complete. Total time: 00:00:27

REMEMBER: The numbers below are just data. To gain reusable insights, you need to follow up on
why the numbers are the way they are. Use profilers (see -prof, -lprof), design factorial
experiments, perform baseline and negative tests that provide experimental control, make sure
the benchmarking environment is safe on JVM/OS/HW level, ask for reviews from the domain experts.
Do not assume the numbers tell you what you want them to tell.

NOTE: Current JVM experimentally supports Compiler Blackholes, and they are in use. Please exercise
extra caution when trusting the results, look into the generated code to check the benchmark still
works, and factor in a small probability of new VM bugs. Additionally, while comparisons between
different JVMs are already problematic, the performance difference caused by different Blackhole
modes can be very significant. Please make sure you use the consistent Blackhole mode for comparisons.

Benchmark                      Mode  Cnt    Score   Error   Units
ListJsonb7880.basketJSONB     thrpt    5  638.040 ± 2.181  ops/ms
ListJsonb7880.nestedListJSON  thrpt    5  212.872 ± 2.209  ops/ms
ListJsonb7880.rootListJSONB   thrpt    5  606.324 ± 1.938  ops/ms

Benchmark result is saved to <work>/env/jmh/ab-r13u/v10-r8.json
