# JMH version: 1.37
# VM version: JDK 21.0.12, OpenJDK 64-Bit Server VM, 21.0.12+8-LTS
# VM invoker: <jdk21>/bin/java
# VM options: -Xms1g -Xmx1g
# Blackhole mode: compiler (auto-detected, use -Djmh.blackhole.autoDetect=false to disable)
# Warmup: 4 iterations, 1 s each
# Measurement: 5 iterations, 1 s each
# Timeout: 10 min per iteration
# Threads: 1 thread, will synchronize iterations
# Benchmark mode: Throughput, ops/time
# Benchmark: bench11.ListJsonb7880.basketJSONB

# Run progress: 0.00% complete, ETA 00:00:27
# Fork: 1 of 1
# Warmup Iteration   1: 515.748 ops/ms
# Warmup Iteration   2: 625.982 ops/ms
# Warmup Iteration   3: 624.728 ops/ms
# Warmup Iteration   4: 626.866 ops/ms
Iteration   1: 629.502 ops/ms
Iteration   2: 631.215 ops/ms
Iteration   3: 631.293 ops/ms
Iteration   4: 630.086 ops/ms
Iteration   5: 632.519 ops/ms


Result "bench11.ListJsonb7880.basketJSONB":
  630.923 ±(99.9%) 4.511 ops/ms [Average]
  (min, avg, max) = (629.502, 630.923, 632.519), stdev = 1.171
  CI (99.9%): [626.412, 635.434] (assumes normal distribution)


# JMH version: 1.37
# VM version: JDK 21.0.12, OpenJDK 64-Bit Server VM, 21.0.12+8-LTS
# VM invoker: <jdk21>/bin/java
# VM options: -Xms1g -Xmx1g
# Blackhole mode: compiler (auto-detected, use -Djmh.blackhole.autoDetect=false to disable)
# Warmup: 4 iterations, 1 s each
# Measurement: 5 iterations, 1 s each
# Timeout: 10 min per iteration
# Threads: 1 thread, will synchronize iterations
# Benchmark mode: Throughput, ops/time
# Benchmark: bench11.ListJsonb7880.nestedListJSON

# Run progress: 33.33% complete, ETA 00:00:18
# Fork: 1 of 1
# Warmup Iteration   1: 161.064 ops/ms
# Warmup Iteration   2: 212.465 ops/ms
# Warmup Iteration   3: 212.544 ops/ms
# Warmup Iteration   4: 210.666 ops/ms
Iteration   1: 212.919 ops/ms
Iteration   2: 213.399 ops/ms
Iteration   3: 209.022 ops/ms
Iteration   4: 209.087 ops/ms
Iteration   5: 209.262 ops/ms


Result "bench11.ListJsonb7880.nestedListJSON":
  210.738 ±(99.9%) 8.542 ops/ms [Average]
  (min, avg, max) = (209.022, 210.738, 213.399), stdev = 2.218
  CI (99.9%): [202.196, 219.280] (assumes normal distribution)


# JMH version: 1.37
# VM version: JDK 21.0.12, OpenJDK 64-Bit Server VM, 21.0.12+8-LTS
# VM invoker: <jdk21>/bin/java
# VM options: -Xms1g -Xmx1g
# Blackhole mode: compiler (auto-detected, use -Djmh.blackhole.autoDetect=false to disable)
# Warmup: 4 iterations, 1 s each
# Measurement: 5 iterations, 1 s each
# Timeout: 10 min per iteration
# Threads: 1 thread, will synchronize iterations
# Benchmark mode: Throughput, ops/time
# Benchmark: bench11.ListJsonb7880.rootListJSONB

# Run progress: 66.67% complete, ETA 00:00:09
# Fork: 1 of 1
# Warmup Iteration   1: 502.561 ops/ms
# Warmup Iteration   2: 617.696 ops/ms
# Warmup Iteration   3: 604.156 ops/ms
# Warmup Iteration   4: 602.780 ops/ms
Iteration   1: 603.346 ops/ms
Iteration   2: 602.866 ops/ms
Iteration   3: 604.123 ops/ms
Iteration   4: 603.754 ops/ms
Iteration   5: 603.563 ops/ms


Result "bench11.ListJsonb7880.rootListJSONB":
  603.530 ±(99.9%) 1.803 ops/ms [Average]
  (min, avg, max) = (602.866, 603.530, 604.123), stdev = 0.468
  CI (99.9%): [601.727, 605.334] (assumes normal distribution)


# Run complete. Total time: 00:00:27

REMEMBER: The numbers below are just data. To gain reusable insights, you need to follow up on
why the numbers are the way they are. Use profilers (see -prof, -lprof), design factorial
experiments, perform baseline and negative tests that provide experimental control, make sure
the benchmarking environment is safe on JVM/OS/HW level, ask for reviews from the domain experts.
Do not assume the numbers tell you what you want them to tell.

NOTE: Current JVM experimentally supports Compiler Blackholes, and they are in use. Please exercise
extra caution when trusting the results, look into the generated code to check the benchmark still
works, and factor in a small probability of new VM bugs. Additionally, while comparisons between
different JVMs are already problematic, the performance difference caused by different Blackhole
modes can be very significant. Please make sure you use the consistent Blackhole mode for comparisons.

Benchmark                      Mode  Cnt    Score   Error   Units
ListJsonb7880.basketJSONB     thrpt    5  630.923 ± 4.511  ops/ms
ListJsonb7880.nestedListJSON  thrpt    5  210.738 ± 8.542  ops/ms
ListJsonb7880.rootListJSONB   thrpt    5  603.530 ± 1.803  ops/ms

Benchmark result is saved to <work>/env/jmh/ab-r13u/v10-r4.json
