# JMH version: 1.37
# VM version: JDK 21.0.12, OpenJDK 64-Bit Server VM, 21.0.12+8-LTS
# VM invoker: <jdk21>/bin/java
# VM options: -Xms1g -Xmx1g
# Blackhole mode: compiler (auto-detected, use -Djmh.blackhole.autoDetect=false to disable)
# Warmup: 4 iterations, 1 s each
# Measurement: 5 iterations, 1 s each
# Timeout: 10 min per iteration
# Threads: 1 thread, will synchronize iterations
# Benchmark mode: Throughput, ops/time
# Benchmark: bench11.ListJsonb7880.basketJSONB

# Run progress: 0.00% complete, ETA 00:00:27
# Fork: 1 of 1
# Warmup Iteration   1: 515.058 ops/ms
# Warmup Iteration   2: 636.110 ops/ms
# Warmup Iteration   3: 635.898 ops/ms
# Warmup Iteration   4: 638.608 ops/ms
Iteration   1: 639.628 ops/ms
Iteration   2: 637.912 ops/ms
Iteration   3: 638.390 ops/ms
Iteration   4: 638.814 ops/ms
Iteration   5: 639.789 ops/ms


Result "bench11.ListJsonb7880.basketJSONB":
  638.907 ±(99.9%) 3.083 ops/ms [Average]
  (min, avg, max) = (637.912, 638.907, 639.789), stdev = 0.801
  CI (99.9%): [635.824, 641.989] (assumes normal distribution)


# JMH version: 1.37
# VM version: JDK 21.0.12, OpenJDK 64-Bit Server VM, 21.0.12+8-LTS
# VM invoker: <jdk21>/bin/java
# VM options: -Xms1g -Xmx1g
# Blackhole mode: compiler (auto-detected, use -Djmh.blackhole.autoDetect=false to disable)
# Warmup: 4 iterations, 1 s each
# Measurement: 5 iterations, 1 s each
# Timeout: 10 min per iteration
# Threads: 1 thread, will synchronize iterations
# Benchmark mode: Throughput, ops/time
# Benchmark: bench11.ListJsonb7880.nestedListJSON

# Run progress: 33.33% complete, ETA 00:00:18
# Fork: 1 of 1
# Warmup Iteration   1: 165.389 ops/ms
# Warmup Iteration   2: 212.274 ops/ms
# Warmup Iteration   3: 213.707 ops/ms
# Warmup Iteration   4: 212.162 ops/ms
Iteration   1: 212.863 ops/ms
Iteration   2: 213.249 ops/ms
Iteration   3: 212.854 ops/ms
Iteration   4: 213.548 ops/ms
Iteration   5: 213.729 ops/ms


Result "bench11.ListJsonb7880.nestedListJSON":
  213.248 ±(99.9%) 1.521 ops/ms [Average]
  (min, avg, max) = (212.854, 213.248, 213.729), stdev = 0.395
  CI (99.9%): [211.728, 214.769] (assumes normal distribution)


# JMH version: 1.37
# VM version: JDK 21.0.12, OpenJDK 64-Bit Server VM, 21.0.12+8-LTS
# VM invoker: <jdk21>/bin/java
# VM options: -Xms1g -Xmx1g
# Blackhole mode: compiler (auto-detected, use -Djmh.blackhole.autoDetect=false to disable)
# Warmup: 4 iterations, 1 s each
# Measurement: 5 iterations, 1 s each
# Timeout: 10 min per iteration
# Threads: 1 thread, will synchronize iterations
# Benchmark mode: Throughput, ops/time
# Benchmark: bench11.ListJsonb7880.rootListJSONB

# Run progress: 66.67% complete, ETA 00:00:09
# Fork: 1 of 1
# Warmup Iteration   1: 505.467 ops/ms
# Warmup Iteration   2: 606.724 ops/ms
# Warmup Iteration   3: 622.573 ops/ms
# Warmup Iteration   4: 617.766 ops/ms
Iteration   1: 611.221 ops/ms
Iteration   2: 609.836 ops/ms
Iteration   3: 611.592 ops/ms
Iteration   4: 611.883 ops/ms
Iteration   5: 606.879 ops/ms


Result "bench11.ListJsonb7880.rootListJSONB":
  610.282 ±(99.9%) 7.924 ops/ms [Average]
  (min, avg, max) = (606.879, 610.282, 611.883), stdev = 2.058
  CI (99.9%): [602.358, 618.206] (assumes normal distribution)


# Run complete. Total time: 00:00:27

REMEMBER: The numbers below are just data. To gain reusable insights, you need to follow up on
why the numbers are the way they are. Use profilers (see -prof, -lprof), design factorial
experiments, perform baseline and negative tests that provide experimental control, make sure
the benchmarking environment is safe on JVM/OS/HW level, ask for reviews from the domain experts.
Do not assume the numbers tell you what you want them to tell.

NOTE: Current JVM experimentally supports Compiler Blackholes, and they are in use. Please exercise
extra caution when trusting the results, look into the generated code to check the benchmark still
works, and factor in a small probability of new VM bugs. Additionally, while comparisons between
different JVMs are already problematic, the performance difference caused by different Blackhole
modes can be very significant. Please make sure you use the consistent Blackhole mode for comparisons.

Benchmark                      Mode  Cnt    Score   Error   Units
ListJsonb7880.basketJSONB     thrpt    5  638.907 ± 3.083  ops/ms
ListJsonb7880.nestedListJSON  thrpt    5  213.248 ± 1.521  ops/ms
ListJsonb7880.rootListJSONB   thrpt    5  610.282 ± 7.924  ops/ms

Benchmark result is saved to <work>/env/jmh/ab-r13u/v10-r5.json
