# JMH version: 1.37
# VM version: JDK 21.0.12, OpenJDK 64-Bit Server VM, 21.0.12+8-LTS
# VM invoker: <jdk21>/bin/java
# VM options: -Xms1g -Xmx1g
# Blackhole mode: compiler (auto-detected, use -Djmh.blackhole.autoDetect=false to disable)
# Warmup: 4 iterations, 1 s each
# Measurement: 5 iterations, 1 s each
# Timeout: 10 min per iteration
# Threads: 1 thread, will synchronize iterations
# Benchmark mode: Throughput, ops/time
# Benchmark: bench11.ListJsonb7880.basketJSONB

# Run progress: 0.00% complete, ETA 00:00:27
# Fork: 1 of 1
# Warmup Iteration   1: 511.522 ops/ms
# Warmup Iteration   2: 615.175 ops/ms
# Warmup Iteration   3: 614.586 ops/ms
# Warmup Iteration   4: 616.764 ops/ms
Iteration   1: 616.874 ops/ms
Iteration   2: 616.733 ops/ms
Iteration   3: 615.940 ops/ms
Iteration   4: 616.841 ops/ms
Iteration   5: 615.246 ops/ms


Result "bench11.ListJsonb7880.basketJSONB":
  616.327 ±(99.9%) 2.754 ops/ms [Average]
  (min, avg, max) = (615.246, 616.327, 616.874), stdev = 0.715
  CI (99.9%): [613.573, 619.081] (assumes normal distribution)


# JMH version: 1.37
# VM version: JDK 21.0.12, OpenJDK 64-Bit Server VM, 21.0.12+8-LTS
# VM invoker: <jdk21>/bin/java
# VM options: -Xms1g -Xmx1g
# Blackhole mode: compiler (auto-detected, use -Djmh.blackhole.autoDetect=false to disable)
# Warmup: 4 iterations, 1 s each
# Measurement: 5 iterations, 1 s each
# Timeout: 10 min per iteration
# Threads: 1 thread, will synchronize iterations
# Benchmark mode: Throughput, ops/time
# Benchmark: bench11.ListJsonb7880.nestedListJSON

# Run progress: 33.33% complete, ETA 00:00:18
# Fork: 1 of 1
# Warmup Iteration   1: 162.093 ops/ms
# Warmup Iteration   2: 213.827 ops/ms
# Warmup Iteration   3: 213.987 ops/ms
# Warmup Iteration   4: 213.505 ops/ms
Iteration   1: 213.002 ops/ms
Iteration   2: 211.378 ops/ms
Iteration   3: 209.876 ops/ms
Iteration   4: 210.066 ops/ms
Iteration   5: 209.852 ops/ms


Result "bench11.ListJsonb7880.nestedListJSON":
  210.835 ±(99.9%) 5.261 ops/ms [Average]
  (min, avg, max) = (209.852, 210.835, 213.002), stdev = 1.366
  CI (99.9%): [205.574, 216.096] (assumes normal distribution)


# JMH version: 1.37
# VM version: JDK 21.0.12, OpenJDK 64-Bit Server VM, 21.0.12+8-LTS
# VM invoker: <jdk21>/bin/java
# VM options: -Xms1g -Xmx1g
# Blackhole mode: compiler (auto-detected, use -Djmh.blackhole.autoDetect=false to disable)
# Warmup: 4 iterations, 1 s each
# Measurement: 5 iterations, 1 s each
# Timeout: 10 min per iteration
# Threads: 1 thread, will synchronize iterations
# Benchmark mode: Throughput, ops/time
# Benchmark: bench11.ListJsonb7880.rootListJSONB

# Run progress: 66.67% complete, ETA 00:00:09
# Fork: 1 of 1
# Warmup Iteration   1: 505.591 ops/ms
# Warmup Iteration   2: 628.671 ops/ms
# Warmup Iteration   3: 605.671 ops/ms
# Warmup Iteration   4: 605.367 ops/ms
Iteration   1: 609.311 ops/ms
Iteration   2: 607.716 ops/ms
Iteration   3: 605.870 ops/ms
Iteration   4: 605.118 ops/ms
Iteration   5: 608.849 ops/ms


Result "bench11.ListJsonb7880.rootListJSONB":
  607.373 ±(99.9%) 7.048 ops/ms [Average]
  (min, avg, max) = (605.118, 607.373, 609.311), stdev = 1.830
  CI (99.9%): [600.325, 614.420] (assumes normal distribution)


# Run complete. Total time: 00:00:27

REMEMBER: The numbers below are just data. To gain reusable insights, you need to follow up on
why the numbers are the way they are. Use profilers (see -prof, -lprof), design factorial
experiments, perform baseline and negative tests that provide experimental control, make sure
the benchmarking environment is safe on JVM/OS/HW level, ask for reviews from the domain experts.
Do not assume the numbers tell you what you want them to tell.

NOTE: Current JVM experimentally supports Compiler Blackholes, and they are in use. Please exercise
extra caution when trusting the results, look into the generated code to check the benchmark still
works, and factor in a small probability of new VM bugs. Additionally, while comparisons between
different JVMs are already problematic, the performance difference caused by different Blackhole
modes can be very significant. Please make sure you use the consistent Blackhole mode for comparisons.

Benchmark                      Mode  Cnt    Score   Error   Units
ListJsonb7880.basketJSONB     thrpt    5  616.327 ± 2.754  ops/ms
ListJsonb7880.nestedListJSON  thrpt    5  210.835 ± 5.261  ops/ms
ListJsonb7880.rootListJSONB   thrpt    5  607.373 ± 7.048  ops/ms

Benchmark result is saved to <work>/env/jmh/ab-r13u/v10-r6.json
