# JMH version: 1.37
# VM version: JDK 21.0.12, OpenJDK 64-Bit Server VM, 21.0.12+8-LTS
# VM invoker: <jdk21>/bin/java
# VM options: -Xms1g -Xmx1g
# Blackhole mode: compiler (auto-detected, use -Djmh.blackhole.autoDetect=false to disable)
# Warmup: 4 iterations, 1 s each
# Measurement: 5 iterations, 1 s each
# Timeout: 10 min per iteration
# Threads: 1 thread, will synchronize iterations
# Benchmark mode: Throughput, ops/time
# Benchmark: bench11.ListJsonb7880.basketJSONB

# Run progress: 0.00% complete, ETA 00:00:27
# Fork: 1 of 1
# Warmup Iteration   1: 516.886 ops/ms
# Warmup Iteration   2: 627.778 ops/ms
# Warmup Iteration   3: 626.629 ops/ms
# Warmup Iteration   4: 615.427 ops/ms
Iteration   1: 631.954 ops/ms
Iteration   2: 631.214 ops/ms
Iteration   3: 632.455 ops/ms
Iteration   4: 633.286 ops/ms
Iteration   5: 632.871 ops/ms


Result "bench11.ListJsonb7880.basketJSONB":
  632.356 ±(99.9%) 3.108 ops/ms [Average]
  (min, avg, max) = (631.214, 632.356, 633.286), stdev = 0.807
  CI (99.9%): [629.248, 635.464] (assumes normal distribution)


# JMH version: 1.37
# VM version: JDK 21.0.12, OpenJDK 64-Bit Server VM, 21.0.12+8-LTS
# VM invoker: <jdk21>/bin/java
# VM options: -Xms1g -Xmx1g
# Blackhole mode: compiler (auto-detected, use -Djmh.blackhole.autoDetect=false to disable)
# Warmup: 4 iterations, 1 s each
# Measurement: 5 iterations, 1 s each
# Timeout: 10 min per iteration
# Threads: 1 thread, will synchronize iterations
# Benchmark mode: Throughput, ops/time
# Benchmark: bench11.ListJsonb7880.nestedListJSON

# Run progress: 33.33% complete, ETA 00:00:18
# Fork: 1 of 1
# Warmup Iteration   1: 160.251 ops/ms
# Warmup Iteration   2: 210.940 ops/ms
# Warmup Iteration   3: 213.610 ops/ms
# Warmup Iteration   4: 212.848 ops/ms
Iteration   1: 212.042 ops/ms
Iteration   2: 212.107 ops/ms
Iteration   3: 213.161 ops/ms
Iteration   4: 214.168 ops/ms
Iteration   5: 213.624 ops/ms


Result "bench11.ListJsonb7880.nestedListJSON":
  213.020 ±(99.9%) 3.598 ops/ms [Average]
  (min, avg, max) = (212.042, 213.020, 214.168), stdev = 0.934
  CI (99.9%): [209.422, 216.618] (assumes normal distribution)


# JMH version: 1.37
# VM version: JDK 21.0.12, OpenJDK 64-Bit Server VM, 21.0.12+8-LTS
# VM invoker: <jdk21>/bin/java
# VM options: -Xms1g -Xmx1g
# Blackhole mode: compiler (auto-detected, use -Djmh.blackhole.autoDetect=false to disable)
# Warmup: 4 iterations, 1 s each
# Measurement: 5 iterations, 1 s each
# Timeout: 10 min per iteration
# Threads: 1 thread, will synchronize iterations
# Benchmark mode: Throughput, ops/time
# Benchmark: bench11.ListJsonb7880.rootListJSONB

# Run progress: 66.67% complete, ETA 00:00:09
# Fork: 1 of 1
# Warmup Iteration   1: 504.907 ops/ms
# Warmup Iteration   2: 599.322 ops/ms
# Warmup Iteration   3: 610.211 ops/ms
# Warmup Iteration   4: 610.386 ops/ms
Iteration   1: 606.945 ops/ms
Iteration   2: 603.146 ops/ms
Iteration   3: 603.414 ops/ms
Iteration   4: 601.516 ops/ms
Iteration   5: 607.085 ops/ms


Result "bench11.ListJsonb7880.rootListJSONB":
  604.421 ±(99.9%) 9.539 ops/ms [Average]
  (min, avg, max) = (601.516, 604.421, 607.085), stdev = 2.477
  CI (99.9%): [594.883, 613.960] (assumes normal distribution)


# Run complete. Total time: 00:00:27

REMEMBER: The numbers below are just data. To gain reusable insights, you need to follow up on
why the numbers are the way they are. Use profilers (see -prof, -lprof), design factorial
experiments, perform baseline and negative tests that provide experimental control, make sure
the benchmarking environment is safe on JVM/OS/HW level, ask for reviews from the domain experts.
Do not assume the numbers tell you what you want them to tell.

NOTE: Current JVM experimentally supports Compiler Blackholes, and they are in use. Please exercise
extra caution when trusting the results, look into the generated code to check the benchmark still
works, and factor in a small probability of new VM bugs. Additionally, while comparisons between
different JVMs are already problematic, the performance difference caused by different Blackhole
modes can be very significant. Please make sure you use the consistent Blackhole mode for comparisons.

Benchmark                      Mode  Cnt    Score   Error   Units
ListJsonb7880.basketJSONB     thrpt    5  632.356 ± 3.108  ops/ms
ListJsonb7880.nestedListJSON  thrpt    5  213.020 ± 3.598  ops/ms
ListJsonb7880.rootListJSONB   thrpt    5  604.421 ± 9.539  ops/ms

Benchmark result is saved to <work>/env/jmh/ab-r13u/v10-r1.json
