# JMH version: 1.37
# VM version: JDK 21.0.12, OpenJDK 64-Bit Server VM, 21.0.12+8-LTS
# VM invoker: <jdk21>/bin/java
# VM options: -Xms1g -Xmx1g
# Blackhole mode: compiler (auto-detected, use -Djmh.blackhole.autoDetect=false to disable)
# Warmup: 4 iterations, 1 s each
# Measurement: 5 iterations, 1 s each
# Timeout: 10 min per iteration
# Threads: 1 thread, will synchronize iterations
# Benchmark mode: Throughput, ops/time
# Benchmark: bench11.ListJsonb7880.basketJSONB

# Run progress: 0.00% complete, ETA 00:00:27
# Fork: 1 of 1
# Warmup Iteration   1: 516.477 ops/ms
# Warmup Iteration   2: 624.389 ops/ms
# Warmup Iteration   3: 627.135 ops/ms
# Warmup Iteration   4: 625.149 ops/ms
Iteration   1: 625.649 ops/ms
Iteration   2: 623.947 ops/ms
Iteration   3: 627.246 ops/ms
Iteration   4: 626.000 ops/ms
Iteration   5: 624.508 ops/ms


Result "bench11.ListJsonb7880.basketJSONB":
  625.470 ±(99.9%) 4.988 ops/ms [Average]
  (min, avg, max) = (623.947, 625.470, 627.246), stdev = 1.295
  CI (99.9%): [620.482, 630.458] (assumes normal distribution)


# JMH version: 1.37
# VM version: JDK 21.0.12, OpenJDK 64-Bit Server VM, 21.0.12+8-LTS
# VM invoker: <jdk21>/bin/java
# VM options: -Xms1g -Xmx1g
# Blackhole mode: compiler (auto-detected, use -Djmh.blackhole.autoDetect=false to disable)
# Warmup: 4 iterations, 1 s each
# Measurement: 5 iterations, 1 s each
# Timeout: 10 min per iteration
# Threads: 1 thread, will synchronize iterations
# Benchmark mode: Throughput, ops/time
# Benchmark: bench11.ListJsonb7880.nestedListJSON

# Run progress: 33.33% complete, ETA 00:00:18
# Fork: 1 of 1
# Warmup Iteration   1: 162.880 ops/ms
# Warmup Iteration   2: 211.995 ops/ms
# Warmup Iteration   3: 212.758 ops/ms
# Warmup Iteration   4: 211.767 ops/ms
Iteration   1: 212.449 ops/ms
Iteration   2: 212.981 ops/ms
Iteration   3: 211.690 ops/ms
Iteration   4: 212.257 ops/ms
Iteration   5: 211.842 ops/ms


Result "bench11.ListJsonb7880.nestedListJSON":
  212.244 ±(99.9%) 1.977 ops/ms [Average]
  (min, avg, max) = (211.690, 212.244, 212.981), stdev = 0.513
  CI (99.9%): [210.267, 214.221] (assumes normal distribution)


# JMH version: 1.37
# VM version: JDK 21.0.12, OpenJDK 64-Bit Server VM, 21.0.12+8-LTS
# VM invoker: <jdk21>/bin/java
# VM options: -Xms1g -Xmx1g
# Blackhole mode: compiler (auto-detected, use -Djmh.blackhole.autoDetect=false to disable)
# Warmup: 4 iterations, 1 s each
# Measurement: 5 iterations, 1 s each
# Timeout: 10 min per iteration
# Threads: 1 thread, will synchronize iterations
# Benchmark mode: Throughput, ops/time
# Benchmark: bench11.ListJsonb7880.rootListJSONB

# Run progress: 66.67% complete, ETA 00:00:09
# Fork: 1 of 1
# Warmup Iteration   1: 515.982 ops/ms
# Warmup Iteration   2: 613.057 ops/ms
# Warmup Iteration   3: 617.268 ops/ms
# Warmup Iteration   4: 618.340 ops/ms
Iteration   1: 624.675 ops/ms
Iteration   2: 621.855 ops/ms
Iteration   3: 623.487 ops/ms
Iteration   4: 623.560 ops/ms
Iteration   5: 623.190 ops/ms


Result "bench11.ListJsonb7880.rootListJSONB":
  623.353 ±(99.9%) 3.888 ops/ms [Average]
  (min, avg, max) = (621.855, 623.353, 624.675), stdev = 1.010
  CI (99.9%): [619.465, 627.242] (assumes normal distribution)


# Run complete. Total time: 00:00:27

REMEMBER: The numbers below are just data. To gain reusable insights, you need to follow up on
why the numbers are the way they are. Use profilers (see -prof, -lprof), design factorial
experiments, perform baseline and negative tests that provide experimental control, make sure
the benchmarking environment is safe on JVM/OS/HW level, ask for reviews from the domain experts.
Do not assume the numbers tell you what you want them to tell.

NOTE: Current JVM experimentally supports Compiler Blackholes, and they are in use. Please exercise
extra caution when trusting the results, look into the generated code to check the benchmark still
works, and factor in a small probability of new VM bugs. Additionally, while comparisons between
different JVMs are already problematic, the performance difference caused by different Blackhole
modes can be very significant. Please make sure you use the consistent Blackhole mode for comparisons.

Benchmark                      Mode  Cnt    Score   Error   Units
ListJsonb7880.basketJSONB     thrpt    5  625.470 ± 4.988  ops/ms
ListJsonb7880.nestedListJSON  thrpt    5  212.244 ± 1.977  ops/ms
ListJsonb7880.rootListJSONB   thrpt    5  623.353 ± 3.888  ops/ms

Benchmark result is saved to <work>/env/jmh/ab-r13u/v10-r2.json
