# JMH version: 1.37
# VM version: JDK 21.0.12, OpenJDK 64-Bit Server VM, 21.0.12+8-LTS
# VM invoker: <jdk21>/bin/java
# VM options: -Xms1g -Xmx1g
# Blackhole mode: compiler (auto-detected, use -Djmh.blackhole.autoDetect=false to disable)
# Warmup: 4 iterations, 1 s each
# Measurement: 5 iterations, 1 s each
# Timeout: 10 min per iteration
# Threads: 1 thread, will synchronize iterations
# Benchmark mode: Throughput, ops/time
# Benchmark: bench11.ListJsonb7880.basketJSONB

# Run progress: 0.00% complete, ETA 00:00:27
# Fork: 1 of 1
# Warmup Iteration   1: 521.365 ops/ms
# Warmup Iteration   2: 627.633 ops/ms
# Warmup Iteration   3: 630.542 ops/ms
# Warmup Iteration   4: 632.867 ops/ms
Iteration   1: 633.012 ops/ms
Iteration   2: 632.573 ops/ms
Iteration   3: 634.189 ops/ms
Iteration   4: 633.933 ops/ms
Iteration   5: 633.800 ops/ms


Result "bench11.ListJsonb7880.basketJSONB":
  633.502 ±(99.9%) 2.618 ops/ms [Average]
  (min, avg, max) = (632.573, 633.502, 634.189), stdev = 0.680
  CI (99.9%): [630.884, 636.120] (assumes normal distribution)


# JMH version: 1.37
# VM version: JDK 21.0.12, OpenJDK 64-Bit Server VM, 21.0.12+8-LTS
# VM invoker: <jdk21>/bin/java
# VM options: -Xms1g -Xmx1g
# Blackhole mode: compiler (auto-detected, use -Djmh.blackhole.autoDetect=false to disable)
# Warmup: 4 iterations, 1 s each
# Measurement: 5 iterations, 1 s each
# Timeout: 10 min per iteration
# Threads: 1 thread, will synchronize iterations
# Benchmark mode: Throughput, ops/time
# Benchmark: bench11.ListJsonb7880.nestedListJSON

# Run progress: 33.33% complete, ETA 00:00:18
# Fork: 1 of 1
# Warmup Iteration   1: 161.520 ops/ms
# Warmup Iteration   2: 210.125 ops/ms
# Warmup Iteration   3: 209.184 ops/ms
# Warmup Iteration   4: 209.985 ops/ms
Iteration   1: 211.197 ops/ms
Iteration   2: 211.684 ops/ms
Iteration   3: 212.382 ops/ms
Iteration   4: 212.585 ops/ms
Iteration   5: 213.033 ops/ms


Result "bench11.ListJsonb7880.nestedListJSON":
  212.176 ±(99.9%) 2.821 ops/ms [Average]
  (min, avg, max) = (211.197, 212.176, 213.033), stdev = 0.733
  CI (99.9%): [209.356, 214.997] (assumes normal distribution)


# JMH version: 1.37
# VM version: JDK 21.0.12, OpenJDK 64-Bit Server VM, 21.0.12+8-LTS
# VM invoker: <jdk21>/bin/java
# VM options: -Xms1g -Xmx1g
# Blackhole mode: compiler (auto-detected, use -Djmh.blackhole.autoDetect=false to disable)
# Warmup: 4 iterations, 1 s each
# Measurement: 5 iterations, 1 s each
# Timeout: 10 min per iteration
# Threads: 1 thread, will synchronize iterations
# Benchmark mode: Throughput, ops/time
# Benchmark: bench11.ListJsonb7880.rootListJSONB

# Run progress: 66.67% complete, ETA 00:00:09
# Fork: 1 of 1
# Warmup Iteration   1: 507.408 ops/ms
# Warmup Iteration   2: 631.070 ops/ms
# Warmup Iteration   3: 604.279 ops/ms
# Warmup Iteration   4: 603.559 ops/ms
Iteration   1: 604.322 ops/ms
Iteration   2: 604.472 ops/ms
Iteration   3: 603.317 ops/ms
Iteration   4: 604.320 ops/ms
Iteration   5: 603.474 ops/ms


Result "bench11.ListJsonb7880.rootListJSONB":
  603.981 ±(99.9%) 2.083 ops/ms [Average]
  (min, avg, max) = (603.317, 603.981, 604.472), stdev = 0.541
  CI (99.9%): [601.898, 606.064] (assumes normal distribution)


# Run complete. Total time: 00:00:27

REMEMBER: The numbers below are just data. To gain reusable insights, you need to follow up on
why the numbers are the way they are. Use profilers (see -prof, -lprof), design factorial
experiments, perform baseline and negative tests that provide experimental control, make sure
the benchmarking environment is safe on JVM/OS/HW level, ask for reviews from the domain experts.
Do not assume the numbers tell you what you want them to tell.

NOTE: Current JVM experimentally supports Compiler Blackholes, and they are in use. Please exercise
extra caution when trusting the results, look into the generated code to check the benchmark still
works, and factor in a small probability of new VM bugs. Additionally, while comparisons between
different JVMs are already problematic, the performance difference caused by different Blackhole
modes can be very significant. Please make sure you use the consistent Blackhole mode for comparisons.

Benchmark                      Mode  Cnt    Score   Error   Units
ListJsonb7880.basketJSONB     thrpt    5  633.502 ± 2.618  ops/ms
ListJsonb7880.nestedListJSON  thrpt    5  212.176 ± 2.821  ops/ms
ListJsonb7880.rootListJSONB   thrpt    5  603.981 ± 2.083  ops/ms

Benchmark result is saved to <work>/env/jmh/ab-r13u/v10copy-r4.json
