# JMH version: 1.37
# VM version: JDK 21.0.12, OpenJDK 64-Bit Server VM, 21.0.12+8-LTS
# VM invoker: <jdk21>/bin/java
# VM options: -Xms1g -Xmx1g
# Blackhole mode: compiler (auto-detected, use -Djmh.blackhole.autoDetect=false to disable)
# Warmup: 4 iterations, 1 s each
# Measurement: 5 iterations, 1 s each
# Timeout: 10 min per iteration
# Threads: 1 thread, will synchronize iterations
# Benchmark mode: Throughput, ops/time
# Benchmark: bench11.ListJsonb7880.basketJSONB

# Run progress: 0.00% complete, ETA 00:00:27
# Fork: 1 of 1
# Warmup Iteration   1: 521.683 ops/ms
# Warmup Iteration   2: 633.146 ops/ms
# Warmup Iteration   3: 633.281 ops/ms
# Warmup Iteration   4: 634.437 ops/ms
Iteration   1: 637.209 ops/ms
Iteration   2: 628.074 ops/ms
Iteration   3: 637.827 ops/ms
Iteration   4: 638.666 ops/ms
Iteration   5: 637.394 ops/ms


Result "bench11.ListJsonb7880.basketJSONB":
  635.834 ±(99.9%) 16.844 ops/ms [Average]
  (min, avg, max) = (628.074, 635.834, 638.666), stdev = 4.374
  CI (99.9%): [618.990, 652.678] (assumes normal distribution)


# JMH version: 1.37
# VM version: JDK 21.0.12, OpenJDK 64-Bit Server VM, 21.0.12+8-LTS
# VM invoker: <jdk21>/bin/java
# VM options: -Xms1g -Xmx1g
# Blackhole mode: compiler (auto-detected, use -Djmh.blackhole.autoDetect=false to disable)
# Warmup: 4 iterations, 1 s each
# Measurement: 5 iterations, 1 s each
# Timeout: 10 min per iteration
# Threads: 1 thread, will synchronize iterations
# Benchmark mode: Throughput, ops/time
# Benchmark: bench11.ListJsonb7880.nestedListJSON

# Run progress: 33.33% complete, ETA 00:00:18
# Fork: 1 of 1
# Warmup Iteration   1: 164.402 ops/ms
# Warmup Iteration   2: 211.701 ops/ms
# Warmup Iteration   3: 213.258 ops/ms
# Warmup Iteration   4: 213.331 ops/ms
Iteration   1: 213.516 ops/ms
Iteration   2: 213.158 ops/ms
Iteration   3: 204.963 ops/ms
Iteration   4: 205.824 ops/ms
Iteration   5: 205.518 ops/ms


Result "bench11.ListJsonb7880.nestedListJSON":
  208.596 ±(99.9%) 16.716 ops/ms [Average]
  (min, avg, max) = (204.963, 208.596, 213.516), stdev = 4.341
  CI (99.9%): [191.880, 225.312] (assumes normal distribution)


# JMH version: 1.37
# VM version: JDK 21.0.12, OpenJDK 64-Bit Server VM, 21.0.12+8-LTS
# VM invoker: <jdk21>/bin/java
# VM options: -Xms1g -Xmx1g
# Blackhole mode: compiler (auto-detected, use -Djmh.blackhole.autoDetect=false to disable)
# Warmup: 4 iterations, 1 s each
# Measurement: 5 iterations, 1 s each
# Timeout: 10 min per iteration
# Threads: 1 thread, will synchronize iterations
# Benchmark mode: Throughput, ops/time
# Benchmark: bench11.ListJsonb7880.rootListJSONB

# Run progress: 66.67% complete, ETA 00:00:09
# Fork: 1 of 1
# Warmup Iteration   1: 503.442 ops/ms
# Warmup Iteration   2: 630.609 ops/ms
# Warmup Iteration   3: 599.371 ops/ms
# Warmup Iteration   4: 605.266 ops/ms
Iteration   1: 600.475 ops/ms
Iteration   2: 602.011 ops/ms
Iteration   3: 603.935 ops/ms
Iteration   4: 602.677 ops/ms
Iteration   5: 602.673 ops/ms


Result "bench11.ListJsonb7880.rootListJSONB":
  602.354 ±(99.9%) 4.852 ops/ms [Average]
  (min, avg, max) = (600.475, 602.354, 603.935), stdev = 1.260
  CI (99.9%): [597.502, 607.207] (assumes normal distribution)


# Run complete. Total time: 00:00:27

REMEMBER: The numbers below are just data. To gain reusable insights, you need to follow up on
why the numbers are the way they are. Use profilers (see -prof, -lprof), design factorial
experiments, perform baseline and negative tests that provide experimental control, make sure
the benchmarking environment is safe on JVM/OS/HW level, ask for reviews from the domain experts.
Do not assume the numbers tell you what you want them to tell.

NOTE: Current JVM experimentally supports Compiler Blackholes, and they are in use. Please exercise
extra caution when trusting the results, look into the generated code to check the benchmark still
works, and factor in a small probability of new VM bugs. Additionally, while comparisons between
different JVMs are already problematic, the performance difference caused by different Blackhole
modes can be very significant. Please make sure you use the consistent Blackhole mode for comparisons.

Benchmark                      Mode  Cnt    Score    Error   Units
ListJsonb7880.basketJSONB     thrpt    5  635.834 ± 16.844  ops/ms
ListJsonb7880.nestedListJSON  thrpt    5  208.596 ± 16.716  ops/ms
ListJsonb7880.rootListJSONB   thrpt    5  602.354 ±  4.852  ops/ms

Benchmark result is saved to <work>/env/jmh/ab-r13u/v10copy-r1.json
