# JMH version: 1.37
# VM version: JDK 21.0.12, OpenJDK 64-Bit Server VM, 21.0.12+8-LTS
# VM invoker: <jdk21>/bin/java
# VM options: -Xms1g -Xmx1g
# Blackhole mode: compiler (auto-detected, use -Djmh.blackhole.autoDetect=false to disable)
# Warmup: 4 iterations, 1 s each
# Measurement: 5 iterations, 1 s each
# Timeout: 10 min per iteration
# Threads: 1 thread, will synchronize iterations
# Benchmark mode: Throughput, ops/time
# Benchmark: bench11.ListJsonb7880.basketJSONB

# Run progress: 0.00% complete, ETA 00:00:27
# Fork: 1 of 1
# Warmup Iteration   1: 503.782 ops/ms
# Warmup Iteration   2: 612.420 ops/ms
# Warmup Iteration   3: 611.636 ops/ms
# Warmup Iteration   4: 614.585 ops/ms
Iteration   1: 619.349 ops/ms
Iteration   2: 619.055 ops/ms
Iteration   3: 620.552 ops/ms
Iteration   4: 619.905 ops/ms
Iteration   5: 620.343 ops/ms


Result "bench11.ListJsonb7880.basketJSONB":
  619.841 ±(99.9%) 2.451 ops/ms [Average]
  (min, avg, max) = (619.055, 619.841, 620.552), stdev = 0.637
  CI (99.9%): [617.390, 622.292] (assumes normal distribution)


# JMH version: 1.37
# VM version: JDK 21.0.12, OpenJDK 64-Bit Server VM, 21.0.12+8-LTS
# VM invoker: <jdk21>/bin/java
# VM options: -Xms1g -Xmx1g
# Blackhole mode: compiler (auto-detected, use -Djmh.blackhole.autoDetect=false to disable)
# Warmup: 4 iterations, 1 s each
# Measurement: 5 iterations, 1 s each
# Timeout: 10 min per iteration
# Threads: 1 thread, will synchronize iterations
# Benchmark mode: Throughput, ops/time
# Benchmark: bench11.ListJsonb7880.nestedListJSON

# Run progress: 33.33% complete, ETA 00:00:18
# Fork: 1 of 1
# Warmup Iteration   1: 164.549 ops/ms
# Warmup Iteration   2: 214.350 ops/ms
# Warmup Iteration   3: 214.442 ops/ms
# Warmup Iteration   4: 214.134 ops/ms
Iteration   1: 209.964 ops/ms
Iteration   2: 213.232 ops/ms
Iteration   3: 212.087 ops/ms
Iteration   4: 214.733 ops/ms
Iteration   5: 214.663 ops/ms


Result "bench11.ListJsonb7880.nestedListJSON":
  212.936 ±(99.9%) 7.666 ops/ms [Average]
  (min, avg, max) = (209.964, 212.936, 214.733), stdev = 1.991
  CI (99.9%): [205.269, 220.602] (assumes normal distribution)


# JMH version: 1.37
# VM version: JDK 21.0.12, OpenJDK 64-Bit Server VM, 21.0.12+8-LTS
# VM invoker: <jdk21>/bin/java
# VM options: -Xms1g -Xmx1g
# Blackhole mode: compiler (auto-detected, use -Djmh.blackhole.autoDetect=false to disable)
# Warmup: 4 iterations, 1 s each
# Measurement: 5 iterations, 1 s each
# Timeout: 10 min per iteration
# Threads: 1 thread, will synchronize iterations
# Benchmark mode: Throughput, ops/time
# Benchmark: bench11.ListJsonb7880.rootListJSONB

# Run progress: 66.67% complete, ETA 00:00:09
# Fork: 1 of 1
# Warmup Iteration   1: 504.133 ops/ms
# Warmup Iteration   2: 628.643 ops/ms
# Warmup Iteration   3: 606.060 ops/ms
# Warmup Iteration   4: 594.789 ops/ms
Iteration   1: 604.879 ops/ms
Iteration   2: 602.755 ops/ms
Iteration   3: 602.728 ops/ms
Iteration   4: 603.860 ops/ms
Iteration   5: 603.405 ops/ms


Result "bench11.ListJsonb7880.rootListJSONB":
  603.525 ±(99.9%) 3.438 ops/ms [Average]
  (min, avg, max) = (602.728, 603.525, 604.879), stdev = 0.893
  CI (99.9%): [600.087, 606.963] (assumes normal distribution)


# Run complete. Total time: 00:00:27

REMEMBER: The numbers below are just data. To gain reusable insights, you need to follow up on
why the numbers are the way they are. Use profilers (see -prof, -lprof), design factorial
experiments, perform baseline and negative tests that provide experimental control, make sure
the benchmarking environment is safe on JVM/OS/HW level, ask for reviews from the domain experts.
Do not assume the numbers tell you what you want them to tell.

NOTE: Current JVM experimentally supports Compiler Blackholes, and they are in use. Please exercise
extra caution when trusting the results, look into the generated code to check the benchmark still
works, and factor in a small probability of new VM bugs. Additionally, while comparisons between
different JVMs are already problematic, the performance difference caused by different Blackhole
modes can be very significant. Please make sure you use the consistent Blackhole mode for comparisons.

Benchmark                      Mode  Cnt    Score   Error   Units
ListJsonb7880.basketJSONB     thrpt    5  619.841 ± 2.451  ops/ms
ListJsonb7880.nestedListJSON  thrpt    5  212.936 ± 7.666  ops/ms
ListJsonb7880.rootListJSONB   thrpt    5  603.525 ± 3.438  ops/ms

Benchmark result is saved to <work>/env/jmh/ab-r13u/v10copy-r6.json
