# JMH version: 1.37
# VM version: JDK 21.0.12, OpenJDK 64-Bit Server VM, 21.0.12+8-LTS
# VM invoker: <jdk21>/bin/java
# VM options: -Xms1g -Xmx1g
# Blackhole mode: compiler (auto-detected, use -Djmh.blackhole.autoDetect=false to disable)
# Warmup: 4 iterations, 1 s each
# Measurement: 5 iterations, 1 s each
# Timeout: 10 min per iteration
# Threads: 1 thread, will synchronize iterations
# Benchmark mode: Throughput, ops/time
# Benchmark: bench11.ListJsonb7880.basketJSONB

# Run progress: 0.00% complete, ETA 00:00:27
# Fork: 1 of 1
# Warmup Iteration   1: 491.234 ops/ms
# Warmup Iteration   2: 596.633 ops/ms
# Warmup Iteration   3: 596.975 ops/ms
# Warmup Iteration   4: 597.270 ops/ms
Iteration   1: 600.232 ops/ms
Iteration   2: 599.866 ops/ms
Iteration   3: 598.607 ops/ms
Iteration   4: 598.965 ops/ms
Iteration   5: 601.223 ops/ms


Result "bench11.ListJsonb7880.basketJSONB":
  599.779 ±(99.9%) 4.009 ops/ms [Average]
  (min, avg, max) = (598.607, 599.779, 601.223), stdev = 1.041
  CI (99.9%): [595.769, 603.788] (assumes normal distribution)


# JMH version: 1.37
# VM version: JDK 21.0.12, OpenJDK 64-Bit Server VM, 21.0.12+8-LTS
# VM invoker: <jdk21>/bin/java
# VM options: -Xms1g -Xmx1g
# Blackhole mode: compiler (auto-detected, use -Djmh.blackhole.autoDetect=false to disable)
# Warmup: 4 iterations, 1 s each
# Measurement: 5 iterations, 1 s each
# Timeout: 10 min per iteration
# Threads: 1 thread, will synchronize iterations
# Benchmark mode: Throughput, ops/time
# Benchmark: bench11.ListJsonb7880.nestedListJSON

# Run progress: 33.33% complete, ETA 00:00:18
# Fork: 1 of 1
# Warmup Iteration   1: 164.692 ops/ms
# Warmup Iteration   2: 211.589 ops/ms
# Warmup Iteration   3: 212.293 ops/ms
# Warmup Iteration   4: 211.015 ops/ms
Iteration   1: 211.676 ops/ms
Iteration   2: 212.430 ops/ms
Iteration   3: 210.939 ops/ms
Iteration   4: 211.348 ops/ms
Iteration   5: 211.009 ops/ms


Result "bench11.ListJsonb7880.nestedListJSON":
  211.481 ±(99.9%) 2.337 ops/ms [Average]
  (min, avg, max) = (210.939, 211.481, 212.430), stdev = 0.607
  CI (99.9%): [209.144, 213.817] (assumes normal distribution)


# JMH version: 1.37
# VM version: JDK 21.0.12, OpenJDK 64-Bit Server VM, 21.0.12+8-LTS
# VM invoker: <jdk21>/bin/java
# VM options: -Xms1g -Xmx1g
# Blackhole mode: compiler (auto-detected, use -Djmh.blackhole.autoDetect=false to disable)
# Warmup: 4 iterations, 1 s each
# Measurement: 5 iterations, 1 s each
# Timeout: 10 min per iteration
# Threads: 1 thread, will synchronize iterations
# Benchmark mode: Throughput, ops/time
# Benchmark: bench11.ListJsonb7880.rootListJSONB

# Run progress: 66.67% complete, ETA 00:00:09
# Fork: 1 of 1
# Warmup Iteration   1: 503.942 ops/ms
# Warmup Iteration   2: 630.842 ops/ms
# Warmup Iteration   3: 602.720 ops/ms
# Warmup Iteration   4: 602.096 ops/ms
Iteration   1: 606.700 ops/ms
Iteration   2: 605.316 ops/ms
Iteration   3: 605.071 ops/ms
Iteration   4: 606.852 ops/ms
Iteration   5: 606.754 ops/ms


Result "bench11.ListJsonb7880.rootListJSONB":
  606.139 ±(99.9%) 3.345 ops/ms [Average]
  (min, avg, max) = (605.071, 606.139, 606.852), stdev = 0.869
  CI (99.9%): [602.794, 609.484] (assumes normal distribution)


# Run complete. Total time: 00:00:27

REMEMBER: The numbers below are just data. To gain reusable insights, you need to follow up on
why the numbers are the way they are. Use profilers (see -prof, -lprof), design factorial
experiments, perform baseline and negative tests that provide experimental control, make sure
the benchmarking environment is safe on JVM/OS/HW level, ask for reviews from the domain experts.
Do not assume the numbers tell you what you want them to tell.

NOTE: Current JVM experimentally supports Compiler Blackholes, and they are in use. Please exercise
extra caution when trusting the results, look into the generated code to check the benchmark still
works, and factor in a small probability of new VM bugs. Additionally, while comparisons between
different JVMs are already problematic, the performance difference caused by different Blackhole
modes can be very significant. Please make sure you use the consistent Blackhole mode for comparisons.

Benchmark                      Mode  Cnt    Score   Error   Units
ListJsonb7880.basketJSONB     thrpt    5  599.779 ± 4.009  ops/ms
ListJsonb7880.nestedListJSON  thrpt    5  211.481 ± 2.337  ops/ms
ListJsonb7880.rootListJSONB   thrpt    5  606.139 ± 3.345  ops/ms

Benchmark result is saved to <work>/env/jmh/ab-r13u/v10copy-r2.json
