# JMH version: 1.37
# VM version: JDK 21.0.12, OpenJDK 64-Bit Server VM, 21.0.12+8-LTS
# VM invoker: <jdk21>/bin/java
# VM options: -Xms1g -Xmx1g
# Blackhole mode: compiler (auto-detected, use -Djmh.blackhole.autoDetect=false to disable)
# Warmup: 4 iterations, 1 s each
# Measurement: 5 iterations, 1 s each
# Timeout: 10 min per iteration
# Threads: 1 thread, will synchronize iterations
# Benchmark mode: Throughput, ops/time
# Benchmark: bench11.ListJsonb7880.basketJSONB

# Run progress: 0.00% complete, ETA 00:00:27
# Fork: 1 of 1
# Warmup Iteration   1: 516.902 ops/ms
# Warmup Iteration   2: 627.255 ops/ms
# Warmup Iteration   3: 620.788 ops/ms
# Warmup Iteration   4: 621.597 ops/ms
Iteration   1: 621.532 ops/ms
Iteration   2: 621.513 ops/ms
Iteration   3: 621.728 ops/ms
Iteration   4: 618.685 ops/ms
Iteration   5: 620.761 ops/ms


Result "bench11.ListJsonb7880.basketJSONB":
  620.844 ±(99.9%) 4.859 ops/ms [Average]
  (min, avg, max) = (618.685, 620.844, 621.728), stdev = 1.262
  CI (99.9%): [615.985, 625.703] (assumes normal distribution)


# JMH version: 1.37
# VM version: JDK 21.0.12, OpenJDK 64-Bit Server VM, 21.0.12+8-LTS
# VM invoker: <jdk21>/bin/java
# VM options: -Xms1g -Xmx1g
# Blackhole mode: compiler (auto-detected, use -Djmh.blackhole.autoDetect=false to disable)
# Warmup: 4 iterations, 1 s each
# Measurement: 5 iterations, 1 s each
# Timeout: 10 min per iteration
# Threads: 1 thread, will synchronize iterations
# Benchmark mode: Throughput, ops/time
# Benchmark: bench11.ListJsonb7880.nestedListJSON

# Run progress: 33.33% complete, ETA 00:00:18
# Fork: 1 of 1
# Warmup Iteration   1: 164.191 ops/ms
# Warmup Iteration   2: 213.540 ops/ms
# Warmup Iteration   3: 212.572 ops/ms
# Warmup Iteration   4: 210.902 ops/ms
Iteration   1: 212.913 ops/ms
Iteration   2: 213.000 ops/ms
Iteration   3: 213.158 ops/ms
Iteration   4: 214.285 ops/ms
Iteration   5: 213.685 ops/ms


Result "bench11.ListJsonb7880.nestedListJSON":
  213.408 ±(99.9%) 2.211 ops/ms [Average]
  (min, avg, max) = (212.913, 213.408, 214.285), stdev = 0.574
  CI (99.9%): [211.197, 215.620] (assumes normal distribution)


# JMH version: 1.37
# VM version: JDK 21.0.12, OpenJDK 64-Bit Server VM, 21.0.12+8-LTS
# VM invoker: <jdk21>/bin/java
# VM options: -Xms1g -Xmx1g
# Blackhole mode: compiler (auto-detected, use -Djmh.blackhole.autoDetect=false to disable)
# Warmup: 4 iterations, 1 s each
# Measurement: 5 iterations, 1 s each
# Timeout: 10 min per iteration
# Threads: 1 thread, will synchronize iterations
# Benchmark mode: Throughput, ops/time
# Benchmark: bench11.ListJsonb7880.rootListJSONB

# Run progress: 66.67% complete, ETA 00:00:09
# Fork: 1 of 1
# Warmup Iteration   1: 512.089 ops/ms
# Warmup Iteration   2: 630.778 ops/ms
# Warmup Iteration   3: 606.701 ops/ms
# Warmup Iteration   4: 602.147 ops/ms
Iteration   1: 601.909 ops/ms
Iteration   2: 602.867 ops/ms
Iteration   3: 602.918 ops/ms
Iteration   4: 603.275 ops/ms
Iteration   5: 603.643 ops/ms


Result "bench11.ListJsonb7880.rootListJSONB":
  602.922 ±(99.9%) 2.491 ops/ms [Average]
  (min, avg, max) = (601.909, 602.922, 603.643), stdev = 0.647
  CI (99.9%): [600.431, 605.414] (assumes normal distribution)


# Run complete. Total time: 00:00:27

REMEMBER: The numbers below are just data. To gain reusable insights, you need to follow up on
why the numbers are the way they are. Use profilers (see -prof, -lprof), design factorial
experiments, perform baseline and negative tests that provide experimental control, make sure
the benchmarking environment is safe on JVM/OS/HW level, ask for reviews from the domain experts.
Do not assume the numbers tell you what you want them to tell.

NOTE: Current JVM experimentally supports Compiler Blackholes, and they are in use. Please exercise
extra caution when trusting the results, look into the generated code to check the benchmark still
works, and factor in a small probability of new VM bugs. Additionally, while comparisons between
different JVMs are already problematic, the performance difference caused by different Blackhole
modes can be very significant. Please make sure you use the consistent Blackhole mode for comparisons.

Benchmark                      Mode  Cnt    Score   Error   Units
ListJsonb7880.basketJSONB     thrpt    5  620.844 ± 4.859  ops/ms
ListJsonb7880.nestedListJSON  thrpt    5  213.408 ± 2.211  ops/ms
ListJsonb7880.rootListJSONB   thrpt    5  602.922 ± 2.491  ops/ms

Benchmark result is saved to <work>/env/jmh/ab-r13u/v10copy-r5.json
