# JMH version: 1.37
# VM version: JDK 21.0.12, OpenJDK 64-Bit Server VM, 21.0.12+8-LTS
# VM invoker: <jdk21>/bin/java
# VM options: -Xms1g -Xmx1g
# Blackhole mode: compiler (auto-detected, use -Djmh.blackhole.autoDetect=false to disable)
# Warmup: 4 iterations, 1 s each
# Measurement: 5 iterations, 1 s each
# Timeout: 10 min per iteration
# Threads: 1 thread, will synchronize iterations
# Benchmark mode: Throughput, ops/time
# Benchmark: bench11.ListJsonb7880.basketJSONB

# Run progress: 0.00% complete, ETA 00:00:27
# Fork: 1 of 1
# Warmup Iteration   1: 508.136 ops/ms
# Warmup Iteration   2: 616.332 ops/ms
# Warmup Iteration   3: 615.335 ops/ms
# Warmup Iteration   4: 614.465 ops/ms
Iteration   1: 618.019 ops/ms
Iteration   2: 616.837 ops/ms
Iteration   3: 616.150 ops/ms
Iteration   4: 615.724 ops/ms
Iteration   5: 616.355 ops/ms


Result "bench11.ListJsonb7880.basketJSONB":
  616.617 ±(99.9%) 3.389 ops/ms [Average]
  (min, avg, max) = (615.724, 616.617, 618.019), stdev = 0.880
  CI (99.9%): [613.228, 620.006] (assumes normal distribution)


# JMH version: 1.37
# VM version: JDK 21.0.12, OpenJDK 64-Bit Server VM, 21.0.12+8-LTS
# VM invoker: <jdk21>/bin/java
# VM options: -Xms1g -Xmx1g
# Blackhole mode: compiler (auto-detected, use -Djmh.blackhole.autoDetect=false to disable)
# Warmup: 4 iterations, 1 s each
# Measurement: 5 iterations, 1 s each
# Timeout: 10 min per iteration
# Threads: 1 thread, will synchronize iterations
# Benchmark mode: Throughput, ops/time
# Benchmark: bench11.ListJsonb7880.nestedListJSON

# Run progress: 33.33% complete, ETA 00:00:18
# Fork: 1 of 1
# Warmup Iteration   1: 166.021 ops/ms
# Warmup Iteration   2: 212.973 ops/ms
# Warmup Iteration   3: 213.464 ops/ms
# Warmup Iteration   4: 212.586 ops/ms
Iteration   1: 214.048 ops/ms
Iteration   2: 212.678 ops/ms
Iteration   3: 213.420 ops/ms
Iteration   4: 214.268 ops/ms
Iteration   5: 214.282 ops/ms


Result "bench11.ListJsonb7880.nestedListJSON":
  213.739 ±(99.9%) 2.653 ops/ms [Average]
  (min, avg, max) = (212.678, 213.739, 214.282), stdev = 0.689
  CI (99.9%): [211.086, 216.392] (assumes normal distribution)


# JMH version: 1.37
# VM version: JDK 21.0.12, OpenJDK 64-Bit Server VM, 21.0.12+8-LTS
# VM invoker: <jdk21>/bin/java
# VM options: -Xms1g -Xmx1g
# Blackhole mode: compiler (auto-detected, use -Djmh.blackhole.autoDetect=false to disable)
# Warmup: 4 iterations, 1 s each
# Measurement: 5 iterations, 1 s each
# Timeout: 10 min per iteration
# Threads: 1 thread, will synchronize iterations
# Benchmark mode: Throughput, ops/time
# Benchmark: bench11.ListJsonb7880.rootListJSONB

# Run progress: 66.67% complete, ETA 00:00:09
# Fork: 1 of 1
# Warmup Iteration   1: 504.352 ops/ms
# Warmup Iteration   2: 628.334 ops/ms
# Warmup Iteration   3: 615.296 ops/ms
# Warmup Iteration   4: 613.719 ops/ms
Iteration   1: 609.544 ops/ms
Iteration   2: 608.230 ops/ms
Iteration   3: 608.933 ops/ms
Iteration   4: 608.979 ops/ms
Iteration   5: 609.581 ops/ms


Result "bench11.ListJsonb7880.rootListJSONB":
  609.053 ±(99.9%) 2.125 ops/ms [Average]
  (min, avg, max) = (608.230, 609.053, 609.581), stdev = 0.552
  CI (99.9%): [606.929, 611.178] (assumes normal distribution)


# Run complete. Total time: 00:00:27

REMEMBER: The numbers below are just data. To gain reusable insights, you need to follow up on
why the numbers are the way they are. Use profilers (see -prof, -lprof), design factorial
experiments, perform baseline and negative tests that provide experimental control, make sure
the benchmarking environment is safe on JVM/OS/HW level, ask for reviews from the domain experts.
Do not assume the numbers tell you what you want them to tell.

NOTE: Current JVM experimentally supports Compiler Blackholes, and they are in use. Please exercise
extra caution when trusting the results, look into the generated code to check the benchmark still
works, and factor in a small probability of new VM bugs. Additionally, while comparisons between
different JVMs are already problematic, the performance difference caused by different Blackhole
modes can be very significant. Please make sure you use the consistent Blackhole mode for comparisons.

Benchmark                      Mode  Cnt    Score   Error   Units
ListJsonb7880.basketJSONB     thrpt    5  616.617 ± 3.389  ops/ms
ListJsonb7880.nestedListJSON  thrpt    5  213.739 ± 2.653  ops/ms
ListJsonb7880.rootListJSONB   thrpt    5  609.053 ± 2.125  ops/ms

Benchmark result is saved to <work>/env/jmh/ab-r13u/v10copy-r8.json
