# JMH version: 1.37
# VM version: JDK 21.0.12, OpenJDK 64-Bit Server VM, 21.0.12+8-LTS
# VM invoker: <jdk21>/bin/java
# VM options: -Xms1g -Xmx1g
# Blackhole mode: compiler (auto-detected, use -Djmh.blackhole.autoDetect=false to disable)
# Warmup: 4 iterations, 1 s each
# Measurement: 5 iterations, 1 s each
# Timeout: 10 min per iteration
# Threads: 1 thread, will synchronize iterations
# Benchmark mode: Throughput, ops/time
# Benchmark: bench11.ListJsonb7880.basketJSONB

# Run progress: 0.00% complete, ETA 00:00:27
# Fork: 1 of 1
# Warmup Iteration   1: 516.616 ops/ms
# Warmup Iteration   2: 617.680 ops/ms
# Warmup Iteration   3: 622.039 ops/ms
# Warmup Iteration   4: 621.849 ops/ms
Iteration   1: 620.549 ops/ms
Iteration   2: 622.738 ops/ms
Iteration   3: 623.216 ops/ms
Iteration   4: 621.018 ops/ms
Iteration   5: 621.667 ops/ms


Result "bench11.ListJsonb7880.basketJSONB":
  621.838 ±(99.9%) 4.336 ops/ms [Average]
  (min, avg, max) = (620.549, 621.838, 623.216), stdev = 1.126
  CI (99.9%): [617.502, 626.174] (assumes normal distribution)


# JMH version: 1.37
# VM version: JDK 21.0.12, OpenJDK 64-Bit Server VM, 21.0.12+8-LTS
# VM invoker: <jdk21>/bin/java
# VM options: -Xms1g -Xmx1g
# Blackhole mode: compiler (auto-detected, use -Djmh.blackhole.autoDetect=false to disable)
# Warmup: 4 iterations, 1 s each
# Measurement: 5 iterations, 1 s each
# Timeout: 10 min per iteration
# Threads: 1 thread, will synchronize iterations
# Benchmark mode: Throughput, ops/time
# Benchmark: bench11.ListJsonb7880.nestedListJSON

# Run progress: 33.33% complete, ETA 00:00:18
# Fork: 1 of 1
# Warmup Iteration   1: 165.356 ops/ms
# Warmup Iteration   2: 214.252 ops/ms
# Warmup Iteration   3: 210.888 ops/ms
# Warmup Iteration   4: 213.083 ops/ms
Iteration   1: 212.299 ops/ms
Iteration   2: 213.853 ops/ms
Iteration   3: 214.275 ops/ms
Iteration   4: 213.622 ops/ms
Iteration   5: 214.636 ops/ms


Result "bench11.ListJsonb7880.nestedListJSON":
  213.737 ±(99.9%) 3.440 ops/ms [Average]
  (min, avg, max) = (212.299, 213.737, 214.636), stdev = 0.893
  CI (99.9%): [210.297, 217.177] (assumes normal distribution)


# JMH version: 1.37
# VM version: JDK 21.0.12, OpenJDK 64-Bit Server VM, 21.0.12+8-LTS
# VM invoker: <jdk21>/bin/java
# VM options: -Xms1g -Xmx1g
# Blackhole mode: compiler (auto-detected, use -Djmh.blackhole.autoDetect=false to disable)
# Warmup: 4 iterations, 1 s each
# Measurement: 5 iterations, 1 s each
# Timeout: 10 min per iteration
# Threads: 1 thread, will synchronize iterations
# Benchmark mode: Throughput, ops/time
# Benchmark: bench11.ListJsonb7880.rootListJSONB

# Run progress: 66.67% complete, ETA 00:00:09
# Fork: 1 of 1
# Warmup Iteration   1: 498.679 ops/ms
# Warmup Iteration   2: 598.212 ops/ms
# Warmup Iteration   3: 591.292 ops/ms
# Warmup Iteration   4: 591.442 ops/ms
Iteration   1: 593.767 ops/ms
Iteration   2: 592.148 ops/ms
Iteration   3: 591.744 ops/ms
Iteration   4: 592.186 ops/ms
Iteration   5: 591.044 ops/ms


Result "bench11.ListJsonb7880.rootListJSONB":
  592.178 ±(99.9%) 3.851 ops/ms [Average]
  (min, avg, max) = (591.044, 592.178, 593.767), stdev = 1.000
  CI (99.9%): [588.327, 596.028] (assumes normal distribution)


# Run complete. Total time: 00:00:27

REMEMBER: The numbers below are just data. To gain reusable insights, you need to follow up on
why the numbers are the way they are. Use profilers (see -prof, -lprof), design factorial
experiments, perform baseline and negative tests that provide experimental control, make sure
the benchmarking environment is safe on JVM/OS/HW level, ask for reviews from the domain experts.
Do not assume the numbers tell you what you want them to tell.

NOTE: Current JVM experimentally supports Compiler Blackholes, and they are in use. Please exercise
extra caution when trusting the results, look into the generated code to check the benchmark still
works, and factor in a small probability of new VM bugs. Additionally, while comparisons between
different JVMs are already problematic, the performance difference caused by different Blackhole
modes can be very significant. Please make sure you use the consistent Blackhole mode for comparisons.

Benchmark                      Mode  Cnt    Score   Error   Units
ListJsonb7880.basketJSONB     thrpt    5  621.838 ± 4.336  ops/ms
ListJsonb7880.nestedListJSON  thrpt    5  213.737 ± 3.440  ops/ms
ListJsonb7880.rootListJSONB   thrpt    5  592.178 ± 3.851  ops/ms

Benchmark result is saved to <work>/env/jmh/ab-r13u/v12-r8.json
