# JMH version: 1.37
# VM version: JDK 21.0.12, OpenJDK 64-Bit Server VM, 21.0.12+8-LTS
# VM invoker: <jdk21>/bin/java
# VM options: -Xms1g -Xmx1g
# Blackhole mode: compiler (auto-detected, use -Djmh.blackhole.autoDetect=false to disable)
# Warmup: 4 iterations, 1 s each
# Measurement: 5 iterations, 1 s each
# Timeout: 10 min per iteration
# Threads: 1 thread, will synchronize iterations
# Benchmark mode: Throughput, ops/time
# Benchmark: bench11.ListJsonb7880.basketJSONB

# Run progress: 0.00% complete, ETA 00:00:27
# Fork: 1 of 1
# Warmup Iteration   1: 517.058 ops/ms
# Warmup Iteration   2: 622.342 ops/ms
# Warmup Iteration   3: 629.536 ops/ms
# Warmup Iteration   4: 628.088 ops/ms
Iteration   1: 630.113 ops/ms
Iteration   2: 628.820 ops/ms
Iteration   3: 628.127 ops/ms
Iteration   4: 627.271 ops/ms
Iteration   5: 628.421 ops/ms


Result "bench11.ListJsonb7880.basketJSONB":
  628.550 ±(99.9%) 4.014 ops/ms [Average]
  (min, avg, max) = (627.271, 628.550, 630.113), stdev = 1.042
  CI (99.9%): [624.536, 632.564] (assumes normal distribution)


# JMH version: 1.37
# VM version: JDK 21.0.12, OpenJDK 64-Bit Server VM, 21.0.12+8-LTS
# VM invoker: <jdk21>/bin/java
# VM options: -Xms1g -Xmx1g
# Blackhole mode: compiler (auto-detected, use -Djmh.blackhole.autoDetect=false to disable)
# Warmup: 4 iterations, 1 s each
# Measurement: 5 iterations, 1 s each
# Timeout: 10 min per iteration
# Threads: 1 thread, will synchronize iterations
# Benchmark mode: Throughput, ops/time
# Benchmark: bench11.ListJsonb7880.nestedListJSON

# Run progress: 33.33% complete, ETA 00:00:18
# Fork: 1 of 1
# Warmup Iteration   1: 165.150 ops/ms
# Warmup Iteration   2: 212.443 ops/ms
# Warmup Iteration   3: 213.151 ops/ms
# Warmup Iteration   4: 213.050 ops/ms
Iteration   1: 213.465 ops/ms
Iteration   2: 211.464 ops/ms
Iteration   3: 212.720 ops/ms
Iteration   4: 213.198 ops/ms
Iteration   5: 213.060 ops/ms


Result "bench11.ListJsonb7880.nestedListJSON":
  212.782 ±(99.9%) 3.019 ops/ms [Average]
  (min, avg, max) = (211.464, 212.782, 213.465), stdev = 0.784
  CI (99.9%): [209.762, 215.801] (assumes normal distribution)


# JMH version: 1.37
# VM version: JDK 21.0.12, OpenJDK 64-Bit Server VM, 21.0.12+8-LTS
# VM invoker: <jdk21>/bin/java
# VM options: -Xms1g -Xmx1g
# Blackhole mode: compiler (auto-detected, use -Djmh.blackhole.autoDetect=false to disable)
# Warmup: 4 iterations, 1 s each
# Measurement: 5 iterations, 1 s each
# Timeout: 10 min per iteration
# Threads: 1 thread, will synchronize iterations
# Benchmark mode: Throughput, ops/time
# Benchmark: bench11.ListJsonb7880.rootListJSONB

# Run progress: 66.67% complete, ETA 00:00:09
# Fork: 1 of 1
# Warmup Iteration   1: 499.284 ops/ms
# Warmup Iteration   2: 590.241 ops/ms
# Warmup Iteration   3: 591.010 ops/ms
# Warmup Iteration   4: 589.374 ops/ms
Iteration   1: 604.047 ops/ms
Iteration   2: 600.224 ops/ms
Iteration   3: 602.027 ops/ms
Iteration   4: 603.179 ops/ms
Iteration   5: 602.428 ops/ms


Result "bench11.ListJsonb7880.rootListJSONB":
  602.381 ±(99.9%) 5.510 ops/ms [Average]
  (min, avg, max) = (600.224, 602.381, 604.047), stdev = 1.431
  CI (99.9%): [596.871, 607.891] (assumes normal distribution)


# Run complete. Total time: 00:00:27

REMEMBER: The numbers below are just data. To gain reusable insights, you need to follow up on
why the numbers are the way they are. Use profilers (see -prof, -lprof), design factorial
experiments, perform baseline and negative tests that provide experimental control, make sure
the benchmarking environment is safe on JVM/OS/HW level, ask for reviews from the domain experts.
Do not assume the numbers tell you what you want them to tell.

NOTE: Current JVM experimentally supports Compiler Blackholes, and they are in use. Please exercise
extra caution when trusting the results, look into the generated code to check the benchmark still
works, and factor in a small probability of new VM bugs. Additionally, while comparisons between
different JVMs are already problematic, the performance difference caused by different Blackhole
modes can be very significant. Please make sure you use the consistent Blackhole mode for comparisons.

Benchmark                      Mode  Cnt    Score   Error   Units
ListJsonb7880.basketJSONB     thrpt    5  628.550 ± 4.014  ops/ms
ListJsonb7880.nestedListJSON  thrpt    5  212.782 ± 3.019  ops/ms
ListJsonb7880.rootListJSONB   thrpt    5  602.381 ± 5.510  ops/ms

Benchmark result is saved to <work>/env/jmh/ab-r13u/v12-r4.json
