# JMH version: 1.37
# VM version: JDK 21.0.12, OpenJDK 64-Bit Server VM, 21.0.12+8-LTS
# VM invoker: <jdk21>/bin/java
# VM options: -Xms1g -Xmx1g
# Blackhole mode: compiler (auto-detected, use -Djmh.blackhole.autoDetect=false to disable)
# Warmup: 4 iterations, 1 s each
# Measurement: 5 iterations, 1 s each
# Timeout: 10 min per iteration
# Threads: 1 thread, will synchronize iterations
# Benchmark mode: Throughput, ops/time
# Benchmark: bench11.ListJsonb7880.basketJSONB

# Run progress: 0.00% complete, ETA 00:00:27
# Fork: 1 of 1
# Warmup Iteration   1: 511.801 ops/ms
# Warmup Iteration   2: 625.535 ops/ms
# Warmup Iteration   3: 631.901 ops/ms
# Warmup Iteration   4: 630.245 ops/ms
Iteration   1: 633.381 ops/ms
Iteration   2: 632.326 ops/ms
Iteration   3: 632.758 ops/ms
Iteration   4: 632.745 ops/ms
Iteration   5: 631.289 ops/ms


Result "bench11.ListJsonb7880.basketJSONB":
  632.500 ±(99.9%) 2.983 ops/ms [Average]
  (min, avg, max) = (631.289, 632.500, 633.381), stdev = 0.775
  CI (99.9%): [629.517, 635.483] (assumes normal distribution)


# JMH version: 1.37
# VM version: JDK 21.0.12, OpenJDK 64-Bit Server VM, 21.0.12+8-LTS
# VM invoker: <jdk21>/bin/java
# VM options: -Xms1g -Xmx1g
# Blackhole mode: compiler (auto-detected, use -Djmh.blackhole.autoDetect=false to disable)
# Warmup: 4 iterations, 1 s each
# Measurement: 5 iterations, 1 s each
# Timeout: 10 min per iteration
# Threads: 1 thread, will synchronize iterations
# Benchmark mode: Throughput, ops/time
# Benchmark: bench11.ListJsonb7880.nestedListJSON

# Run progress: 33.33% complete, ETA 00:00:18
# Fork: 1 of 1
# Warmup Iteration   1: 166.980 ops/ms
# Warmup Iteration   2: 209.564 ops/ms
# Warmup Iteration   3: 211.668 ops/ms
# Warmup Iteration   4: 213.011 ops/ms
Iteration   1: 212.688 ops/ms
Iteration   2: 210.643 ops/ms
Iteration   3: 213.314 ops/ms
Iteration   4: 214.098 ops/ms
Iteration   5: 213.836 ops/ms


Result "bench11.ListJsonb7880.nestedListJSON":
  212.916 ±(99.9%) 5.316 ops/ms [Average]
  (min, avg, max) = (210.643, 212.916, 214.098), stdev = 1.380
  CI (99.9%): [207.600, 218.231] (assumes normal distribution)


# JMH version: 1.37
# VM version: JDK 21.0.12, OpenJDK 64-Bit Server VM, 21.0.12+8-LTS
# VM invoker: <jdk21>/bin/java
# VM options: -Xms1g -Xmx1g
# Blackhole mode: compiler (auto-detected, use -Djmh.blackhole.autoDetect=false to disable)
# Warmup: 4 iterations, 1 s each
# Measurement: 5 iterations, 1 s each
# Timeout: 10 min per iteration
# Threads: 1 thread, will synchronize iterations
# Benchmark mode: Throughput, ops/time
# Benchmark: bench11.ListJsonb7880.rootListJSONB

# Run progress: 66.67% complete, ETA 00:00:09
# Fork: 1 of 1
# Warmup Iteration   1: 499.768 ops/ms
# Warmup Iteration   2: 595.213 ops/ms
# Warmup Iteration   3: 596.982 ops/ms
# Warmup Iteration   4: 593.671 ops/ms
Iteration   1: 588.576 ops/ms
Iteration   2: 589.577 ops/ms
Iteration   3: 587.172 ops/ms
Iteration   4: 588.775 ops/ms
Iteration   5: 589.313 ops/ms


Result "bench11.ListJsonb7880.rootListJSONB":
  588.683 ±(99.9%) 3.601 ops/ms [Average]
  (min, avg, max) = (587.172, 588.683, 589.577), stdev = 0.935
  CI (99.9%): [585.082, 592.284] (assumes normal distribution)


# Run complete. Total time: 00:00:27

REMEMBER: The numbers below are just data. To gain reusable insights, you need to follow up on
why the numbers are the way they are. Use profilers (see -prof, -lprof), design factorial
experiments, perform baseline and negative tests that provide experimental control, make sure
the benchmarking environment is safe on JVM/OS/HW level, ask for reviews from the domain experts.
Do not assume the numbers tell you what you want them to tell.

NOTE: Current JVM experimentally supports Compiler Blackholes, and they are in use. Please exercise
extra caution when trusting the results, look into the generated code to check the benchmark still
works, and factor in a small probability of new VM bugs. Additionally, while comparisons between
different JVMs are already problematic, the performance difference caused by different Blackhole
modes can be very significant. Please make sure you use the consistent Blackhole mode for comparisons.

Benchmark                      Mode  Cnt    Score   Error   Units
ListJsonb7880.basketJSONB     thrpt    5  632.500 ± 2.983  ops/ms
ListJsonb7880.nestedListJSON  thrpt    5  212.916 ± 5.316  ops/ms
ListJsonb7880.rootListJSONB   thrpt    5  588.683 ± 3.601  ops/ms

Benchmark result is saved to <work>/env/jmh/ab-r13u/v12-r7.json
