# JMH version: 1.37
# VM version: JDK 21.0.12, OpenJDK 64-Bit Server VM, 21.0.12+8-LTS
# VM invoker: <jdk21>/bin/java
# VM options: -Xms1g -Xmx1g
# Blackhole mode: compiler (auto-detected, use -Djmh.blackhole.autoDetect=false to disable)
# Warmup: 4 iterations, 1 s each
# Measurement: 5 iterations, 1 s each
# Timeout: 10 min per iteration
# Threads: 1 thread, will synchronize iterations
# Benchmark mode: Throughput, ops/time
# Benchmark: bench11.ListJsonb7880.basketJSONB

# Run progress: 0.00% complete, ETA 00:00:27
# Fork: 1 of 1
# Warmup Iteration   1: 495.837 ops/ms
# Warmup Iteration   2: 598.346 ops/ms
# Warmup Iteration   3: 600.247 ops/ms
# Warmup Iteration   4: 600.287 ops/ms
Iteration   1: 599.843 ops/ms
Iteration   2: 602.478 ops/ms
Iteration   3: 601.737 ops/ms
Iteration   4: 601.930 ops/ms
Iteration   5: 601.778 ops/ms


Result "bench11.ListJsonb7880.basketJSONB":
  601.553 ±(99.9%) 3.854 ops/ms [Average]
  (min, avg, max) = (599.843, 601.553, 602.478), stdev = 1.001
  CI (99.9%): [597.700, 605.407] (assumes normal distribution)


# JMH version: 1.37
# VM version: JDK 21.0.12, OpenJDK 64-Bit Server VM, 21.0.12+8-LTS
# VM invoker: <jdk21>/bin/java
# VM options: -Xms1g -Xmx1g
# Blackhole mode: compiler (auto-detected, use -Djmh.blackhole.autoDetect=false to disable)
# Warmup: 4 iterations, 1 s each
# Measurement: 5 iterations, 1 s each
# Timeout: 10 min per iteration
# Threads: 1 thread, will synchronize iterations
# Benchmark mode: Throughput, ops/time
# Benchmark: bench11.ListJsonb7880.nestedListJSON

# Run progress: 33.33% complete, ETA 00:00:18
# Fork: 1 of 1
# Warmup Iteration   1: 166.502 ops/ms
# Warmup Iteration   2: 209.391 ops/ms
# Warmup Iteration   3: 211.391 ops/ms
# Warmup Iteration   4: 211.919 ops/ms
Iteration   1: 210.988 ops/ms
Iteration   2: 210.429 ops/ms
Iteration   3: 210.823 ops/ms
Iteration   4: 211.194 ops/ms
Iteration   5: 210.888 ops/ms


Result "bench11.ListJsonb7880.nestedListJSON":
  210.865 ±(99.9%) 1.081 ops/ms [Average]
  (min, avg, max) = (210.429, 210.865, 211.194), stdev = 0.281
  CI (99.9%): [209.783, 211.946] (assumes normal distribution)


# JMH version: 1.37
# VM version: JDK 21.0.12, OpenJDK 64-Bit Server VM, 21.0.12+8-LTS
# VM invoker: <jdk21>/bin/java
# VM options: -Xms1g -Xmx1g
# Blackhole mode: compiler (auto-detected, use -Djmh.blackhole.autoDetect=false to disable)
# Warmup: 4 iterations, 1 s each
# Measurement: 5 iterations, 1 s each
# Timeout: 10 min per iteration
# Threads: 1 thread, will synchronize iterations
# Benchmark mode: Throughput, ops/time
# Benchmark: bench11.ListJsonb7880.rootListJSONB

# Run progress: 66.67% complete, ETA 00:00:09
# Fork: 1 of 1
# Warmup Iteration   1: 497.112 ops/ms
# Warmup Iteration   2: 595.544 ops/ms
# Warmup Iteration   3: 589.241 ops/ms
# Warmup Iteration   4: 589.332 ops/ms
Iteration   1: 592.522 ops/ms
Iteration   2: 591.730 ops/ms
Iteration   3: 591.848 ops/ms
Iteration   4: 591.581 ops/ms
Iteration   5: 593.595 ops/ms


Result "bench11.ListJsonb7880.rootListJSONB":
  592.255 ±(99.9%) 3.199 ops/ms [Average]
  (min, avg, max) = (591.581, 592.255, 593.595), stdev = 0.831
  CI (99.9%): [589.056, 595.454] (assumes normal distribution)


# Run complete. Total time: 00:00:27

REMEMBER: The numbers below are just data. To gain reusable insights, you need to follow up on
why the numbers are the way they are. Use profilers (see -prof, -lprof), design factorial
experiments, perform baseline and negative tests that provide experimental control, make sure
the benchmarking environment is safe on JVM/OS/HW level, ask for reviews from the domain experts.
Do not assume the numbers tell you what you want them to tell.

NOTE: Current JVM experimentally supports Compiler Blackholes, and they are in use. Please exercise
extra caution when trusting the results, look into the generated code to check the benchmark still
works, and factor in a small probability of new VM bugs. Additionally, while comparisons between
different JVMs are already problematic, the performance difference caused by different Blackhole
modes can be very significant. Please make sure you use the consistent Blackhole mode for comparisons.

Benchmark                      Mode  Cnt    Score   Error   Units
ListJsonb7880.basketJSONB     thrpt    5  601.553 ± 3.854  ops/ms
ListJsonb7880.nestedListJSON  thrpt    5  210.865 ± 1.081  ops/ms
ListJsonb7880.rootListJSONB   thrpt    5  592.255 ± 3.199  ops/ms

Benchmark result is saved to <work>/env/jmh/ab-r13u/v12-r5.json
