# JMH version: 1.37
# VM version: JDK 21.0.12, OpenJDK 64-Bit Server VM, 21.0.12+8-LTS
# VM invoker: <jdk21>/bin/java
# VM options: -Xms1g -Xmx1g
# Blackhole mode: compiler (auto-detected, use -Djmh.blackhole.autoDetect=false to disable)
# Warmup: 4 iterations, 1 s each
# Measurement: 5 iterations, 1 s each
# Timeout: 10 min per iteration
# Threads: 1 thread, will synchronize iterations
# Benchmark mode: Throughput, ops/time
# Benchmark: bench11.ListJsonb7880.basketJSONB

# Run progress: 0.00% complete, ETA 00:00:27
# Fork: 1 of 1
# Warmup Iteration   1: 513.158 ops/ms
# Warmup Iteration   2: 623.581 ops/ms
# Warmup Iteration   3: 626.562 ops/ms
# Warmup Iteration   4: 626.579 ops/ms
Iteration   1: 629.258 ops/ms
Iteration   2: 629.857 ops/ms
Iteration   3: 629.615 ops/ms
Iteration   4: 630.254 ops/ms
Iteration   5: 630.435 ops/ms


Result "bench11.ListJsonb7880.basketJSONB":
  629.884 ±(99.9%) 1.831 ops/ms [Average]
  (min, avg, max) = (629.258, 629.884, 630.435), stdev = 0.475
  CI (99.9%): [628.053, 631.715] (assumes normal distribution)


# JMH version: 1.37
# VM version: JDK 21.0.12, OpenJDK 64-Bit Server VM, 21.0.12+8-LTS
# VM invoker: <jdk21>/bin/java
# VM options: -Xms1g -Xmx1g
# Blackhole mode: compiler (auto-detected, use -Djmh.blackhole.autoDetect=false to disable)
# Warmup: 4 iterations, 1 s each
# Measurement: 5 iterations, 1 s each
# Timeout: 10 min per iteration
# Threads: 1 thread, will synchronize iterations
# Benchmark mode: Throughput, ops/time
# Benchmark: bench11.ListJsonb7880.nestedListJSON

# Run progress: 33.33% complete, ETA 00:00:18
# Fork: 1 of 1
# Warmup Iteration   1: 161.870 ops/ms
# Warmup Iteration   2: 210.870 ops/ms
# Warmup Iteration   3: 210.317 ops/ms
# Warmup Iteration   4: 211.641 ops/ms
Iteration   1: 211.000 ops/ms
Iteration   2: 210.250 ops/ms
Iteration   3: 211.925 ops/ms
Iteration   4: 213.052 ops/ms
Iteration   5: 212.982 ops/ms


Result "bench11.ListJsonb7880.nestedListJSON":
  211.842 ±(99.9%) 4.722 ops/ms [Average]
  (min, avg, max) = (210.250, 211.842, 213.052), stdev = 1.226
  CI (99.9%): [207.120, 216.564] (assumes normal distribution)


# JMH version: 1.37
# VM version: JDK 21.0.12, OpenJDK 64-Bit Server VM, 21.0.12+8-LTS
# VM invoker: <jdk21>/bin/java
# VM options: -Xms1g -Xmx1g
# Blackhole mode: compiler (auto-detected, use -Djmh.blackhole.autoDetect=false to disable)
# Warmup: 4 iterations, 1 s each
# Measurement: 5 iterations, 1 s each
# Timeout: 10 min per iteration
# Threads: 1 thread, will synchronize iterations
# Benchmark mode: Throughput, ops/time
# Benchmark: bench11.ListJsonb7880.rootListJSONB

# Run progress: 66.67% complete, ETA 00:00:09
# Fork: 1 of 1
# Warmup Iteration   1: 500.081 ops/ms
# Warmup Iteration   2: 598.194 ops/ms
# Warmup Iteration   3: 592.374 ops/ms
# Warmup Iteration   4: 591.094 ops/ms
Iteration   1: 596.564 ops/ms
Iteration   2: 596.067 ops/ms
Iteration   3: 598.537 ops/ms
Iteration   4: 598.643 ops/ms
Iteration   5: 596.975 ops/ms


Result "bench11.ListJsonb7880.rootListJSONB":
  597.357 ±(99.9%) 4.509 ops/ms [Average]
  (min, avg, max) = (596.067, 597.357, 598.643), stdev = 1.171
  CI (99.9%): [592.848, 601.866] (assumes normal distribution)


# Run complete. Total time: 00:00:27

REMEMBER: The numbers below are just data. To gain reusable insights, you need to follow up on
why the numbers are the way they are. Use profilers (see -prof, -lprof), design factorial
experiments, perform baseline and negative tests that provide experimental control, make sure
the benchmarking environment is safe on JVM/OS/HW level, ask for reviews from the domain experts.
Do not assume the numbers tell you what you want them to tell.

NOTE: Current JVM experimentally supports Compiler Blackholes, and they are in use. Please exercise
extra caution when trusting the results, look into the generated code to check the benchmark still
works, and factor in a small probability of new VM bugs. Additionally, while comparisons between
different JVMs are already problematic, the performance difference caused by different Blackhole
modes can be very significant. Please make sure you use the consistent Blackhole mode for comparisons.

Benchmark                      Mode  Cnt    Score   Error   Units
ListJsonb7880.basketJSONB     thrpt    5  629.884 ± 1.831  ops/ms
ListJsonb7880.nestedListJSON  thrpt    5  211.842 ± 4.722  ops/ms
ListJsonb7880.rootListJSONB   thrpt    5  597.357 ± 4.509  ops/ms

Benchmark result is saved to <work>/env/jmh/ab-r13u/v12-r3.json
