# JMH version: 1.37
# VM version: JDK 21.0.12, OpenJDK 64-Bit Server VM, 21.0.12+8-LTS
# VM invoker: <jdk21>/bin/java
# VM options: -Xms1g -Xmx1g
# Blackhole mode: compiler (auto-detected, use -Djmh.blackhole.autoDetect=false to disable)
# Warmup: 4 iterations, 1 s each
# Measurement: 5 iterations, 1 s each
# Timeout: 10 min per iteration
# Threads: 1 thread, will synchronize iterations
# Benchmark mode: Throughput, ops/time
# Benchmark: bench11.ListJsonb7880.basketJSONB

# Run progress: 0.00% complete, ETA 00:00:27
# Fork: 1 of 1
# Warmup Iteration   1: 520.181 ops/ms
# Warmup Iteration   2: 630.773 ops/ms
# Warmup Iteration   3: 630.538 ops/ms
# Warmup Iteration   4: 632.770 ops/ms
Iteration   1: 633.257 ops/ms
Iteration   2: 621.496 ops/ms
Iteration   3: 634.236 ops/ms
Iteration   4: 631.959 ops/ms
Iteration   5: 633.052 ops/ms


Result "bench11.ListJsonb7880.basketJSONB":
  630.800 ±(99.9%) 20.268 ops/ms [Average]
  (min, avg, max) = (621.496, 630.800, 634.236), stdev = 5.263
  CI (99.9%): [610.532, 651.068] (assumes normal distribution)


# JMH version: 1.37
# VM version: JDK 21.0.12, OpenJDK 64-Bit Server VM, 21.0.12+8-LTS
# VM invoker: <jdk21>/bin/java
# VM options: -Xms1g -Xmx1g
# Blackhole mode: compiler (auto-detected, use -Djmh.blackhole.autoDetect=false to disable)
# Warmup: 4 iterations, 1 s each
# Measurement: 5 iterations, 1 s each
# Timeout: 10 min per iteration
# Threads: 1 thread, will synchronize iterations
# Benchmark mode: Throughput, ops/time
# Benchmark: bench11.ListJsonb7880.nestedListJSON

# Run progress: 33.33% complete, ETA 00:00:18
# Fork: 1 of 1
# Warmup Iteration   1: 164.073 ops/ms
# Warmup Iteration   2: 211.541 ops/ms
# Warmup Iteration   3: 211.512 ops/ms
# Warmup Iteration   4: 211.170 ops/ms
Iteration   1: 211.886 ops/ms
Iteration   2: 211.879 ops/ms
Iteration   3: 212.322 ops/ms
Iteration   4: 213.001 ops/ms
Iteration   5: 212.910 ops/ms


Result "bench11.ListJsonb7880.nestedListJSON":
  212.400 ±(99.9%) 2.076 ops/ms [Average]
  (min, avg, max) = (211.879, 212.400, 213.001), stdev = 0.539
  CI (99.9%): [210.323, 214.476] (assumes normal distribution)


# JMH version: 1.37
# VM version: JDK 21.0.12, OpenJDK 64-Bit Server VM, 21.0.12+8-LTS
# VM invoker: <jdk21>/bin/java
# VM options: -Xms1g -Xmx1g
# Blackhole mode: compiler (auto-detected, use -Djmh.blackhole.autoDetect=false to disable)
# Warmup: 4 iterations, 1 s each
# Measurement: 5 iterations, 1 s each
# Timeout: 10 min per iteration
# Threads: 1 thread, will synchronize iterations
# Benchmark mode: Throughput, ops/time
# Benchmark: bench11.ListJsonb7880.rootListJSONB

# Run progress: 66.67% complete, ETA 00:00:09
# Fork: 1 of 1
# Warmup Iteration   1: 507.981 ops/ms
# Warmup Iteration   2: 601.243 ops/ms
# Warmup Iteration   3: 607.326 ops/ms
# Warmup Iteration   4: 604.004 ops/ms
Iteration   1: 601.235 ops/ms
Iteration   2: 600.894 ops/ms
Iteration   3: 601.708 ops/ms
Iteration   4: 601.959 ops/ms
Iteration   5: 603.029 ops/ms


Result "bench11.ListJsonb7880.rootListJSONB":
  601.765 ±(99.9%) 3.152 ops/ms [Average]
  (min, avg, max) = (600.894, 601.765, 603.029), stdev = 0.819
  CI (99.9%): [598.613, 604.917] (assumes normal distribution)


# Run complete. Total time: 00:00:27

REMEMBER: The numbers below are just data. To gain reusable insights, you need to follow up on
why the numbers are the way they are. Use profilers (see -prof, -lprof), design factorial
experiments, perform baseline and negative tests that provide experimental control, make sure
the benchmarking environment is safe on JVM/OS/HW level, ask for reviews from the domain experts.
Do not assume the numbers tell you what you want them to tell.

NOTE: Current JVM experimentally supports Compiler Blackholes, and they are in use. Please exercise
extra caution when trusting the results, look into the generated code to check the benchmark still
works, and factor in a small probability of new VM bugs. Additionally, while comparisons between
different JVMs are already problematic, the performance difference caused by different Blackhole
modes can be very significant. Please make sure you use the consistent Blackhole mode for comparisons.

Benchmark                      Mode  Cnt    Score    Error   Units
ListJsonb7880.basketJSONB     thrpt    5  630.800 ± 20.268  ops/ms
ListJsonb7880.nestedListJSON  thrpt    5  212.400 ±  2.076  ops/ms
ListJsonb7880.rootListJSONB   thrpt    5  601.765 ±  3.152  ops/ms

Benchmark result is saved to <work>/env/jmh/ab-r13u/v13-r3.json
