# JMH version: 1.37
# VM version: JDK 21.0.12, OpenJDK 64-Bit Server VM, 21.0.12+8-LTS
# VM invoker: <jdk21>/bin/java
# VM options: -Xms1g -Xmx1g
# Blackhole mode: compiler (auto-detected, use -Djmh.blackhole.autoDetect=false to disable)
# Warmup: 4 iterations, 1 s each
# Measurement: 5 iterations, 1 s each
# Timeout: 10 min per iteration
# Threads: 1 thread, will synchronize iterations
# Benchmark mode: Throughput, ops/time
# Benchmark: bench11.ListJsonb7880.basketJSONB

# Run progress: 0.00% complete, ETA 00:00:27
# Fork: 1 of 1
# Warmup Iteration   1: 519.601 ops/ms
# Warmup Iteration   2: 623.346 ops/ms
# Warmup Iteration   3: 620.348 ops/ms
# Warmup Iteration   4: 622.490 ops/ms
Iteration   1: 624.805 ops/ms
Iteration   2: 624.941 ops/ms
Iteration   3: 626.338 ops/ms
Iteration   4: 628.533 ops/ms
Iteration   5: 626.193 ops/ms


Result "bench11.ListJsonb7880.basketJSONB":
  626.162 ±(99.9%) 5.771 ops/ms [Average]
  (min, avg, max) = (624.805, 626.162, 628.533), stdev = 1.499
  CI (99.9%): [620.391, 631.933] (assumes normal distribution)


# JMH version: 1.37
# VM version: JDK 21.0.12, OpenJDK 64-Bit Server VM, 21.0.12+8-LTS
# VM invoker: <jdk21>/bin/java
# VM options: -Xms1g -Xmx1g
# Blackhole mode: compiler (auto-detected, use -Djmh.blackhole.autoDetect=false to disable)
# Warmup: 4 iterations, 1 s each
# Measurement: 5 iterations, 1 s each
# Timeout: 10 min per iteration
# Threads: 1 thread, will synchronize iterations
# Benchmark mode: Throughput, ops/time
# Benchmark: bench11.ListJsonb7880.nestedListJSON

# Run progress: 33.33% complete, ETA 00:00:18
# Fork: 1 of 1
# Warmup Iteration   1: 166.866 ops/ms
# Warmup Iteration   2: 209.556 ops/ms
# Warmup Iteration   3: 209.757 ops/ms
# Warmup Iteration   4: 210.040 ops/ms
Iteration   1: 209.361 ops/ms
Iteration   2: 210.681 ops/ms
Iteration   3: 209.346 ops/ms
Iteration   4: 209.494 ops/ms
Iteration   5: 210.060 ops/ms


Result "bench11.ListJsonb7880.nestedListJSON":
  209.788 ±(99.9%) 2.224 ops/ms [Average]
  (min, avg, max) = (209.346, 209.788, 210.681), stdev = 0.578
  CI (99.9%): [207.564, 212.013] (assumes normal distribution)


# JMH version: 1.37
# VM version: JDK 21.0.12, OpenJDK 64-Bit Server VM, 21.0.12+8-LTS
# VM invoker: <jdk21>/bin/java
# VM options: -Xms1g -Xmx1g
# Blackhole mode: compiler (auto-detected, use -Djmh.blackhole.autoDetect=false to disable)
# Warmup: 4 iterations, 1 s each
# Measurement: 5 iterations, 1 s each
# Timeout: 10 min per iteration
# Threads: 1 thread, will synchronize iterations
# Benchmark mode: Throughput, ops/time
# Benchmark: bench11.ListJsonb7880.rootListJSONB

# Run progress: 66.67% complete, ETA 00:00:09
# Fork: 1 of 1
# Warmup Iteration   1: 505.583 ops/ms
# Warmup Iteration   2: 601.768 ops/ms
# Warmup Iteration   3: 605.578 ops/ms
# Warmup Iteration   4: 606.167 ops/ms
Iteration   1: 606.650 ops/ms
Iteration   2: 609.625 ops/ms
Iteration   3: 608.637 ops/ms
Iteration   4: 608.107 ops/ms
Iteration   5: 609.903 ops/ms


Result "bench11.ListJsonb7880.rootListJSONB":
  608.584 ±(99.9%) 5.019 ops/ms [Average]
  (min, avg, max) = (606.650, 608.584, 609.903), stdev = 1.303
  CI (99.9%): [603.566, 613.603] (assumes normal distribution)


# Run complete. Total time: 00:00:27

REMEMBER: The numbers below are just data. To gain reusable insights, you need to follow up on
why the numbers are the way they are. Use profilers (see -prof, -lprof), design factorial
experiments, perform baseline and negative tests that provide experimental control, make sure
the benchmarking environment is safe on JVM/OS/HW level, ask for reviews from the domain experts.
Do not assume the numbers tell you what you want them to tell.

NOTE: Current JVM experimentally supports Compiler Blackholes, and they are in use. Please exercise
extra caution when trusting the results, look into the generated code to check the benchmark still
works, and factor in a small probability of new VM bugs. Additionally, while comparisons between
different JVMs are already problematic, the performance difference caused by different Blackhole
modes can be very significant. Please make sure you use the consistent Blackhole mode for comparisons.

Benchmark                      Mode  Cnt    Score   Error   Units
ListJsonb7880.basketJSONB     thrpt    5  626.162 ± 5.771  ops/ms
ListJsonb7880.nestedListJSON  thrpt    5  209.788 ± 2.224  ops/ms
ListJsonb7880.rootListJSONB   thrpt    5  608.584 ± 5.019  ops/ms

Benchmark result is saved to <work>/env/jmh/ab-r13u/v13-r6.json
