# JMH version: 1.37
# VM version: JDK 21.0.12, OpenJDK 64-Bit Server VM, 21.0.12+8-LTS
# VM invoker: <jdk21>/bin/java
# VM options: -Xms1g -Xmx1g
# Blackhole mode: compiler (auto-detected, use -Djmh.blackhole.autoDetect=false to disable)
# Warmup: 4 iterations, 1 s each
# Measurement: 5 iterations, 1 s each
# Timeout: 10 min per iteration
# Threads: 1 thread, will synchronize iterations
# Benchmark mode: Throughput, ops/time
# Benchmark: bench11.ListJsonb7880.basketJSONB

# Run progress: 0.00% complete, ETA 00:00:27
# Fork: 1 of 1
# Warmup Iteration   1: 520.481 ops/ms
# Warmup Iteration   2: 631.894 ops/ms
# Warmup Iteration   3: 636.346 ops/ms
# Warmup Iteration   4: 636.110 ops/ms
Iteration   1: 637.430 ops/ms
Iteration   2: 637.948 ops/ms
Iteration   3: 637.904 ops/ms
Iteration   4: 636.313 ops/ms
Iteration   5: 636.973 ops/ms


Result "bench11.ListJsonb7880.basketJSONB":
  637.314 ±(99.9%) 2.640 ops/ms [Average]
  (min, avg, max) = (636.313, 637.314, 637.948), stdev = 0.686
  CI (99.9%): [634.673, 639.954] (assumes normal distribution)


# JMH version: 1.37
# VM version: JDK 21.0.12, OpenJDK 64-Bit Server VM, 21.0.12+8-LTS
# VM invoker: <jdk21>/bin/java
# VM options: -Xms1g -Xmx1g
# Blackhole mode: compiler (auto-detected, use -Djmh.blackhole.autoDetect=false to disable)
# Warmup: 4 iterations, 1 s each
# Measurement: 5 iterations, 1 s each
# Timeout: 10 min per iteration
# Threads: 1 thread, will synchronize iterations
# Benchmark mode: Throughput, ops/time
# Benchmark: bench11.ListJsonb7880.nestedListJSON

# Run progress: 33.33% complete, ETA 00:00:18
# Fork: 1 of 1
# Warmup Iteration   1: 165.574 ops/ms
# Warmup Iteration   2: 213.856 ops/ms
# Warmup Iteration   3: 213.277 ops/ms
# Warmup Iteration   4: 213.924 ops/ms
Iteration   1: 214.280 ops/ms
Iteration   2: 213.774 ops/ms
Iteration   3: 214.206 ops/ms
Iteration   4: 214.906 ops/ms
Iteration   5: 214.395 ops/ms


Result "bench11.ListJsonb7880.nestedListJSON":
  214.312 ±(99.9%) 1.566 ops/ms [Average]
  (min, avg, max) = (213.774, 214.312, 214.906), stdev = 0.407
  CI (99.9%): [212.746, 215.878] (assumes normal distribution)


# JMH version: 1.37
# VM version: JDK 21.0.12, OpenJDK 64-Bit Server VM, 21.0.12+8-LTS
# VM invoker: <jdk21>/bin/java
# VM options: -Xms1g -Xmx1g
# Blackhole mode: compiler (auto-detected, use -Djmh.blackhole.autoDetect=false to disable)
# Warmup: 4 iterations, 1 s each
# Measurement: 5 iterations, 1 s each
# Timeout: 10 min per iteration
# Threads: 1 thread, will synchronize iterations
# Benchmark mode: Throughput, ops/time
# Benchmark: bench11.ListJsonb7880.rootListJSONB

# Run progress: 66.67% complete, ETA 00:00:09
# Fork: 1 of 1
# Warmup Iteration   1: 505.478 ops/ms
# Warmup Iteration   2: 603.618 ops/ms
# Warmup Iteration   3: 606.677 ops/ms
# Warmup Iteration   4: 603.748 ops/ms
Iteration   1: 604.281 ops/ms
Iteration   2: 604.932 ops/ms
Iteration   3: 603.668 ops/ms
Iteration   4: 604.581 ops/ms
Iteration   5: 603.465 ops/ms


Result "bench11.ListJsonb7880.rootListJSONB":
  604.186 ±(99.9%) 2.366 ops/ms [Average]
  (min, avg, max) = (603.465, 604.186, 604.932), stdev = 0.614
  CI (99.9%): [601.820, 606.551] (assumes normal distribution)


# Run complete. Total time: 00:00:27

REMEMBER: The numbers below are just data. To gain reusable insights, you need to follow up on
why the numbers are the way they are. Use profilers (see -prof, -lprof), design factorial
experiments, perform baseline and negative tests that provide experimental control, make sure
the benchmarking environment is safe on JVM/OS/HW level, ask for reviews from the domain experts.
Do not assume the numbers tell you what you want them to tell.

NOTE: Current JVM experimentally supports Compiler Blackholes, and they are in use. Please exercise
extra caution when trusting the results, look into the generated code to check the benchmark still
works, and factor in a small probability of new VM bugs. Additionally, while comparisons between
different JVMs are already problematic, the performance difference caused by different Blackhole
modes can be very significant. Please make sure you use the consistent Blackhole mode for comparisons.

Benchmark                      Mode  Cnt    Score   Error   Units
ListJsonb7880.basketJSONB     thrpt    5  637.314 ± 2.640  ops/ms
ListJsonb7880.nestedListJSON  thrpt    5  214.312 ± 1.566  ops/ms
ListJsonb7880.rootListJSONB   thrpt    5  604.186 ± 2.366  ops/ms

Benchmark result is saved to <work>/env/jmh/ab-r13u/v13-r2.json
