# JMH version: 1.37
# VM version: JDK 21.0.12, OpenJDK 64-Bit Server VM, 21.0.12+8-LTS
# VM invoker: <jdk21>/bin/java
# VM options: -Xms1g -Xmx1g
# Blackhole mode: compiler (auto-detected, use -Djmh.blackhole.autoDetect=false to disable)
# Warmup: 4 iterations, 1 s each
# Measurement: 5 iterations, 1 s each
# Timeout: 10 min per iteration
# Threads: 1 thread, will synchronize iterations
# Benchmark mode: Throughput, ops/time
# Benchmark: bench11.ListJsonb7880.basketJSONB

# Run progress: 0.00% complete, ETA 00:00:27
# Fork: 1 of 1
# Warmup Iteration   1: 499.690 ops/ms
# Warmup Iteration   2: 594.783 ops/ms
# Warmup Iteration   3: 602.262 ops/ms
# Warmup Iteration   4: 603.509 ops/ms
Iteration   1: 597.831 ops/ms
Iteration   2: 596.768 ops/ms
Iteration   3: 598.340 ops/ms
Iteration   4: 598.826 ops/ms
Iteration   5: 598.670 ops/ms


Result "bench11.ListJsonb7880.basketJSONB":
  598.087 ±(99.9%) 3.195 ops/ms [Average]
  (min, avg, max) = (596.768, 598.087, 598.826), stdev = 0.830
  CI (99.9%): [594.892, 601.282] (assumes normal distribution)


# JMH version: 1.37
# VM version: JDK 21.0.12, OpenJDK 64-Bit Server VM, 21.0.12+8-LTS
# VM invoker: <jdk21>/bin/java
# VM options: -Xms1g -Xmx1g
# Blackhole mode: compiler (auto-detected, use -Djmh.blackhole.autoDetect=false to disable)
# Warmup: 4 iterations, 1 s each
# Measurement: 5 iterations, 1 s each
# Timeout: 10 min per iteration
# Threads: 1 thread, will synchronize iterations
# Benchmark mode: Throughput, ops/time
# Benchmark: bench11.ListJsonb7880.nestedListJSON

# Run progress: 33.33% complete, ETA 00:00:18
# Fork: 1 of 1
# Warmup Iteration   1: 165.694 ops/ms
# Warmup Iteration   2: 210.811 ops/ms
# Warmup Iteration   3: 211.210 ops/ms
# Warmup Iteration   4: 211.014 ops/ms
Iteration   1: 207.491 ops/ms
Iteration   2: 210.872 ops/ms
Iteration   3: 212.375 ops/ms
Iteration   4: 213.069 ops/ms
Iteration   5: 212.803 ops/ms


Result "bench11.ListJsonb7880.nestedListJSON":
  211.322 ±(99.9%) 8.872 ops/ms [Average]
  (min, avg, max) = (207.491, 211.322, 213.069), stdev = 2.304
  CI (99.9%): [202.450, 220.194] (assumes normal distribution)


# JMH version: 1.37
# VM version: JDK 21.0.12, OpenJDK 64-Bit Server VM, 21.0.12+8-LTS
# VM invoker: <jdk21>/bin/java
# VM options: -Xms1g -Xmx1g
# Blackhole mode: compiler (auto-detected, use -Djmh.blackhole.autoDetect=false to disable)
# Warmup: 4 iterations, 1 s each
# Measurement: 5 iterations, 1 s each
# Timeout: 10 min per iteration
# Threads: 1 thread, will synchronize iterations
# Benchmark mode: Throughput, ops/time
# Benchmark: bench11.ListJsonb7880.rootListJSONB

# Run progress: 66.67% complete, ETA 00:00:09
# Fork: 1 of 1
# Warmup Iteration   1: 505.709 ops/ms
# Warmup Iteration   2: 602.168 ops/ms
# Warmup Iteration   3: 608.127 ops/ms
# Warmup Iteration   4: 606.072 ops/ms
Iteration   1: 607.399 ops/ms
Iteration   2: 607.437 ops/ms
Iteration   3: 608.093 ops/ms
Iteration   4: 606.771 ops/ms
Iteration   5: 607.544 ops/ms


Result "bench11.ListJsonb7880.rootListJSONB":
  607.449 ±(99.9%) 1.812 ops/ms [Average]
  (min, avg, max) = (606.771, 607.449, 608.093), stdev = 0.471
  CI (99.9%): [605.637, 609.261] (assumes normal distribution)


# Run complete. Total time: 00:00:27

REMEMBER: The numbers below are just data. To gain reusable insights, you need to follow up on
why the numbers are the way they are. Use profilers (see -prof, -lprof), design factorial
experiments, perform baseline and negative tests that provide experimental control, make sure
the benchmarking environment is safe on JVM/OS/HW level, ask for reviews from the domain experts.
Do not assume the numbers tell you what you want them to tell.

NOTE: Current JVM experimentally supports Compiler Blackholes, and they are in use. Please exercise
extra caution when trusting the results, look into the generated code to check the benchmark still
works, and factor in a small probability of new VM bugs. Additionally, while comparisons between
different JVMs are already problematic, the performance difference caused by different Blackhole
modes can be very significant. Please make sure you use the consistent Blackhole mode for comparisons.

Benchmark                      Mode  Cnt    Score   Error   Units
ListJsonb7880.basketJSONB     thrpt    5  598.087 ± 3.195  ops/ms
ListJsonb7880.nestedListJSON  thrpt    5  211.322 ± 8.872  ops/ms
ListJsonb7880.rootListJSONB   thrpt    5  607.449 ± 1.812  ops/ms

Benchmark result is saved to <work>/env/jmh/ab-r13u/v13-r7.json
