# JMH version: 1.37
# VM version: JDK 21.0.12, OpenJDK 64-Bit Server VM, 21.0.12+8-LTS
# VM invoker: <jdk21>/bin/java
# VM options: -Xms1g -Xmx1g
# Blackhole mode: compiler (auto-detected, use -Djmh.blackhole.autoDetect=false to disable)
# Warmup: 4 iterations, 1 s each
# Measurement: 5 iterations, 1 s each
# Timeout: 10 min per iteration
# Threads: 1 thread, will synchronize iterations
# Benchmark mode: Throughput, ops/time
# Benchmark: bench11.ListJsonb7880.basketJSONB

# Run progress: 0.00% complete, ETA 00:00:27
# Fork: 1 of 1
# Warmup Iteration   1: 534.250 ops/ms
# Warmup Iteration   2: 631.700 ops/ms
# Warmup Iteration   3: 635.146 ops/ms
# Warmup Iteration   4: 635.214 ops/ms
Iteration   1: 635.897 ops/ms
Iteration   2: 635.794 ops/ms
Iteration   3: 634.413 ops/ms
Iteration   4: 634.951 ops/ms
Iteration   5: 634.420 ops/ms


Result "bench11.ListJsonb7880.basketJSONB":
  635.095 ±(99.9%) 2.773 ops/ms [Average]
  (min, avg, max) = (634.413, 635.095, 635.897), stdev = 0.720
  CI (99.9%): [632.322, 637.868] (assumes normal distribution)


# JMH version: 1.37
# VM version: JDK 21.0.12, OpenJDK 64-Bit Server VM, 21.0.12+8-LTS
# VM invoker: <jdk21>/bin/java
# VM options: -Xms1g -Xmx1g
# Blackhole mode: compiler (auto-detected, use -Djmh.blackhole.autoDetect=false to disable)
# Warmup: 4 iterations, 1 s each
# Measurement: 5 iterations, 1 s each
# Timeout: 10 min per iteration
# Threads: 1 thread, will synchronize iterations
# Benchmark mode: Throughput, ops/time
# Benchmark: bench11.ListJsonb7880.nestedListJSON

# Run progress: 33.33% complete, ETA 00:00:18
# Fork: 1 of 1
# Warmup Iteration   1: 162.293 ops/ms
# Warmup Iteration   2: 211.019 ops/ms
# Warmup Iteration   3: 212.343 ops/ms
# Warmup Iteration   4: 212.591 ops/ms
Iteration   1: 212.001 ops/ms
Iteration   2: 212.940 ops/ms
Iteration   3: 208.273 ops/ms
Iteration   4: 208.411 ops/ms
Iteration   5: 208.159 ops/ms


Result "bench11.ListJsonb7880.nestedListJSON":
  209.957 ±(99.9%) 8.935 ops/ms [Average]
  (min, avg, max) = (208.159, 209.957, 212.940), stdev = 2.320
  CI (99.9%): [201.022, 218.891] (assumes normal distribution)


# JMH version: 1.37
# VM version: JDK 21.0.12, OpenJDK 64-Bit Server VM, 21.0.12+8-LTS
# VM invoker: <jdk21>/bin/java
# VM options: -Xms1g -Xmx1g
# Blackhole mode: compiler (auto-detected, use -Djmh.blackhole.autoDetect=false to disable)
# Warmup: 4 iterations, 1 s each
# Measurement: 5 iterations, 1 s each
# Timeout: 10 min per iteration
# Threads: 1 thread, will synchronize iterations
# Benchmark mode: Throughput, ops/time
# Benchmark: bench11.ListJsonb7880.rootListJSONB

# Run progress: 66.67% complete, ETA 00:00:09
# Fork: 1 of 1
# Warmup Iteration   1: 504.228 ops/ms
# Warmup Iteration   2: 601.381 ops/ms
# Warmup Iteration   3: 603.574 ops/ms
# Warmup Iteration   4: 597.277 ops/ms
Iteration   1: 599.307 ops/ms
Iteration   2: 602.121 ops/ms
Iteration   3: 601.879 ops/ms
Iteration   4: 601.287 ops/ms
Iteration   5: 601.020 ops/ms


Result "bench11.ListJsonb7880.rootListJSONB":
  601.123 ±(99.9%) 4.263 ops/ms [Average]
  (min, avg, max) = (599.307, 601.123, 602.121), stdev = 1.107
  CI (99.9%): [596.860, 605.386] (assumes normal distribution)


# Run complete. Total time: 00:00:27

REMEMBER: The numbers below are just data. To gain reusable insights, you need to follow up on
why the numbers are the way they are. Use profilers (see -prof, -lprof), design factorial
experiments, perform baseline and negative tests that provide experimental control, make sure
the benchmarking environment is safe on JVM/OS/HW level, ask for reviews from the domain experts.
Do not assume the numbers tell you what you want them to tell.

NOTE: Current JVM experimentally supports Compiler Blackholes, and they are in use. Please exercise
extra caution when trusting the results, look into the generated code to check the benchmark still
works, and factor in a small probability of new VM bugs. Additionally, while comparisons between
different JVMs are already problematic, the performance difference caused by different Blackhole
modes can be very significant. Please make sure you use the consistent Blackhole mode for comparisons.

Benchmark                      Mode  Cnt    Score   Error   Units
ListJsonb7880.basketJSONB     thrpt    5  635.095 ± 2.773  ops/ms
ListJsonb7880.nestedListJSON  thrpt    5  209.957 ± 8.935  ops/ms
ListJsonb7880.rootListJSONB   thrpt    5  601.123 ± 4.263  ops/ms

Benchmark result is saved to <work>/env/jmh/ab-r13u/v13-r5.json
