# JMH version: 1.37
# VM version: JDK 21.0.12, OpenJDK 64-Bit Server VM, 21.0.12+8-LTS
# VM invoker: <jdk21>/bin/java
# VM options: -Xms1g -Xmx1g
# Blackhole mode: compiler (auto-detected, use -Djmh.blackhole.autoDetect=false to disable)
# Warmup: 4 iterations, 1 s each
# Measurement: 5 iterations, 1 s each
# Timeout: 10 min per iteration
# Threads: 1 thread, will synchronize iterations
# Benchmark mode: Throughput, ops/time
# Benchmark: bench11.ListJsonb7880.basketJSONB

# Run progress: 0.00% complete, ETA 00:00:27
# Fork: 1 of 1
# Warmup Iteration   1: 520.978 ops/ms
# Warmup Iteration   2: 630.167 ops/ms
# Warmup Iteration   3: 632.413 ops/ms
# Warmup Iteration   4: 630.681 ops/ms
Iteration   1: 634.624 ops/ms
Iteration   2: 636.326 ops/ms
Iteration   3: 635.303 ops/ms
Iteration   4: 633.916 ops/ms
Iteration   5: 633.979 ops/ms


Result "bench11.ListJsonb7880.basketJSONB":
  634.830 ±(99.9%) 3.881 ops/ms [Average]
  (min, avg, max) = (633.916, 634.830, 636.326), stdev = 1.008
  CI (99.9%): [630.948, 638.711] (assumes normal distribution)


# JMH version: 1.37
# VM version: JDK 21.0.12, OpenJDK 64-Bit Server VM, 21.0.12+8-LTS
# VM invoker: <jdk21>/bin/java
# VM options: -Xms1g -Xmx1g
# Blackhole mode: compiler (auto-detected, use -Djmh.blackhole.autoDetect=false to disable)
# Warmup: 4 iterations, 1 s each
# Measurement: 5 iterations, 1 s each
# Timeout: 10 min per iteration
# Threads: 1 thread, will synchronize iterations
# Benchmark mode: Throughput, ops/time
# Benchmark: bench11.ListJsonb7880.nestedListJSON

# Run progress: 33.33% complete, ETA 00:00:18
# Fork: 1 of 1
# Warmup Iteration   1: 164.748 ops/ms
# Warmup Iteration   2: 212.535 ops/ms
# Warmup Iteration   3: 212.078 ops/ms
# Warmup Iteration   4: 214.128 ops/ms
Iteration   1: 213.886 ops/ms
Iteration   2: 214.167 ops/ms
Iteration   3: 212.200 ops/ms
Iteration   4: 212.633 ops/ms
Iteration   5: 212.778 ops/ms


Result "bench11.ListJsonb7880.nestedListJSON":
  213.133 ±(99.9%) 3.268 ops/ms [Average]
  (min, avg, max) = (212.200, 213.133, 214.167), stdev = 0.849
  CI (99.9%): [209.865, 216.401] (assumes normal distribution)


# JMH version: 1.37
# VM version: JDK 21.0.12, OpenJDK 64-Bit Server VM, 21.0.12+8-LTS
# VM invoker: <jdk21>/bin/java
# VM options: -Xms1g -Xmx1g
# Blackhole mode: compiler (auto-detected, use -Djmh.blackhole.autoDetect=false to disable)
# Warmup: 4 iterations, 1 s each
# Measurement: 5 iterations, 1 s each
# Timeout: 10 min per iteration
# Threads: 1 thread, will synchronize iterations
# Benchmark mode: Throughput, ops/time
# Benchmark: bench11.ListJsonb7880.rootListJSONB

# Run progress: 66.67% complete, ETA 00:00:09
# Fork: 1 of 1
# Warmup Iteration   1: 504.561 ops/ms
# Warmup Iteration   2: 604.687 ops/ms
# Warmup Iteration   3: 605.817 ops/ms
# Warmup Iteration   4: 606.255 ops/ms
Iteration   1: 616.272 ops/ms
Iteration   2: 609.291 ops/ms
Iteration   3: 610.618 ops/ms
Iteration   4: 611.059 ops/ms
Iteration   5: 610.540 ops/ms


Result "bench11.ListJsonb7880.rootListJSONB":
  611.556 ±(99.9%) 10.462 ops/ms [Average]
  (min, avg, max) = (609.291, 611.556, 616.272), stdev = 2.717
  CI (99.9%): [601.094, 622.018] (assumes normal distribution)


# Run complete. Total time: 00:00:27

REMEMBER: The numbers below are just data. To gain reusable insights, you need to follow up on
why the numbers are the way they are. Use profilers (see -prof, -lprof), design factorial
experiments, perform baseline and negative tests that provide experimental control, make sure
the benchmarking environment is safe on JVM/OS/HW level, ask for reviews from the domain experts.
Do not assume the numbers tell you what you want them to tell.

NOTE: Current JVM experimentally supports Compiler Blackholes, and they are in use. Please exercise
extra caution when trusting the results, look into the generated code to check the benchmark still
works, and factor in a small probability of new VM bugs. Additionally, while comparisons between
different JVMs are already problematic, the performance difference caused by different Blackhole
modes can be very significant. Please make sure you use the consistent Blackhole mode for comparisons.

Benchmark                      Mode  Cnt    Score    Error   Units
ListJsonb7880.basketJSONB     thrpt    5  634.830 ±  3.881  ops/ms
ListJsonb7880.nestedListJSON  thrpt    5  213.133 ±  3.268  ops/ms
ListJsonb7880.rootListJSONB   thrpt    5  611.556 ± 10.462  ops/ms

Benchmark result is saved to <work>/env/jmh/ab-r13u/v13-r4.json
