# JMH version: 1.37
# VM version: JDK 21.0.12, OpenJDK 64-Bit Server VM, 21.0.12+8-LTS
# VM invoker: <jdk21>/bin/java
# VM options: -Xms1g -Xmx1g
# Blackhole mode: compiler (auto-detected, use -Djmh.blackhole.autoDetect=false to disable)
# Warmup: 4 iterations, 1 s each
# Measurement: 5 iterations, 1 s each
# Timeout: 10 min per iteration
# Threads: 1 thread, will synchronize iterations
# Benchmark mode: Throughput, ops/time
# Benchmark: bench11.ListJsonb7880.basketJSONB

# Run progress: 0.00% complete, ETA 00:00:27
# Fork: 1 of 1
# Warmup Iteration   1: 515.473 ops/ms
# Warmup Iteration   2: 627.845 ops/ms
# Warmup Iteration   3: 621.237 ops/ms
# Warmup Iteration   4: 621.768 ops/ms
Iteration   1: 620.963 ops/ms
Iteration   2: 619.535 ops/ms
Iteration   3: 622.249 ops/ms
Iteration   4: 620.497 ops/ms
Iteration   5: 620.392 ops/ms


Result "bench11.ListJsonb7880.basketJSONB":
  620.727 ±(99.9%) 3.830 ops/ms [Average]
  (min, avg, max) = (619.535, 620.727, 622.249), stdev = 0.995
  CI (99.9%): [616.897, 624.557] (assumes normal distribution)


# JMH version: 1.37
# VM version: JDK 21.0.12, OpenJDK 64-Bit Server VM, 21.0.12+8-LTS
# VM invoker: <jdk21>/bin/java
# VM options: -Xms1g -Xmx1g
# Blackhole mode: compiler (auto-detected, use -Djmh.blackhole.autoDetect=false to disable)
# Warmup: 4 iterations, 1 s each
# Measurement: 5 iterations, 1 s each
# Timeout: 10 min per iteration
# Threads: 1 thread, will synchronize iterations
# Benchmark mode: Throughput, ops/time
# Benchmark: bench11.ListJsonb7880.nestedListJSON

# Run progress: 33.33% complete, ETA 00:00:18
# Fork: 1 of 1
# Warmup Iteration   1: 160.197 ops/ms
# Warmup Iteration   2: 213.575 ops/ms
# Warmup Iteration   3: 213.666 ops/ms
# Warmup Iteration   4: 214.418 ops/ms
Iteration   1: 214.055 ops/ms
Iteration   2: 213.966 ops/ms
Iteration   3: 213.661 ops/ms
Iteration   4: 214.790 ops/ms
Iteration   5: 214.119 ops/ms


Result "bench11.ListJsonb7880.nestedListJSON":
  214.118 ±(99.9%) 1.596 ops/ms [Average]
  (min, avg, max) = (213.661, 214.118, 214.790), stdev = 0.415
  CI (99.9%): [212.522, 215.714] (assumes normal distribution)


# JMH version: 1.37
# VM version: JDK 21.0.12, OpenJDK 64-Bit Server VM, 21.0.12+8-LTS
# VM invoker: <jdk21>/bin/java
# VM options: -Xms1g -Xmx1g
# Blackhole mode: compiler (auto-detected, use -Djmh.blackhole.autoDetect=false to disable)
# Warmup: 4 iterations, 1 s each
# Measurement: 5 iterations, 1 s each
# Timeout: 10 min per iteration
# Threads: 1 thread, will synchronize iterations
# Benchmark mode: Throughput, ops/time
# Benchmark: bench11.ListJsonb7880.rootListJSONB

# Run progress: 66.67% complete, ETA 00:00:09
# Fork: 1 of 1
# Warmup Iteration   1: 504.268 ops/ms
# Warmup Iteration   2: 602.838 ops/ms
# Warmup Iteration   3: 608.660 ops/ms
# Warmup Iteration   4: 606.304 ops/ms
Iteration   1: 602.223 ops/ms
Iteration   2: 602.481 ops/ms
Iteration   3: 602.418 ops/ms
Iteration   4: 603.747 ops/ms
Iteration   5: 605.327 ops/ms


Result "bench11.ListJsonb7880.rootListJSONB":
  603.239 ±(99.9%) 5.056 ops/ms [Average]
  (min, avg, max) = (602.223, 603.239, 605.327), stdev = 1.313
  CI (99.9%): [598.183, 608.295] (assumes normal distribution)


# Run complete. Total time: 00:00:27

REMEMBER: The numbers below are just data. To gain reusable insights, you need to follow up on
why the numbers are the way they are. Use profilers (see -prof, -lprof), design factorial
experiments, perform baseline and negative tests that provide experimental control, make sure
the benchmarking environment is safe on JVM/OS/HW level, ask for reviews from the domain experts.
Do not assume the numbers tell you what you want them to tell.

NOTE: Current JVM experimentally supports Compiler Blackholes, and they are in use. Please exercise
extra caution when trusting the results, look into the generated code to check the benchmark still
works, and factor in a small probability of new VM bugs. Additionally, while comparisons between
different JVMs are already problematic, the performance difference caused by different Blackhole
modes can be very significant. Please make sure you use the consistent Blackhole mode for comparisons.

Benchmark                      Mode  Cnt    Score   Error   Units
ListJsonb7880.basketJSONB     thrpt    5  620.727 ± 3.830  ops/ms
ListJsonb7880.nestedListJSON  thrpt    5  214.118 ± 1.596  ops/ms
ListJsonb7880.rootListJSONB   thrpt    5  603.239 ± 5.056  ops/ms

Benchmark result is saved to <work>/env/jmh/ab-r13u/v13-r1.json
