# JMH version: 1.37
# VM version: JDK 21.0.12, OpenJDK 64-Bit Server VM, 21.0.12+8-LTS
# VM invoker: <jdk21>/bin/java
# VM options: -Xms1g -Xmx1g
# Blackhole mode: compiler (auto-detected, use -Djmh.blackhole.autoDetect=false to disable)
# Warmup: 4 iterations, 1 s each
# Measurement: 5 iterations, 1 s each
# Timeout: 10 min per iteration
# Threads: 1 thread, will synchronize iterations
# Benchmark mode: Throughput, ops/time
# Benchmark: bench11.ListJsonb7880.basketJSONB

# Run progress: 0.00% complete, ETA 00:00:27
# Fork: 1 of 1
# Warmup Iteration   1: 514.695 ops/ms
# Warmup Iteration   2: 624.300 ops/ms
# Warmup Iteration   3: 622.452 ops/ms
# Warmup Iteration   4: 619.798 ops/ms
Iteration   1: 620.452 ops/ms
Iteration   2: 621.858 ops/ms
Iteration   3: 621.200 ops/ms
Iteration   4: 618.255 ops/ms
Iteration   5: 620.094 ops/ms


Result "bench11.ListJsonb7880.basketJSONB":
  620.372 ±(99.9%) 5.259 ops/ms [Average]
  (min, avg, max) = (618.255, 620.372, 621.858), stdev = 1.366
  CI (99.9%): [615.113, 625.631] (assumes normal distribution)


# JMH version: 1.37
# VM version: JDK 21.0.12, OpenJDK 64-Bit Server VM, 21.0.12+8-LTS
# VM invoker: <jdk21>/bin/java
# VM options: -Xms1g -Xmx1g
# Blackhole mode: compiler (auto-detected, use -Djmh.blackhole.autoDetect=false to disable)
# Warmup: 4 iterations, 1 s each
# Measurement: 5 iterations, 1 s each
# Timeout: 10 min per iteration
# Threads: 1 thread, will synchronize iterations
# Benchmark mode: Throughput, ops/time
# Benchmark: bench11.ListJsonb7880.nestedListJSON

# Run progress: 33.33% complete, ETA 00:00:18
# Fork: 1 of 1
# Warmup Iteration   1: 162.260 ops/ms
# Warmup Iteration   2: 211.262 ops/ms
# Warmup Iteration   3: 212.307 ops/ms
# Warmup Iteration   4: 212.862 ops/ms
Iteration   1: 212.567 ops/ms
Iteration   2: 212.483 ops/ms
Iteration   3: 212.712 ops/ms
Iteration   4: 213.109 ops/ms
Iteration   5: 213.303 ops/ms


Result "bench11.ListJsonb7880.nestedListJSON":
  212.835 ±(99.9%) 1.367 ops/ms [Average]
  (min, avg, max) = (212.483, 212.835, 213.303), stdev = 0.355
  CI (99.9%): [211.468, 214.202] (assumes normal distribution)


# JMH version: 1.37
# VM version: JDK 21.0.12, OpenJDK 64-Bit Server VM, 21.0.12+8-LTS
# VM invoker: <jdk21>/bin/java
# VM options: -Xms1g -Xmx1g
# Blackhole mode: compiler (auto-detected, use -Djmh.blackhole.autoDetect=false to disable)
# Warmup: 4 iterations, 1 s each
# Measurement: 5 iterations, 1 s each
# Timeout: 10 min per iteration
# Threads: 1 thread, will synchronize iterations
# Benchmark mode: Throughput, ops/time
# Benchmark: bench11.ListJsonb7880.rootListJSONB

# Run progress: 66.67% complete, ETA 00:00:09
# Fork: 1 of 1
# Warmup Iteration   1: 508.389 ops/ms
# Warmup Iteration   2: 634.259 ops/ms
# Warmup Iteration   3: 605.944 ops/ms
# Warmup Iteration   4: 606.111 ops/ms
Iteration   1: 602.795 ops/ms
Iteration   2: 605.065 ops/ms
Iteration   3: 605.300 ops/ms
Iteration   4: 603.372 ops/ms
Iteration   5: 604.097 ops/ms


Result "bench11.ListJsonb7880.rootListJSONB":
  604.126 ±(99.9%) 4.130 ops/ms [Average]
  (min, avg, max) = (602.795, 604.126, 605.300), stdev = 1.072
  CI (99.9%): [599.996, 608.255] (assumes normal distribution)


# Run complete. Total time: 00:00:27

REMEMBER: The numbers below are just data. To gain reusable insights, you need to follow up on
why the numbers are the way they are. Use profilers (see -prof, -lprof), design factorial
experiments, perform baseline and negative tests that provide experimental control, make sure
the benchmarking environment is safe on JVM/OS/HW level, ask for reviews from the domain experts.
Do not assume the numbers tell you what you want them to tell.

NOTE: Current JVM experimentally supports Compiler Blackholes, and they are in use. Please exercise
extra caution when trusting the results, look into the generated code to check the benchmark still
works, and factor in a small probability of new VM bugs. Additionally, while comparisons between
different JVMs are already problematic, the performance difference caused by different Blackhole
modes can be very significant. Please make sure you use the consistent Blackhole mode for comparisons.

Benchmark                      Mode  Cnt    Score   Error   Units
ListJsonb7880.basketJSONB     thrpt    5  620.372 ± 5.259  ops/ms
ListJsonb7880.nestedListJSON  thrpt    5  212.835 ± 1.367  ops/ms
ListJsonb7880.rootListJSONB   thrpt    5  604.126 ± 4.130  ops/ms

Benchmark result is saved to <work>/env/jmh/ab-r11h/v10-r4.json
