# JMH version: 1.37
# VM version: JDK 21.0.12, OpenJDK 64-Bit Server VM, 21.0.12+8-LTS
# VM invoker: <jdk21>/bin/java
# VM options: -Xms1g -Xmx1g
# Blackhole mode: compiler (auto-detected, use -Djmh.blackhole.autoDetect=false to disable)
# Warmup: 4 iterations, 1 s each
# Measurement: 5 iterations, 1 s each
# Timeout: 10 min per iteration
# Threads: 1 thread, will synchronize iterations
# Benchmark mode: Throughput, ops/time
# Benchmark: bench11.ListJsonb7880.basketJSONB

# Run progress: 0.00% complete, ETA 00:00:27
# Fork: 1 of 1
# Warmup Iteration   1: 513.883 ops/ms
# Warmup Iteration   2: 618.542 ops/ms
# Warmup Iteration   3: 618.996 ops/ms
# Warmup Iteration   4: 617.931 ops/ms
Iteration   1: 621.782 ops/ms
Iteration   2: 620.516 ops/ms
Iteration   3: 620.286 ops/ms
Iteration   4: 621.741 ops/ms
Iteration   5: 621.019 ops/ms


Result "bench11.ListJsonb7880.basketJSONB":
  621.069 ±(99.9%) 2.641 ops/ms [Average]
  (min, avg, max) = (620.286, 621.069, 621.782), stdev = 0.686
  CI (99.9%): [618.428, 623.710] (assumes normal distribution)


# JMH version: 1.37
# VM version: JDK 21.0.12, OpenJDK 64-Bit Server VM, 21.0.12+8-LTS
# VM invoker: <jdk21>/bin/java
# VM options: -Xms1g -Xmx1g
# Blackhole mode: compiler (auto-detected, use -Djmh.blackhole.autoDetect=false to disable)
# Warmup: 4 iterations, 1 s each
# Measurement: 5 iterations, 1 s each
# Timeout: 10 min per iteration
# Threads: 1 thread, will synchronize iterations
# Benchmark mode: Throughput, ops/time
# Benchmark: bench11.ListJsonb7880.nestedListJSON

# Run progress: 33.33% complete, ETA 00:00:18
# Fork: 1 of 1
# Warmup Iteration   1: 165.359 ops/ms
# Warmup Iteration   2: 211.825 ops/ms
# Warmup Iteration   3: 213.412 ops/ms
# Warmup Iteration   4: 212.894 ops/ms
Iteration   1: 214.338 ops/ms
Iteration   2: 214.371 ops/ms
Iteration   3: 214.458 ops/ms
Iteration   4: 214.703 ops/ms
Iteration   5: 215.026 ops/ms


Result "bench11.ListJsonb7880.nestedListJSON":
  214.579 ±(99.9%) 1.107 ops/ms [Average]
  (min, avg, max) = (214.338, 214.579, 215.026), stdev = 0.288
  CI (99.9%): [213.472, 215.686] (assumes normal distribution)


# JMH version: 1.37
# VM version: JDK 21.0.12, OpenJDK 64-Bit Server VM, 21.0.12+8-LTS
# VM invoker: <jdk21>/bin/java
# VM options: -Xms1g -Xmx1g
# Blackhole mode: compiler (auto-detected, use -Djmh.blackhole.autoDetect=false to disable)
# Warmup: 4 iterations, 1 s each
# Measurement: 5 iterations, 1 s each
# Timeout: 10 min per iteration
# Threads: 1 thread, will synchronize iterations
# Benchmark mode: Throughput, ops/time
# Benchmark: bench11.ListJsonb7880.rootListJSONB

# Run progress: 66.67% complete, ETA 00:00:09
# Fork: 1 of 1
# Warmup Iteration   1: 504.842 ops/ms
# Warmup Iteration   2: 606.020 ops/ms
# Warmup Iteration   3: 619.944 ops/ms
# Warmup Iteration   4: 619.507 ops/ms
Iteration   1: 627.849 ops/ms
Iteration   2: 623.722 ops/ms
Iteration   3: 625.140 ops/ms
Iteration   4: 626.898 ops/ms
Iteration   5: 619.949 ops/ms


Result "bench11.ListJsonb7880.rootListJSONB":
  624.712 ±(99.9%) 11.941 ops/ms [Average]
  (min, avg, max) = (619.949, 624.712, 627.849), stdev = 3.101
  CI (99.9%): [612.771, 636.652] (assumes normal distribution)


# Run complete. Total time: 00:00:27

REMEMBER: The numbers below are just data. To gain reusable insights, you need to follow up on
why the numbers are the way they are. Use profilers (see -prof, -lprof), design factorial
experiments, perform baseline and negative tests that provide experimental control, make sure
the benchmarking environment is safe on JVM/OS/HW level, ask for reviews from the domain experts.
Do not assume the numbers tell you what you want them to tell.

NOTE: Current JVM experimentally supports Compiler Blackholes, and they are in use. Please exercise
extra caution when trusting the results, look into the generated code to check the benchmark still
works, and factor in a small probability of new VM bugs. Additionally, while comparisons between
different JVMs are already problematic, the performance difference caused by different Blackhole
modes can be very significant. Please make sure you use the consistent Blackhole mode for comparisons.

Benchmark                      Mode  Cnt    Score    Error   Units
ListJsonb7880.basketJSONB     thrpt    5  621.069 ±  2.641  ops/ms
ListJsonb7880.nestedListJSON  thrpt    5  214.579 ±  1.107  ops/ms
ListJsonb7880.rootListJSONB   thrpt    5  624.712 ± 11.941  ops/ms

Benchmark result is saved to <work>/env/jmh/ab-r11h/v10-r7.json
