# JMH version: 1.37
# VM version: JDK 21.0.12, OpenJDK 64-Bit Server VM, 21.0.12+8-LTS
# VM invoker: <jdk21>/bin/java
# VM options: -Xms1g -Xmx1g
# Blackhole mode: compiler (auto-detected, use -Djmh.blackhole.autoDetect=false to disable)
# Warmup: 4 iterations, 1 s each
# Measurement: 5 iterations, 1 s each
# Timeout: 10 min per iteration
# Threads: 1 thread, will synchronize iterations
# Benchmark mode: Throughput, ops/time
# Benchmark: bench11.ListJsonb7880.basketJSONB

# Run progress: 0.00% complete, ETA 00:00:27
# Fork: 1 of 1
# Warmup Iteration   1: 510.985 ops/ms
# Warmup Iteration   2: 625.280 ops/ms
# Warmup Iteration   3: 621.906 ops/ms
# Warmup Iteration   4: 624.015 ops/ms
Iteration   1: 625.427 ops/ms
Iteration   2: 626.467 ops/ms
Iteration   3: 625.795 ops/ms
Iteration   4: 626.467 ops/ms
Iteration   5: 627.954 ops/ms


Result "bench11.ListJsonb7880.basketJSONB":
  626.422 ±(99.9%) 3.720 ops/ms [Average]
  (min, avg, max) = (625.427, 626.422, 627.954), stdev = 0.966
  CI (99.9%): [622.703, 630.142] (assumes normal distribution)


# JMH version: 1.37
# VM version: JDK 21.0.12, OpenJDK 64-Bit Server VM, 21.0.12+8-LTS
# VM invoker: <jdk21>/bin/java
# VM options: -Xms1g -Xmx1g
# Blackhole mode: compiler (auto-detected, use -Djmh.blackhole.autoDetect=false to disable)
# Warmup: 4 iterations, 1 s each
# Measurement: 5 iterations, 1 s each
# Timeout: 10 min per iteration
# Threads: 1 thread, will synchronize iterations
# Benchmark mode: Throughput, ops/time
# Benchmark: bench11.ListJsonb7880.nestedListJSON

# Run progress: 33.33% complete, ETA 00:00:18
# Fork: 1 of 1
# Warmup Iteration   1: 161.705 ops/ms
# Warmup Iteration   2: 212.326 ops/ms
# Warmup Iteration   3: 213.242 ops/ms
# Warmup Iteration   4: 212.579 ops/ms
Iteration   1: 211.306 ops/ms
Iteration   2: 212.263 ops/ms
Iteration   3: 208.340 ops/ms
Iteration   4: 208.530 ops/ms
Iteration   5: 208.862 ops/ms


Result "bench11.ListJsonb7880.nestedListJSON":
  209.860 ±(99.9%) 6.927 ops/ms [Average]
  (min, avg, max) = (208.340, 209.860, 212.263), stdev = 1.799
  CI (99.9%): [202.934, 216.787] (assumes normal distribution)


# JMH version: 1.37
# VM version: JDK 21.0.12, OpenJDK 64-Bit Server VM, 21.0.12+8-LTS
# VM invoker: <jdk21>/bin/java
# VM options: -Xms1g -Xmx1g
# Blackhole mode: compiler (auto-detected, use -Djmh.blackhole.autoDetect=false to disable)
# Warmup: 4 iterations, 1 s each
# Measurement: 5 iterations, 1 s each
# Timeout: 10 min per iteration
# Threads: 1 thread, will synchronize iterations
# Benchmark mode: Throughput, ops/time
# Benchmark: bench11.ListJsonb7880.rootListJSONB

# Run progress: 66.67% complete, ETA 00:00:09
# Fork: 1 of 1
# Warmup Iteration   1: 504.383 ops/ms
# Warmup Iteration   2: 614.706 ops/ms
# Warmup Iteration   3: 603.331 ops/ms
# Warmup Iteration   4: 603.641 ops/ms
Iteration   1: 606.914 ops/ms
Iteration   2: 607.857 ops/ms
Iteration   3: 609.447 ops/ms
Iteration   4: 604.775 ops/ms
Iteration   5: 607.473 ops/ms


Result "bench11.ListJsonb7880.rootListJSONB":
  607.293 ±(99.9%) 6.523 ops/ms [Average]
  (min, avg, max) = (604.775, 607.293, 609.447), stdev = 1.694
  CI (99.9%): [600.771, 613.816] (assumes normal distribution)


# Run complete. Total time: 00:00:27

REMEMBER: The numbers below are just data. To gain reusable insights, you need to follow up on
why the numbers are the way they are. Use profilers (see -prof, -lprof), design factorial
experiments, perform baseline and negative tests that provide experimental control, make sure
the benchmarking environment is safe on JVM/OS/HW level, ask for reviews from the domain experts.
Do not assume the numbers tell you what you want them to tell.

NOTE: Current JVM experimentally supports Compiler Blackholes, and they are in use. Please exercise
extra caution when trusting the results, look into the generated code to check the benchmark still
works, and factor in a small probability of new VM bugs. Additionally, while comparisons between
different JVMs are already problematic, the performance difference caused by different Blackhole
modes can be very significant. Please make sure you use the consistent Blackhole mode for comparisons.

Benchmark                      Mode  Cnt    Score   Error   Units
ListJsonb7880.basketJSONB     thrpt    5  626.422 ± 3.720  ops/ms
ListJsonb7880.nestedListJSON  thrpt    5  209.860 ± 6.927  ops/ms
ListJsonb7880.rootListJSONB   thrpt    5  607.293 ± 6.523  ops/ms

Benchmark result is saved to <work>/env/jmh/ab-r11h/v10-r1.json
