# JMH version: 1.37
# VM version: JDK 21.0.12, OpenJDK 64-Bit Server VM, 21.0.12+8-LTS
# VM invoker: <jdk21>/bin/java
# VM options: -Xms1g -Xmx1g
# Blackhole mode: compiler (auto-detected, use -Djmh.blackhole.autoDetect=false to disable)
# Warmup: 4 iterations, 1 s each
# Measurement: 5 iterations, 1 s each
# Timeout: 10 min per iteration
# Threads: 1 thread, will synchronize iterations
# Benchmark mode: Throughput, ops/time
# Benchmark: bench11.ListJsonb7880.basketJSONB

# Run progress: 0.00% complete, ETA 00:00:27
# Fork: 1 of 1
# Warmup Iteration   1: 514.537 ops/ms
# Warmup Iteration   2: 624.655 ops/ms
# Warmup Iteration   3: 628.135 ops/ms
# Warmup Iteration   4: 623.452 ops/ms
Iteration   1: 622.084 ops/ms
Iteration   2: 621.017 ops/ms
Iteration   3: 621.433 ops/ms
Iteration   4: 621.948 ops/ms
Iteration   5: 622.379 ops/ms


Result "bench11.ListJsonb7880.basketJSONB":
  621.772 ±(99.9%) 2.093 ops/ms [Average]
  (min, avg, max) = (621.017, 621.772, 622.379), stdev = 0.544
  CI (99.9%): [619.679, 623.865] (assumes normal distribution)


# JMH version: 1.37
# VM version: JDK 21.0.12, OpenJDK 64-Bit Server VM, 21.0.12+8-LTS
# VM invoker: <jdk21>/bin/java
# VM options: -Xms1g -Xmx1g
# Blackhole mode: compiler (auto-detected, use -Djmh.blackhole.autoDetect=false to disable)
# Warmup: 4 iterations, 1 s each
# Measurement: 5 iterations, 1 s each
# Timeout: 10 min per iteration
# Threads: 1 thread, will synchronize iterations
# Benchmark mode: Throughput, ops/time
# Benchmark: bench11.ListJsonb7880.nestedListJSON

# Run progress: 33.33% complete, ETA 00:00:18
# Fork: 1 of 1
# Warmup Iteration   1: 162.454 ops/ms
# Warmup Iteration   2: 211.645 ops/ms
# Warmup Iteration   3: 212.275 ops/ms
# Warmup Iteration   4: 211.771 ops/ms
Iteration   1: 208.973 ops/ms
Iteration   2: 212.306 ops/ms
Iteration   3: 210.905 ops/ms
Iteration   4: 212.313 ops/ms
Iteration   5: 212.304 ops/ms


Result "bench11.ListJsonb7880.nestedListJSON":
  211.360 ±(99.9%) 5.646 ops/ms [Average]
  (min, avg, max) = (208.973, 211.360, 212.313), stdev = 1.466
  CI (99.9%): [205.715, 217.006] (assumes normal distribution)


# JMH version: 1.37
# VM version: JDK 21.0.12, OpenJDK 64-Bit Server VM, 21.0.12+8-LTS
# VM invoker: <jdk21>/bin/java
# VM options: -Xms1g -Xmx1g
# Blackhole mode: compiler (auto-detected, use -Djmh.blackhole.autoDetect=false to disable)
# Warmup: 4 iterations, 1 s each
# Measurement: 5 iterations, 1 s each
# Timeout: 10 min per iteration
# Threads: 1 thread, will synchronize iterations
# Benchmark mode: Throughput, ops/time
# Benchmark: bench11.ListJsonb7880.rootListJSONB

# Run progress: 66.67% complete, ETA 00:00:09
# Fork: 1 of 1
# Warmup Iteration   1: 500.469 ops/ms
# Warmup Iteration   2: 622.310 ops/ms
# Warmup Iteration   3: 599.315 ops/ms
# Warmup Iteration   4: 598.879 ops/ms
Iteration   1: 603.589 ops/ms
Iteration   2: 602.844 ops/ms
Iteration   3: 604.552 ops/ms
Iteration   4: 602.600 ops/ms
Iteration   5: 604.077 ops/ms


Result "bench11.ListJsonb7880.rootListJSONB":
  603.532 ±(99.9%) 3.153 ops/ms [Average]
  (min, avg, max) = (602.600, 603.532, 604.552), stdev = 0.819
  CI (99.9%): [600.379, 606.685] (assumes normal distribution)


# Run complete. Total time: 00:00:27

REMEMBER: The numbers below are just data. To gain reusable insights, you need to follow up on
why the numbers are the way they are. Use profilers (see -prof, -lprof), design factorial
experiments, perform baseline and negative tests that provide experimental control, make sure
the benchmarking environment is safe on JVM/OS/HW level, ask for reviews from the domain experts.
Do not assume the numbers tell you what you want them to tell.

NOTE: Current JVM experimentally supports Compiler Blackholes, and they are in use. Please exercise
extra caution when trusting the results, look into the generated code to check the benchmark still
works, and factor in a small probability of new VM bugs. Additionally, while comparisons between
different JVMs are already problematic, the performance difference caused by different Blackhole
modes can be very significant. Please make sure you use the consistent Blackhole mode for comparisons.

Benchmark                      Mode  Cnt    Score   Error   Units
ListJsonb7880.basketJSONB     thrpt    5  621.772 ± 2.093  ops/ms
ListJsonb7880.nestedListJSON  thrpt    5  211.360 ± 5.646  ops/ms
ListJsonb7880.rootListJSONB   thrpt    5  603.532 ± 3.153  ops/ms

Benchmark result is saved to <work>/env/jmh/ab-r11h/v10-r2.json
