# JMH version: 1.37
# VM version: JDK 21.0.12, OpenJDK 64-Bit Server VM, 21.0.12+8-LTS
# VM invoker: <jdk21>/bin/java
# VM options: -Xms1g -Xmx1g
# Blackhole mode: compiler (auto-detected, use -Djmh.blackhole.autoDetect=false to disable)
# Warmup: 4 iterations, 1 s each
# Measurement: 5 iterations, 1 s each
# Timeout: 10 min per iteration
# Threads: 1 thread, will synchronize iterations
# Benchmark mode: Throughput, ops/time
# Benchmark: bench11.ListJsonb7880.basketJSONB

# Run progress: 0.00% complete, ETA 00:00:27
# Fork: 1 of 1
# Warmup Iteration   1: 521.830 ops/ms
# Warmup Iteration   2: 621.158 ops/ms
# Warmup Iteration   3: 633.374 ops/ms
# Warmup Iteration   4: 633.728 ops/ms
Iteration   1: 635.368 ops/ms
Iteration   2: 634.675 ops/ms
Iteration   3: 636.332 ops/ms
Iteration   4: 634.518 ops/ms
Iteration   5: 633.430 ops/ms


Result "bench11.ListJsonb7880.basketJSONB":
  634.865 ±(99.9%) 4.138 ops/ms [Average]
  (min, avg, max) = (633.430, 634.865, 636.332), stdev = 1.075
  CI (99.9%): [630.727, 639.002] (assumes normal distribution)


# JMH version: 1.37
# VM version: JDK 21.0.12, OpenJDK 64-Bit Server VM, 21.0.12+8-LTS
# VM invoker: <jdk21>/bin/java
# VM options: -Xms1g -Xmx1g
# Blackhole mode: compiler (auto-detected, use -Djmh.blackhole.autoDetect=false to disable)
# Warmup: 4 iterations, 1 s each
# Measurement: 5 iterations, 1 s each
# Timeout: 10 min per iteration
# Threads: 1 thread, will synchronize iterations
# Benchmark mode: Throughput, ops/time
# Benchmark: bench11.ListJsonb7880.nestedListJSON

# Run progress: 33.33% complete, ETA 00:00:18
# Fork: 1 of 1
# Warmup Iteration   1: 168.267 ops/ms
# Warmup Iteration   2: 214.164 ops/ms
# Warmup Iteration   3: 212.915 ops/ms
# Warmup Iteration   4: 212.477 ops/ms
Iteration   1: 214.498 ops/ms
Iteration   2: 214.887 ops/ms
Iteration   3: 214.386 ops/ms
Iteration   4: 215.458 ops/ms
Iteration   5: 215.110 ops/ms


Result "bench11.ListJsonb7880.nestedListJSON":
  214.868 ±(99.9%) 1.696 ops/ms [Average]
  (min, avg, max) = (214.386, 214.868, 215.458), stdev = 0.440
  CI (99.9%): [213.172, 216.563] (assumes normal distribution)


# JMH version: 1.37
# VM version: JDK 21.0.12, OpenJDK 64-Bit Server VM, 21.0.12+8-LTS
# VM invoker: <jdk21>/bin/java
# VM options: -Xms1g -Xmx1g
# Blackhole mode: compiler (auto-detected, use -Djmh.blackhole.autoDetect=false to disable)
# Warmup: 4 iterations, 1 s each
# Measurement: 5 iterations, 1 s each
# Timeout: 10 min per iteration
# Threads: 1 thread, will synchronize iterations
# Benchmark mode: Throughput, ops/time
# Benchmark: bench11.ListJsonb7880.rootListJSONB

# Run progress: 66.67% complete, ETA 00:00:09
# Fork: 1 of 1
# Warmup Iteration   1: 505.689 ops/ms
# Warmup Iteration   2: 626.970 ops/ms
# Warmup Iteration   3: 600.162 ops/ms
# Warmup Iteration   4: 601.045 ops/ms
Iteration   1: 613.861 ops/ms
Iteration   2: 610.588 ops/ms
Iteration   3: 609.607 ops/ms
Iteration   4: 611.583 ops/ms
Iteration   5: 611.943 ops/ms


Result "bench11.ListJsonb7880.rootListJSONB":
  611.516 ±(99.9%) 6.146 ops/ms [Average]
  (min, avg, max) = (609.607, 611.516, 613.861), stdev = 1.596
  CI (99.9%): [605.371, 617.662] (assumes normal distribution)


# Run complete. Total time: 00:00:27

REMEMBER: The numbers below are just data. To gain reusable insights, you need to follow up on
why the numbers are the way they are. Use profilers (see -prof, -lprof), design factorial
experiments, perform baseline and negative tests that provide experimental control, make sure
the benchmarking environment is safe on JVM/OS/HW level, ask for reviews from the domain experts.
Do not assume the numbers tell you what you want them to tell.

NOTE: Current JVM experimentally supports Compiler Blackholes, and they are in use. Please exercise
extra caution when trusting the results, look into the generated code to check the benchmark still
works, and factor in a small probability of new VM bugs. Additionally, while comparisons between
different JVMs are already problematic, the performance difference caused by different Blackhole
modes can be very significant. Please make sure you use the consistent Blackhole mode for comparisons.

Benchmark                      Mode  Cnt    Score   Error   Units
ListJsonb7880.basketJSONB     thrpt    5  634.865 ± 4.138  ops/ms
ListJsonb7880.nestedListJSON  thrpt    5  214.868 ± 1.696  ops/ms
ListJsonb7880.rootListJSONB   thrpt    5  611.516 ± 6.146  ops/ms

Benchmark result is saved to <work>/env/jmh/ab-r11h/v10-r8.json
