# JMH version: 1.37
# VM version: JDK 21.0.12, OpenJDK 64-Bit Server VM, 21.0.12+8-LTS
# VM invoker: <jdk21>/bin/java
# VM options: -Xms1g -Xmx1g
# Blackhole mode: compiler (auto-detected, use -Djmh.blackhole.autoDetect=false to disable)
# Warmup: 4 iterations, 1 s each
# Measurement: 5 iterations, 1 s each
# Timeout: 10 min per iteration
# Threads: 1 thread, will synchronize iterations
# Benchmark mode: Throughput, ops/time
# Benchmark: bench11.ListJsonb7880.basketJSONB

# Run progress: 0.00% complete, ETA 00:00:27
# Fork: 1 of 1
# Warmup Iteration   1: 498.025 ops/ms
# Warmup Iteration   2: 602.380 ops/ms
# Warmup Iteration   3: 598.932 ops/ms
# Warmup Iteration   4: 596.695 ops/ms
Iteration   1: 601.364 ops/ms
Iteration   2: 600.945 ops/ms
Iteration   3: 599.914 ops/ms
Iteration   4: 601.086 ops/ms
Iteration   5: 601.112 ops/ms


Result "bench11.ListJsonb7880.basketJSONB":
  600.884 ±(99.9%) 2.167 ops/ms [Average]
  (min, avg, max) = (599.914, 600.884, 601.364), stdev = 0.563
  CI (99.9%): [598.717, 603.051] (assumes normal distribution)


# JMH version: 1.37
# VM version: JDK 21.0.12, OpenJDK 64-Bit Server VM, 21.0.12+8-LTS
# VM invoker: <jdk21>/bin/java
# VM options: -Xms1g -Xmx1g
# Blackhole mode: compiler (auto-detected, use -Djmh.blackhole.autoDetect=false to disable)
# Warmup: 4 iterations, 1 s each
# Measurement: 5 iterations, 1 s each
# Timeout: 10 min per iteration
# Threads: 1 thread, will synchronize iterations
# Benchmark mode: Throughput, ops/time
# Benchmark: bench11.ListJsonb7880.nestedListJSON

# Run progress: 33.33% complete, ETA 00:00:18
# Fork: 1 of 1
# Warmup Iteration   1: 167.999 ops/ms
# Warmup Iteration   2: 211.889 ops/ms
# Warmup Iteration   3: 214.289 ops/ms
# Warmup Iteration   4: 214.341 ops/ms
Iteration   1: 214.484 ops/ms
Iteration   2: 214.178 ops/ms
Iteration   3: 213.833 ops/ms
Iteration   4: 214.933 ops/ms
Iteration   5: 214.435 ops/ms


Result "bench11.ListJsonb7880.nestedListJSON":
  214.373 ±(99.9%) 1.563 ops/ms [Average]
  (min, avg, max) = (213.833, 214.373, 214.933), stdev = 0.406
  CI (99.9%): [212.810, 215.936] (assumes normal distribution)


# JMH version: 1.37
# VM version: JDK 21.0.12, OpenJDK 64-Bit Server VM, 21.0.12+8-LTS
# VM invoker: <jdk21>/bin/java
# VM options: -Xms1g -Xmx1g
# Blackhole mode: compiler (auto-detected, use -Djmh.blackhole.autoDetect=false to disable)
# Warmup: 4 iterations, 1 s each
# Measurement: 5 iterations, 1 s each
# Timeout: 10 min per iteration
# Threads: 1 thread, will synchronize iterations
# Benchmark mode: Throughput, ops/time
# Benchmark: bench11.ListJsonb7880.rootListJSONB

# Run progress: 66.67% complete, ETA 00:00:09
# Fork: 1 of 1
# Warmup Iteration   1: 506.182 ops/ms
# Warmup Iteration   2: 631.655 ops/ms
# Warmup Iteration   3: 598.762 ops/ms
# Warmup Iteration   4: 602.273 ops/ms
Iteration   1: 610.136 ops/ms
Iteration   2: 613.765 ops/ms
Iteration   3: 612.250 ops/ms
Iteration   4: 612.761 ops/ms
Iteration   5: 612.823 ops/ms


Result "bench11.ListJsonb7880.rootListJSONB":
  612.347 ±(99.9%) 5.204 ops/ms [Average]
  (min, avg, max) = (610.136, 612.347, 613.765), stdev = 1.352
  CI (99.9%): [607.143, 617.551] (assumes normal distribution)


# Run complete. Total time: 00:00:27

REMEMBER: The numbers below are just data. To gain reusable insights, you need to follow up on
why the numbers are the way they are. Use profilers (see -prof, -lprof), design factorial
experiments, perform baseline and negative tests that provide experimental control, make sure
the benchmarking environment is safe on JVM/OS/HW level, ask for reviews from the domain experts.
Do not assume the numbers tell you what you want them to tell.

NOTE: Current JVM experimentally supports Compiler Blackholes, and they are in use. Please exercise
extra caution when trusting the results, look into the generated code to check the benchmark still
works, and factor in a small probability of new VM bugs. Additionally, while comparisons between
different JVMs are already problematic, the performance difference caused by different Blackhole
modes can be very significant. Please make sure you use the consistent Blackhole mode for comparisons.

Benchmark                      Mode  Cnt    Score   Error   Units
ListJsonb7880.basketJSONB     thrpt    5  600.884 ± 2.167  ops/ms
ListJsonb7880.nestedListJSON  thrpt    5  214.373 ± 1.563  ops/ms
ListJsonb7880.rootListJSONB   thrpt    5  612.347 ± 5.204  ops/ms

Benchmark result is saved to <work>/env/jmh/ab-r11h/v10-r6.json
