# JMH version: 1.37
# VM version: JDK 21.0.12, OpenJDK 64-Bit Server VM, 21.0.12+8-LTS
# VM invoker: <jdk21>/bin/java
# VM options: -Xms1g -Xmx1g
# Blackhole mode: compiler (auto-detected, use -Djmh.blackhole.autoDetect=false to disable)
# Warmup: 4 iterations, 1 s each
# Measurement: 5 iterations, 1 s each
# Timeout: 10 min per iteration
# Threads: 1 thread, will synchronize iterations
# Benchmark mode: Throughput, ops/time
# Benchmark: bench11.ListJsonb7880.basketJSONB

# Run progress: 0.00% complete, ETA 00:00:27
# Fork: 1 of 1
# Warmup Iteration   1: 508.608 ops/ms
# Warmup Iteration   2: 611.019 ops/ms
# Warmup Iteration   3: 615.456 ops/ms
# Warmup Iteration   4: 615.426 ops/ms
Iteration   1: 614.644 ops/ms
Iteration   2: 615.738 ops/ms
Iteration   3: 614.715 ops/ms
Iteration   4: 613.764 ops/ms
Iteration   5: 614.442 ops/ms


Result "bench11.ListJsonb7880.basketJSONB":
  614.661 ±(99.9%) 2.733 ops/ms [Average]
  (min, avg, max) = (613.764, 614.661, 615.738), stdev = 0.710
  CI (99.9%): [611.928, 617.394] (assumes normal distribution)


# JMH version: 1.37
# VM version: JDK 21.0.12, OpenJDK 64-Bit Server VM, 21.0.12+8-LTS
# VM invoker: <jdk21>/bin/java
# VM options: -Xms1g -Xmx1g
# Blackhole mode: compiler (auto-detected, use -Djmh.blackhole.autoDetect=false to disable)
# Warmup: 4 iterations, 1 s each
# Measurement: 5 iterations, 1 s each
# Timeout: 10 min per iteration
# Threads: 1 thread, will synchronize iterations
# Benchmark mode: Throughput, ops/time
# Benchmark: bench11.ListJsonb7880.nestedListJSON

# Run progress: 33.33% complete, ETA 00:00:18
# Fork: 1 of 1
# Warmup Iteration   1: 161.629 ops/ms
# Warmup Iteration   2: 214.045 ops/ms
# Warmup Iteration   3: 213.512 ops/ms
# Warmup Iteration   4: 213.652 ops/ms
Iteration   1: 212.573 ops/ms
Iteration   2: 209.135 ops/ms
Iteration   3: 213.666 ops/ms
Iteration   4: 215.268 ops/ms
Iteration   5: 215.138 ops/ms


Result "bench11.ListJsonb7880.nestedListJSON":
  213.156 ±(99.9%) 9.657 ops/ms [Average]
  (min, avg, max) = (209.135, 213.156, 215.268), stdev = 2.508
  CI (99.9%): [203.499, 222.813] (assumes normal distribution)


# JMH version: 1.37
# VM version: JDK 21.0.12, OpenJDK 64-Bit Server VM, 21.0.12+8-LTS
# VM invoker: <jdk21>/bin/java
# VM options: -Xms1g -Xmx1g
# Blackhole mode: compiler (auto-detected, use -Djmh.blackhole.autoDetect=false to disable)
# Warmup: 4 iterations, 1 s each
# Measurement: 5 iterations, 1 s each
# Timeout: 10 min per iteration
# Threads: 1 thread, will synchronize iterations
# Benchmark mode: Throughput, ops/time
# Benchmark: bench11.ListJsonb7880.rootListJSONB

# Run progress: 66.67% complete, ETA 00:00:09
# Fork: 1 of 1
# Warmup Iteration   1: 507.091 ops/ms
# Warmup Iteration   2: 613.420 ops/ms
# Warmup Iteration   3: 626.544 ops/ms
# Warmup Iteration   4: 625.649 ops/ms
Iteration   1: 628.569 ops/ms
Iteration   2: 628.078 ops/ms
Iteration   3: 625.261 ops/ms
Iteration   4: 627.765 ops/ms
Iteration   5: 624.819 ops/ms


Result "bench11.ListJsonb7880.rootListJSONB":
  626.898 ±(99.9%) 6.653 ops/ms [Average]
  (min, avg, max) = (624.819, 626.898, 628.569), stdev = 1.728
  CI (99.9%): [620.246, 633.551] (assumes normal distribution)


# Run complete. Total time: 00:00:27

REMEMBER: The numbers below are just data. To gain reusable insights, you need to follow up on
why the numbers are the way they are. Use profilers (see -prof, -lprof), design factorial
experiments, perform baseline and negative tests that provide experimental control, make sure
the benchmarking environment is safe on JVM/OS/HW level, ask for reviews from the domain experts.
Do not assume the numbers tell you what you want them to tell.

NOTE: Current JVM experimentally supports Compiler Blackholes, and they are in use. Please exercise
extra caution when trusting the results, look into the generated code to check the benchmark still
works, and factor in a small probability of new VM bugs. Additionally, while comparisons between
different JVMs are already problematic, the performance difference caused by different Blackhole
modes can be very significant. Please make sure you use the consistent Blackhole mode for comparisons.

Benchmark                      Mode  Cnt    Score   Error   Units
ListJsonb7880.basketJSONB     thrpt    5  614.661 ± 2.733  ops/ms
ListJsonb7880.nestedListJSON  thrpt    5  213.156 ± 9.657  ops/ms
ListJsonb7880.rootListJSONB   thrpt    5  626.898 ± 6.653  ops/ms

Benchmark result is saved to <work>/env/jmh/ab-r11h/v10-r5.json
