# JMH version: 1.37
# VM version: JDK 21.0.12, OpenJDK 64-Bit Server VM, 21.0.12+8-LTS
# VM invoker: <jdk21>/bin/java
# VM options: -Xms1g -Xmx1g
# Blackhole mode: compiler (auto-detected, use -Djmh.blackhole.autoDetect=false to disable)
# Warmup: 4 iterations, 1 s each
# Measurement: 5 iterations, 1 s each
# Timeout: 10 min per iteration
# Threads: 1 thread, will synchronize iterations
# Benchmark mode: Throughput, ops/time
# Benchmark: bench11.ListJsonb7880.basketJSONB

# Run progress: 0.00% complete, ETA 00:00:27
# Fork: 1 of 1
# Warmup Iteration   1: 494.853 ops/ms
# Warmup Iteration   2: 603.408 ops/ms
# Warmup Iteration   3: 597.062 ops/ms
# Warmup Iteration   4: 593.646 ops/ms
Iteration   1: 596.034 ops/ms
Iteration   2: 597.282 ops/ms
Iteration   3: 599.154 ops/ms
Iteration   4: 598.732 ops/ms
Iteration   5: 598.164 ops/ms


Result "bench11.ListJsonb7880.basketJSONB":
  597.873 ±(99.9%) 4.791 ops/ms [Average]
  (min, avg, max) = (596.034, 597.873, 599.154), stdev = 1.244
  CI (99.9%): [593.082, 602.665] (assumes normal distribution)


# JMH version: 1.37
# VM version: JDK 21.0.12, OpenJDK 64-Bit Server VM, 21.0.12+8-LTS
# VM invoker: <jdk21>/bin/java
# VM options: -Xms1g -Xmx1g
# Blackhole mode: compiler (auto-detected, use -Djmh.blackhole.autoDetect=false to disable)
# Warmup: 4 iterations, 1 s each
# Measurement: 5 iterations, 1 s each
# Timeout: 10 min per iteration
# Threads: 1 thread, will synchronize iterations
# Benchmark mode: Throughput, ops/time
# Benchmark: bench11.ListJsonb7880.nestedListJSON

# Run progress: 33.33% complete, ETA 00:00:18
# Fork: 1 of 1
# Warmup Iteration   1: 159.435 ops/ms
# Warmup Iteration   2: 210.427 ops/ms
# Warmup Iteration   3: 213.053 ops/ms
# Warmup Iteration   4: 210.971 ops/ms
Iteration   1: 210.221 ops/ms
Iteration   2: 210.393 ops/ms
Iteration   3: 212.668 ops/ms
Iteration   4: 213.006 ops/ms
Iteration   5: 212.353 ops/ms


Result "bench11.ListJsonb7880.nestedListJSON":
  211.728 ±(99.9%) 5.080 ops/ms [Average]
  (min, avg, max) = (210.221, 211.728, 213.006), stdev = 1.319
  CI (99.9%): [206.648, 216.809] (assumes normal distribution)


# JMH version: 1.37
# VM version: JDK 21.0.12, OpenJDK 64-Bit Server VM, 21.0.12+8-LTS
# VM invoker: <jdk21>/bin/java
# VM options: -Xms1g -Xmx1g
# Blackhole mode: compiler (auto-detected, use -Djmh.blackhole.autoDetect=false to disable)
# Warmup: 4 iterations, 1 s each
# Measurement: 5 iterations, 1 s each
# Timeout: 10 min per iteration
# Threads: 1 thread, will synchronize iterations
# Benchmark mode: Throughput, ops/time
# Benchmark: bench11.ListJsonb7880.rootListJSONB

# Run progress: 66.67% complete, ETA 00:00:09
# Fork: 1 of 1
# Warmup Iteration   1: 499.859 ops/ms
# Warmup Iteration   2: 600.065 ops/ms
# Warmup Iteration   3: 609.353 ops/ms
# Warmup Iteration   4: 611.638 ops/ms
Iteration   1: 621.766 ops/ms
Iteration   2: 623.864 ops/ms
Iteration   3: 622.323 ops/ms
Iteration   4: 622.897 ops/ms
Iteration   5: 622.379 ops/ms


Result "bench11.ListJsonb7880.rootListJSONB":
  622.646 ±(99.9%) 3.043 ops/ms [Average]
  (min, avg, max) = (621.766, 622.646, 623.864), stdev = 0.790
  CI (99.9%): [619.603, 625.689] (assumes normal distribution)


# Run complete. Total time: 00:00:27

REMEMBER: The numbers below are just data. To gain reusable insights, you need to follow up on
why the numbers are the way they are. Use profilers (see -prof, -lprof), design factorial
experiments, perform baseline and negative tests that provide experimental control, make sure
the benchmarking environment is safe on JVM/OS/HW level, ask for reviews from the domain experts.
Do not assume the numbers tell you what you want them to tell.

NOTE: Current JVM experimentally supports Compiler Blackholes, and they are in use. Please exercise
extra caution when trusting the results, look into the generated code to check the benchmark still
works, and factor in a small probability of new VM bugs. Additionally, while comparisons between
different JVMs are already problematic, the performance difference caused by different Blackhole
modes can be very significant. Please make sure you use the consistent Blackhole mode for comparisons.

Benchmark                      Mode  Cnt    Score   Error   Units
ListJsonb7880.basketJSONB     thrpt    5  597.873 ± 4.791  ops/ms
ListJsonb7880.nestedListJSON  thrpt    5  211.728 ± 5.080  ops/ms
ListJsonb7880.rootListJSONB   thrpt    5  622.646 ± 3.043  ops/ms

Benchmark result is saved to <work>/env/jmh/ab-r11h/v10copy-r5.json
