# JMH version: 1.37
# VM version: JDK 21.0.12, OpenJDK 64-Bit Server VM, 21.0.12+8-LTS
# VM invoker: <jdk21>/bin/java
# VM options: -Xms1g -Xmx1g
# Blackhole mode: compiler (auto-detected, use -Djmh.blackhole.autoDetect=false to disable)
# Warmup: 4 iterations, 1 s each
# Measurement: 5 iterations, 1 s each
# Timeout: 10 min per iteration
# Threads: 1 thread, will synchronize iterations
# Benchmark mode: Throughput, ops/time
# Benchmark: bench11.ListJsonb7880.basketJSONB

# Run progress: 0.00% complete, ETA 00:00:27
# Fork: 1 of 1
# Warmup Iteration   1: 515.232 ops/ms
# Warmup Iteration   2: 628.069 ops/ms
# Warmup Iteration   3: 627.363 ops/ms
# Warmup Iteration   4: 624.720 ops/ms
Iteration   1: 624.735 ops/ms
Iteration   2: 623.385 ops/ms
Iteration   3: 622.244 ops/ms
Iteration   4: 622.003 ops/ms
Iteration   5: 622.814 ops/ms


Result "bench11.ListJsonb7880.basketJSONB":
  623.036 ±(99.9%) 4.198 ops/ms [Average]
  (min, avg, max) = (622.003, 623.036, 624.735), stdev = 1.090
  CI (99.9%): [618.838, 627.234] (assumes normal distribution)


# JMH version: 1.37
# VM version: JDK 21.0.12, OpenJDK 64-Bit Server VM, 21.0.12+8-LTS
# VM invoker: <jdk21>/bin/java
# VM options: -Xms1g -Xmx1g
# Blackhole mode: compiler (auto-detected, use -Djmh.blackhole.autoDetect=false to disable)
# Warmup: 4 iterations, 1 s each
# Measurement: 5 iterations, 1 s each
# Timeout: 10 min per iteration
# Threads: 1 thread, will synchronize iterations
# Benchmark mode: Throughput, ops/time
# Benchmark: bench11.ListJsonb7880.nestedListJSON

# Run progress: 33.33% complete, ETA 00:00:18
# Fork: 1 of 1
# Warmup Iteration   1: 163.183 ops/ms
# Warmup Iteration   2: 209.134 ops/ms
# Warmup Iteration   3: 212.080 ops/ms
# Warmup Iteration   4: 212.111 ops/ms
Iteration   1: 210.674 ops/ms
Iteration   2: 206.785 ops/ms
Iteration   3: 211.302 ops/ms
Iteration   4: 211.421 ops/ms
Iteration   5: 211.745 ops/ms


Result "bench11.ListJsonb7880.nestedListJSON":
  210.385 ±(99.9%) 7.894 ops/ms [Average]
  (min, avg, max) = (206.785, 210.385, 211.745), stdev = 2.050
  CI (99.9%): [202.492, 218.279] (assumes normal distribution)


# JMH version: 1.37
# VM version: JDK 21.0.12, OpenJDK 64-Bit Server VM, 21.0.12+8-LTS
# VM invoker: <jdk21>/bin/java
# VM options: -Xms1g -Xmx1g
# Blackhole mode: compiler (auto-detected, use -Djmh.blackhole.autoDetect=false to disable)
# Warmup: 4 iterations, 1 s each
# Measurement: 5 iterations, 1 s each
# Timeout: 10 min per iteration
# Threads: 1 thread, will synchronize iterations
# Benchmark mode: Throughput, ops/time
# Benchmark: bench11.ListJsonb7880.rootListJSONB

# Run progress: 66.67% complete, ETA 00:00:09
# Fork: 1 of 1
# Warmup Iteration   1: 502.318 ops/ms
# Warmup Iteration   2: 598.649 ops/ms
# Warmup Iteration   3: 609.268 ops/ms
# Warmup Iteration   4: 604.255 ops/ms
Iteration   1: 602.714 ops/ms
Iteration   2: 603.726 ops/ms
Iteration   3: 604.501 ops/ms
Iteration   4: 602.870 ops/ms
Iteration   5: 603.598 ops/ms


Result "bench11.ListJsonb7880.rootListJSONB":
  603.482 ±(99.9%) 2.774 ops/ms [Average]
  (min, avg, max) = (602.714, 603.482, 604.501), stdev = 0.720
  CI (99.9%): [600.708, 606.255] (assumes normal distribution)


# Run complete. Total time: 00:00:27

REMEMBER: The numbers below are just data. To gain reusable insights, you need to follow up on
why the numbers are the way they are. Use profilers (see -prof, -lprof), design factorial
experiments, perform baseline and negative tests that provide experimental control, make sure
the benchmarking environment is safe on JVM/OS/HW level, ask for reviews from the domain experts.
Do not assume the numbers tell you what you want them to tell.

NOTE: Current JVM experimentally supports Compiler Blackholes, and they are in use. Please exercise
extra caution when trusting the results, look into the generated code to check the benchmark still
works, and factor in a small probability of new VM bugs. Additionally, while comparisons between
different JVMs are already problematic, the performance difference caused by different Blackhole
modes can be very significant. Please make sure you use the consistent Blackhole mode for comparisons.

Benchmark                      Mode  Cnt    Score   Error   Units
ListJsonb7880.basketJSONB     thrpt    5  623.036 ± 4.198  ops/ms
ListJsonb7880.nestedListJSON  thrpt    5  210.385 ± 7.894  ops/ms
ListJsonb7880.rootListJSONB   thrpt    5  603.482 ± 2.774  ops/ms

Benchmark result is saved to <work>/env/jmh/ab-r11h/v10copy-r2.json
