# JMH version: 1.37
# VM version: JDK 21.0.12, OpenJDK 64-Bit Server VM, 21.0.12+8-LTS
# VM invoker: <jdk21>/bin/java
# VM options: -Xms1g -Xmx1g
# Blackhole mode: compiler (auto-detected, use -Djmh.blackhole.autoDetect=false to disable)
# Warmup: 4 iterations, 1 s each
# Measurement: 5 iterations, 1 s each
# Timeout: 10 min per iteration
# Threads: 1 thread, will synchronize iterations
# Benchmark mode: Throughput, ops/time
# Benchmark: bench11.ListJsonb7880.basketJSONB

# Run progress: 0.00% complete, ETA 00:00:27
# Fork: 1 of 1
# Warmup Iteration   1: 520.631 ops/ms
# Warmup Iteration   2: 627.961 ops/ms
# Warmup Iteration   3: 634.843 ops/ms
# Warmup Iteration   4: 633.249 ops/ms
Iteration   1: 634.076 ops/ms
Iteration   2: 635.808 ops/ms
Iteration   3: 634.799 ops/ms
Iteration   4: 634.813 ops/ms
Iteration   5: 634.611 ops/ms


Result "bench11.ListJsonb7880.basketJSONB":
  634.821 ±(99.9%) 2.415 ops/ms [Average]
  (min, avg, max) = (634.076, 634.821, 635.808), stdev = 0.627
  CI (99.9%): [632.406, 637.236] (assumes normal distribution)


# JMH version: 1.37
# VM version: JDK 21.0.12, OpenJDK 64-Bit Server VM, 21.0.12+8-LTS
# VM invoker: <jdk21>/bin/java
# VM options: -Xms1g -Xmx1g
# Blackhole mode: compiler (auto-detected, use -Djmh.blackhole.autoDetect=false to disable)
# Warmup: 4 iterations, 1 s each
# Measurement: 5 iterations, 1 s each
# Timeout: 10 min per iteration
# Threads: 1 thread, will synchronize iterations
# Benchmark mode: Throughput, ops/time
# Benchmark: bench11.ListJsonb7880.nestedListJSON

# Run progress: 33.33% complete, ETA 00:00:18
# Fork: 1 of 1
# Warmup Iteration   1: 164.769 ops/ms
# Warmup Iteration   2: 211.851 ops/ms
# Warmup Iteration   3: 212.601 ops/ms
# Warmup Iteration   4: 212.005 ops/ms
Iteration   1: 211.031 ops/ms
Iteration   2: 211.401 ops/ms
Iteration   3: 205.751 ops/ms
Iteration   4: 205.788 ops/ms
Iteration   5: 206.034 ops/ms


Result "bench11.ListJsonb7880.nestedListJSON":
  208.001 ±(99.9%) 11.320 ops/ms [Average]
  (min, avg, max) = (205.751, 208.001, 211.401), stdev = 2.940
  CI (99.9%): [196.681, 219.321] (assumes normal distribution)


# JMH version: 1.37
# VM version: JDK 21.0.12, OpenJDK 64-Bit Server VM, 21.0.12+8-LTS
# VM invoker: <jdk21>/bin/java
# VM options: -Xms1g -Xmx1g
# Blackhole mode: compiler (auto-detected, use -Djmh.blackhole.autoDetect=false to disable)
# Warmup: 4 iterations, 1 s each
# Measurement: 5 iterations, 1 s each
# Timeout: 10 min per iteration
# Threads: 1 thread, will synchronize iterations
# Benchmark mode: Throughput, ops/time
# Benchmark: bench11.ListJsonb7880.rootListJSONB

# Run progress: 66.67% complete, ETA 00:00:09
# Fork: 1 of 1
# Warmup Iteration   1: 513.914 ops/ms
# Warmup Iteration   2: 628.006 ops/ms
# Warmup Iteration   3: 602.050 ops/ms
# Warmup Iteration   4: 600.844 ops/ms
Iteration   1: 602.376 ops/ms
Iteration   2: 601.493 ops/ms
Iteration   3: 601.522 ops/ms
Iteration   4: 602.757 ops/ms
Iteration   5: 602.553 ops/ms


Result "bench11.ListJsonb7880.rootListJSONB":
  602.140 ±(99.9%) 2.284 ops/ms [Average]
  (min, avg, max) = (601.493, 602.140, 602.757), stdev = 0.593
  CI (99.9%): [599.856, 604.425] (assumes normal distribution)


# Run complete. Total time: 00:00:27

REMEMBER: The numbers below are just data. To gain reusable insights, you need to follow up on
why the numbers are the way they are. Use profilers (see -prof, -lprof), design factorial
experiments, perform baseline and negative tests that provide experimental control, make sure
the benchmarking environment is safe on JVM/OS/HW level, ask for reviews from the domain experts.
Do not assume the numbers tell you what you want them to tell.

NOTE: Current JVM experimentally supports Compiler Blackholes, and they are in use. Please exercise
extra caution when trusting the results, look into the generated code to check the benchmark still
works, and factor in a small probability of new VM bugs. Additionally, while comparisons between
different JVMs are already problematic, the performance difference caused by different Blackhole
modes can be very significant. Please make sure you use the consistent Blackhole mode for comparisons.

Benchmark                      Mode  Cnt    Score    Error   Units
ListJsonb7880.basketJSONB     thrpt    5  634.821 ±  2.415  ops/ms
ListJsonb7880.nestedListJSON  thrpt    5  208.001 ± 11.320  ops/ms
ListJsonb7880.rootListJSONB   thrpt    5  602.140 ±  2.284  ops/ms

Benchmark result is saved to <work>/env/jmh/ab-r11h/v10copy-r6.json
