# JMH version: 1.37
# VM version: JDK 21.0.12, OpenJDK 64-Bit Server VM, 21.0.12+8-LTS
# VM invoker: <jdk21>/bin/java
# VM options: -Xms1g -Xmx1g
# Blackhole mode: compiler (auto-detected, use -Djmh.blackhole.autoDetect=false to disable)
# Warmup: 4 iterations, 1 s each
# Measurement: 5 iterations, 1 s each
# Timeout: 10 min per iteration
# Threads: 1 thread, will synchronize iterations
# Benchmark mode: Throughput, ops/time
# Benchmark: bench11.ListJsonb7880.basketJSONB

# Run progress: 0.00% complete, ETA 00:00:27
# Fork: 1 of 1
# Warmup Iteration   1: 510.589 ops/ms
# Warmup Iteration   2: 623.296 ops/ms
# Warmup Iteration   3: 618.306 ops/ms
# Warmup Iteration   4: 619.002 ops/ms
Iteration   1: 619.857 ops/ms
Iteration   2: 619.896 ops/ms
Iteration   3: 621.757 ops/ms
Iteration   4: 619.851 ops/ms
Iteration   5: 620.612 ops/ms


Result "bench11.ListJsonb7880.basketJSONB":
  620.395 ±(99.9%) 3.185 ops/ms [Average]
  (min, avg, max) = (619.851, 620.395, 621.757), stdev = 0.827
  CI (99.9%): [617.210, 623.579] (assumes normal distribution)


# JMH version: 1.37
# VM version: JDK 21.0.12, OpenJDK 64-Bit Server VM, 21.0.12+8-LTS
# VM invoker: <jdk21>/bin/java
# VM options: -Xms1g -Xmx1g
# Blackhole mode: compiler (auto-detected, use -Djmh.blackhole.autoDetect=false to disable)
# Warmup: 4 iterations, 1 s each
# Measurement: 5 iterations, 1 s each
# Timeout: 10 min per iteration
# Threads: 1 thread, will synchronize iterations
# Benchmark mode: Throughput, ops/time
# Benchmark: bench11.ListJsonb7880.nestedListJSON

# Run progress: 33.33% complete, ETA 00:00:18
# Fork: 1 of 1
# Warmup Iteration   1: 161.382 ops/ms
# Warmup Iteration   2: 212.806 ops/ms
# Warmup Iteration   3: 213.381 ops/ms
# Warmup Iteration   4: 209.999 ops/ms
Iteration   1: 212.582 ops/ms
Iteration   2: 213.455 ops/ms
Iteration   3: 211.683 ops/ms
Iteration   4: 211.880 ops/ms
Iteration   5: 212.206 ops/ms


Result "bench11.ListJsonb7880.nestedListJSON":
  212.361 ±(99.9%) 2.695 ops/ms [Average]
  (min, avg, max) = (211.683, 212.361, 213.455), stdev = 0.700
  CI (99.9%): [209.666, 215.056] (assumes normal distribution)


# JMH version: 1.37
# VM version: JDK 21.0.12, OpenJDK 64-Bit Server VM, 21.0.12+8-LTS
# VM invoker: <jdk21>/bin/java
# VM options: -Xms1g -Xmx1g
# Blackhole mode: compiler (auto-detected, use -Djmh.blackhole.autoDetect=false to disable)
# Warmup: 4 iterations, 1 s each
# Measurement: 5 iterations, 1 s each
# Timeout: 10 min per iteration
# Threads: 1 thread, will synchronize iterations
# Benchmark mode: Throughput, ops/time
# Benchmark: bench11.ListJsonb7880.rootListJSONB

# Run progress: 66.67% complete, ETA 00:00:09
# Fork: 1 of 1
# Warmup Iteration   1: 504.547 ops/ms
# Warmup Iteration   2: 607.015 ops/ms
# Warmup Iteration   3: 620.051 ops/ms
# Warmup Iteration   4: 627.300 ops/ms
Iteration   1: 628.836 ops/ms
Iteration   2: 631.464 ops/ms
Iteration   3: 628.674 ops/ms
Iteration   4: 628.020 ops/ms
Iteration   5: 629.721 ops/ms


Result "bench11.ListJsonb7880.rootListJSONB":
  629.343 ±(99.9%) 5.128 ops/ms [Average]
  (min, avg, max) = (628.020, 629.343, 631.464), stdev = 1.332
  CI (99.9%): [624.214, 634.471] (assumes normal distribution)


# Run complete. Total time: 00:00:27

REMEMBER: The numbers below are just data. To gain reusable insights, you need to follow up on
why the numbers are the way they are. Use profilers (see -prof, -lprof), design factorial
experiments, perform baseline and negative tests that provide experimental control, make sure
the benchmarking environment is safe on JVM/OS/HW level, ask for reviews from the domain experts.
Do not assume the numbers tell you what you want them to tell.

NOTE: Current JVM experimentally supports Compiler Blackholes, and they are in use. Please exercise
extra caution when trusting the results, look into the generated code to check the benchmark still
works, and factor in a small probability of new VM bugs. Additionally, while comparisons between
different JVMs are already problematic, the performance difference caused by different Blackhole
modes can be very significant. Please make sure you use the consistent Blackhole mode for comparisons.

Benchmark                      Mode  Cnt    Score   Error   Units
ListJsonb7880.basketJSONB     thrpt    5  620.395 ± 3.185  ops/ms
ListJsonb7880.nestedListJSON  thrpt    5  212.361 ± 2.695  ops/ms
ListJsonb7880.rootListJSONB   thrpt    5  629.343 ± 5.128  ops/ms

Benchmark result is saved to <work>/env/jmh/ab-r11h/v10copy-r7.json
