# JMH version: 1.37
# VM version: JDK 21.0.12, OpenJDK 64-Bit Server VM, 21.0.12+8-LTS
# VM invoker: <jdk21>/bin/java
# VM options: -Xms1g -Xmx1g
# Blackhole mode: compiler (auto-detected, use -Djmh.blackhole.autoDetect=false to disable)
# Warmup: 4 iterations, 1 s each
# Measurement: 5 iterations, 1 s each
# Timeout: 10 min per iteration
# Threads: 1 thread, will synchronize iterations
# Benchmark mode: Throughput, ops/time
# Benchmark: bench11.ListJsonb7880.basketJSONB

# Run progress: 0.00% complete, ETA 00:00:27
# Fork: 1 of 1
# Warmup Iteration   1: 518.896 ops/ms
# Warmup Iteration   2: 632.953 ops/ms
# Warmup Iteration   3: 632.523 ops/ms
# Warmup Iteration   4: 628.805 ops/ms
Iteration   1: 626.948 ops/ms
Iteration   2: 627.540 ops/ms
Iteration   3: 628.345 ops/ms
Iteration   4: 628.962 ops/ms
Iteration   5: 626.780 ops/ms


Result "bench11.ListJsonb7880.basketJSONB":
  627.715 ±(99.9%) 3.573 ops/ms [Average]
  (min, avg, max) = (626.780, 627.715, 628.962), stdev = 0.928
  CI (99.9%): [624.142, 631.289] (assumes normal distribution)


# JMH version: 1.37
# VM version: JDK 21.0.12, OpenJDK 64-Bit Server VM, 21.0.12+8-LTS
# VM invoker: <jdk21>/bin/java
# VM options: -Xms1g -Xmx1g
# Blackhole mode: compiler (auto-detected, use -Djmh.blackhole.autoDetect=false to disable)
# Warmup: 4 iterations, 1 s each
# Measurement: 5 iterations, 1 s each
# Timeout: 10 min per iteration
# Threads: 1 thread, will synchronize iterations
# Benchmark mode: Throughput, ops/time
# Benchmark: bench11.ListJsonb7880.nestedListJSON

# Run progress: 33.33% complete, ETA 00:00:18
# Fork: 1 of 1
# Warmup Iteration   1: 159.798 ops/ms
# Warmup Iteration   2: 213.091 ops/ms
# Warmup Iteration   3: 209.295 ops/ms
# Warmup Iteration   4: 212.156 ops/ms
Iteration   1: 213.272 ops/ms
Iteration   2: 213.452 ops/ms
Iteration   3: 214.455 ops/ms
Iteration   4: 214.812 ops/ms
Iteration   5: 214.692 ops/ms


Result "bench11.ListJsonb7880.nestedListJSON":
  214.137 ±(99.9%) 2.778 ops/ms [Average]
  (min, avg, max) = (213.272, 214.137, 214.812), stdev = 0.721
  CI (99.9%): [211.358, 216.915] (assumes normal distribution)


# JMH version: 1.37
# VM version: JDK 21.0.12, OpenJDK 64-Bit Server VM, 21.0.12+8-LTS
# VM invoker: <jdk21>/bin/java
# VM options: -Xms1g -Xmx1g
# Blackhole mode: compiler (auto-detected, use -Djmh.blackhole.autoDetect=false to disable)
# Warmup: 4 iterations, 1 s each
# Measurement: 5 iterations, 1 s each
# Timeout: 10 min per iteration
# Threads: 1 thread, will synchronize iterations
# Benchmark mode: Throughput, ops/time
# Benchmark: bench11.ListJsonb7880.rootListJSONB

# Run progress: 66.67% complete, ETA 00:00:09
# Fork: 1 of 1
# Warmup Iteration   1: 513.652 ops/ms
# Warmup Iteration   2: 630.545 ops/ms
# Warmup Iteration   3: 610.729 ops/ms
# Warmup Iteration   4: 602.269 ops/ms
Iteration   1: 595.876 ops/ms
Iteration   2: 596.319 ops/ms
Iteration   3: 594.638 ops/ms
Iteration   4: 596.683 ops/ms
Iteration   5: 596.477 ops/ms


Result "bench11.ListJsonb7880.rootListJSONB":
  595.999 ±(99.9%) 3.143 ops/ms [Average]
  (min, avg, max) = (594.638, 595.999, 596.683), stdev = 0.816
  CI (99.9%): [592.856, 599.142] (assumes normal distribution)


# Run complete. Total time: 00:00:27

REMEMBER: The numbers below are just data. To gain reusable insights, you need to follow up on
why the numbers are the way they are. Use profilers (see -prof, -lprof), design factorial
experiments, perform baseline and negative tests that provide experimental control, make sure
the benchmarking environment is safe on JVM/OS/HW level, ask for reviews from the domain experts.
Do not assume the numbers tell you what you want them to tell.

NOTE: Current JVM experimentally supports Compiler Blackholes, and they are in use. Please exercise
extra caution when trusting the results, look into the generated code to check the benchmark still
works, and factor in a small probability of new VM bugs. Additionally, while comparisons between
different JVMs are already problematic, the performance difference caused by different Blackhole
modes can be very significant. Please make sure you use the consistent Blackhole mode for comparisons.

Benchmark                      Mode  Cnt    Score   Error   Units
ListJsonb7880.basketJSONB     thrpt    5  627.715 ± 3.573  ops/ms
ListJsonb7880.nestedListJSON  thrpt    5  214.137 ± 2.778  ops/ms
ListJsonb7880.rootListJSONB   thrpt    5  595.999 ± 3.143  ops/ms

Benchmark result is saved to <work>/env/jmh/ab-r11h/v10copy-r8.json
