# JMH version: 1.37
# VM version: JDK 21.0.12, OpenJDK 64-Bit Server VM, 21.0.12+8-LTS
# VM invoker: <jdk21>/bin/java
# VM options: -Xms1g -Xmx1g
# Blackhole mode: compiler (auto-detected, use -Djmh.blackhole.autoDetect=false to disable)
# Warmup: 4 iterations, 1 s each
# Measurement: 5 iterations, 1 s each
# Timeout: 10 min per iteration
# Threads: 1 thread, will synchronize iterations
# Benchmark mode: Throughput, ops/time
# Benchmark: bench11.ListJsonb7880.basketJSONB

# Run progress: 0.00% complete, ETA 00:00:27
# Fork: 1 of 1
# Warmup Iteration   1: 504.810 ops/ms
# Warmup Iteration   2: 621.745 ops/ms
# Warmup Iteration   3: 617.168 ops/ms
# Warmup Iteration   4: 621.168 ops/ms
Iteration   1: 628.651 ops/ms
Iteration   2: 628.404 ops/ms
Iteration   3: 629.824 ops/ms
Iteration   4: 629.760 ops/ms
Iteration   5: 628.882 ops/ms


Result "bench11.ListJsonb7880.basketJSONB":
  629.104 ±(99.9%) 2.506 ops/ms [Average]
  (min, avg, max) = (628.404, 629.104, 629.824), stdev = 0.651
  CI (99.9%): [626.598, 631.610] (assumes normal distribution)


# JMH version: 1.37
# VM version: JDK 21.0.12, OpenJDK 64-Bit Server VM, 21.0.12+8-LTS
# VM invoker: <jdk21>/bin/java
# VM options: -Xms1g -Xmx1g
# Blackhole mode: compiler (auto-detected, use -Djmh.blackhole.autoDetect=false to disable)
# Warmup: 4 iterations, 1 s each
# Measurement: 5 iterations, 1 s each
# Timeout: 10 min per iteration
# Threads: 1 thread, will synchronize iterations
# Benchmark mode: Throughput, ops/time
# Benchmark: bench11.ListJsonb7880.nestedListJSON

# Run progress: 33.33% complete, ETA 00:00:18
# Fork: 1 of 1
# Warmup Iteration   1: 166.166 ops/ms
# Warmup Iteration   2: 209.885 ops/ms
# Warmup Iteration   3: 213.238 ops/ms
# Warmup Iteration   4: 213.273 ops/ms
Iteration   1: 210.908 ops/ms
Iteration   2: 212.576 ops/ms
Iteration   3: 212.765 ops/ms
Iteration   4: 213.670 ops/ms
Iteration   5: 213.426 ops/ms


Result "bench11.ListJsonb7880.nestedListJSON":
  212.669 ±(99.9%) 4.172 ops/ms [Average]
  (min, avg, max) = (210.908, 212.669, 213.670), stdev = 1.083
  CI (99.9%): [208.497, 216.841] (assumes normal distribution)


# JMH version: 1.37
# VM version: JDK 21.0.12, OpenJDK 64-Bit Server VM, 21.0.12+8-LTS
# VM invoker: <jdk21>/bin/java
# VM options: -Xms1g -Xmx1g
# Blackhole mode: compiler (auto-detected, use -Djmh.blackhole.autoDetect=false to disable)
# Warmup: 4 iterations, 1 s each
# Measurement: 5 iterations, 1 s each
# Timeout: 10 min per iteration
# Threads: 1 thread, will synchronize iterations
# Benchmark mode: Throughput, ops/time
# Benchmark: bench11.ListJsonb7880.rootListJSONB

# Run progress: 66.67% complete, ETA 00:00:09
# Fork: 1 of 1
# Warmup Iteration   1: 505.378 ops/ms
# Warmup Iteration   2: 602.385 ops/ms
# Warmup Iteration   3: 611.560 ops/ms
# Warmup Iteration   4: 605.036 ops/ms
Iteration   1: 605.338 ops/ms
Iteration   2: 605.055 ops/ms
Iteration   3: 606.629 ops/ms
Iteration   4: 607.035 ops/ms
Iteration   5: 605.474 ops/ms


Result "bench11.ListJsonb7880.rootListJSONB":
  605.906 ±(99.9%) 3.352 ops/ms [Average]
  (min, avg, max) = (605.055, 605.906, 607.035), stdev = 0.870
  CI (99.9%): [602.555, 609.258] (assumes normal distribution)


# Run complete. Total time: 00:00:27

REMEMBER: The numbers below are just data. To gain reusable insights, you need to follow up on
why the numbers are the way they are. Use profilers (see -prof, -lprof), design factorial
experiments, perform baseline and negative tests that provide experimental control, make sure
the benchmarking environment is safe on JVM/OS/HW level, ask for reviews from the domain experts.
Do not assume the numbers tell you what you want them to tell.

NOTE: Current JVM experimentally supports Compiler Blackholes, and they are in use. Please exercise
extra caution when trusting the results, look into the generated code to check the benchmark still
works, and factor in a small probability of new VM bugs. Additionally, while comparisons between
different JVMs are already problematic, the performance difference caused by different Blackhole
modes can be very significant. Please make sure you use the consistent Blackhole mode for comparisons.

Benchmark                      Mode  Cnt    Score   Error   Units
ListJsonb7880.basketJSONB     thrpt    5  629.104 ± 2.506  ops/ms
ListJsonb7880.nestedListJSON  thrpt    5  212.669 ± 4.172  ops/ms
ListJsonb7880.rootListJSONB   thrpt    5  605.906 ± 3.352  ops/ms

Benchmark result is saved to <work>/env/jmh/ab-r11h/v10copy-r3.json
