# JMH version: 1.37
# VM version: JDK 21.0.12, OpenJDK 64-Bit Server VM, 21.0.12+8-LTS
# VM invoker: <jdk21>/bin/java
# VM options: -Xms1g -Xmx1g
# Blackhole mode: compiler (auto-detected, use -Djmh.blackhole.autoDetect=false to disable)
# Warmup: 4 iterations, 1 s each
# Measurement: 5 iterations, 1 s each
# Timeout: 10 min per iteration
# Threads: 1 thread, will synchronize iterations
# Benchmark mode: Throughput, ops/time
# Benchmark: bench11.ListJsonb7880.basketJSONB

# Run progress: 0.00% complete, ETA 00:00:27
# Fork: 1 of 1
# Warmup Iteration   1: 512.537 ops/ms
# Warmup Iteration   2: 623.949 ops/ms
# Warmup Iteration   3: 619.997 ops/ms
# Warmup Iteration   4: 616.786 ops/ms
Iteration   1: 617.184 ops/ms
Iteration   2: 620.353 ops/ms
Iteration   3: 615.693 ops/ms
Iteration   4: 617.193 ops/ms
Iteration   5: 617.548 ops/ms


Result "bench11.ListJsonb7880.basketJSONB":
  617.594 ±(99.9%) 6.546 ops/ms [Average]
  (min, avg, max) = (615.693, 617.594, 620.353), stdev = 1.700
  CI (99.9%): [611.048, 624.140] (assumes normal distribution)


# JMH version: 1.37
# VM version: JDK 21.0.12, OpenJDK 64-Bit Server VM, 21.0.12+8-LTS
# VM invoker: <jdk21>/bin/java
# VM options: -Xms1g -Xmx1g
# Blackhole mode: compiler (auto-detected, use -Djmh.blackhole.autoDetect=false to disable)
# Warmup: 4 iterations, 1 s each
# Measurement: 5 iterations, 1 s each
# Timeout: 10 min per iteration
# Threads: 1 thread, will synchronize iterations
# Benchmark mode: Throughput, ops/time
# Benchmark: bench11.ListJsonb7880.nestedListJSON

# Run progress: 33.33% complete, ETA 00:00:18
# Fork: 1 of 1
# Warmup Iteration   1: 163.027 ops/ms
# Warmup Iteration   2: 209.100 ops/ms
# Warmup Iteration   3: 211.590 ops/ms
# Warmup Iteration   4: 211.173 ops/ms
Iteration   1: 211.383 ops/ms
Iteration   2: 212.661 ops/ms
Iteration   3: 212.608 ops/ms
Iteration   4: 213.669 ops/ms
Iteration   5: 212.822 ops/ms


Result "bench11.ListJsonb7880.nestedListJSON":
  212.629 ±(99.9%) 3.148 ops/ms [Average]
  (min, avg, max) = (211.383, 212.629, 213.669), stdev = 0.818
  CI (99.9%): [209.481, 215.777] (assumes normal distribution)


# JMH version: 1.37
# VM version: JDK 21.0.12, OpenJDK 64-Bit Server VM, 21.0.12+8-LTS
# VM invoker: <jdk21>/bin/java
# VM options: -Xms1g -Xmx1g
# Blackhole mode: compiler (auto-detected, use -Djmh.blackhole.autoDetect=false to disable)
# Warmup: 4 iterations, 1 s each
# Measurement: 5 iterations, 1 s each
# Timeout: 10 min per iteration
# Threads: 1 thread, will synchronize iterations
# Benchmark mode: Throughput, ops/time
# Benchmark: bench11.ListJsonb7880.rootListJSONB

# Run progress: 66.67% complete, ETA 00:00:09
# Fork: 1 of 1
# Warmup Iteration   1: 502.436 ops/ms
# Warmup Iteration   2: 624.259 ops/ms
# Warmup Iteration   3: 602.284 ops/ms
# Warmup Iteration   4: 601.979 ops/ms
Iteration   1: 601.088 ops/ms
Iteration   2: 599.717 ops/ms
Iteration   3: 600.536 ops/ms
Iteration   4: 600.171 ops/ms
Iteration   5: 601.688 ops/ms


Result "bench11.ListJsonb7880.rootListJSONB":
  600.640 ±(99.9%) 2.972 ops/ms [Average]
  (min, avg, max) = (599.717, 600.640, 601.688), stdev = 0.772
  CI (99.9%): [597.668, 603.612] (assumes normal distribution)


# Run complete. Total time: 00:00:27

REMEMBER: The numbers below are just data. To gain reusable insights, you need to follow up on
why the numbers are the way they are. Use profilers (see -prof, -lprof), design factorial
experiments, perform baseline and negative tests that provide experimental control, make sure
the benchmarking environment is safe on JVM/OS/HW level, ask for reviews from the domain experts.
Do not assume the numbers tell you what you want them to tell.

NOTE: Current JVM experimentally supports Compiler Blackholes, and they are in use. Please exercise
extra caution when trusting the results, look into the generated code to check the benchmark still
works, and factor in a small probability of new VM bugs. Additionally, while comparisons between
different JVMs are already problematic, the performance difference caused by different Blackhole
modes can be very significant. Please make sure you use the consistent Blackhole mode for comparisons.

Benchmark                      Mode  Cnt    Score   Error   Units
ListJsonb7880.basketJSONB     thrpt    5  617.594 ± 6.546  ops/ms
ListJsonb7880.nestedListJSON  thrpt    5  212.629 ± 3.148  ops/ms
ListJsonb7880.rootListJSONB   thrpt    5  600.640 ± 2.972  ops/ms

Benchmark result is saved to <work>/env/jmh/ab-r11h/v10copy-r4.json
