# JMH version: 1.37
# VM version: JDK 21.0.12, OpenJDK 64-Bit Server VM, 21.0.12+8-LTS
# VM invoker: <jdk21>/bin/java
# VM options: -Xms1g -Xmx1g
# Blackhole mode: compiler (auto-detected, use -Djmh.blackhole.autoDetect=false to disable)
# Warmup: 4 iterations, 1 s each
# Measurement: 5 iterations, 1 s each
# Timeout: 10 min per iteration
# Threads: 1 thread, will synchronize iterations
# Benchmark mode: Throughput, ops/time
# Benchmark: bench11.ListJsonb7880.basketJSONB

# Run progress: 0.00% complete, ETA 00:00:27
# Fork: 1 of 1
# Warmup Iteration   1: 515.266 ops/ms
# Warmup Iteration   2: 623.849 ops/ms
# Warmup Iteration   3: 628.717 ops/ms
# Warmup Iteration   4: 628.527 ops/ms
Iteration   1: 630.582 ops/ms
Iteration   2: 631.266 ops/ms
Iteration   3: 631.858 ops/ms
Iteration   4: 632.799 ops/ms
Iteration   5: 632.497 ops/ms


Result "bench11.ListJsonb7880.basketJSONB":
  631.800 ±(99.9%) 3.474 ops/ms [Average]
  (min, avg, max) = (630.582, 631.800, 632.799), stdev = 0.902
  CI (99.9%): [628.326, 635.275] (assumes normal distribution)


# JMH version: 1.37
# VM version: JDK 21.0.12, OpenJDK 64-Bit Server VM, 21.0.12+8-LTS
# VM invoker: <jdk21>/bin/java
# VM options: -Xms1g -Xmx1g
# Blackhole mode: compiler (auto-detected, use -Djmh.blackhole.autoDetect=false to disable)
# Warmup: 4 iterations, 1 s each
# Measurement: 5 iterations, 1 s each
# Timeout: 10 min per iteration
# Threads: 1 thread, will synchronize iterations
# Benchmark mode: Throughput, ops/time
# Benchmark: bench11.ListJsonb7880.nestedListJSON

# Run progress: 33.33% complete, ETA 00:00:18
# Fork: 1 of 1
# Warmup Iteration   1: 160.615 ops/ms
# Warmup Iteration   2: 209.868 ops/ms
# Warmup Iteration   3: 210.331 ops/ms
# Warmup Iteration   4: 210.237 ops/ms
Iteration   1: 210.440 ops/ms
Iteration   2: 209.229 ops/ms
Iteration   3: 209.540 ops/ms
Iteration   4: 210.229 ops/ms
Iteration   5: 210.356 ops/ms


Result "bench11.ListJsonb7880.nestedListJSON":
  209.959 ±(99.9%) 2.084 ops/ms [Average]
  (min, avg, max) = (209.229, 209.959, 210.440), stdev = 0.541
  CI (99.9%): [207.875, 212.043] (assumes normal distribution)


# JMH version: 1.37
# VM version: JDK 21.0.12, OpenJDK 64-Bit Server VM, 21.0.12+8-LTS
# VM invoker: <jdk21>/bin/java
# VM options: -Xms1g -Xmx1g
# Blackhole mode: compiler (auto-detected, use -Djmh.blackhole.autoDetect=false to disable)
# Warmup: 4 iterations, 1 s each
# Measurement: 5 iterations, 1 s each
# Timeout: 10 min per iteration
# Threads: 1 thread, will synchronize iterations
# Benchmark mode: Throughput, ops/time
# Benchmark: bench11.ListJsonb7880.rootListJSONB

# Run progress: 66.67% complete, ETA 00:00:09
# Fork: 1 of 1
# Warmup Iteration   1: 497.658 ops/ms
# Warmup Iteration   2: 593.743 ops/ms
# Warmup Iteration   3: 591.140 ops/ms
# Warmup Iteration   4: 589.969 ops/ms
Iteration   1: 595.391 ops/ms
Iteration   2: 594.554 ops/ms
Iteration   3: 596.884 ops/ms
Iteration   4: 595.796 ops/ms
Iteration   5: 592.900 ops/ms


Result "bench11.ListJsonb7880.rootListJSONB":
  595.105 ±(99.9%) 5.740 ops/ms [Average]
  (min, avg, max) = (592.900, 595.105, 596.884), stdev = 1.491
  CI (99.9%): [589.365, 600.845] (assumes normal distribution)


# Run complete. Total time: 00:00:27

REMEMBER: The numbers below are just data. To gain reusable insights, you need to follow up on
why the numbers are the way they are. Use profilers (see -prof, -lprof), design factorial
experiments, perform baseline and negative tests that provide experimental control, make sure
the benchmarking environment is safe on JVM/OS/HW level, ask for reviews from the domain experts.
Do not assume the numbers tell you what you want them to tell.

NOTE: Current JVM experimentally supports Compiler Blackholes, and they are in use. Please exercise
extra caution when trusting the results, look into the generated code to check the benchmark still
works, and factor in a small probability of new VM bugs. Additionally, while comparisons between
different JVMs are already problematic, the performance difference caused by different Blackhole
modes can be very significant. Please make sure you use the consistent Blackhole mode for comparisons.

Benchmark                      Mode  Cnt    Score   Error   Units
ListJsonb7880.basketJSONB     thrpt    5  631.800 ± 3.474  ops/ms
ListJsonb7880.nestedListJSON  thrpt    5  209.959 ± 2.084  ops/ms
ListJsonb7880.rootListJSONB   thrpt    5  595.105 ± 5.740  ops/ms

Benchmark result is saved to <work>/env/jmh/ab-r11h/v11-r6.json
