# JMH version: 1.37
# VM version: JDK 21.0.12, OpenJDK 64-Bit Server VM, 21.0.12+8-LTS
# VM invoker: <jdk21>/bin/java
# VM options: -Xms1g -Xmx1g
# Blackhole mode: compiler (auto-detected, use -Djmh.blackhole.autoDetect=false to disable)
# Warmup: 4 iterations, 1 s each
# Measurement: 5 iterations, 1 s each
# Timeout: 10 min per iteration
# Threads: 1 thread, will synchronize iterations
# Benchmark mode: Throughput, ops/time
# Benchmark: bench11.ListJsonb7880.basketJSONB

# Run progress: 0.00% complete, ETA 00:00:27
# Fork: 1 of 1
# Warmup Iteration   1: 505.763 ops/ms
# Warmup Iteration   2: 624.491 ops/ms
# Warmup Iteration   3: 625.103 ops/ms
# Warmup Iteration   4: 626.541 ops/ms
Iteration   1: 628.118 ops/ms
Iteration   2: 628.667 ops/ms
Iteration   3: 627.515 ops/ms
Iteration   4: 627.061 ops/ms
Iteration   5: 629.350 ops/ms


Result "bench11.ListJsonb7880.basketJSONB":
  628.142 ±(99.9%) 3.496 ops/ms [Average]
  (min, avg, max) = (627.061, 628.142, 629.350), stdev = 0.908
  CI (99.9%): [624.647, 631.638] (assumes normal distribution)


# JMH version: 1.37
# VM version: JDK 21.0.12, OpenJDK 64-Bit Server VM, 21.0.12+8-LTS
# VM invoker: <jdk21>/bin/java
# VM options: -Xms1g -Xmx1g
# Blackhole mode: compiler (auto-detected, use -Djmh.blackhole.autoDetect=false to disable)
# Warmup: 4 iterations, 1 s each
# Measurement: 5 iterations, 1 s each
# Timeout: 10 min per iteration
# Threads: 1 thread, will synchronize iterations
# Benchmark mode: Throughput, ops/time
# Benchmark: bench11.ListJsonb7880.nestedListJSON

# Run progress: 33.33% complete, ETA 00:00:18
# Fork: 1 of 1
# Warmup Iteration   1: 159.572 ops/ms
# Warmup Iteration   2: 212.351 ops/ms
# Warmup Iteration   3: 211.634 ops/ms
# Warmup Iteration   4: 212.601 ops/ms
Iteration   1: 212.106 ops/ms
Iteration   2: 213.169 ops/ms
Iteration   3: 212.761 ops/ms
Iteration   4: 213.383 ops/ms
Iteration   5: 213.646 ops/ms


Result "bench11.ListJsonb7880.nestedListJSON":
  213.013 ±(99.9%) 2.316 ops/ms [Average]
  (min, avg, max) = (212.106, 213.013, 213.646), stdev = 0.602
  CI (99.9%): [210.697, 215.329] (assumes normal distribution)


# JMH version: 1.37
# VM version: JDK 21.0.12, OpenJDK 64-Bit Server VM, 21.0.12+8-LTS
# VM invoker: <jdk21>/bin/java
# VM options: -Xms1g -Xmx1g
# Blackhole mode: compiler (auto-detected, use -Djmh.blackhole.autoDetect=false to disable)
# Warmup: 4 iterations, 1 s each
# Measurement: 5 iterations, 1 s each
# Timeout: 10 min per iteration
# Threads: 1 thread, will synchronize iterations
# Benchmark mode: Throughput, ops/time
# Benchmark: bench11.ListJsonb7880.rootListJSONB

# Run progress: 66.67% complete, ETA 00:00:09
# Fork: 1 of 1
# Warmup Iteration   1: 502.102 ops/ms
# Warmup Iteration   2: 594.320 ops/ms
# Warmup Iteration   3: 590.614 ops/ms
# Warmup Iteration   4: 593.153 ops/ms
Iteration   1: 595.131 ops/ms
Iteration   2: 594.350 ops/ms
Iteration   3: 595.615 ops/ms
Iteration   4: 597.604 ops/ms
Iteration   5: 598.123 ops/ms


Result "bench11.ListJsonb7880.rootListJSONB":
  596.165 ±(99.9%) 6.259 ops/ms [Average]
  (min, avg, max) = (594.350, 596.165, 598.123), stdev = 1.626
  CI (99.9%): [589.905, 602.424] (assumes normal distribution)


# Run complete. Total time: 00:00:27

REMEMBER: The numbers below are just data. To gain reusable insights, you need to follow up on
why the numbers are the way they are. Use profilers (see -prof, -lprof), design factorial
experiments, perform baseline and negative tests that provide experimental control, make sure
the benchmarking environment is safe on JVM/OS/HW level, ask for reviews from the domain experts.
Do not assume the numbers tell you what you want them to tell.

NOTE: Current JVM experimentally supports Compiler Blackholes, and they are in use. Please exercise
extra caution when trusting the results, look into the generated code to check the benchmark still
works, and factor in a small probability of new VM bugs. Additionally, while comparisons between
different JVMs are already problematic, the performance difference caused by different Blackhole
modes can be very significant. Please make sure you use the consistent Blackhole mode for comparisons.

Benchmark                      Mode  Cnt    Score   Error   Units
ListJsonb7880.basketJSONB     thrpt    5  628.142 ± 3.496  ops/ms
ListJsonb7880.nestedListJSON  thrpt    5  213.013 ± 2.316  ops/ms
ListJsonb7880.rootListJSONB   thrpt    5  596.165 ± 6.259  ops/ms

Benchmark result is saved to <work>/env/jmh/ab-r11h/v11-r8.json
