# JMH version: 1.37
# VM version: JDK 21.0.12, OpenJDK 64-Bit Server VM, 21.0.12+8-LTS
# VM invoker: <jdk21>/bin/java
# VM options: -Xms1g -Xmx1g
# Blackhole mode: compiler (auto-detected, use -Djmh.blackhole.autoDetect=false to disable)
# Warmup: 4 iterations, 1 s each
# Measurement: 5 iterations, 1 s each
# Timeout: 10 min per iteration
# Threads: 1 thread, will synchronize iterations
# Benchmark mode: Throughput, ops/time
# Benchmark: bench11.ListJsonb7880.basketJSONB

# Run progress: 0.00% complete, ETA 00:00:27
# Fork: 1 of 1
# Warmup Iteration   1: 491.825 ops/ms
# Warmup Iteration   2: 592.220 ops/ms
# Warmup Iteration   3: 592.053 ops/ms
# Warmup Iteration   4: 592.215 ops/ms
Iteration   1: 590.328 ops/ms
Iteration   2: 590.212 ops/ms
Iteration   3: 590.639 ops/ms
Iteration   4: 588.550 ops/ms
Iteration   5: 588.877 ops/ms


Result "bench11.ListJsonb7880.basketJSONB":
  589.721 ±(99.9%) 3.621 ops/ms [Average]
  (min, avg, max) = (588.550, 589.721, 590.639), stdev = 0.940
  CI (99.9%): [586.100, 593.342] (assumes normal distribution)


# JMH version: 1.37
# VM version: JDK 21.0.12, OpenJDK 64-Bit Server VM, 21.0.12+8-LTS
# VM invoker: <jdk21>/bin/java
# VM options: -Xms1g -Xmx1g
# Blackhole mode: compiler (auto-detected, use -Djmh.blackhole.autoDetect=false to disable)
# Warmup: 4 iterations, 1 s each
# Measurement: 5 iterations, 1 s each
# Timeout: 10 min per iteration
# Threads: 1 thread, will synchronize iterations
# Benchmark mode: Throughput, ops/time
# Benchmark: bench11.ListJsonb7880.nestedListJSON

# Run progress: 33.33% complete, ETA 00:00:18
# Fork: 1 of 1
# Warmup Iteration   1: 167.167 ops/ms
# Warmup Iteration   2: 212.495 ops/ms
# Warmup Iteration   3: 212.382 ops/ms
# Warmup Iteration   4: 212.744 ops/ms
Iteration   1: 213.410 ops/ms
Iteration   2: 213.462 ops/ms
Iteration   3: 209.318 ops/ms
Iteration   4: 209.877 ops/ms
Iteration   5: 209.698 ops/ms


Result "bench11.ListJsonb7880.nestedListJSON":
  211.153 ±(99.9%) 8.063 ops/ms [Average]
  (min, avg, max) = (209.318, 211.153, 213.462), stdev = 2.094
  CI (99.9%): [203.090, 219.216] (assumes normal distribution)


# JMH version: 1.37
# VM version: JDK 21.0.12, OpenJDK 64-Bit Server VM, 21.0.12+8-LTS
# VM invoker: <jdk21>/bin/java
# VM options: -Xms1g -Xmx1g
# Blackhole mode: compiler (auto-detected, use -Djmh.blackhole.autoDetect=false to disable)
# Warmup: 4 iterations, 1 s each
# Measurement: 5 iterations, 1 s each
# Timeout: 10 min per iteration
# Threads: 1 thread, will synchronize iterations
# Benchmark mode: Throughput, ops/time
# Benchmark: bench11.ListJsonb7880.rootListJSONB

# Run progress: 66.67% complete, ETA 00:00:09
# Fork: 1 of 1
# Warmup Iteration   1: 493.277 ops/ms
# Warmup Iteration   2: 591.181 ops/ms
# Warmup Iteration   3: 593.926 ops/ms
# Warmup Iteration   4: 594.598 ops/ms
Iteration   1: 595.417 ops/ms
Iteration   2: 595.135 ops/ms
Iteration   3: 595.066 ops/ms
Iteration   4: 595.005 ops/ms
Iteration   5: 595.213 ops/ms


Result "bench11.ListJsonb7880.rootListJSONB":
  595.167 ±(99.9%) 0.615 ops/ms [Average]
  (min, avg, max) = (595.005, 595.167, 595.417), stdev = 0.160
  CI (99.9%): [594.552, 595.782] (assumes normal distribution)


# Run complete. Total time: 00:00:27

REMEMBER: The numbers below are just data. To gain reusable insights, you need to follow up on
why the numbers are the way they are. Use profilers (see -prof, -lprof), design factorial
experiments, perform baseline and negative tests that provide experimental control, make sure
the benchmarking environment is safe on JVM/OS/HW level, ask for reviews from the domain experts.
Do not assume the numbers tell you what you want them to tell.

NOTE: Current JVM experimentally supports Compiler Blackholes, and they are in use. Please exercise
extra caution when trusting the results, look into the generated code to check the benchmark still
works, and factor in a small probability of new VM bugs. Additionally, while comparisons between
different JVMs are already problematic, the performance difference caused by different Blackhole
modes can be very significant. Please make sure you use the consistent Blackhole mode for comparisons.

Benchmark                      Mode  Cnt    Score   Error   Units
ListJsonb7880.basketJSONB     thrpt    5  589.721 ± 3.621  ops/ms
ListJsonb7880.nestedListJSON  thrpt    5  211.153 ± 8.063  ops/ms
ListJsonb7880.rootListJSONB   thrpt    5  595.167 ± 0.615  ops/ms

Benchmark result is saved to <work>/env/jmh/ab-r11h/v11-r4.json
