# JMH version: 1.37
# VM version: JDK 21.0.12, OpenJDK 64-Bit Server VM, 21.0.12+8-LTS
# VM invoker: <jdk21>/bin/java
# VM options: -Xms1g -Xmx1g
# Blackhole mode: compiler (auto-detected, use -Djmh.blackhole.autoDetect=false to disable)
# Warmup: 4 iterations, 1 s each
# Measurement: 5 iterations, 1 s each
# Timeout: 10 min per iteration
# Threads: 1 thread, will synchronize iterations
# Benchmark mode: Throughput, ops/time
# Benchmark: bench11.ListJsonb7880.basketJSONB

# Run progress: 0.00% complete, ETA 00:00:27
# Fork: 1 of 1
# Warmup Iteration   1: 490.941 ops/ms
# Warmup Iteration   2: 593.709 ops/ms
# Warmup Iteration   3: 591.843 ops/ms
# Warmup Iteration   4: 590.163 ops/ms
Iteration   1: 594.956 ops/ms
Iteration   2: 595.235 ops/ms
Iteration   3: 594.590 ops/ms
Iteration   4: 596.090 ops/ms
Iteration   5: 593.913 ops/ms


Result "bench11.ListJsonb7880.basketJSONB":
  594.957 ±(99.9%) 3.096 ops/ms [Average]
  (min, avg, max) = (593.913, 594.957, 596.090), stdev = 0.804
  CI (99.9%): [591.861, 598.053] (assumes normal distribution)


# JMH version: 1.37
# VM version: JDK 21.0.12, OpenJDK 64-Bit Server VM, 21.0.12+8-LTS
# VM invoker: <jdk21>/bin/java
# VM options: -Xms1g -Xmx1g
# Blackhole mode: compiler (auto-detected, use -Djmh.blackhole.autoDetect=false to disable)
# Warmup: 4 iterations, 1 s each
# Measurement: 5 iterations, 1 s each
# Timeout: 10 min per iteration
# Threads: 1 thread, will synchronize iterations
# Benchmark mode: Throughput, ops/time
# Benchmark: bench11.ListJsonb7880.nestedListJSON

# Run progress: 33.33% complete, ETA 00:00:18
# Fork: 1 of 1
# Warmup Iteration   1: 158.989 ops/ms
# Warmup Iteration   2: 210.087 ops/ms
# Warmup Iteration   3: 211.868 ops/ms
# Warmup Iteration   4: 211.123 ops/ms
Iteration   1: 210.093 ops/ms
Iteration   2: 211.849 ops/ms
Iteration   3: 211.067 ops/ms
Iteration   4: 210.705 ops/ms
Iteration   5: 210.804 ops/ms


Result "bench11.ListJsonb7880.nestedListJSON":
  210.903 ±(99.9%) 2.455 ops/ms [Average]
  (min, avg, max) = (210.093, 210.903, 211.849), stdev = 0.638
  CI (99.9%): [208.448, 213.359] (assumes normal distribution)


# JMH version: 1.37
# VM version: JDK 21.0.12, OpenJDK 64-Bit Server VM, 21.0.12+8-LTS
# VM invoker: <jdk21>/bin/java
# VM options: -Xms1g -Xmx1g
# Blackhole mode: compiler (auto-detected, use -Djmh.blackhole.autoDetect=false to disable)
# Warmup: 4 iterations, 1 s each
# Measurement: 5 iterations, 1 s each
# Timeout: 10 min per iteration
# Threads: 1 thread, will synchronize iterations
# Benchmark mode: Throughput, ops/time
# Benchmark: bench11.ListJsonb7880.rootListJSONB

# Run progress: 66.67% complete, ETA 00:00:09
# Fork: 1 of 1
# Warmup Iteration   1: 503.254 ops/ms
# Warmup Iteration   2: 594.387 ops/ms
# Warmup Iteration   3: 590.602 ops/ms
# Warmup Iteration   4: 590.799 ops/ms
Iteration   1: 595.403 ops/ms
Iteration   2: 594.488 ops/ms
Iteration   3: 594.171 ops/ms
Iteration   4: 596.372 ops/ms
Iteration   5: 595.615 ops/ms


Result "bench11.ListJsonb7880.rootListJSONB":
  595.210 ±(99.9%) 3.418 ops/ms [Average]
  (min, avg, max) = (594.171, 595.210, 596.372), stdev = 0.888
  CI (99.9%): [591.792, 598.629] (assumes normal distribution)


# Run complete. Total time: 00:00:27

REMEMBER: The numbers below are just data. To gain reusable insights, you need to follow up on
why the numbers are the way they are. Use profilers (see -prof, -lprof), design factorial
experiments, perform baseline and negative tests that provide experimental control, make sure
the benchmarking environment is safe on JVM/OS/HW level, ask for reviews from the domain experts.
Do not assume the numbers tell you what you want them to tell.

NOTE: Current JVM experimentally supports Compiler Blackholes, and they are in use. Please exercise
extra caution when trusting the results, look into the generated code to check the benchmark still
works, and factor in a small probability of new VM bugs. Additionally, while comparisons between
different JVMs are already problematic, the performance difference caused by different Blackhole
modes can be very significant. Please make sure you use the consistent Blackhole mode for comparisons.

Benchmark                      Mode  Cnt    Score   Error   Units
ListJsonb7880.basketJSONB     thrpt    5  594.957 ± 3.096  ops/ms
ListJsonb7880.nestedListJSON  thrpt    5  210.903 ± 2.455  ops/ms
ListJsonb7880.rootListJSONB   thrpt    5  595.210 ± 3.418  ops/ms

Benchmark result is saved to <work>/env/jmh/ab-r11h/v11-r1.json
