# JMH version: 1.37
# VM version: JDK 21.0.12, OpenJDK 64-Bit Server VM, 21.0.12+8-LTS
# VM invoker: <jdk21>/bin/java
# VM options: -Xms1g -Xmx1g
# Blackhole mode: compiler (auto-detected, use -Djmh.blackhole.autoDetect=false to disable)
# Warmup: 4 iterations, 1 s each
# Measurement: 5 iterations, 1 s each
# Timeout: 10 min per iteration
# Threads: 1 thread, will synchronize iterations
# Benchmark mode: Throughput, ops/time
# Benchmark: bench11.ListJsonb7880.basketJSONB

# Run progress: 0.00% complete, ETA 00:00:27
# Fork: 1 of 1
# Warmup Iteration   1: 506.950 ops/ms
# Warmup Iteration   2: 622.197 ops/ms
# Warmup Iteration   3: 628.064 ops/ms
# Warmup Iteration   4: 625.797 ops/ms
Iteration   1: 631.263 ops/ms
Iteration   2: 628.638 ops/ms
Iteration   3: 628.868 ops/ms
Iteration   4: 629.217 ops/ms
Iteration   5: 630.597 ops/ms


Result "bench11.ListJsonb7880.basketJSONB":
  629.717 ±(99.9%) 4.431 ops/ms [Average]
  (min, avg, max) = (628.638, 629.717, 631.263), stdev = 1.151
  CI (99.9%): [625.285, 634.148] (assumes normal distribution)


# JMH version: 1.37
# VM version: JDK 21.0.12, OpenJDK 64-Bit Server VM, 21.0.12+8-LTS
# VM invoker: <jdk21>/bin/java
# VM options: -Xms1g -Xmx1g
# Blackhole mode: compiler (auto-detected, use -Djmh.blackhole.autoDetect=false to disable)
# Warmup: 4 iterations, 1 s each
# Measurement: 5 iterations, 1 s each
# Timeout: 10 min per iteration
# Threads: 1 thread, will synchronize iterations
# Benchmark mode: Throughput, ops/time
# Benchmark: bench11.ListJsonb7880.nestedListJSON

# Run progress: 33.33% complete, ETA 00:00:18
# Fork: 1 of 1
# Warmup Iteration   1: 166.355 ops/ms
# Warmup Iteration   2: 210.924 ops/ms
# Warmup Iteration   3: 210.627 ops/ms
# Warmup Iteration   4: 211.355 ops/ms
Iteration   1: 211.555 ops/ms
Iteration   2: 210.769 ops/ms
Iteration   3: 212.254 ops/ms
Iteration   4: 212.969 ops/ms
Iteration   5: 213.212 ops/ms


Result "bench11.ListJsonb7880.nestedListJSON":
  212.152 ±(99.9%) 3.884 ops/ms [Average]
  (min, avg, max) = (210.769, 212.152, 213.212), stdev = 1.009
  CI (99.9%): [208.268, 216.036] (assumes normal distribution)


# JMH version: 1.37
# VM version: JDK 21.0.12, OpenJDK 64-Bit Server VM, 21.0.12+8-LTS
# VM invoker: <jdk21>/bin/java
# VM options: -Xms1g -Xmx1g
# Blackhole mode: compiler (auto-detected, use -Djmh.blackhole.autoDetect=false to disable)
# Warmup: 4 iterations, 1 s each
# Measurement: 5 iterations, 1 s each
# Timeout: 10 min per iteration
# Threads: 1 thread, will synchronize iterations
# Benchmark mode: Throughput, ops/time
# Benchmark: bench11.ListJsonb7880.rootListJSONB

# Run progress: 66.67% complete, ETA 00:00:09
# Fork: 1 of 1
# Warmup Iteration   1: 498.810 ops/ms
# Warmup Iteration   2: 595.308 ops/ms
# Warmup Iteration   3: 593.944 ops/ms
# Warmup Iteration   4: 588.948 ops/ms
Iteration   1: 593.556 ops/ms
Iteration   2: 593.207 ops/ms
Iteration   3: 593.748 ops/ms
Iteration   4: 592.698 ops/ms
Iteration   5: 593.592 ops/ms


Result "bench11.ListJsonb7880.rootListJSONB":
  593.360 ±(99.9%) 1.616 ops/ms [Average]
  (min, avg, max) = (592.698, 593.360, 593.748), stdev = 0.420
  CI (99.9%): [591.745, 594.976] (assumes normal distribution)


# Run complete. Total time: 00:00:27

REMEMBER: The numbers below are just data. To gain reusable insights, you need to follow up on
why the numbers are the way they are. Use profilers (see -prof, -lprof), design factorial
experiments, perform baseline and negative tests that provide experimental control, make sure
the benchmarking environment is safe on JVM/OS/HW level, ask for reviews from the domain experts.
Do not assume the numbers tell you what you want them to tell.

NOTE: Current JVM experimentally supports Compiler Blackholes, and they are in use. Please exercise
extra caution when trusting the results, look into the generated code to check the benchmark still
works, and factor in a small probability of new VM bugs. Additionally, while comparisons between
different JVMs are already problematic, the performance difference caused by different Blackhole
modes can be very significant. Please make sure you use the consistent Blackhole mode for comparisons.

Benchmark                      Mode  Cnt    Score   Error   Units
ListJsonb7880.basketJSONB     thrpt    5  629.717 ± 4.431  ops/ms
ListJsonb7880.nestedListJSON  thrpt    5  212.152 ± 3.884  ops/ms
ListJsonb7880.rootListJSONB   thrpt    5  593.360 ± 1.616  ops/ms

Benchmark result is saved to <work>/env/jmh/ab-r11h/v11-r2.json
