# JMH version: 1.37
# VM version: JDK 21.0.12, OpenJDK 64-Bit Server VM, 21.0.12+8-LTS
# VM invoker: <jdk21>/bin/java
# VM options: -Xms1g -Xmx1g
# Blackhole mode: compiler (auto-detected, use -Djmh.blackhole.autoDetect=false to disable)
# Warmup: 4 iterations, 1 s each
# Measurement: 5 iterations, 1 s each
# Timeout: 10 min per iteration
# Threads: 1 thread, will synchronize iterations
# Benchmark mode: Throughput, ops/time
# Benchmark: bench11.ListJsonb7880.basketJSONB

# Run progress: 0.00% complete, ETA 00:00:27
# Fork: 1 of 1
# Warmup Iteration   1: 492.062 ops/ms
# Warmup Iteration   2: 590.881 ops/ms
# Warmup Iteration   3: 589.449 ops/ms
# Warmup Iteration   4: 590.284 ops/ms
Iteration   1: 586.712 ops/ms
Iteration   2: 586.476 ops/ms
Iteration   3: 587.202 ops/ms
Iteration   4: 587.444 ops/ms
Iteration   5: 587.007 ops/ms


Result "bench11.ListJsonb7880.basketJSONB":
  586.968 ±(99.9%) 1.479 ops/ms [Average]
  (min, avg, max) = (586.476, 586.968, 587.444), stdev = 0.384
  CI (99.9%): [585.489, 588.447] (assumes normal distribution)


# JMH version: 1.37
# VM version: JDK 21.0.12, OpenJDK 64-Bit Server VM, 21.0.12+8-LTS
# VM invoker: <jdk21>/bin/java
# VM options: -Xms1g -Xmx1g
# Blackhole mode: compiler (auto-detected, use -Djmh.blackhole.autoDetect=false to disable)
# Warmup: 4 iterations, 1 s each
# Measurement: 5 iterations, 1 s each
# Timeout: 10 min per iteration
# Threads: 1 thread, will synchronize iterations
# Benchmark mode: Throughput, ops/time
# Benchmark: bench11.ListJsonb7880.nestedListJSON

# Run progress: 33.33% complete, ETA 00:00:18
# Fork: 1 of 1
# Warmup Iteration   1: 163.150 ops/ms
# Warmup Iteration   2: 212.834 ops/ms
# Warmup Iteration   3: 213.210 ops/ms
# Warmup Iteration   4: 213.297 ops/ms
Iteration   1: 213.781 ops/ms
Iteration   2: 213.128 ops/ms
Iteration   3: 212.423 ops/ms
Iteration   4: 212.935 ops/ms
Iteration   5: 212.534 ops/ms


Result "bench11.ListJsonb7880.nestedListJSON":
  212.960 ±(99.9%) 2.085 ops/ms [Average]
  (min, avg, max) = (212.423, 212.960, 213.781), stdev = 0.542
  CI (99.9%): [210.875, 215.046] (assumes normal distribution)


# JMH version: 1.37
# VM version: JDK 21.0.12, OpenJDK 64-Bit Server VM, 21.0.12+8-LTS
# VM invoker: <jdk21>/bin/java
# VM options: -Xms1g -Xmx1g
# Blackhole mode: compiler (auto-detected, use -Djmh.blackhole.autoDetect=false to disable)
# Warmup: 4 iterations, 1 s each
# Measurement: 5 iterations, 1 s each
# Timeout: 10 min per iteration
# Threads: 1 thread, will synchronize iterations
# Benchmark mode: Throughput, ops/time
# Benchmark: bench11.ListJsonb7880.rootListJSONB

# Run progress: 66.67% complete, ETA 00:00:09
# Fork: 1 of 1
# Warmup Iteration   1: 499.029 ops/ms
# Warmup Iteration   2: 593.022 ops/ms
# Warmup Iteration   3: 586.848 ops/ms
# Warmup Iteration   4: 588.423 ops/ms
Iteration   1: 586.069 ops/ms
Iteration   2: 585.191 ops/ms
Iteration   3: 585.174 ops/ms
Iteration   4: 586.283 ops/ms
Iteration   5: 585.446 ops/ms


Result "bench11.ListJsonb7880.rootListJSONB":
  585.633 ±(99.9%) 1.977 ops/ms [Average]
  (min, avg, max) = (585.174, 585.633, 586.283), stdev = 0.513
  CI (99.9%): [583.655, 587.610] (assumes normal distribution)


# Run complete. Total time: 00:00:27

REMEMBER: The numbers below are just data. To gain reusable insights, you need to follow up on
why the numbers are the way they are. Use profilers (see -prof, -lprof), design factorial
experiments, perform baseline and negative tests that provide experimental control, make sure
the benchmarking environment is safe on JVM/OS/HW level, ask for reviews from the domain experts.
Do not assume the numbers tell you what you want them to tell.

NOTE: Current JVM experimentally supports Compiler Blackholes, and they are in use. Please exercise
extra caution when trusting the results, look into the generated code to check the benchmark still
works, and factor in a small probability of new VM bugs. Additionally, while comparisons between
different JVMs are already problematic, the performance difference caused by different Blackhole
modes can be very significant. Please make sure you use the consistent Blackhole mode for comparisons.

Benchmark                      Mode  Cnt    Score   Error   Units
ListJsonb7880.basketJSONB     thrpt    5  586.968 ± 1.479  ops/ms
ListJsonb7880.nestedListJSON  thrpt    5  212.960 ± 2.085  ops/ms
ListJsonb7880.rootListJSONB   thrpt    5  585.633 ± 1.977  ops/ms

Benchmark result is saved to <work>/env/jmh/ab-r11h/v11-r5.json
