# JMH version: 1.37
# VM version: JDK 21.0.12, OpenJDK 64-Bit Server VM, 21.0.12+8-LTS
# VM invoker: <jdk21>/bin/java
# VM options: -Xms1g -Xmx1g
# Blackhole mode: compiler (auto-detected, use -Djmh.blackhole.autoDetect=false to disable)
# Warmup: 4 iterations, 1 s each
# Measurement: 5 iterations, 1 s each
# Timeout: 10 min per iteration
# Threads: 1 thread, will synchronize iterations
# Benchmark mode: Throughput, ops/time
# Benchmark: bench11.ListJsonb7880.basketJSONB

# Run progress: 0.00% complete, ETA 00:00:27
# Fork: 1 of 1
# Warmup Iteration   1: 513.633 ops/ms
# Warmup Iteration   2: 626.814 ops/ms
# Warmup Iteration   3: 627.737 ops/ms
# Warmup Iteration   4: 629.098 ops/ms
Iteration   1: 631.596 ops/ms
Iteration   2: 630.611 ops/ms
Iteration   3: 631.313 ops/ms
Iteration   4: 629.821 ops/ms
Iteration   5: 631.432 ops/ms


Result "bench11.ListJsonb7880.basketJSONB":
  630.954 ±(99.9%) 2.837 ops/ms [Average]
  (min, avg, max) = (629.821, 630.954, 631.596), stdev = 0.737
  CI (99.9%): [628.118, 633.791] (assumes normal distribution)


# JMH version: 1.37
# VM version: JDK 21.0.12, OpenJDK 64-Bit Server VM, 21.0.12+8-LTS
# VM invoker: <jdk21>/bin/java
# VM options: -Xms1g -Xmx1g
# Blackhole mode: compiler (auto-detected, use -Djmh.blackhole.autoDetect=false to disable)
# Warmup: 4 iterations, 1 s each
# Measurement: 5 iterations, 1 s each
# Timeout: 10 min per iteration
# Threads: 1 thread, will synchronize iterations
# Benchmark mode: Throughput, ops/time
# Benchmark: bench11.ListJsonb7880.nestedListJSON

# Run progress: 33.33% complete, ETA 00:00:18
# Fork: 1 of 1
# Warmup Iteration   1: 166.002 ops/ms
# Warmup Iteration   2: 211.333 ops/ms
# Warmup Iteration   3: 207.447 ops/ms
# Warmup Iteration   4: 210.340 ops/ms
Iteration   1: 211.019 ops/ms
Iteration   2: 210.624 ops/ms
Iteration   3: 211.838 ops/ms
Iteration   4: 212.329 ops/ms
Iteration   5: 212.683 ops/ms


Result "bench11.ListJsonb7880.nestedListJSON":
  211.698 ±(99.9%) 3.336 ops/ms [Average]
  (min, avg, max) = (210.624, 211.698, 212.683), stdev = 0.866
  CI (99.9%): [208.362, 215.035] (assumes normal distribution)


# JMH version: 1.37
# VM version: JDK 21.0.12, OpenJDK 64-Bit Server VM, 21.0.12+8-LTS
# VM invoker: <jdk21>/bin/java
# VM options: -Xms1g -Xmx1g
# Blackhole mode: compiler (auto-detected, use -Djmh.blackhole.autoDetect=false to disable)
# Warmup: 4 iterations, 1 s each
# Measurement: 5 iterations, 1 s each
# Timeout: 10 min per iteration
# Threads: 1 thread, will synchronize iterations
# Benchmark mode: Throughput, ops/time
# Benchmark: bench11.ListJsonb7880.rootListJSONB

# Run progress: 66.67% complete, ETA 00:00:09
# Fork: 1 of 1
# Warmup Iteration   1: 498.817 ops/ms
# Warmup Iteration   2: 593.828 ops/ms
# Warmup Iteration   3: 581.632 ops/ms
# Warmup Iteration   4: 591.314 ops/ms
Iteration   1: 593.661 ops/ms
Iteration   2: 593.841 ops/ms
Iteration   3: 594.551 ops/ms
Iteration   4: 594.213 ops/ms
Iteration   5: 592.387 ops/ms


Result "bench11.ListJsonb7880.rootListJSONB":
  593.731 ±(99.9%) 3.180 ops/ms [Average]
  (min, avg, max) = (592.387, 593.731, 594.551), stdev = 0.826
  CI (99.9%): [590.550, 596.911] (assumes normal distribution)


# Run complete. Total time: 00:00:27

REMEMBER: The numbers below are just data. To gain reusable insights, you need to follow up on
why the numbers are the way they are. Use profilers (see -prof, -lprof), design factorial
experiments, perform baseline and negative tests that provide experimental control, make sure
the benchmarking environment is safe on JVM/OS/HW level, ask for reviews from the domain experts.
Do not assume the numbers tell you what you want them to tell.

NOTE: Current JVM experimentally supports Compiler Blackholes, and they are in use. Please exercise
extra caution when trusting the results, look into the generated code to check the benchmark still
works, and factor in a small probability of new VM bugs. Additionally, while comparisons between
different JVMs are already problematic, the performance difference caused by different Blackhole
modes can be very significant. Please make sure you use the consistent Blackhole mode for comparisons.

Benchmark                      Mode  Cnt    Score   Error   Units
ListJsonb7880.basketJSONB     thrpt    5  630.954 ± 2.837  ops/ms
ListJsonb7880.nestedListJSON  thrpt    5  211.698 ± 3.336  ops/ms
ListJsonb7880.rootListJSONB   thrpt    5  593.731 ± 3.180  ops/ms

Benchmark result is saved to <work>/env/jmh/ab-r11h/v11-r7.json
