# JMH version: 1.37
# VM version: JDK 21.0.12, OpenJDK 64-Bit Server VM, 21.0.12+8-LTS
# VM invoker: <jdk21>/bin/java
# VM options: -Xms1g -Xmx1g
# Blackhole mode: compiler (auto-detected, use -Djmh.blackhole.autoDetect=false to disable)
# Warmup: 4 iterations, 1 s each
# Measurement: 5 iterations, 1 s each
# Timeout: 10 min per iteration
# Threads: 1 thread, will synchronize iterations
# Benchmark mode: Throughput, ops/time
# Benchmark: bench11.ListJsonb7880.basketJSONB

# Run progress: 0.00% complete, ETA 00:00:27
# Fork: 1 of 1
# Warmup Iteration   1: 499.932 ops/ms
# Warmup Iteration   2: 610.764 ops/ms
# Warmup Iteration   3: 598.836 ops/ms
# Warmup Iteration   4: 598.047 ops/ms
Iteration   1: 599.633 ops/ms
Iteration   2: 598.625 ops/ms
Iteration   3: 600.372 ops/ms
Iteration   4: 599.068 ops/ms
Iteration   5: 598.763 ops/ms


Result "bench11.ListJsonb7880.basketJSONB":
  599.292 ±(99.9%) 2.762 ops/ms [Average]
  (min, avg, max) = (598.625, 599.292, 600.372), stdev = 0.717
  CI (99.9%): [596.530, 602.054] (assumes normal distribution)


# JMH version: 1.37
# VM version: JDK 21.0.12, OpenJDK 64-Bit Server VM, 21.0.12+8-LTS
# VM invoker: <jdk21>/bin/java
# VM options: -Xms1g -Xmx1g
# Blackhole mode: compiler (auto-detected, use -Djmh.blackhole.autoDetect=false to disable)
# Warmup: 4 iterations, 1 s each
# Measurement: 5 iterations, 1 s each
# Timeout: 10 min per iteration
# Threads: 1 thread, will synchronize iterations
# Benchmark mode: Throughput, ops/time
# Benchmark: bench11.ListJsonb7880.nestedListJSON

# Run progress: 33.33% complete, ETA 00:00:18
# Fork: 1 of 1
# Warmup Iteration   1: 160.539 ops/ms
# Warmup Iteration   2: 209.345 ops/ms
# Warmup Iteration   3: 211.563 ops/ms
# Warmup Iteration   4: 211.439 ops/ms
Iteration   1: 211.229 ops/ms
Iteration   2: 210.880 ops/ms
Iteration   3: 207.322 ops/ms
Iteration   4: 207.377 ops/ms
Iteration   5: 207.120 ops/ms


Result "bench11.ListJsonb7880.nestedListJSON":
  208.786 ±(99.9%) 7.998 ops/ms [Average]
  (min, avg, max) = (207.120, 208.786, 211.229), stdev = 2.077
  CI (99.9%): [200.788, 216.784] (assumes normal distribution)


# JMH version: 1.37
# VM version: JDK 21.0.12, OpenJDK 64-Bit Server VM, 21.0.12+8-LTS
# VM invoker: <jdk21>/bin/java
# VM options: -Xms1g -Xmx1g
# Blackhole mode: compiler (auto-detected, use -Djmh.blackhole.autoDetect=false to disable)
# Warmup: 4 iterations, 1 s each
# Measurement: 5 iterations, 1 s each
# Timeout: 10 min per iteration
# Threads: 1 thread, will synchronize iterations
# Benchmark mode: Throughput, ops/time
# Benchmark: bench11.ListJsonb7880.rootListJSONB

# Run progress: 66.67% complete, ETA 00:00:09
# Fork: 1 of 1
# Warmup Iteration   1: 510.664 ops/ms
# Warmup Iteration   2: 631.291 ops/ms
# Warmup Iteration   3: 611.056 ops/ms
# Warmup Iteration   4: 614.389 ops/ms
Iteration   1: 617.552 ops/ms
Iteration   2: 613.466 ops/ms
Iteration   3: 613.193 ops/ms
Iteration   4: 614.397 ops/ms
Iteration   5: 612.941 ops/ms


Result "bench11.ListJsonb7880.rootListJSONB":
  614.310 ±(99.9%) 7.293 ops/ms [Average]
  (min, avg, max) = (612.941, 614.310, 617.552), stdev = 1.894
  CI (99.9%): [607.017, 621.603] (assumes normal distribution)


# Run complete. Total time: 00:00:27

REMEMBER: The numbers below are just data. To gain reusable insights, you need to follow up on
why the numbers are the way they are. Use profilers (see -prof, -lprof), design factorial
experiments, perform baseline and negative tests that provide experimental control, make sure
the benchmarking environment is safe on JVM/OS/HW level, ask for reviews from the domain experts.
Do not assume the numbers tell you what you want them to tell.

NOTE: Current JVM experimentally supports Compiler Blackholes, and they are in use. Please exercise
extra caution when trusting the results, look into the generated code to check the benchmark still
works, and factor in a small probability of new VM bugs. Additionally, while comparisons between
different JVMs are already problematic, the performance difference caused by different Blackhole
modes can be very significant. Please make sure you use the consistent Blackhole mode for comparisons.

Benchmark                      Mode  Cnt    Score   Error   Units
ListJsonb7880.basketJSONB     thrpt    5  599.292 ± 2.762  ops/ms
ListJsonb7880.nestedListJSON  thrpt    5  208.786 ± 7.998  ops/ms
ListJsonb7880.rootListJSONB   thrpt    5  614.310 ± 7.293  ops/ms

Benchmark result is saved to <work>/env/jmh/ab-r11h/v11b-r7.json
