# JMH version: 1.37
# VM version: JDK 21.0.12, OpenJDK 64-Bit Server VM, 21.0.12+8-LTS
# VM invoker: <jdk21>/bin/java
# VM options: -Xms1g -Xmx1g
# Blackhole mode: compiler (auto-detected, use -Djmh.blackhole.autoDetect=false to disable)
# Warmup: 4 iterations, 1 s each
# Measurement: 5 iterations, 1 s each
# Timeout: 10 min per iteration
# Threads: 1 thread, will synchronize iterations
# Benchmark mode: Throughput, ops/time
# Benchmark: bench11.ListJsonb7880.basketJSONB

# Run progress: 0.00% complete, ETA 00:00:27
# Fork: 1 of 1
# Warmup Iteration   1: 495.043 ops/ms
# Warmup Iteration   2: 616.651 ops/ms
# Warmup Iteration   3: 598.797 ops/ms
# Warmup Iteration   4: 598.416 ops/ms
Iteration   1: 599.932 ops/ms
Iteration   2: 599.419 ops/ms
Iteration   3: 599.720 ops/ms
Iteration   4: 600.002 ops/ms
Iteration   5: 598.739 ops/ms


Result "bench11.ListJsonb7880.basketJSONB":
  599.563 ±(99.9%) 1.976 ops/ms [Average]
  (min, avg, max) = (598.739, 599.563, 600.002), stdev = 0.513
  CI (99.9%): [597.586, 601.539] (assumes normal distribution)


# JMH version: 1.37
# VM version: JDK 21.0.12, OpenJDK 64-Bit Server VM, 21.0.12+8-LTS
# VM invoker: <jdk21>/bin/java
# VM options: -Xms1g -Xmx1g
# Blackhole mode: compiler (auto-detected, use -Djmh.blackhole.autoDetect=false to disable)
# Warmup: 4 iterations, 1 s each
# Measurement: 5 iterations, 1 s each
# Timeout: 10 min per iteration
# Threads: 1 thread, will synchronize iterations
# Benchmark mode: Throughput, ops/time
# Benchmark: bench11.ListJsonb7880.nestedListJSON

# Run progress: 33.33% complete, ETA 00:00:18
# Fork: 1 of 1
# Warmup Iteration   1: 163.805 ops/ms
# Warmup Iteration   2: 213.126 ops/ms
# Warmup Iteration   3: 214.042 ops/ms
# Warmup Iteration   4: 213.278 ops/ms
Iteration   1: 213.757 ops/ms
Iteration   2: 213.728 ops/ms
Iteration   3: 213.793 ops/ms
Iteration   4: 214.242 ops/ms
Iteration   5: 214.280 ops/ms


Result "bench11.ListJsonb7880.nestedListJSON":
  213.960 ±(99.9%) 1.063 ops/ms [Average]
  (min, avg, max) = (213.728, 213.960, 214.280), stdev = 0.276
  CI (99.9%): [212.897, 215.023] (assumes normal distribution)


# JMH version: 1.37
# VM version: JDK 21.0.12, OpenJDK 64-Bit Server VM, 21.0.12+8-LTS
# VM invoker: <jdk21>/bin/java
# VM options: -Xms1g -Xmx1g
# Blackhole mode: compiler (auto-detected, use -Djmh.blackhole.autoDetect=false to disable)
# Warmup: 4 iterations, 1 s each
# Measurement: 5 iterations, 1 s each
# Timeout: 10 min per iteration
# Threads: 1 thread, will synchronize iterations
# Benchmark mode: Throughput, ops/time
# Benchmark: bench11.ListJsonb7880.rootListJSONB

# Run progress: 66.67% complete, ETA 00:00:09
# Fork: 1 of 1
# Warmup Iteration   1: 525.631 ops/ms
# Warmup Iteration   2: 630.259 ops/ms
# Warmup Iteration   3: 612.379 ops/ms
# Warmup Iteration   4: 610.545 ops/ms
Iteration   1: 614.251 ops/ms
Iteration   2: 611.891 ops/ms
Iteration   3: 611.563 ops/ms
Iteration   4: 610.939 ops/ms
Iteration   5: 614.041 ops/ms


Result "bench11.ListJsonb7880.rootListJSONB":
  612.537 ±(99.9%) 5.814 ops/ms [Average]
  (min, avg, max) = (610.939, 612.537, 614.251), stdev = 1.510
  CI (99.9%): [606.723, 618.350] (assumes normal distribution)


# Run complete. Total time: 00:00:27

REMEMBER: The numbers below are just data. To gain reusable insights, you need to follow up on
why the numbers are the way they are. Use profilers (see -prof, -lprof), design factorial
experiments, perform baseline and negative tests that provide experimental control, make sure
the benchmarking environment is safe on JVM/OS/HW level, ask for reviews from the domain experts.
Do not assume the numbers tell you what you want them to tell.

NOTE: Current JVM experimentally supports Compiler Blackholes, and they are in use. Please exercise
extra caution when trusting the results, look into the generated code to check the benchmark still
works, and factor in a small probability of new VM bugs. Additionally, while comparisons between
different JVMs are already problematic, the performance difference caused by different Blackhole
modes can be very significant. Please make sure you use the consistent Blackhole mode for comparisons.

Benchmark                      Mode  Cnt    Score   Error   Units
ListJsonb7880.basketJSONB     thrpt    5  599.563 ± 1.976  ops/ms
ListJsonb7880.nestedListJSON  thrpt    5  213.960 ± 1.063  ops/ms
ListJsonb7880.rootListJSONB   thrpt    5  612.537 ± 5.814  ops/ms

Benchmark result is saved to <work>/env/jmh/ab-r11h/v11b-r4.json
