# JMH version: 1.37
# VM version: JDK 21.0.12, OpenJDK 64-Bit Server VM, 21.0.12+8-LTS
# VM invoker: <jdk21>/bin/java
# VM options: -Xms1g -Xmx1g
# Blackhole mode: compiler (auto-detected, use -Djmh.blackhole.autoDetect=false to disable)
# Warmup: 4 iterations, 1 s each
# Measurement: 5 iterations, 1 s each
# Timeout: 10 min per iteration
# Threads: 1 thread, will synchronize iterations
# Benchmark mode: Throughput, ops/time
# Benchmark: bench11.ListJsonb7880.basketJSONB

# Run progress: 0.00% complete, ETA 00:00:27
# Fork: 1 of 1
# Warmup Iteration   1: 499.499 ops/ms
# Warmup Iteration   2: 601.820 ops/ms
# Warmup Iteration   3: 600.922 ops/ms
# Warmup Iteration   4: 598.516 ops/ms
Iteration   1: 595.320 ops/ms
Iteration   2: 594.377 ops/ms
Iteration   3: 595.004 ops/ms
Iteration   4: 595.658 ops/ms
Iteration   5: 594.264 ops/ms


Result "bench11.ListJsonb7880.basketJSONB":
  594.925 ±(99.9%) 2.308 ops/ms [Average]
  (min, avg, max) = (594.264, 594.925, 595.658), stdev = 0.599
  CI (99.9%): [592.617, 597.233] (assumes normal distribution)


# JMH version: 1.37
# VM version: JDK 21.0.12, OpenJDK 64-Bit Server VM, 21.0.12+8-LTS
# VM invoker: <jdk21>/bin/java
# VM options: -Xms1g -Xmx1g
# Blackhole mode: compiler (auto-detected, use -Djmh.blackhole.autoDetect=false to disable)
# Warmup: 4 iterations, 1 s each
# Measurement: 5 iterations, 1 s each
# Timeout: 10 min per iteration
# Threads: 1 thread, will synchronize iterations
# Benchmark mode: Throughput, ops/time
# Benchmark: bench11.ListJsonb7880.nestedListJSON

# Run progress: 33.33% complete, ETA 00:00:18
# Fork: 1 of 1
# Warmup Iteration   1: 166.372 ops/ms
# Warmup Iteration   2: 212.006 ops/ms
# Warmup Iteration   3: 211.618 ops/ms
# Warmup Iteration   4: 211.814 ops/ms
Iteration   1: 210.802 ops/ms
Iteration   2: 210.297 ops/ms
Iteration   3: 211.703 ops/ms
Iteration   4: 212.145 ops/ms
Iteration   5: 212.194 ops/ms


Result "bench11.ListJsonb7880.nestedListJSON":
  211.428 ±(99.9%) 3.249 ops/ms [Average]
  (min, avg, max) = (210.297, 211.428, 212.194), stdev = 0.844
  CI (99.9%): [208.179, 214.677] (assumes normal distribution)


# JMH version: 1.37
# VM version: JDK 21.0.12, OpenJDK 64-Bit Server VM, 21.0.12+8-LTS
# VM invoker: <jdk21>/bin/java
# VM options: -Xms1g -Xmx1g
# Blackhole mode: compiler (auto-detected, use -Djmh.blackhole.autoDetect=false to disable)
# Warmup: 4 iterations, 1 s each
# Measurement: 5 iterations, 1 s each
# Timeout: 10 min per iteration
# Threads: 1 thread, will synchronize iterations
# Benchmark mode: Throughput, ops/time
# Benchmark: bench11.ListJsonb7880.rootListJSONB

# Run progress: 66.67% complete, ETA 00:00:09
# Fork: 1 of 1
# Warmup Iteration   1: 519.360 ops/ms
# Warmup Iteration   2: 633.198 ops/ms
# Warmup Iteration   3: 609.886 ops/ms
# Warmup Iteration   4: 614.593 ops/ms
Iteration   1: 619.063 ops/ms
Iteration   2: 616.553 ops/ms
Iteration   3: 616.895 ops/ms
Iteration   4: 606.089 ops/ms
Iteration   5: 613.717 ops/ms


Result "bench11.ListJsonb7880.rootListJSONB":
  614.463 ±(99.9%) 19.458 ops/ms [Average]
  (min, avg, max) = (606.089, 614.463, 619.063), stdev = 5.053
  CI (99.9%): [595.006, 633.921] (assumes normal distribution)


# Run complete. Total time: 00:00:27

REMEMBER: The numbers below are just data. To gain reusable insights, you need to follow up on
why the numbers are the way they are. Use profilers (see -prof, -lprof), design factorial
experiments, perform baseline and negative tests that provide experimental control, make sure
the benchmarking environment is safe on JVM/OS/HW level, ask for reviews from the domain experts.
Do not assume the numbers tell you what you want them to tell.

NOTE: Current JVM experimentally supports Compiler Blackholes, and they are in use. Please exercise
extra caution when trusting the results, look into the generated code to check the benchmark still
works, and factor in a small probability of new VM bugs. Additionally, while comparisons between
different JVMs are already problematic, the performance difference caused by different Blackhole
modes can be very significant. Please make sure you use the consistent Blackhole mode for comparisons.

Benchmark                      Mode  Cnt    Score    Error   Units
ListJsonb7880.basketJSONB     thrpt    5  594.925 ±  2.308  ops/ms
ListJsonb7880.nestedListJSON  thrpt    5  211.428 ±  3.249  ops/ms
ListJsonb7880.rootListJSONB   thrpt    5  614.463 ± 19.458  ops/ms

Benchmark result is saved to <work>/env/jmh/ab-r11h/v11b-r5.json
