# JMH version: 1.37
# VM version: JDK 21.0.12, OpenJDK 64-Bit Server VM, 21.0.12+8-LTS
# VM invoker: <jdk21>/bin/java
# VM options: -Xms1g -Xmx1g
# Blackhole mode: compiler (auto-detected, use -Djmh.blackhole.autoDetect=false to disable)
# Warmup: 4 iterations, 1 s each
# Measurement: 5 iterations, 1 s each
# Timeout: 10 min per iteration
# Threads: 1 thread, will synchronize iterations
# Benchmark mode: Throughput, ops/time
# Benchmark: bench11.ListJsonb7880.basketJSONB

# Run progress: 0.00% complete, ETA 00:00:27
# Fork: 1 of 1
# Warmup Iteration   1: 493.178 ops/ms
# Warmup Iteration   2: 598.012 ops/ms
# Warmup Iteration   3: 598.558 ops/ms
# Warmup Iteration   4: 597.183 ops/ms
Iteration   1: 599.529 ops/ms
Iteration   2: 600.672 ops/ms
Iteration   3: 600.457 ops/ms
Iteration   4: 599.347 ops/ms
Iteration   5: 600.026 ops/ms


Result "bench11.ListJsonb7880.basketJSONB":
  600.006 ±(99.9%) 2.203 ops/ms [Average]
  (min, avg, max) = (599.347, 600.006, 600.672), stdev = 0.572
  CI (99.9%): [597.804, 602.209] (assumes normal distribution)


# JMH version: 1.37
# VM version: JDK 21.0.12, OpenJDK 64-Bit Server VM, 21.0.12+8-LTS
# VM invoker: <jdk21>/bin/java
# VM options: -Xms1g -Xmx1g
# Blackhole mode: compiler (auto-detected, use -Djmh.blackhole.autoDetect=false to disable)
# Warmup: 4 iterations, 1 s each
# Measurement: 5 iterations, 1 s each
# Timeout: 10 min per iteration
# Threads: 1 thread, will synchronize iterations
# Benchmark mode: Throughput, ops/time
# Benchmark: bench11.ListJsonb7880.nestedListJSON

# Run progress: 33.33% complete, ETA 00:00:18
# Fork: 1 of 1
# Warmup Iteration   1: 160.865 ops/ms
# Warmup Iteration   2: 208.693 ops/ms
# Warmup Iteration   3: 208.739 ops/ms
# Warmup Iteration   4: 208.958 ops/ms
Iteration   1: 208.791 ops/ms
Iteration   2: 208.534 ops/ms
Iteration   3: 209.382 ops/ms
Iteration   4: 209.367 ops/ms
Iteration   5: 209.927 ops/ms


Result "bench11.ListJsonb7880.nestedListJSON":
  209.200 ±(99.9%) 2.109 ops/ms [Average]
  (min, avg, max) = (208.534, 209.200, 209.927), stdev = 0.548
  CI (99.9%): [207.091, 211.310] (assumes normal distribution)


# JMH version: 1.37
# VM version: JDK 21.0.12, OpenJDK 64-Bit Server VM, 21.0.12+8-LTS
# VM invoker: <jdk21>/bin/java
# VM options: -Xms1g -Xmx1g
# Blackhole mode: compiler (auto-detected, use -Djmh.blackhole.autoDetect=false to disable)
# Warmup: 4 iterations, 1 s each
# Measurement: 5 iterations, 1 s each
# Timeout: 10 min per iteration
# Threads: 1 thread, will synchronize iterations
# Benchmark mode: Throughput, ops/time
# Benchmark: bench11.ListJsonb7880.rootListJSONB

# Run progress: 66.67% complete, ETA 00:00:09
# Fork: 1 of 1
# Warmup Iteration   1: 514.210 ops/ms
# Warmup Iteration   2: 603.373 ops/ms
# Warmup Iteration   3: 625.387 ops/ms
# Warmup Iteration   4: 616.626 ops/ms
Iteration   1: 624.796 ops/ms
Iteration   2: 623.632 ops/ms
Iteration   3: 628.860 ops/ms
Iteration   4: 626.750 ops/ms
Iteration   5: 622.242 ops/ms


Result "bench11.ListJsonb7880.rootListJSONB":
  625.256 ±(99.9%) 10.034 ops/ms [Average]
  (min, avg, max) = (622.242, 625.256, 628.860), stdev = 2.606
  CI (99.9%): [615.222, 635.290] (assumes normal distribution)


# Run complete. Total time: 00:00:27

REMEMBER: The numbers below are just data. To gain reusable insights, you need to follow up on
why the numbers are the way they are. Use profilers (see -prof, -lprof), design factorial
experiments, perform baseline and negative tests that provide experimental control, make sure
the benchmarking environment is safe on JVM/OS/HW level, ask for reviews from the domain experts.
Do not assume the numbers tell you what you want them to tell.

NOTE: Current JVM experimentally supports Compiler Blackholes, and they are in use. Please exercise
extra caution when trusting the results, look into the generated code to check the benchmark still
works, and factor in a small probability of new VM bugs. Additionally, while comparisons between
different JVMs are already problematic, the performance difference caused by different Blackhole
modes can be very significant. Please make sure you use the consistent Blackhole mode for comparisons.

Benchmark                      Mode  Cnt    Score    Error   Units
ListJsonb7880.basketJSONB     thrpt    5  600.006 ±  2.203  ops/ms
ListJsonb7880.nestedListJSON  thrpt    5  209.200 ±  2.109  ops/ms
ListJsonb7880.rootListJSONB   thrpt    5  625.256 ± 10.034  ops/ms

Benchmark result is saved to <work>/env/jmh/ab-r11h/v11b-r6.json
