# JMH version: 1.37
# VM version: JDK 21.0.12, OpenJDK 64-Bit Server VM, 21.0.12+8-LTS
# VM invoker: <jdk21>/bin/java
# VM options: -Xms1g -Xmx1g
# Blackhole mode: compiler (auto-detected, use -Djmh.blackhole.autoDetect=false to disable)
# Warmup: 4 iterations, 1 s each
# Measurement: 5 iterations, 1 s each
# Timeout: 10 min per iteration
# Threads: 1 thread, will synchronize iterations
# Benchmark mode: Throughput, ops/time
# Benchmark: bench11.ListJsonb7880.basketJSONB

# Run progress: 0.00% complete, ETA 00:00:27
# Fork: 1 of 1
# Warmup Iteration   1: 501.894 ops/ms
# Warmup Iteration   2: 601.972 ops/ms
# Warmup Iteration   3: 602.610 ops/ms
# Warmup Iteration   4: 599.689 ops/ms
Iteration   1: 602.258 ops/ms
Iteration   2: 600.785 ops/ms
Iteration   3: 601.098 ops/ms
Iteration   4: 600.236 ops/ms
Iteration   5: 599.744 ops/ms


Result "bench11.ListJsonb7880.basketJSONB":
  600.824 ±(99.9%) 3.675 ops/ms [Average]
  (min, avg, max) = (599.744, 600.824, 602.258), stdev = 0.954
  CI (99.9%): [597.149, 604.499] (assumes normal distribution)


# JMH version: 1.37
# VM version: JDK 21.0.12, OpenJDK 64-Bit Server VM, 21.0.12+8-LTS
# VM invoker: <jdk21>/bin/java
# VM options: -Xms1g -Xmx1g
# Blackhole mode: compiler (auto-detected, use -Djmh.blackhole.autoDetect=false to disable)
# Warmup: 4 iterations, 1 s each
# Measurement: 5 iterations, 1 s each
# Timeout: 10 min per iteration
# Threads: 1 thread, will synchronize iterations
# Benchmark mode: Throughput, ops/time
# Benchmark: bench11.ListJsonb7880.nestedListJSON

# Run progress: 33.33% complete, ETA 00:00:18
# Fork: 1 of 1
# Warmup Iteration   1: 164.611 ops/ms
# Warmup Iteration   2: 211.904 ops/ms
# Warmup Iteration   3: 212.758 ops/ms
# Warmup Iteration   4: 213.145 ops/ms
Iteration   1: 211.615 ops/ms
Iteration   2: 213.424 ops/ms
Iteration   3: 212.854 ops/ms
Iteration   4: 213.899 ops/ms
Iteration   5: 213.390 ops/ms


Result "bench11.ListJsonb7880.nestedListJSON":
  213.037 ±(99.9%) 3.374 ops/ms [Average]
  (min, avg, max) = (211.615, 213.037, 213.899), stdev = 0.876
  CI (99.9%): [209.662, 216.411] (assumes normal distribution)


# JMH version: 1.37
# VM version: JDK 21.0.12, OpenJDK 64-Bit Server VM, 21.0.12+8-LTS
# VM invoker: <jdk21>/bin/java
# VM options: -Xms1g -Xmx1g
# Blackhole mode: compiler (auto-detected, use -Djmh.blackhole.autoDetect=false to disable)
# Warmup: 4 iterations, 1 s each
# Measurement: 5 iterations, 1 s each
# Timeout: 10 min per iteration
# Threads: 1 thread, will synchronize iterations
# Benchmark mode: Throughput, ops/time
# Benchmark: bench11.ListJsonb7880.rootListJSONB

# Run progress: 66.67% complete, ETA 00:00:09
# Fork: 1 of 1
# Warmup Iteration   1: 513.855 ops/ms
# Warmup Iteration   2: 630.762 ops/ms
# Warmup Iteration   3: 615.318 ops/ms
# Warmup Iteration   4: 613.719 ops/ms
Iteration   1: 611.326 ops/ms
Iteration   2: 612.158 ops/ms
Iteration   3: 608.928 ops/ms
Iteration   4: 607.452 ops/ms
Iteration   5: 610.553 ops/ms


Result "bench11.ListJsonb7880.rootListJSONB":
  610.083 ±(99.9%) 7.287 ops/ms [Average]
  (min, avg, max) = (607.452, 610.083, 612.158), stdev = 1.892
  CI (99.9%): [602.797, 617.370] (assumes normal distribution)


# Run complete. Total time: 00:00:27

REMEMBER: The numbers below are just data. To gain reusable insights, you need to follow up on
why the numbers are the way they are. Use profilers (see -prof, -lprof), design factorial
experiments, perform baseline and negative tests that provide experimental control, make sure
the benchmarking environment is safe on JVM/OS/HW level, ask for reviews from the domain experts.
Do not assume the numbers tell you what you want them to tell.

NOTE: Current JVM experimentally supports Compiler Blackholes, and they are in use. Please exercise
extra caution when trusting the results, look into the generated code to check the benchmark still
works, and factor in a small probability of new VM bugs. Additionally, while comparisons between
different JVMs are already problematic, the performance difference caused by different Blackhole
modes can be very significant. Please make sure you use the consistent Blackhole mode for comparisons.

Benchmark                      Mode  Cnt    Score   Error   Units
ListJsonb7880.basketJSONB     thrpt    5  600.824 ± 3.675  ops/ms
ListJsonb7880.nestedListJSON  thrpt    5  213.037 ± 3.374  ops/ms
ListJsonb7880.rootListJSONB   thrpt    5  610.083 ± 7.287  ops/ms

Benchmark result is saved to <work>/env/jmh/ab-r11h/v11b-r2.json
