# JMH version: 1.37
# VM version: JDK 21.0.12, OpenJDK 64-Bit Server VM, 21.0.12+8-LTS
# VM invoker: <jdk21>/bin/java
# VM options: -Xms1g -Xmx1g
# Blackhole mode: compiler (auto-detected, use -Djmh.blackhole.autoDetect=false to disable)
# Warmup: 4 iterations, 1 s each
# Measurement: 5 iterations, 1 s each
# Timeout: 10 min per iteration
# Threads: 1 thread, will synchronize iterations
# Benchmark mode: Throughput, ops/time
# Benchmark: bench12.Read7880.basketParse

# Run progress: 0.00% complete, ETA 00:00:45
# Fork: 1 of 1
# Warmup Iteration   1: 220.357 ops/ms
# Warmup Iteration   2: 256.410 ops/ms
# Warmup Iteration   3: 257.410 ops/ms
# Warmup Iteration   4: 257.196 ops/ms
Iteration   1: 258.184 ops/ms
Iteration   2: 258.411 ops/ms
Iteration   3: 258.131 ops/ms
Iteration   4: 258.134 ops/ms
Iteration   5: 258.142 ops/ms


Result "bench12.Read7880.basketParse":
  258.200 ±(99.9%) 0.461 ops/ms [Average]
  (min, avg, max) = (258.131, 258.200, 258.411), stdev = 0.120
  CI (99.9%): [257.739, 258.661] (assumes normal distribution)


# JMH version: 1.37
# VM version: JDK 21.0.12, OpenJDK 64-Bit Server VM, 21.0.12+8-LTS
# VM invoker: <jdk21>/bin/java
# VM options: -Xms1g -Xmx1g
# Blackhole mode: compiler (auto-detected, use -Djmh.blackhole.autoDetect=false to disable)
# Warmup: 4 iterations, 1 s each
# Measurement: 5 iterations, 1 s each
# Timeout: 10 min per iteration
# Threads: 1 thread, will synchronize iterations
# Benchmark mode: Throughput, ops/time
# Benchmark: bench12.Read7880.basketParseUTF8

# Run progress: 20.00% complete, ETA 00:00:37
# Fork: 1 of 1
# Warmup Iteration   1: 216.371 ops/ms
# Warmup Iteration   2: 251.565 ops/ms
# Warmup Iteration   3: 252.594 ops/ms
# Warmup Iteration   4: 253.000 ops/ms
Iteration   1: 253.899 ops/ms
Iteration   2: 252.061 ops/ms
Iteration   3: 253.891 ops/ms
Iteration   4: 254.181 ops/ms
Iteration   5: 254.241 ops/ms


Result "bench12.Read7880.basketParseUTF8":
  253.655 ±(99.9%) 3.485 ops/ms [Average]
  (min, avg, max) = (252.061, 253.655, 254.241), stdev = 0.905
  CI (99.9%): [250.170, 257.139] (assumes normal distribution)


# JMH version: 1.37
# VM version: JDK 21.0.12, OpenJDK 64-Bit Server VM, 21.0.12+8-LTS
# VM invoker: <jdk21>/bin/java
# VM options: -Xms1g -Xmx1g
# Blackhole mode: compiler (auto-detected, use -Djmh.blackhole.autoDetect=false to disable)
# Warmup: 4 iterations, 1 s each
# Measurement: 5 iterations, 1 s each
# Timeout: 10 min per iteration
# Threads: 1 thread, will synchronize iterations
# Benchmark mode: Throughput, ops/time
# Benchmark: bench12.Read7880.filteredMapWrite

# Run progress: 40.00% complete, ETA 00:00:28
# Fork: 1 of 1
# Warmup Iteration   1: 93.188 ops/ms
# Warmup Iteration   2: 110.531 ops/ms
# Warmup Iteration   3: 110.692 ops/ms
# Warmup Iteration   4: 111.112 ops/ms
Iteration   1: 110.917 ops/ms
Iteration   2: 111.162 ops/ms
Iteration   3: 110.940 ops/ms
Iteration   4: 110.983 ops/ms
Iteration   5: 110.498 ops/ms


Result "bench12.Read7880.filteredMapWrite":
  110.900 ±(99.9%) 0.941 ops/ms [Average]
  (min, avg, max) = (110.498, 110.900, 111.162), stdev = 0.244
  CI (99.9%): [109.959, 111.841] (assumes normal distribution)


# JMH version: 1.37
# VM version: JDK 21.0.12, OpenJDK 64-Bit Server VM, 21.0.12+8-LTS
# VM invoker: <jdk21>/bin/java
# VM options: -Xms1g -Xmx1g
# Blackhole mode: compiler (auto-detected, use -Djmh.blackhole.autoDetect=false to disable)
# Warmup: 4 iterations, 1 s each
# Measurement: 5 iterations, 1 s each
# Timeout: 10 min per iteration
# Threads: 1 thread, will synchronize iterations
# Benchmark mode: Throughput, ops/time
# Benchmark: bench12.Read7880.rootListParse

# Run progress: 60.00% complete, ETA 00:00:18
# Fork: 1 of 1
# Warmup Iteration   1: 226.121 ops/ms
# Warmup Iteration   2: 260.393 ops/ms
# Warmup Iteration   3: 263.609 ops/ms
# Warmup Iteration   4: 263.138 ops/ms
Iteration   1: 263.679 ops/ms
Iteration   2: 264.366 ops/ms
Iteration   3: 265.219 ops/ms
Iteration   4: 264.935 ops/ms
Iteration   5: 264.678 ops/ms


Result "bench12.Read7880.rootListParse":
  264.575 ±(99.9%) 2.280 ops/ms [Average]
  (min, avg, max) = (263.679, 264.575, 265.219), stdev = 0.592
  CI (99.9%): [262.295, 266.855] (assumes normal distribution)


# JMH version: 1.37
# VM version: JDK 21.0.12, OpenJDK 64-Bit Server VM, 21.0.12+8-LTS
# VM invoker: <jdk21>/bin/java
# VM options: -Xms1g -Xmx1g
# Blackhole mode: compiler (auto-detected, use -Djmh.blackhole.autoDetect=false to disable)
# Warmup: 4 iterations, 1 s each
# Measurement: 5 iterations, 1 s each
# Timeout: 10 min per iteration
# Threads: 1 thread, will synchronize iterations
# Benchmark mode: Throughput, ops/time
# Benchmark: bench12.Read7880.treeParse

# Run progress: 80.00% complete, ETA 00:00:09
# Fork: 1 of 1
# Warmup Iteration   1: 203.453 ops/ms
# Warmup Iteration   2: 234.816 ops/ms
# Warmup Iteration   3: 236.356 ops/ms
# Warmup Iteration   4: 237.384 ops/ms
Iteration   1: 237.751 ops/ms
Iteration   2: 237.846 ops/ms
Iteration   3: 237.653 ops/ms
Iteration   4: 236.602 ops/ms
Iteration   5: 237.770 ops/ms


Result "bench12.Read7880.treeParse":
  237.524 ±(99.9%) 2.003 ops/ms [Average]
  (min, avg, max) = (236.602, 237.524, 237.846), stdev = 0.520
  CI (99.9%): [235.522, 239.527] (assumes normal distribution)


# Run complete. Total time: 00:00:46

REMEMBER: The numbers below are just data. To gain reusable insights, you need to follow up on
why the numbers are the way they are. Use profilers (see -prof, -lprof), design factorial
experiments, perform baseline and negative tests that provide experimental control, make sure
the benchmarking environment is safe on JVM/OS/HW level, ask for reviews from the domain experts.
Do not assume the numbers tell you what you want them to tell.

NOTE: Current JVM experimentally supports Compiler Blackholes, and they are in use. Please exercise
extra caution when trusting the results, look into the generated code to check the benchmark still
works, and factor in a small probability of new VM bugs. Additionally, while comparisons between
different JVMs are already problematic, the performance difference caused by different Blackhole
modes can be very significant. Please make sure you use the consistent Blackhole mode for comparisons.

Benchmark                   Mode  Cnt    Score   Error   Units
Read7880.basketParse       thrpt    5  258.200 ± 0.461  ops/ms
Read7880.basketParseUTF8   thrpt    5  253.655 ± 3.485  ops/ms
Read7880.filteredMapWrite  thrpt    5  110.900 ± 0.941  ops/ms
Read7880.rootListParse     thrpt    5  264.575 ± 2.280  ops/ms
Read7880.treeParse         thrpt    5  237.524 ± 2.003  ops/ms

Benchmark result is saved to <work>/env/jmh/ab-r12r/fix12-r2.json
