# JMH version: 1.37
# VM version: JDK 21.0.12, OpenJDK 64-Bit Server VM, 21.0.12+8-LTS
# VM invoker: <jdk21>/bin/java
# VM options: -Xms1g -Xmx1g
# Blackhole mode: compiler (auto-detected, use -Djmh.blackhole.autoDetect=false to disable)
# Warmup: 4 iterations, 1 s each
# Measurement: 5 iterations, 1 s each
# Timeout: 10 min per iteration
# Threads: 1 thread, will synchronize iterations
# Benchmark mode: Throughput, ops/time
# Benchmark: bench12.Read7880.basketParse

# Run progress: 0.00% complete, ETA 00:00:45
# Fork: 1 of 1
# Warmup Iteration   1: 225.520 ops/ms
# Warmup Iteration   2: 259.683 ops/ms
# Warmup Iteration   3: 261.088 ops/ms
# Warmup Iteration   4: 261.393 ops/ms
Iteration   1: 262.333 ops/ms
Iteration   2: 262.355 ops/ms
Iteration   3: 262.418 ops/ms
Iteration   4: 261.967 ops/ms
Iteration   5: 262.315 ops/ms


Result "bench12.Read7880.basketParse":
  262.278 ±(99.9%) 0.685 ops/ms [Average]
  (min, avg, max) = (261.967, 262.278, 262.418), stdev = 0.178
  CI (99.9%): [261.592, 262.963] (assumes normal distribution)


# JMH version: 1.37
# VM version: JDK 21.0.12, OpenJDK 64-Bit Server VM, 21.0.12+8-LTS
# VM invoker: <jdk21>/bin/java
# VM options: -Xms1g -Xmx1g
# Blackhole mode: compiler (auto-detected, use -Djmh.blackhole.autoDetect=false to disable)
# Warmup: 4 iterations, 1 s each
# Measurement: 5 iterations, 1 s each
# Timeout: 10 min per iteration
# Threads: 1 thread, will synchronize iterations
# Benchmark mode: Throughput, ops/time
# Benchmark: bench12.Read7880.basketParseUTF8

# Run progress: 20.00% complete, ETA 00:00:37
# Fork: 1 of 1
# Warmup Iteration   1: 218.688 ops/ms
# Warmup Iteration   2: 254.557 ops/ms
# Warmup Iteration   3: 255.464 ops/ms
# Warmup Iteration   4: 255.349 ops/ms
Iteration   1: 256.788 ops/ms
Iteration   2: 257.029 ops/ms
Iteration   3: 256.643 ops/ms
Iteration   4: 256.778 ops/ms
Iteration   5: 257.160 ops/ms


Result "bench12.Read7880.basketParseUTF8":
  256.880 ±(99.9%) 0.807 ops/ms [Average]
  (min, avg, max) = (256.643, 256.880, 257.160), stdev = 0.210
  CI (99.9%): [256.072, 257.687] (assumes normal distribution)


# JMH version: 1.37
# VM version: JDK 21.0.12, OpenJDK 64-Bit Server VM, 21.0.12+8-LTS
# VM invoker: <jdk21>/bin/java
# VM options: -Xms1g -Xmx1g
# Blackhole mode: compiler (auto-detected, use -Djmh.blackhole.autoDetect=false to disable)
# Warmup: 4 iterations, 1 s each
# Measurement: 5 iterations, 1 s each
# Timeout: 10 min per iteration
# Threads: 1 thread, will synchronize iterations
# Benchmark mode: Throughput, ops/time
# Benchmark: bench12.Read7880.filteredMapWrite

# Run progress: 40.00% complete, ETA 00:00:27
# Fork: 1 of 1
# Warmup Iteration   1: 93.240 ops/ms
# Warmup Iteration   2: 109.660 ops/ms
# Warmup Iteration   3: 110.565 ops/ms
# Warmup Iteration   4: 111.090 ops/ms
Iteration   1: 111.170 ops/ms
Iteration   2: 110.953 ops/ms
Iteration   3: 110.459 ops/ms
Iteration   4: 110.970 ops/ms
Iteration   5: 110.854 ops/ms


Result "bench12.Read7880.filteredMapWrite":
  110.881 ±(99.9%) 1.011 ops/ms [Average]
  (min, avg, max) = (110.459, 110.881, 111.170), stdev = 0.263
  CI (99.9%): [109.870, 111.892] (assumes normal distribution)


# JMH version: 1.37
# VM version: JDK 21.0.12, OpenJDK 64-Bit Server VM, 21.0.12+8-LTS
# VM invoker: <jdk21>/bin/java
# VM options: -Xms1g -Xmx1g
# Blackhole mode: compiler (auto-detected, use -Djmh.blackhole.autoDetect=false to disable)
# Warmup: 4 iterations, 1 s each
# Measurement: 5 iterations, 1 s each
# Timeout: 10 min per iteration
# Threads: 1 thread, will synchronize iterations
# Benchmark mode: Throughput, ops/time
# Benchmark: bench12.Read7880.rootListParse

# Run progress: 60.00% complete, ETA 00:00:18
# Fork: 1 of 1
# Warmup Iteration   1: 226.829 ops/ms
# Warmup Iteration   2: 261.772 ops/ms
# Warmup Iteration   3: 261.814 ops/ms
# Warmup Iteration   4: 261.802 ops/ms
Iteration   1: 262.948 ops/ms
Iteration   2: 263.376 ops/ms
Iteration   3: 263.142 ops/ms
Iteration   4: 263.021 ops/ms
Iteration   5: 262.984 ops/ms


Result "bench12.Read7880.rootListParse":
  263.094 ±(99.9%) 0.669 ops/ms [Average]
  (min, avg, max) = (262.948, 263.094, 263.376), stdev = 0.174
  CI (99.9%): [262.426, 263.763] (assumes normal distribution)


# JMH version: 1.37
# VM version: JDK 21.0.12, OpenJDK 64-Bit Server VM, 21.0.12+8-LTS
# VM invoker: <jdk21>/bin/java
# VM options: -Xms1g -Xmx1g
# Blackhole mode: compiler (auto-detected, use -Djmh.blackhole.autoDetect=false to disable)
# Warmup: 4 iterations, 1 s each
# Measurement: 5 iterations, 1 s each
# Timeout: 10 min per iteration
# Threads: 1 thread, will synchronize iterations
# Benchmark mode: Throughput, ops/time
# Benchmark: bench12.Read7880.treeParse

# Run progress: 80.00% complete, ETA 00:00:09
# Fork: 1 of 1
# Warmup Iteration   1: 206.104 ops/ms
# Warmup Iteration   2: 232.616 ops/ms
# Warmup Iteration   3: 238.826 ops/ms
# Warmup Iteration   4: 240.086 ops/ms
Iteration   1: 240.202 ops/ms
Iteration   2: 240.023 ops/ms
Iteration   3: 240.509 ops/ms
Iteration   4: 240.584 ops/ms
Iteration   5: 240.399 ops/ms


Result "bench12.Read7880.treeParse":
  240.343 ±(99.9%) 0.885 ops/ms [Average]
  (min, avg, max) = (240.023, 240.343, 240.584), stdev = 0.230
  CI (99.9%): [239.458, 241.229] (assumes normal distribution)


# Run complete. Total time: 00:00:46

REMEMBER: The numbers below are just data. To gain reusable insights, you need to follow up on
why the numbers are the way they are. Use profilers (see -prof, -lprof), design factorial
experiments, perform baseline and negative tests that provide experimental control, make sure
the benchmarking environment is safe on JVM/OS/HW level, ask for reviews from the domain experts.
Do not assume the numbers tell you what you want them to tell.

NOTE: Current JVM experimentally supports Compiler Blackholes, and they are in use. Please exercise
extra caution when trusting the results, look into the generated code to check the benchmark still
works, and factor in a small probability of new VM bugs. Additionally, while comparisons between
different JVMs are already problematic, the performance difference caused by different Blackhole
modes can be very significant. Please make sure you use the consistent Blackhole mode for comparisons.

Benchmark                   Mode  Cnt    Score   Error   Units
Read7880.basketParse       thrpt    5  262.278 ± 0.685  ops/ms
Read7880.basketParseUTF8   thrpt    5  256.880 ± 0.807  ops/ms
Read7880.filteredMapWrite  thrpt    5  110.881 ± 1.011  ops/ms
Read7880.rootListParse     thrpt    5  263.094 ± 0.669  ops/ms
Read7880.treeParse         thrpt    5  240.343 ± 0.885  ops/ms

Benchmark result is saved to <work>/env/jmh/ab-r12r/fix12-r7.json
