# JMH version: 1.37
# VM version: JDK 21.0.12, OpenJDK 64-Bit Server VM, 21.0.12+8-LTS
# VM invoker: <jdk21>/bin/java
# VM options: -Xms1g -Xmx1g
# Blackhole mode: compiler (auto-detected, use -Djmh.blackhole.autoDetect=false to disable)
# Warmup: 4 iterations, 1 s each
# Measurement: 5 iterations, 1 s each
# Timeout: 10 min per iteration
# Threads: 1 thread, will synchronize iterations
# Benchmark mode: Throughput, ops/time
# Benchmark: bench12.Read7880.basketParse

# Run progress: 0.00% complete, ETA 00:00:45
# Fork: 1 of 1
# Warmup Iteration   1: 228.717 ops/ms
# Warmup Iteration   2: 262.587 ops/ms
# Warmup Iteration   3: 264.030 ops/ms
# Warmup Iteration   4: 264.346 ops/ms
Iteration   1: 265.472 ops/ms
Iteration   2: 265.258 ops/ms
Iteration   3: 265.761 ops/ms
Iteration   4: 264.961 ops/ms
Iteration   5: 265.474 ops/ms


Result "bench12.Read7880.basketParse":
  265.385 ±(99.9%) 1.144 ops/ms [Average]
  (min, avg, max) = (264.961, 265.385, 265.761), stdev = 0.297
  CI (99.9%): [264.241, 266.529] (assumes normal distribution)


# JMH version: 1.37
# VM version: JDK 21.0.12, OpenJDK 64-Bit Server VM, 21.0.12+8-LTS
# VM invoker: <jdk21>/bin/java
# VM options: -Xms1g -Xmx1g
# Blackhole mode: compiler (auto-detected, use -Djmh.blackhole.autoDetect=false to disable)
# Warmup: 4 iterations, 1 s each
# Measurement: 5 iterations, 1 s each
# Timeout: 10 min per iteration
# Threads: 1 thread, will synchronize iterations
# Benchmark mode: Throughput, ops/time
# Benchmark: bench12.Read7880.basketParseUTF8

# Run progress: 20.00% complete, ETA 00:00:37
# Fork: 1 of 1
# Warmup Iteration   1: 217.324 ops/ms
# Warmup Iteration   2: 253.543 ops/ms
# Warmup Iteration   3: 253.502 ops/ms
# Warmup Iteration   4: 252.857 ops/ms
Iteration   1: 254.780 ops/ms
Iteration   2: 254.528 ops/ms
Iteration   3: 254.986 ops/ms
Iteration   4: 254.608 ops/ms
Iteration   5: 254.958 ops/ms


Result "bench12.Read7880.basketParseUTF8":
  254.772 ±(99.9%) 0.787 ops/ms [Average]
  (min, avg, max) = (254.528, 254.772, 254.986), stdev = 0.204
  CI (99.9%): [253.985, 255.558] (assumes normal distribution)


# JMH version: 1.37
# VM version: JDK 21.0.12, OpenJDK 64-Bit Server VM, 21.0.12+8-LTS
# VM invoker: <jdk21>/bin/java
# VM options: -Xms1g -Xmx1g
# Blackhole mode: compiler (auto-detected, use -Djmh.blackhole.autoDetect=false to disable)
# Warmup: 4 iterations, 1 s each
# Measurement: 5 iterations, 1 s each
# Timeout: 10 min per iteration
# Threads: 1 thread, will synchronize iterations
# Benchmark mode: Throughput, ops/time
# Benchmark: bench12.Read7880.filteredMapWrite

# Run progress: 40.00% complete, ETA 00:00:27
# Fork: 1 of 1
# Warmup Iteration   1: 93.539 ops/ms
# Warmup Iteration   2: 109.877 ops/ms
# Warmup Iteration   3: 110.791 ops/ms
# Warmup Iteration   4: 111.174 ops/ms
Iteration   1: 110.697 ops/ms
Iteration   2: 111.301 ops/ms
Iteration   3: 110.632 ops/ms
Iteration   4: 110.931 ops/ms
Iteration   5: 109.780 ops/ms


Result "bench12.Read7880.filteredMapWrite":
  110.668 ±(99.9%) 2.162 ops/ms [Average]
  (min, avg, max) = (109.780, 110.668, 111.301), stdev = 0.561
  CI (99.9%): [108.506, 112.830] (assumes normal distribution)


# JMH version: 1.37
# VM version: JDK 21.0.12, OpenJDK 64-Bit Server VM, 21.0.12+8-LTS
# VM invoker: <jdk21>/bin/java
# VM options: -Xms1g -Xmx1g
# Blackhole mode: compiler (auto-detected, use -Djmh.blackhole.autoDetect=false to disable)
# Warmup: 4 iterations, 1 s each
# Measurement: 5 iterations, 1 s each
# Timeout: 10 min per iteration
# Threads: 1 thread, will synchronize iterations
# Benchmark mode: Throughput, ops/time
# Benchmark: bench12.Read7880.rootListParse

# Run progress: 60.00% complete, ETA 00:00:18
# Fork: 1 of 1
# Warmup Iteration   1: 226.131 ops/ms
# Warmup Iteration   2: 260.077 ops/ms
# Warmup Iteration   3: 260.523 ops/ms
# Warmup Iteration   4: 261.024 ops/ms
Iteration   1: 262.562 ops/ms
Iteration   2: 261.837 ops/ms
Iteration   3: 262.054 ops/ms
Iteration   4: 261.994 ops/ms
Iteration   5: 261.923 ops/ms


Result "bench12.Read7880.rootListParse":
  262.074 ±(99.9%) 1.096 ops/ms [Average]
  (min, avg, max) = (261.837, 262.074, 262.562), stdev = 0.285
  CI (99.9%): [260.978, 263.170] (assumes normal distribution)


# JMH version: 1.37
# VM version: JDK 21.0.12, OpenJDK 64-Bit Server VM, 21.0.12+8-LTS
# VM invoker: <jdk21>/bin/java
# VM options: -Xms1g -Xmx1g
# Blackhole mode: compiler (auto-detected, use -Djmh.blackhole.autoDetect=false to disable)
# Warmup: 4 iterations, 1 s each
# Measurement: 5 iterations, 1 s each
# Timeout: 10 min per iteration
# Threads: 1 thread, will synchronize iterations
# Benchmark mode: Throughput, ops/time
# Benchmark: bench12.Read7880.treeParse

# Run progress: 80.00% complete, ETA 00:00:09
# Fork: 1 of 1
# Warmup Iteration   1: 201.497 ops/ms
# Warmup Iteration   2: 236.352 ops/ms
# Warmup Iteration   3: 237.276 ops/ms
# Warmup Iteration   4: 239.051 ops/ms
Iteration   1: 238.946 ops/ms
Iteration   2: 238.521 ops/ms
Iteration   3: 239.234 ops/ms
Iteration   4: 238.766 ops/ms
Iteration   5: 238.787 ops/ms


Result "bench12.Read7880.treeParse":
  238.851 ±(99.9%) 1.012 ops/ms [Average]
  (min, avg, max) = (238.521, 238.851, 239.234), stdev = 0.263
  CI (99.9%): [237.839, 239.863] (assumes normal distribution)


# Run complete. Total time: 00:00:46

REMEMBER: The numbers below are just data. To gain reusable insights, you need to follow up on
why the numbers are the way they are. Use profilers (see -prof, -lprof), design factorial
experiments, perform baseline and negative tests that provide experimental control, make sure
the benchmarking environment is safe on JVM/OS/HW level, ask for reviews from the domain experts.
Do not assume the numbers tell you what you want them to tell.

NOTE: Current JVM experimentally supports Compiler Blackholes, and they are in use. Please exercise
extra caution when trusting the results, look into the generated code to check the benchmark still
works, and factor in a small probability of new VM bugs. Additionally, while comparisons between
different JVMs are already problematic, the performance difference caused by different Blackhole
modes can be very significant. Please make sure you use the consistent Blackhole mode for comparisons.

Benchmark                   Mode  Cnt    Score   Error   Units
Read7880.basketParse       thrpt    5  265.385 ± 1.144  ops/ms
Read7880.basketParseUTF8   thrpt    5  254.772 ± 0.787  ops/ms
Read7880.filteredMapWrite  thrpt    5  110.668 ± 2.162  ops/ms
Read7880.rootListParse     thrpt    5  262.074 ± 1.096  ops/ms
Read7880.treeParse         thrpt    5  238.851 ± 1.012  ops/ms

Benchmark result is saved to <work>/env/jmh/ab-r12r/fix12-r4.json
