# JMH version: 1.37
# VM version: JDK 21.0.12, OpenJDK 64-Bit Server VM, 21.0.12+8-LTS
# VM invoker: <jdk21>/bin/java
# VM options: -Xms1g -Xmx1g
# Blackhole mode: compiler (auto-detected, use -Djmh.blackhole.autoDetect=false to disable)
# Warmup: 4 iterations, 1 s each
# Measurement: 5 iterations, 1 s each
# Timeout: 10 min per iteration
# Threads: 1 thread, will synchronize iterations
# Benchmark mode: Throughput, ops/time
# Benchmark: bench12.Read7880.basketParse

# Run progress: 0.00% complete, ETA 00:00:45
# Fork: 1 of 1
# Warmup Iteration   1: 225.957 ops/ms
# Warmup Iteration   2: 260.613 ops/ms
# Warmup Iteration   3: 262.158 ops/ms
# Warmup Iteration   4: 262.255 ops/ms
Iteration   1: 263.626 ops/ms
Iteration   2: 263.785 ops/ms
Iteration   3: 263.829 ops/ms
Iteration   4: 263.670 ops/ms
Iteration   5: 263.965 ops/ms


Result "bench12.Read7880.basketParse":
  263.775 ±(99.9%) 0.517 ops/ms [Average]
  (min, avg, max) = (263.626, 263.775, 263.965), stdev = 0.134
  CI (99.9%): [263.258, 264.291] (assumes normal distribution)


# JMH version: 1.37
# VM version: JDK 21.0.12, OpenJDK 64-Bit Server VM, 21.0.12+8-LTS
# VM invoker: <jdk21>/bin/java
# VM options: -Xms1g -Xmx1g
# Blackhole mode: compiler (auto-detected, use -Djmh.blackhole.autoDetect=false to disable)
# Warmup: 4 iterations, 1 s each
# Measurement: 5 iterations, 1 s each
# Timeout: 10 min per iteration
# Threads: 1 thread, will synchronize iterations
# Benchmark mode: Throughput, ops/time
# Benchmark: bench12.Read7880.basketParseUTF8

# Run progress: 20.00% complete, ETA 00:00:37
# Fork: 1 of 1
# Warmup Iteration   1: 213.184 ops/ms
# Warmup Iteration   2: 250.184 ops/ms
# Warmup Iteration   3: 250.384 ops/ms
# Warmup Iteration   4: 249.613 ops/ms
Iteration   1: 250.881 ops/ms
Iteration   2: 251.181 ops/ms
Iteration   3: 251.038 ops/ms
Iteration   4: 251.269 ops/ms
Iteration   5: 251.504 ops/ms


Result "bench12.Read7880.basketParseUTF8":
  251.175 ±(99.9%) 0.908 ops/ms [Average]
  (min, avg, max) = (250.881, 251.175, 251.504), stdev = 0.236
  CI (99.9%): [250.267, 252.083] (assumes normal distribution)


# JMH version: 1.37
# VM version: JDK 21.0.12, OpenJDK 64-Bit Server VM, 21.0.12+8-LTS
# VM invoker: <jdk21>/bin/java
# VM options: -Xms1g -Xmx1g
# Blackhole mode: compiler (auto-detected, use -Djmh.blackhole.autoDetect=false to disable)
# Warmup: 4 iterations, 1 s each
# Measurement: 5 iterations, 1 s each
# Timeout: 10 min per iteration
# Threads: 1 thread, will synchronize iterations
# Benchmark mode: Throughput, ops/time
# Benchmark: bench12.Read7880.filteredMapWrite

# Run progress: 40.00% complete, ETA 00:00:27
# Fork: 1 of 1
# Warmup Iteration   1: 95.408 ops/ms
# Warmup Iteration   2: 111.390 ops/ms
# Warmup Iteration   3: 111.531 ops/ms
# Warmup Iteration   4: 111.103 ops/ms
Iteration   1: 111.219 ops/ms
Iteration   2: 111.057 ops/ms
Iteration   3: 110.062 ops/ms
Iteration   4: 110.789 ops/ms
Iteration   5: 111.560 ops/ms


Result "bench12.Read7880.filteredMapWrite":
  110.937 ±(99.9%) 2.169 ops/ms [Average]
  (min, avg, max) = (110.062, 110.937, 111.560), stdev = 0.563
  CI (99.9%): [108.768, 113.107] (assumes normal distribution)


# JMH version: 1.37
# VM version: JDK 21.0.12, OpenJDK 64-Bit Server VM, 21.0.12+8-LTS
# VM invoker: <jdk21>/bin/java
# VM options: -Xms1g -Xmx1g
# Blackhole mode: compiler (auto-detected, use -Djmh.blackhole.autoDetect=false to disable)
# Warmup: 4 iterations, 1 s each
# Measurement: 5 iterations, 1 s each
# Timeout: 10 min per iteration
# Threads: 1 thread, will synchronize iterations
# Benchmark mode: Throughput, ops/time
# Benchmark: bench12.Read7880.rootListParse

# Run progress: 60.00% complete, ETA 00:00:18
# Fork: 1 of 1
# Warmup Iteration   1: 223.622 ops/ms
# Warmup Iteration   2: 261.247 ops/ms
# Warmup Iteration   3: 260.832 ops/ms
# Warmup Iteration   4: 261.261 ops/ms
Iteration   1: 262.422 ops/ms
Iteration   2: 262.368 ops/ms
Iteration   3: 262.403 ops/ms
Iteration   4: 262.521 ops/ms
Iteration   5: 262.272 ops/ms


Result "bench12.Read7880.rootListParse":
  262.397 ±(99.9%) 0.346 ops/ms [Average]
  (min, avg, max) = (262.272, 262.397, 262.521), stdev = 0.090
  CI (99.9%): [262.051, 262.743] (assumes normal distribution)


# JMH version: 1.37
# VM version: JDK 21.0.12, OpenJDK 64-Bit Server VM, 21.0.12+8-LTS
# VM invoker: <jdk21>/bin/java
# VM options: -Xms1g -Xmx1g
# Blackhole mode: compiler (auto-detected, use -Djmh.blackhole.autoDetect=false to disable)
# Warmup: 4 iterations, 1 s each
# Measurement: 5 iterations, 1 s each
# Timeout: 10 min per iteration
# Threads: 1 thread, will synchronize iterations
# Benchmark mode: Throughput, ops/time
# Benchmark: bench12.Read7880.treeParse

# Run progress: 80.00% complete, ETA 00:00:09
# Fork: 1 of 1
# Warmup Iteration   1: 194.077 ops/ms
# Warmup Iteration   2: 222.102 ops/ms
# Warmup Iteration   3: 225.555 ops/ms
# Warmup Iteration   4: 226.486 ops/ms
Iteration   1: 227.060 ops/ms
Iteration   2: 226.346 ops/ms
Iteration   3: 227.001 ops/ms
Iteration   4: 226.835 ops/ms
Iteration   5: 227.213 ops/ms


Result "bench12.Read7880.treeParse":
  226.891 ±(99.9%) 1.284 ops/ms [Average]
  (min, avg, max) = (226.346, 226.891, 227.213), stdev = 0.333
  CI (99.9%): [225.607, 228.175] (assumes normal distribution)


# Run complete. Total time: 00:00:46

REMEMBER: The numbers below are just data. To gain reusable insights, you need to follow up on
why the numbers are the way they are. Use profilers (see -prof, -lprof), design factorial
experiments, perform baseline and negative tests that provide experimental control, make sure
the benchmarking environment is safe on JVM/OS/HW level, ask for reviews from the domain experts.
Do not assume the numbers tell you what you want them to tell.

NOTE: Current JVM experimentally supports Compiler Blackholes, and they are in use. Please exercise
extra caution when trusting the results, look into the generated code to check the benchmark still
works, and factor in a small probability of new VM bugs. Additionally, while comparisons between
different JVMs are already problematic, the performance difference caused by different Blackhole
modes can be very significant. Please make sure you use the consistent Blackhole mode for comparisons.

Benchmark                   Mode  Cnt    Score   Error   Units
Read7880.basketParse       thrpt    5  263.775 ± 0.517  ops/ms
Read7880.basketParseUTF8   thrpt    5  251.175 ± 0.908  ops/ms
Read7880.filteredMapWrite  thrpt    5  110.937 ± 2.169  ops/ms
Read7880.rootListParse     thrpt    5  262.397 ± 0.346  ops/ms
Read7880.treeParse         thrpt    5  226.891 ± 1.284  ops/ms

Benchmark result is saved to <work>/env/jmh/ab-r12r/fix12-r5.json
