# JMH version: 1.37
# VM version: JDK 21.0.12, OpenJDK 64-Bit Server VM, 21.0.12+8-LTS
# VM invoker: <jdk21>/bin/java
# VM options: -Xms1g -Xmx1g
# Blackhole mode: compiler (auto-detected, use -Djmh.blackhole.autoDetect=false to disable)
# Warmup: 4 iterations, 1 s each
# Measurement: 5 iterations, 1 s each
# Timeout: 10 min per iteration
# Threads: 1 thread, will synchronize iterations
# Benchmark mode: Throughput, ops/time
# Benchmark: bench12.Read7880.basketParse

# Run progress: 0.00% complete, ETA 00:00:45
# Fork: 1 of 1
# Warmup Iteration   1: 225.174 ops/ms
# Warmup Iteration   2: 258.804 ops/ms
# Warmup Iteration   3: 259.895 ops/ms
# Warmup Iteration   4: 260.151 ops/ms
Iteration   1: 261.517 ops/ms
Iteration   2: 261.239 ops/ms
Iteration   3: 261.822 ops/ms
Iteration   4: 261.618 ops/ms
Iteration   5: 261.232 ops/ms


Result "bench12.Read7880.basketParse":
  261.486 ±(99.9%) 0.975 ops/ms [Average]
  (min, avg, max) = (261.232, 261.486, 261.822), stdev = 0.253
  CI (99.9%): [260.510, 262.461] (assumes normal distribution)


# JMH version: 1.37
# VM version: JDK 21.0.12, OpenJDK 64-Bit Server VM, 21.0.12+8-LTS
# VM invoker: <jdk21>/bin/java
# VM options: -Xms1g -Xmx1g
# Blackhole mode: compiler (auto-detected, use -Djmh.blackhole.autoDetect=false to disable)
# Warmup: 4 iterations, 1 s each
# Measurement: 5 iterations, 1 s each
# Timeout: 10 min per iteration
# Threads: 1 thread, will synchronize iterations
# Benchmark mode: Throughput, ops/time
# Benchmark: bench12.Read7880.basketParseUTF8

# Run progress: 20.00% complete, ETA 00:00:37
# Fork: 1 of 1
# Warmup Iteration   1: 217.392 ops/ms
# Warmup Iteration   2: 253.050 ops/ms
# Warmup Iteration   3: 253.491 ops/ms
# Warmup Iteration   4: 252.586 ops/ms
Iteration   1: 254.400 ops/ms
Iteration   2: 254.671 ops/ms
Iteration   3: 254.912 ops/ms
Iteration   4: 254.421 ops/ms
Iteration   5: 254.891 ops/ms


Result "bench12.Read7880.basketParseUTF8":
  254.659 ±(99.9%) 0.947 ops/ms [Average]
  (min, avg, max) = (254.400, 254.659, 254.912), stdev = 0.246
  CI (99.9%): [253.711, 255.606] (assumes normal distribution)


# JMH version: 1.37
# VM version: JDK 21.0.12, OpenJDK 64-Bit Server VM, 21.0.12+8-LTS
# VM invoker: <jdk21>/bin/java
# VM options: -Xms1g -Xmx1g
# Blackhole mode: compiler (auto-detected, use -Djmh.blackhole.autoDetect=false to disable)
# Warmup: 4 iterations, 1 s each
# Measurement: 5 iterations, 1 s each
# Timeout: 10 min per iteration
# Threads: 1 thread, will synchronize iterations
# Benchmark mode: Throughput, ops/time
# Benchmark: bench12.Read7880.filteredMapWrite

# Run progress: 40.00% complete, ETA 00:00:27
# Fork: 1 of 1
# Warmup Iteration   1: 94.222 ops/ms
# Warmup Iteration   2: 110.650 ops/ms
# Warmup Iteration   3: 111.232 ops/ms
# Warmup Iteration   4: 110.047 ops/ms
Iteration   1: 110.386 ops/ms
Iteration   2: 110.763 ops/ms
Iteration   3: 111.092 ops/ms
Iteration   4: 110.817 ops/ms
Iteration   5: 110.421 ops/ms


Result "bench12.Read7880.filteredMapWrite":
  110.696 ±(99.9%) 1.134 ops/ms [Average]
  (min, avg, max) = (110.386, 110.696, 111.092), stdev = 0.295
  CI (99.9%): [109.562, 111.830] (assumes normal distribution)


# JMH version: 1.37
# VM version: JDK 21.0.12, OpenJDK 64-Bit Server VM, 21.0.12+8-LTS
# VM invoker: <jdk21>/bin/java
# VM options: -Xms1g -Xmx1g
# Blackhole mode: compiler (auto-detected, use -Djmh.blackhole.autoDetect=false to disable)
# Warmup: 4 iterations, 1 s each
# Measurement: 5 iterations, 1 s each
# Timeout: 10 min per iteration
# Threads: 1 thread, will synchronize iterations
# Benchmark mode: Throughput, ops/time
# Benchmark: bench12.Read7880.rootListParse

# Run progress: 60.00% complete, ETA 00:00:18
# Fork: 1 of 1
# Warmup Iteration   1: 227.504 ops/ms
# Warmup Iteration   2: 264.895 ops/ms
# Warmup Iteration   3: 264.704 ops/ms
# Warmup Iteration   4: 265.100 ops/ms
Iteration   1: 265.822 ops/ms
Iteration   2: 266.035 ops/ms
Iteration   3: 265.964 ops/ms
Iteration   4: 265.958 ops/ms
Iteration   5: 265.921 ops/ms


Result "bench12.Read7880.rootListParse":
  265.940 ±(99.9%) 0.299 ops/ms [Average]
  (min, avg, max) = (265.822, 265.940, 266.035), stdev = 0.078
  CI (99.9%): [265.641, 266.238] (assumes normal distribution)


# JMH version: 1.37
# VM version: JDK 21.0.12, OpenJDK 64-Bit Server VM, 21.0.12+8-LTS
# VM invoker: <jdk21>/bin/java
# VM options: -Xms1g -Xmx1g
# Blackhole mode: compiler (auto-detected, use -Djmh.blackhole.autoDetect=false to disable)
# Warmup: 4 iterations, 1 s each
# Measurement: 5 iterations, 1 s each
# Timeout: 10 min per iteration
# Threads: 1 thread, will synchronize iterations
# Benchmark mode: Throughput, ops/time
# Benchmark: bench12.Read7880.treeParse

# Run progress: 80.00% complete, ETA 00:00:09
# Fork: 1 of 1
# Warmup Iteration   1: 195.976 ops/ms
# Warmup Iteration   2: 229.738 ops/ms
# Warmup Iteration   3: 229.385 ops/ms
# Warmup Iteration   4: 231.081 ops/ms
Iteration   1: 231.429 ops/ms
Iteration   2: 231.163 ops/ms
Iteration   3: 231.159 ops/ms
Iteration   4: 231.162 ops/ms
Iteration   5: 230.879 ops/ms


Result "bench12.Read7880.treeParse":
  231.159 ±(99.9%) 0.749 ops/ms [Average]
  (min, avg, max) = (230.879, 231.159, 231.429), stdev = 0.195
  CI (99.9%): [230.409, 231.908] (assumes normal distribution)


# Run complete. Total time: 00:00:46

REMEMBER: The numbers below are just data. To gain reusable insights, you need to follow up on
why the numbers are the way they are. Use profilers (see -prof, -lprof), design factorial
experiments, perform baseline and negative tests that provide experimental control, make sure
the benchmarking environment is safe on JVM/OS/HW level, ask for reviews from the domain experts.
Do not assume the numbers tell you what you want them to tell.

NOTE: Current JVM experimentally supports Compiler Blackholes, and they are in use. Please exercise
extra caution when trusting the results, look into the generated code to check the benchmark still
works, and factor in a small probability of new VM bugs. Additionally, while comparisons between
different JVMs are already problematic, the performance difference caused by different Blackhole
modes can be very significant. Please make sure you use the consistent Blackhole mode for comparisons.

Benchmark                   Mode  Cnt    Score   Error   Units
Read7880.basketParse       thrpt    5  261.486 ± 0.975  ops/ms
Read7880.basketParseUTF8   thrpt    5  254.659 ± 0.947  ops/ms
Read7880.filteredMapWrite  thrpt    5  110.696 ± 1.134  ops/ms
Read7880.rootListParse     thrpt    5  265.940 ± 0.299  ops/ms
Read7880.treeParse         thrpt    5  231.159 ± 0.749  ops/ms

Benchmark result is saved to <work>/env/jmh/ab-r12r/v11-r4.json
