# JMH version: 1.37
# VM version: JDK 21.0.12, OpenJDK 64-Bit Server VM, 21.0.12+8-LTS
# VM invoker: <jdk21>/bin/java
# VM options: -Xms1g -Xmx1g
# Blackhole mode: compiler (auto-detected, use -Djmh.blackhole.autoDetect=false to disable)
# Warmup: 4 iterations, 1 s each
# Measurement: 5 iterations, 1 s each
# Timeout: 10 min per iteration
# Threads: 1 thread, will synchronize iterations
# Benchmark mode: Throughput, ops/time
# Benchmark: bench12.Read7880.basketParse

# Run progress: 0.00% complete, ETA 00:00:45
# Fork: 1 of 1
# Warmup Iteration   1: 226.190 ops/ms
# Warmup Iteration   2: 261.496 ops/ms
# Warmup Iteration   3: 262.319 ops/ms
# Warmup Iteration   4: 262.604 ops/ms
Iteration   1: 264.043 ops/ms
Iteration   2: 263.945 ops/ms
Iteration   3: 263.889 ops/ms
Iteration   4: 263.928 ops/ms
Iteration   5: 263.983 ops/ms


Result "bench12.Read7880.basketParse":
  263.958 ±(99.9%) 0.225 ops/ms [Average]
  (min, avg, max) = (263.889, 263.958, 264.043), stdev = 0.058
  CI (99.9%): [263.733, 264.182] (assumes normal distribution)


# JMH version: 1.37
# VM version: JDK 21.0.12, OpenJDK 64-Bit Server VM, 21.0.12+8-LTS
# VM invoker: <jdk21>/bin/java
# VM options: -Xms1g -Xmx1g
# Blackhole mode: compiler (auto-detected, use -Djmh.blackhole.autoDetect=false to disable)
# Warmup: 4 iterations, 1 s each
# Measurement: 5 iterations, 1 s each
# Timeout: 10 min per iteration
# Threads: 1 thread, will synchronize iterations
# Benchmark mode: Throughput, ops/time
# Benchmark: bench12.Read7880.basketParseUTF8

# Run progress: 20.00% complete, ETA 00:00:37
# Fork: 1 of 1
# Warmup Iteration   1: 220.143 ops/ms
# Warmup Iteration   2: 252.993 ops/ms
# Warmup Iteration   3: 253.677 ops/ms
# Warmup Iteration   4: 252.968 ops/ms
Iteration   1: 254.683 ops/ms
Iteration   2: 255.020 ops/ms
Iteration   3: 255.129 ops/ms
Iteration   4: 255.127 ops/ms
Iteration   5: 255.116 ops/ms


Result "bench12.Read7880.basketParseUTF8":
  255.015 ±(99.9%) 0.736 ops/ms [Average]
  (min, avg, max) = (254.683, 255.015, 255.129), stdev = 0.191
  CI (99.9%): [254.278, 255.751] (assumes normal distribution)


# JMH version: 1.37
# VM version: JDK 21.0.12, OpenJDK 64-Bit Server VM, 21.0.12+8-LTS
# VM invoker: <jdk21>/bin/java
# VM options: -Xms1g -Xmx1g
# Blackhole mode: compiler (auto-detected, use -Djmh.blackhole.autoDetect=false to disable)
# Warmup: 4 iterations, 1 s each
# Measurement: 5 iterations, 1 s each
# Timeout: 10 min per iteration
# Threads: 1 thread, will synchronize iterations
# Benchmark mode: Throughput, ops/time
# Benchmark: bench12.Read7880.filteredMapWrite

# Run progress: 40.00% complete, ETA 00:00:27
# Fork: 1 of 1
# Warmup Iteration   1: 94.399 ops/ms
# Warmup Iteration   2: 111.050 ops/ms
# Warmup Iteration   3: 111.265 ops/ms
# Warmup Iteration   4: 111.266 ops/ms
Iteration   1: 111.178 ops/ms
Iteration   2: 110.945 ops/ms
Iteration   3: 110.747 ops/ms
Iteration   4: 110.456 ops/ms
Iteration   5: 110.098 ops/ms


Result "bench12.Read7880.filteredMapWrite":
  110.685 ±(99.9%) 1.624 ops/ms [Average]
  (min, avg, max) = (110.098, 110.685, 111.178), stdev = 0.422
  CI (99.9%): [109.061, 112.309] (assumes normal distribution)


# JMH version: 1.37
# VM version: JDK 21.0.12, OpenJDK 64-Bit Server VM, 21.0.12+8-LTS
# VM invoker: <jdk21>/bin/java
# VM options: -Xms1g -Xmx1g
# Blackhole mode: compiler (auto-detected, use -Djmh.blackhole.autoDetect=false to disable)
# Warmup: 4 iterations, 1 s each
# Measurement: 5 iterations, 1 s each
# Timeout: 10 min per iteration
# Threads: 1 thread, will synchronize iterations
# Benchmark mode: Throughput, ops/time
# Benchmark: bench12.Read7880.rootListParse

# Run progress: 60.00% complete, ETA 00:00:18
# Fork: 1 of 1
# Warmup Iteration   1: 230.111 ops/ms
# Warmup Iteration   2: 264.295 ops/ms
# Warmup Iteration   3: 264.719 ops/ms
# Warmup Iteration   4: 265.047 ops/ms
Iteration   1: 266.171 ops/ms
Iteration   2: 266.359 ops/ms
Iteration   3: 266.326 ops/ms
Iteration   4: 266.204 ops/ms
Iteration   5: 266.297 ops/ms


Result "bench12.Read7880.rootListParse":
  266.271 ±(99.9%) 0.310 ops/ms [Average]
  (min, avg, max) = (266.171, 266.271, 266.359), stdev = 0.080
  CI (99.9%): [265.961, 266.581] (assumes normal distribution)


# JMH version: 1.37
# VM version: JDK 21.0.12, OpenJDK 64-Bit Server VM, 21.0.12+8-LTS
# VM invoker: <jdk21>/bin/java
# VM options: -Xms1g -Xmx1g
# Blackhole mode: compiler (auto-detected, use -Djmh.blackhole.autoDetect=false to disable)
# Warmup: 4 iterations, 1 s each
# Measurement: 5 iterations, 1 s each
# Timeout: 10 min per iteration
# Threads: 1 thread, will synchronize iterations
# Benchmark mode: Throughput, ops/time
# Benchmark: bench12.Read7880.treeParse

# Run progress: 80.00% complete, ETA 00:00:09
# Fork: 1 of 1
# Warmup Iteration   1: 197.816 ops/ms
# Warmup Iteration   2: 221.590 ops/ms
# Warmup Iteration   3: 226.072 ops/ms
# Warmup Iteration   4: 227.799 ops/ms
Iteration   1: 227.937 ops/ms
Iteration   2: 228.108 ops/ms
Iteration   3: 227.520 ops/ms
Iteration   4: 227.826 ops/ms
Iteration   5: 227.744 ops/ms


Result "bench12.Read7880.treeParse":
  227.827 ±(99.9%) 0.845 ops/ms [Average]
  (min, avg, max) = (227.520, 227.827, 228.108), stdev = 0.219
  CI (99.9%): [226.982, 228.672] (assumes normal distribution)


# Run complete. Total time: 00:00:46

REMEMBER: The numbers below are just data. To gain reusable insights, you need to follow up on
why the numbers are the way they are. Use profilers (see -prof, -lprof), design factorial
experiments, perform baseline and negative tests that provide experimental control, make sure
the benchmarking environment is safe on JVM/OS/HW level, ask for reviews from the domain experts.
Do not assume the numbers tell you what you want them to tell.

NOTE: Current JVM experimentally supports Compiler Blackholes, and they are in use. Please exercise
extra caution when trusting the results, look into the generated code to check the benchmark still
works, and factor in a small probability of new VM bugs. Additionally, while comparisons between
different JVMs are already problematic, the performance difference caused by different Blackhole
modes can be very significant. Please make sure you use the consistent Blackhole mode for comparisons.

Benchmark                   Mode  Cnt    Score   Error   Units
Read7880.basketParse       thrpt    5  263.958 ± 0.225  ops/ms
Read7880.basketParseUTF8   thrpt    5  255.015 ± 0.736  ops/ms
Read7880.filteredMapWrite  thrpt    5  110.685 ± 1.624  ops/ms
Read7880.rootListParse     thrpt    5  266.271 ± 0.310  ops/ms
Read7880.treeParse         thrpt    5  227.827 ± 0.845  ops/ms

Benchmark result is saved to <work>/env/jmh/ab-r12r/v11-r8.json
