# JMH version: 1.37
# VM version: JDK 21.0.12, OpenJDK 64-Bit Server VM, 21.0.12+8-LTS
# VM invoker: <jdk21>/bin/java
# VM options: -Xms1g -Xmx1g
# Blackhole mode: compiler (auto-detected, use -Djmh.blackhole.autoDetect=false to disable)
# Warmup: 4 iterations, 1 s each
# Measurement: 5 iterations, 1 s each
# Timeout: 10 min per iteration
# Threads: 1 thread, will synchronize iterations
# Benchmark mode: Throughput, ops/time
# Benchmark: bench12.Read7880.basketParse

# Run progress: 0.00% complete, ETA 00:00:45
# Fork: 1 of 1
# Warmup Iteration   1: 221.600 ops/ms
# Warmup Iteration   2: 257.063 ops/ms
# Warmup Iteration   3: 257.662 ops/ms
# Warmup Iteration   4: 257.631 ops/ms
Iteration   1: 258.532 ops/ms
Iteration   2: 256.919 ops/ms
Iteration   3: 258.164 ops/ms
Iteration   4: 259.047 ops/ms
Iteration   5: 258.806 ops/ms


Result "bench12.Read7880.basketParse":
  258.294 ±(99.9%) 3.218 ops/ms [Average]
  (min, avg, max) = (256.919, 258.294, 259.047), stdev = 0.836
  CI (99.9%): [255.076, 261.512] (assumes normal distribution)


# JMH version: 1.37
# VM version: JDK 21.0.12, OpenJDK 64-Bit Server VM, 21.0.12+8-LTS
# VM invoker: <jdk21>/bin/java
# VM options: -Xms1g -Xmx1g
# Blackhole mode: compiler (auto-detected, use -Djmh.blackhole.autoDetect=false to disable)
# Warmup: 4 iterations, 1 s each
# Measurement: 5 iterations, 1 s each
# Timeout: 10 min per iteration
# Threads: 1 thread, will synchronize iterations
# Benchmark mode: Throughput, ops/time
# Benchmark: bench12.Read7880.basketParseUTF8

# Run progress: 20.00% complete, ETA 00:00:37
# Fork: 1 of 1
# Warmup Iteration   1: 220.784 ops/ms
# Warmup Iteration   2: 254.368 ops/ms
# Warmup Iteration   3: 255.006 ops/ms
# Warmup Iteration   4: 254.406 ops/ms
Iteration   1: 247.376 ops/ms
Iteration   2: 255.501 ops/ms
Iteration   3: 255.744 ops/ms
Iteration   4: 255.902 ops/ms
Iteration   5: 256.126 ops/ms


Result "bench12.Read7880.basketParseUTF8":
  254.130 ±(99.9%) 14.565 ops/ms [Average]
  (min, avg, max) = (247.376, 254.130, 256.126), stdev = 3.782
  CI (99.9%): [239.565, 268.695] (assumes normal distribution)


# JMH version: 1.37
# VM version: JDK 21.0.12, OpenJDK 64-Bit Server VM, 21.0.12+8-LTS
# VM invoker: <jdk21>/bin/java
# VM options: -Xms1g -Xmx1g
# Blackhole mode: compiler (auto-detected, use -Djmh.blackhole.autoDetect=false to disable)
# Warmup: 4 iterations, 1 s each
# Measurement: 5 iterations, 1 s each
# Timeout: 10 min per iteration
# Threads: 1 thread, will synchronize iterations
# Benchmark mode: Throughput, ops/time
# Benchmark: bench12.Read7880.filteredMapWrite

# Run progress: 40.00% complete, ETA 00:00:27
# Fork: 1 of 1
# Warmup Iteration   1: 93.771 ops/ms
# Warmup Iteration   2: 108.001 ops/ms
# Warmup Iteration   3: 110.238 ops/ms
# Warmup Iteration   4: 109.898 ops/ms
Iteration   1: 109.897 ops/ms
Iteration   2: 110.299 ops/ms
Iteration   3: 110.682 ops/ms
Iteration   4: 110.173 ops/ms
Iteration   5: 109.880 ops/ms


Result "bench12.Read7880.filteredMapWrite":
  110.186 ±(99.9%) 1.272 ops/ms [Average]
  (min, avg, max) = (109.880, 110.186, 110.682), stdev = 0.330
  CI (99.9%): [108.914, 111.458] (assumes normal distribution)


# JMH version: 1.37
# VM version: JDK 21.0.12, OpenJDK 64-Bit Server VM, 21.0.12+8-LTS
# VM invoker: <jdk21>/bin/java
# VM options: -Xms1g -Xmx1g
# Blackhole mode: compiler (auto-detected, use -Djmh.blackhole.autoDetect=false to disable)
# Warmup: 4 iterations, 1 s each
# Measurement: 5 iterations, 1 s each
# Timeout: 10 min per iteration
# Threads: 1 thread, will synchronize iterations
# Benchmark mode: Throughput, ops/time
# Benchmark: bench12.Read7880.rootListParse

# Run progress: 60.00% complete, ETA 00:00:18
# Fork: 1 of 1
# Warmup Iteration   1: 228.099 ops/ms
# Warmup Iteration   2: 259.973 ops/ms
# Warmup Iteration   3: 261.580 ops/ms
# Warmup Iteration   4: 261.151 ops/ms
Iteration   1: 262.568 ops/ms
Iteration   2: 262.408 ops/ms
Iteration   3: 262.669 ops/ms
Iteration   4: 262.506 ops/ms
Iteration   5: 262.560 ops/ms


Result "bench12.Read7880.rootListParse":
  262.542 ±(99.9%) 0.367 ops/ms [Average]
  (min, avg, max) = (262.408, 262.542, 262.669), stdev = 0.095
  CI (99.9%): [262.175, 262.910] (assumes normal distribution)


# JMH version: 1.37
# VM version: JDK 21.0.12, OpenJDK 64-Bit Server VM, 21.0.12+8-LTS
# VM invoker: <jdk21>/bin/java
# VM options: -Xms1g -Xmx1g
# Blackhole mode: compiler (auto-detected, use -Djmh.blackhole.autoDetect=false to disable)
# Warmup: 4 iterations, 1 s each
# Measurement: 5 iterations, 1 s each
# Timeout: 10 min per iteration
# Threads: 1 thread, will synchronize iterations
# Benchmark mode: Throughput, ops/time
# Benchmark: bench12.Read7880.treeParse

# Run progress: 80.00% complete, ETA 00:00:09
# Fork: 1 of 1
# Warmup Iteration   1: 196.418 ops/ms
# Warmup Iteration   2: 231.010 ops/ms
# Warmup Iteration   3: 231.391 ops/ms
# Warmup Iteration   4: 231.758 ops/ms
Iteration   1: 232.870 ops/ms
Iteration   2: 233.360 ops/ms
Iteration   3: 233.512 ops/ms
Iteration   4: 232.725 ops/ms
Iteration   5: 233.465 ops/ms


Result "bench12.Read7880.treeParse":
  233.187 ±(99.9%) 1.398 ops/ms [Average]
  (min, avg, max) = (232.725, 233.187, 233.512), stdev = 0.363
  CI (99.9%): [231.789, 234.584] (assumes normal distribution)


# Run complete. Total time: 00:00:46

REMEMBER: The numbers below are just data. To gain reusable insights, you need to follow up on
why the numbers are the way they are. Use profilers (see -prof, -lprof), design factorial
experiments, perform baseline and negative tests that provide experimental control, make sure
the benchmarking environment is safe on JVM/OS/HW level, ask for reviews from the domain experts.
Do not assume the numbers tell you what you want them to tell.

NOTE: Current JVM experimentally supports Compiler Blackholes, and they are in use. Please exercise
extra caution when trusting the results, look into the generated code to check the benchmark still
works, and factor in a small probability of new VM bugs. Additionally, while comparisons between
different JVMs are already problematic, the performance difference caused by different Blackhole
modes can be very significant. Please make sure you use the consistent Blackhole mode for comparisons.

Benchmark                   Mode  Cnt    Score    Error   Units
Read7880.basketParse       thrpt    5  258.294 ±  3.218  ops/ms
Read7880.basketParseUTF8   thrpt    5  254.130 ± 14.565  ops/ms
Read7880.filteredMapWrite  thrpt    5  110.186 ±  1.272  ops/ms
Read7880.rootListParse     thrpt    5  262.542 ±  0.367  ops/ms
Read7880.treeParse         thrpt    5  233.187 ±  1.398  ops/ms

Benchmark result is saved to <work>/env/jmh/ab-r12r/v11-r3.json
