# JMH version: 1.37
# VM version: JDK 21.0.12, OpenJDK 64-Bit Server VM, 21.0.12+8-LTS
# VM invoker: <jdk21>/bin/java
# VM options: -Xms1g -Xmx1g
# Blackhole mode: compiler (auto-detected, use -Djmh.blackhole.autoDetect=false to disable)
# Warmup: 4 iterations, 1 s each
# Measurement: 5 iterations, 1 s each
# Timeout: 10 min per iteration
# Threads: 1 thread, will synchronize iterations
# Benchmark mode: Throughput, ops/time
# Benchmark: bench12.Read7880.basketParse

# Run progress: 0.00% complete, ETA 00:00:45
# Fork: 1 of 1
# Warmup Iteration   1: 225.346 ops/ms
# Warmup Iteration   2: 259.417 ops/ms
# Warmup Iteration   3: 261.282 ops/ms
# Warmup Iteration   4: 261.022 ops/ms
Iteration   1: 262.834 ops/ms
Iteration   2: 262.528 ops/ms
Iteration   3: 262.879 ops/ms
Iteration   4: 262.861 ops/ms
Iteration   5: 263.039 ops/ms


Result "bench12.Read7880.basketParse":
  262.828 ±(99.9%) 0.716 ops/ms [Average]
  (min, avg, max) = (262.528, 262.828, 263.039), stdev = 0.186
  CI (99.9%): [262.112, 263.544] (assumes normal distribution)


# JMH version: 1.37
# VM version: JDK 21.0.12, OpenJDK 64-Bit Server VM, 21.0.12+8-LTS
# VM invoker: <jdk21>/bin/java
# VM options: -Xms1g -Xmx1g
# Blackhole mode: compiler (auto-detected, use -Djmh.blackhole.autoDetect=false to disable)
# Warmup: 4 iterations, 1 s each
# Measurement: 5 iterations, 1 s each
# Timeout: 10 min per iteration
# Threads: 1 thread, will synchronize iterations
# Benchmark mode: Throughput, ops/time
# Benchmark: bench12.Read7880.basketParseUTF8

# Run progress: 20.00% complete, ETA 00:00:37
# Fork: 1 of 1
# Warmup Iteration   1: 216.969 ops/ms
# Warmup Iteration   2: 252.445 ops/ms
# Warmup Iteration   3: 252.953 ops/ms
# Warmup Iteration   4: 252.825 ops/ms
Iteration   1: 254.579 ops/ms
Iteration   2: 254.567 ops/ms
Iteration   3: 254.299 ops/ms
Iteration   4: 254.580 ops/ms
Iteration   5: 254.210 ops/ms


Result "bench12.Read7880.basketParseUTF8":
  254.447 ±(99.9%) 0.688 ops/ms [Average]
  (min, avg, max) = (254.210, 254.447, 254.580), stdev = 0.179
  CI (99.9%): [253.759, 255.135] (assumes normal distribution)


# JMH version: 1.37
# VM version: JDK 21.0.12, OpenJDK 64-Bit Server VM, 21.0.12+8-LTS
# VM invoker: <jdk21>/bin/java
# VM options: -Xms1g -Xmx1g
# Blackhole mode: compiler (auto-detected, use -Djmh.blackhole.autoDetect=false to disable)
# Warmup: 4 iterations, 1 s each
# Measurement: 5 iterations, 1 s each
# Timeout: 10 min per iteration
# Threads: 1 thread, will synchronize iterations
# Benchmark mode: Throughput, ops/time
# Benchmark: bench12.Read7880.filteredMapWrite

# Run progress: 40.00% complete, ETA 00:00:27
# Fork: 1 of 1
# Warmup Iteration   1: 93.007 ops/ms
# Warmup Iteration   2: 110.979 ops/ms
# Warmup Iteration   3: 111.506 ops/ms
# Warmup Iteration   4: 111.231 ops/ms
Iteration   1: 111.166 ops/ms
Iteration   2: 111.040 ops/ms
Iteration   3: 110.160 ops/ms
Iteration   4: 111.073 ops/ms
Iteration   5: 111.276 ops/ms


Result "bench12.Read7880.filteredMapWrite":
  110.943 ±(99.9%) 1.722 ops/ms [Average]
  (min, avg, max) = (110.160, 110.943, 111.276), stdev = 0.447
  CI (99.9%): [109.221, 112.665] (assumes normal distribution)


# JMH version: 1.37
# VM version: JDK 21.0.12, OpenJDK 64-Bit Server VM, 21.0.12+8-LTS
# VM invoker: <jdk21>/bin/java
# VM options: -Xms1g -Xmx1g
# Blackhole mode: compiler (auto-detected, use -Djmh.blackhole.autoDetect=false to disable)
# Warmup: 4 iterations, 1 s each
# Measurement: 5 iterations, 1 s each
# Timeout: 10 min per iteration
# Threads: 1 thread, will synchronize iterations
# Benchmark mode: Throughput, ops/time
# Benchmark: bench12.Read7880.rootListParse

# Run progress: 60.00% complete, ETA 00:00:18
# Fork: 1 of 1
# Warmup Iteration   1: 220.881 ops/ms
# Warmup Iteration   2: 259.006 ops/ms
# Warmup Iteration   3: 259.312 ops/ms
# Warmup Iteration   4: 258.922 ops/ms
Iteration   1: 260.015 ops/ms
Iteration   2: 260.314 ops/ms
Iteration   3: 259.957 ops/ms
Iteration   4: 259.231 ops/ms
Iteration   5: 259.480 ops/ms


Result "bench12.Read7880.rootListParse":
  259.800 ±(99.9%) 1.680 ops/ms [Average]
  (min, avg, max) = (259.231, 259.800, 260.314), stdev = 0.436
  CI (99.9%): [258.120, 261.479] (assumes normal distribution)


# JMH version: 1.37
# VM version: JDK 21.0.12, OpenJDK 64-Bit Server VM, 21.0.12+8-LTS
# VM invoker: <jdk21>/bin/java
# VM options: -Xms1g -Xmx1g
# Blackhole mode: compiler (auto-detected, use -Djmh.blackhole.autoDetect=false to disable)
# Warmup: 4 iterations, 1 s each
# Measurement: 5 iterations, 1 s each
# Timeout: 10 min per iteration
# Threads: 1 thread, will synchronize iterations
# Benchmark mode: Throughput, ops/time
# Benchmark: bench12.Read7880.treeParse

# Run progress: 80.00% complete, ETA 00:00:09
# Fork: 1 of 1
# Warmup Iteration   1: 185.760 ops/ms
# Warmup Iteration   2: 215.363 ops/ms
# Warmup Iteration   3: 218.552 ops/ms
# Warmup Iteration   4: 220.184 ops/ms
Iteration   1: 220.274 ops/ms
Iteration   2: 218.892 ops/ms
Iteration   3: 220.198 ops/ms
Iteration   4: 220.390 ops/ms
Iteration   5: 219.914 ops/ms


Result "bench12.Read7880.treeParse":
  219.934 ±(99.9%) 2.343 ops/ms [Average]
  (min, avg, max) = (218.892, 219.934, 220.390), stdev = 0.608
  CI (99.9%): [217.591, 222.276] (assumes normal distribution)


# Run complete. Total time: 00:00:46

REMEMBER: The numbers below are just data. To gain reusable insights, you need to follow up on
why the numbers are the way they are. Use profilers (see -prof, -lprof), design factorial
experiments, perform baseline and negative tests that provide experimental control, make sure
the benchmarking environment is safe on JVM/OS/HW level, ask for reviews from the domain experts.
Do not assume the numbers tell you what you want them to tell.

NOTE: Current JVM experimentally supports Compiler Blackholes, and they are in use. Please exercise
extra caution when trusting the results, look into the generated code to check the benchmark still
works, and factor in a small probability of new VM bugs. Additionally, while comparisons between
different JVMs are already problematic, the performance difference caused by different Blackhole
modes can be very significant. Please make sure you use the consistent Blackhole mode for comparisons.

Benchmark                   Mode  Cnt    Score   Error   Units
Read7880.basketParse       thrpt    5  262.828 ± 0.716  ops/ms
Read7880.basketParseUTF8   thrpt    5  254.447 ± 0.688  ops/ms
Read7880.filteredMapWrite  thrpt    5  110.943 ± 1.722  ops/ms
Read7880.rootListParse     thrpt    5  259.800 ± 1.680  ops/ms
Read7880.treeParse         thrpt    5  219.934 ± 2.343  ops/ms

Benchmark result is saved to <work>/env/jmh/ab-r12r/v11-r1.json
