# JMH version: 1.37
# VM version: JDK 21.0.12, OpenJDK 64-Bit Server VM, 21.0.12+8-LTS
# VM invoker: <jdk21>/bin/java
# VM options: -Xms1g -Xmx1g
# Blackhole mode: compiler (auto-detected, use -Djmh.blackhole.autoDetect=false to disable)
# Warmup: 4 iterations, 1 s each
# Measurement: 5 iterations, 1 s each
# Timeout: 10 min per iteration
# Threads: 1 thread, will synchronize iterations
# Benchmark mode: Throughput, ops/time
# Benchmark: bench12.Read7880.basketParse

# Run progress: 0.00% complete, ETA 00:00:45
# Fork: 1 of 1
# Warmup Iteration   1: 223.814 ops/ms
# Warmup Iteration   2: 259.659 ops/ms
# Warmup Iteration   3: 261.430 ops/ms
# Warmup Iteration   4: 261.368 ops/ms
Iteration   1: 262.357 ops/ms
Iteration   2: 262.426 ops/ms
Iteration   3: 262.399 ops/ms
Iteration   4: 262.473 ops/ms
Iteration   5: 262.414 ops/ms


Result "bench12.Read7880.basketParse":
  262.414 ±(99.9%) 0.162 ops/ms [Average]
  (min, avg, max) = (262.357, 262.414, 262.473), stdev = 0.042
  CI (99.9%): [262.252, 262.576] (assumes normal distribution)


# JMH version: 1.37
# VM version: JDK 21.0.12, OpenJDK 64-Bit Server VM, 21.0.12+8-LTS
# VM invoker: <jdk21>/bin/java
# VM options: -Xms1g -Xmx1g
# Blackhole mode: compiler (auto-detected, use -Djmh.blackhole.autoDetect=false to disable)
# Warmup: 4 iterations, 1 s each
# Measurement: 5 iterations, 1 s each
# Timeout: 10 min per iteration
# Threads: 1 thread, will synchronize iterations
# Benchmark mode: Throughput, ops/time
# Benchmark: bench12.Read7880.basketParseUTF8

# Run progress: 20.00% complete, ETA 00:00:37
# Fork: 1 of 1
# Warmup Iteration   1: 219.364 ops/ms
# Warmup Iteration   2: 257.253 ops/ms
# Warmup Iteration   3: 257.699 ops/ms
# Warmup Iteration   4: 257.562 ops/ms
Iteration   1: 258.433 ops/ms
Iteration   2: 258.892 ops/ms
Iteration   3: 258.749 ops/ms
Iteration   4: 258.865 ops/ms
Iteration   5: 258.503 ops/ms


Result "bench12.Read7880.basketParseUTF8":
  258.689 ±(99.9%) 0.808 ops/ms [Average]
  (min, avg, max) = (258.433, 258.689, 258.892), stdev = 0.210
  CI (99.9%): [257.880, 259.497] (assumes normal distribution)


# JMH version: 1.37
# VM version: JDK 21.0.12, OpenJDK 64-Bit Server VM, 21.0.12+8-LTS
# VM invoker: <jdk21>/bin/java
# VM options: -Xms1g -Xmx1g
# Blackhole mode: compiler (auto-detected, use -Djmh.blackhole.autoDetect=false to disable)
# Warmup: 4 iterations, 1 s each
# Measurement: 5 iterations, 1 s each
# Timeout: 10 min per iteration
# Threads: 1 thread, will synchronize iterations
# Benchmark mode: Throughput, ops/time
# Benchmark: bench12.Read7880.filteredMapWrite

# Run progress: 40.00% complete, ETA 00:00:27
# Fork: 1 of 1
# Warmup Iteration   1: 94.534 ops/ms
# Warmup Iteration   2: 110.559 ops/ms
# Warmup Iteration   3: 111.032 ops/ms
# Warmup Iteration   4: 110.711 ops/ms
Iteration   1: 110.771 ops/ms
Iteration   2: 110.779 ops/ms
Iteration   3: 110.511 ops/ms
Iteration   4: 111.490 ops/ms
Iteration   5: 109.762 ops/ms


Result "bench12.Read7880.filteredMapWrite":
  110.662 ±(99.9%) 2.392 ops/ms [Average]
  (min, avg, max) = (109.762, 110.662, 111.490), stdev = 0.621
  CI (99.9%): [108.271, 113.054] (assumes normal distribution)


# JMH version: 1.37
# VM version: JDK 21.0.12, OpenJDK 64-Bit Server VM, 21.0.12+8-LTS
# VM invoker: <jdk21>/bin/java
# VM options: -Xms1g -Xmx1g
# Blackhole mode: compiler (auto-detected, use -Djmh.blackhole.autoDetect=false to disable)
# Warmup: 4 iterations, 1 s each
# Measurement: 5 iterations, 1 s each
# Timeout: 10 min per iteration
# Threads: 1 thread, will synchronize iterations
# Benchmark mode: Throughput, ops/time
# Benchmark: bench12.Read7880.rootListParse

# Run progress: 60.00% complete, ETA 00:00:18
# Fork: 1 of 1
# Warmup Iteration   1: 226.472 ops/ms
# Warmup Iteration   2: 265.340 ops/ms
# Warmup Iteration   3: 265.075 ops/ms
# Warmup Iteration   4: 265.569 ops/ms
Iteration   1: 267.040 ops/ms
Iteration   2: 266.929 ops/ms
Iteration   3: 266.938 ops/ms
Iteration   4: 267.129 ops/ms
Iteration   5: 267.109 ops/ms


Result "bench12.Read7880.rootListParse":
  267.029 ±(99.9%) 0.359 ops/ms [Average]
  (min, avg, max) = (266.929, 267.029, 267.129), stdev = 0.093
  CI (99.9%): [266.670, 267.388] (assumes normal distribution)


# JMH version: 1.37
# VM version: JDK 21.0.12, OpenJDK 64-Bit Server VM, 21.0.12+8-LTS
# VM invoker: <jdk21>/bin/java
# VM options: -Xms1g -Xmx1g
# Blackhole mode: compiler (auto-detected, use -Djmh.blackhole.autoDetect=false to disable)
# Warmup: 4 iterations, 1 s each
# Measurement: 5 iterations, 1 s each
# Timeout: 10 min per iteration
# Threads: 1 thread, will synchronize iterations
# Benchmark mode: Throughput, ops/time
# Benchmark: bench12.Read7880.treeParse

# Run progress: 80.00% complete, ETA 00:00:09
# Fork: 1 of 1
# Warmup Iteration   1: 194.956 ops/ms
# Warmup Iteration   2: 219.356 ops/ms
# Warmup Iteration   3: 224.991 ops/ms
# Warmup Iteration   4: 226.470 ops/ms
Iteration   1: 226.701 ops/ms
Iteration   2: 226.725 ops/ms
Iteration   3: 226.776 ops/ms
Iteration   4: 226.593 ops/ms
Iteration   5: 226.372 ops/ms


Result "bench12.Read7880.treeParse":
  226.633 ±(99.9%) 0.619 ops/ms [Average]
  (min, avg, max) = (226.372, 226.633, 226.776), stdev = 0.161
  CI (99.9%): [226.015, 227.252] (assumes normal distribution)


# Run complete. Total time: 00:00:46

REMEMBER: The numbers below are just data. To gain reusable insights, you need to follow up on
why the numbers are the way they are. Use profilers (see -prof, -lprof), design factorial
experiments, perform baseline and negative tests that provide experimental control, make sure
the benchmarking environment is safe on JVM/OS/HW level, ask for reviews from the domain experts.
Do not assume the numbers tell you what you want them to tell.

NOTE: Current JVM experimentally supports Compiler Blackholes, and they are in use. Please exercise
extra caution when trusting the results, look into the generated code to check the benchmark still
works, and factor in a small probability of new VM bugs. Additionally, while comparisons between
different JVMs are already problematic, the performance difference caused by different Blackhole
modes can be very significant. Please make sure you use the consistent Blackhole mode for comparisons.

Benchmark                   Mode  Cnt    Score   Error   Units
Read7880.basketParse       thrpt    5  262.414 ± 0.162  ops/ms
Read7880.basketParseUTF8   thrpt    5  258.689 ± 0.808  ops/ms
Read7880.filteredMapWrite  thrpt    5  110.662 ± 2.392  ops/ms
Read7880.rootListParse     thrpt    5  267.029 ± 0.359  ops/ms
Read7880.treeParse         thrpt    5  226.633 ± 0.619  ops/ms

Benchmark result is saved to <work>/env/jmh/ab-r12r/v11-r6.json
