# JMH version: 1.37
# VM version: JDK 21.0.12, OpenJDK 64-Bit Server VM, 21.0.12+8-LTS
# VM invoker: <jdk21>/bin/java
# VM options: -Xms1g -Xmx1g
# Blackhole mode: compiler (auto-detected, use -Djmh.blackhole.autoDetect=false to disable)
# Warmup: 4 iterations, 1 s each
# Measurement: 5 iterations, 1 s each
# Timeout: 10 min per iteration
# Threads: 1 thread, will synchronize iterations
# Benchmark mode: Throughput, ops/time
# Benchmark: bench12.Read7880.basketParse

# Run progress: 0.00% complete, ETA 00:00:45
# Fork: 1 of 1
# Warmup Iteration   1: 225.425 ops/ms
# Warmup Iteration   2: 258.682 ops/ms
# Warmup Iteration   3: 259.987 ops/ms
# Warmup Iteration   4: 260.117 ops/ms
Iteration   1: 260.992 ops/ms
Iteration   2: 260.923 ops/ms
Iteration   3: 261.055 ops/ms
Iteration   4: 261.023 ops/ms
Iteration   5: 260.939 ops/ms


Result "bench12.Read7880.basketParse":
  260.986 ±(99.9%) 0.213 ops/ms [Average]
  (min, avg, max) = (260.923, 260.986, 261.055), stdev = 0.055
  CI (99.9%): [260.773, 261.199] (assumes normal distribution)


# JMH version: 1.37
# VM version: JDK 21.0.12, OpenJDK 64-Bit Server VM, 21.0.12+8-LTS
# VM invoker: <jdk21>/bin/java
# VM options: -Xms1g -Xmx1g
# Blackhole mode: compiler (auto-detected, use -Djmh.blackhole.autoDetect=false to disable)
# Warmup: 4 iterations, 1 s each
# Measurement: 5 iterations, 1 s each
# Timeout: 10 min per iteration
# Threads: 1 thread, will synchronize iterations
# Benchmark mode: Throughput, ops/time
# Benchmark: bench12.Read7880.basketParseUTF8

# Run progress: 20.00% complete, ETA 00:00:37
# Fork: 1 of 1
# Warmup Iteration   1: 218.783 ops/ms
# Warmup Iteration   2: 253.278 ops/ms
# Warmup Iteration   3: 254.016 ops/ms
# Warmup Iteration   4: 254.069 ops/ms
Iteration   1: 254.630 ops/ms
Iteration   2: 255.017 ops/ms
Iteration   3: 253.845 ops/ms
Iteration   4: 254.745 ops/ms
Iteration   5: 255.008 ops/ms


Result "bench12.Read7880.basketParseUTF8":
  254.649 ±(99.9%) 1.847 ops/ms [Average]
  (min, avg, max) = (253.845, 254.649, 255.017), stdev = 0.480
  CI (99.9%): [252.802, 256.496] (assumes normal distribution)


# JMH version: 1.37
# VM version: JDK 21.0.12, OpenJDK 64-Bit Server VM, 21.0.12+8-LTS
# VM invoker: <jdk21>/bin/java
# VM options: -Xms1g -Xmx1g
# Blackhole mode: compiler (auto-detected, use -Djmh.blackhole.autoDetect=false to disable)
# Warmup: 4 iterations, 1 s each
# Measurement: 5 iterations, 1 s each
# Timeout: 10 min per iteration
# Threads: 1 thread, will synchronize iterations
# Benchmark mode: Throughput, ops/time
# Benchmark: bench12.Read7880.filteredMapWrite

# Run progress: 40.00% complete, ETA 00:00:27
# Fork: 1 of 1
# Warmup Iteration   1: 93.039 ops/ms
# Warmup Iteration   2: 110.096 ops/ms
# Warmup Iteration   3: 110.929 ops/ms
# Warmup Iteration   4: 110.962 ops/ms
Iteration   1: 110.368 ops/ms
Iteration   2: 110.529 ops/ms
Iteration   3: 110.436 ops/ms
Iteration   4: 110.786 ops/ms
Iteration   5: 110.905 ops/ms


Result "bench12.Read7880.filteredMapWrite":
  110.605 ±(99.9%) 0.889 ops/ms [Average]
  (min, avg, max) = (110.368, 110.605, 110.905), stdev = 0.231
  CI (99.9%): [109.715, 111.494] (assumes normal distribution)


# JMH version: 1.37
# VM version: JDK 21.0.12, OpenJDK 64-Bit Server VM, 21.0.12+8-LTS
# VM invoker: <jdk21>/bin/java
# VM options: -Xms1g -Xmx1g
# Blackhole mode: compiler (auto-detected, use -Djmh.blackhole.autoDetect=false to disable)
# Warmup: 4 iterations, 1 s each
# Measurement: 5 iterations, 1 s each
# Timeout: 10 min per iteration
# Threads: 1 thread, will synchronize iterations
# Benchmark mode: Throughput, ops/time
# Benchmark: bench12.Read7880.rootListParse

# Run progress: 60.00% complete, ETA 00:00:18
# Fork: 1 of 1
# Warmup Iteration   1: 227.238 ops/ms
# Warmup Iteration   2: 263.362 ops/ms
# Warmup Iteration   3: 263.374 ops/ms
# Warmup Iteration   4: 263.842 ops/ms
Iteration   1: 264.637 ops/ms
Iteration   2: 264.620 ops/ms
Iteration   3: 264.416 ops/ms
Iteration   4: 264.674 ops/ms
Iteration   5: 264.799 ops/ms


Result "bench12.Read7880.rootListParse":
  264.629 ±(99.9%) 0.533 ops/ms [Average]
  (min, avg, max) = (264.416, 264.629, 264.799), stdev = 0.138
  CI (99.9%): [264.096, 265.162] (assumes normal distribution)


# JMH version: 1.37
# VM version: JDK 21.0.12, OpenJDK 64-Bit Server VM, 21.0.12+8-LTS
# VM invoker: <jdk21>/bin/java
# VM options: -Xms1g -Xmx1g
# Blackhole mode: compiler (auto-detected, use -Djmh.blackhole.autoDetect=false to disable)
# Warmup: 4 iterations, 1 s each
# Measurement: 5 iterations, 1 s each
# Timeout: 10 min per iteration
# Threads: 1 thread, will synchronize iterations
# Benchmark mode: Throughput, ops/time
# Benchmark: bench12.Read7880.treeParse

# Run progress: 80.00% complete, ETA 00:00:09
# Fork: 1 of 1
# Warmup Iteration   1: 204.604 ops/ms
# Warmup Iteration   2: 238.128 ops/ms
# Warmup Iteration   3: 238.042 ops/ms
# Warmup Iteration   4: 239.559 ops/ms
Iteration   1: 240.329 ops/ms
Iteration   2: 239.959 ops/ms
Iteration   3: 239.887 ops/ms
Iteration   4: 240.344 ops/ms
Iteration   5: 239.134 ops/ms


Result "bench12.Read7880.treeParse":
  239.931 ±(99.9%) 1.893 ops/ms [Average]
  (min, avg, max) = (239.134, 239.931, 240.344), stdev = 0.492
  CI (99.9%): [238.037, 241.824] (assumes normal distribution)


# Run complete. Total time: 00:00:46

REMEMBER: The numbers below are just data. To gain reusable insights, you need to follow up on
why the numbers are the way they are. Use profilers (see -prof, -lprof), design factorial
experiments, perform baseline and negative tests that provide experimental control, make sure
the benchmarking environment is safe on JVM/OS/HW level, ask for reviews from the domain experts.
Do not assume the numbers tell you what you want them to tell.

NOTE: Current JVM experimentally supports Compiler Blackholes, and they are in use. Please exercise
extra caution when trusting the results, look into the generated code to check the benchmark still
works, and factor in a small probability of new VM bugs. Additionally, while comparisons between
different JVMs are already problematic, the performance difference caused by different Blackhole
modes can be very significant. Please make sure you use the consistent Blackhole mode for comparisons.

Benchmark                   Mode  Cnt    Score   Error   Units
Read7880.basketParse       thrpt    5  260.986 ± 0.213  ops/ms
Read7880.basketParseUTF8   thrpt    5  254.649 ± 1.847  ops/ms
Read7880.filteredMapWrite  thrpt    5  110.605 ± 0.889  ops/ms
Read7880.rootListParse     thrpt    5  264.629 ± 0.533  ops/ms
Read7880.treeParse         thrpt    5  239.931 ± 1.893  ops/ms

Benchmark result is saved to <work>/env/jmh/ab-r12r/v11copy-r7.json
