# JMH version: 1.37
# VM version: JDK 21.0.12, OpenJDK 64-Bit Server VM, 21.0.12+8-LTS
# VM invoker: <jdk21>/bin/java
# VM options: -Xms1g -Xmx1g
# Blackhole mode: compiler (auto-detected, use -Djmh.blackhole.autoDetect=false to disable)
# Warmup: 4 iterations, 1 s each
# Measurement: 5 iterations, 1 s each
# Timeout: 10 min per iteration
# Threads: 1 thread, will synchronize iterations
# Benchmark mode: Throughput, ops/time
# Benchmark: bench12.Read7880.basketParse

# Run progress: 0.00% complete, ETA 00:00:45
# Fork: 1 of 1
# Warmup Iteration   1: 224.666 ops/ms
# Warmup Iteration   2: 259.167 ops/ms
# Warmup Iteration   3: 260.423 ops/ms
# Warmup Iteration   4: 260.437 ops/ms
Iteration   1: 261.085 ops/ms
Iteration   2: 260.861 ops/ms
Iteration   3: 261.613 ops/ms
Iteration   4: 261.224 ops/ms
Iteration   5: 260.796 ops/ms


Result "bench12.Read7880.basketParse":
  261.116 ±(99.9%) 1.259 ops/ms [Average]
  (min, avg, max) = (260.796, 261.116, 261.613), stdev = 0.327
  CI (99.9%): [259.857, 262.375] (assumes normal distribution)


# JMH version: 1.37
# VM version: JDK 21.0.12, OpenJDK 64-Bit Server VM, 21.0.12+8-LTS
# VM invoker: <jdk21>/bin/java
# VM options: -Xms1g -Xmx1g
# Blackhole mode: compiler (auto-detected, use -Djmh.blackhole.autoDetect=false to disable)
# Warmup: 4 iterations, 1 s each
# Measurement: 5 iterations, 1 s each
# Timeout: 10 min per iteration
# Threads: 1 thread, will synchronize iterations
# Benchmark mode: Throughput, ops/time
# Benchmark: bench12.Read7880.basketParseUTF8

# Run progress: 20.00% complete, ETA 00:00:37
# Fork: 1 of 1
# Warmup Iteration   1: 223.821 ops/ms
# Warmup Iteration   2: 256.325 ops/ms
# Warmup Iteration   3: 258.031 ops/ms
# Warmup Iteration   4: 258.167 ops/ms
Iteration   1: 258.902 ops/ms
Iteration   2: 259.245 ops/ms
Iteration   3: 258.888 ops/ms
Iteration   4: 258.862 ops/ms
Iteration   5: 258.651 ops/ms


Result "bench12.Read7880.basketParseUTF8":
  258.910 ±(99.9%) 0.823 ops/ms [Average]
  (min, avg, max) = (258.651, 258.910, 259.245), stdev = 0.214
  CI (99.9%): [258.087, 259.732] (assumes normal distribution)


# JMH version: 1.37
# VM version: JDK 21.0.12, OpenJDK 64-Bit Server VM, 21.0.12+8-LTS
# VM invoker: <jdk21>/bin/java
# VM options: -Xms1g -Xmx1g
# Blackhole mode: compiler (auto-detected, use -Djmh.blackhole.autoDetect=false to disable)
# Warmup: 4 iterations, 1 s each
# Measurement: 5 iterations, 1 s each
# Timeout: 10 min per iteration
# Threads: 1 thread, will synchronize iterations
# Benchmark mode: Throughput, ops/time
# Benchmark: bench12.Read7880.filteredMapWrite

# Run progress: 40.00% complete, ETA 00:00:27
# Fork: 1 of 1
# Warmup Iteration   1: 96.023 ops/ms
# Warmup Iteration   2: 110.311 ops/ms
# Warmup Iteration   3: 111.223 ops/ms
# Warmup Iteration   4: 110.399 ops/ms
Iteration   1: 110.548 ops/ms
Iteration   2: 110.310 ops/ms
Iteration   3: 110.528 ops/ms
Iteration   4: 111.077 ops/ms
Iteration   5: 110.919 ops/ms


Result "bench12.Read7880.filteredMapWrite":
  110.676 ±(99.9%) 1.206 ops/ms [Average]
  (min, avg, max) = (110.310, 110.676, 111.077), stdev = 0.313
  CI (99.9%): [109.471, 111.882] (assumes normal distribution)


# JMH version: 1.37
# VM version: JDK 21.0.12, OpenJDK 64-Bit Server VM, 21.0.12+8-LTS
# VM invoker: <jdk21>/bin/java
# VM options: -Xms1g -Xmx1g
# Blackhole mode: compiler (auto-detected, use -Djmh.blackhole.autoDetect=false to disable)
# Warmup: 4 iterations, 1 s each
# Measurement: 5 iterations, 1 s each
# Timeout: 10 min per iteration
# Threads: 1 thread, will synchronize iterations
# Benchmark mode: Throughput, ops/time
# Benchmark: bench12.Read7880.rootListParse

# Run progress: 60.00% complete, ETA 00:00:18
# Fork: 1 of 1
# Warmup Iteration   1: 225.265 ops/ms
# Warmup Iteration   2: 260.799 ops/ms
# Warmup Iteration   3: 261.489 ops/ms
# Warmup Iteration   4: 261.605 ops/ms
Iteration   1: 262.526 ops/ms
Iteration   2: 262.393 ops/ms
Iteration   3: 262.289 ops/ms
Iteration   4: 261.950 ops/ms
Iteration   5: 262.348 ops/ms


Result "bench12.Read7880.rootListParse":
  262.301 ±(99.9%) 0.826 ops/ms [Average]
  (min, avg, max) = (261.950, 262.301, 262.526), stdev = 0.215
  CI (99.9%): [261.475, 263.127] (assumes normal distribution)


# JMH version: 1.37
# VM version: JDK 21.0.12, OpenJDK 64-Bit Server VM, 21.0.12+8-LTS
# VM invoker: <jdk21>/bin/java
# VM options: -Xms1g -Xmx1g
# Blackhole mode: compiler (auto-detected, use -Djmh.blackhole.autoDetect=false to disable)
# Warmup: 4 iterations, 1 s each
# Measurement: 5 iterations, 1 s each
# Timeout: 10 min per iteration
# Threads: 1 thread, will synchronize iterations
# Benchmark mode: Throughput, ops/time
# Benchmark: bench12.Read7880.treeParse

# Run progress: 80.00% complete, ETA 00:00:09
# Fork: 1 of 1
# Warmup Iteration   1: 190.582 ops/ms
# Warmup Iteration   2: 226.357 ops/ms
# Warmup Iteration   3: 227.162 ops/ms
# Warmup Iteration   4: 228.285 ops/ms
Iteration   1: 228.737 ops/ms
Iteration   2: 229.086 ops/ms
Iteration   3: 228.339 ops/ms
Iteration   4: 228.404 ops/ms
Iteration   5: 228.982 ops/ms


Result "bench12.Read7880.treeParse":
  228.710 ±(99.9%) 1.288 ops/ms [Average]
  (min, avg, max) = (228.339, 228.710, 229.086), stdev = 0.334
  CI (99.9%): [227.422, 229.997] (assumes normal distribution)


# Run complete. Total time: 00:00:46

REMEMBER: The numbers below are just data. To gain reusable insights, you need to follow up on
why the numbers are the way they are. Use profilers (see -prof, -lprof), design factorial
experiments, perform baseline and negative tests that provide experimental control, make sure
the benchmarking environment is safe on JVM/OS/HW level, ask for reviews from the domain experts.
Do not assume the numbers tell you what you want them to tell.

NOTE: Current JVM experimentally supports Compiler Blackholes, and they are in use. Please exercise
extra caution when trusting the results, look into the generated code to check the benchmark still
works, and factor in a small probability of new VM bugs. Additionally, while comparisons between
different JVMs are already problematic, the performance difference caused by different Blackhole
modes can be very significant. Please make sure you use the consistent Blackhole mode for comparisons.

Benchmark                   Mode  Cnt    Score   Error   Units
Read7880.basketParse       thrpt    5  261.116 ± 1.259  ops/ms
Read7880.basketParseUTF8   thrpt    5  258.910 ± 0.823  ops/ms
Read7880.filteredMapWrite  thrpt    5  110.676 ± 1.206  ops/ms
Read7880.rootListParse     thrpt    5  262.301 ± 0.826  ops/ms
Read7880.treeParse         thrpt    5  228.710 ± 1.288  ops/ms

Benchmark result is saved to <work>/env/jmh/ab-r12r/v11copy-r6.json
