# JMH version: 1.37
# VM version: JDK 21.0.12, OpenJDK 64-Bit Server VM, 21.0.12+8-LTS
# VM invoker: <jdk21>/bin/java
# VM options: -Xms1g -Xmx1g
# Blackhole mode: compiler (auto-detected, use -Djmh.blackhole.autoDetect=false to disable)
# Warmup: 4 iterations, 1 s each
# Measurement: 5 iterations, 1 s each
# Timeout: 10 min per iteration
# Threads: 1 thread, will synchronize iterations
# Benchmark mode: Throughput, ops/time
# Benchmark: bench12.Read7880.basketParse

# Run progress: 0.00% complete, ETA 00:00:45
# Fork: 1 of 1
# Warmup Iteration   1: 223.668 ops/ms
# Warmup Iteration   2: 256.706 ops/ms
# Warmup Iteration   3: 257.708 ops/ms
# Warmup Iteration   4: 257.895 ops/ms
Iteration   1: 258.673 ops/ms
Iteration   2: 258.511 ops/ms
Iteration   3: 258.462 ops/ms
Iteration   4: 258.835 ops/ms
Iteration   5: 258.499 ops/ms


Result "bench12.Read7880.basketParse":
  258.596 ±(99.9%) 0.602 ops/ms [Average]
  (min, avg, max) = (258.462, 258.596, 258.835), stdev = 0.156
  CI (99.9%): [257.994, 259.198] (assumes normal distribution)


# JMH version: 1.37
# VM version: JDK 21.0.12, OpenJDK 64-Bit Server VM, 21.0.12+8-LTS
# VM invoker: <jdk21>/bin/java
# VM options: -Xms1g -Xmx1g
# Blackhole mode: compiler (auto-detected, use -Djmh.blackhole.autoDetect=false to disable)
# Warmup: 4 iterations, 1 s each
# Measurement: 5 iterations, 1 s each
# Timeout: 10 min per iteration
# Threads: 1 thread, will synchronize iterations
# Benchmark mode: Throughput, ops/time
# Benchmark: bench12.Read7880.basketParseUTF8

# Run progress: 20.00% complete, ETA 00:00:37
# Fork: 1 of 1
# Warmup Iteration   1: 212.543 ops/ms
# Warmup Iteration   2: 251.390 ops/ms
# Warmup Iteration   3: 251.169 ops/ms
# Warmup Iteration   4: 251.159 ops/ms
Iteration   1: 246.139 ops/ms
Iteration   2: 252.887 ops/ms
Iteration   3: 252.109 ops/ms
Iteration   4: 252.247 ops/ms
Iteration   5: 252.761 ops/ms


Result "bench12.Read7880.basketParseUTF8":
  251.229 ±(99.9%) 11.028 ops/ms [Average]
  (min, avg, max) = (246.139, 251.229, 252.887), stdev = 2.864
  CI (99.9%): [240.200, 262.257] (assumes normal distribution)


# JMH version: 1.37
# VM version: JDK 21.0.12, OpenJDK 64-Bit Server VM, 21.0.12+8-LTS
# VM invoker: <jdk21>/bin/java
# VM options: -Xms1g -Xmx1g
# Blackhole mode: compiler (auto-detected, use -Djmh.blackhole.autoDetect=false to disable)
# Warmup: 4 iterations, 1 s each
# Measurement: 5 iterations, 1 s each
# Timeout: 10 min per iteration
# Threads: 1 thread, will synchronize iterations
# Benchmark mode: Throughput, ops/time
# Benchmark: bench12.Read7880.filteredMapWrite

# Run progress: 40.00% complete, ETA 00:00:27
# Fork: 1 of 1
# Warmup Iteration   1: 92.119 ops/ms
# Warmup Iteration   2: 111.143 ops/ms
# Warmup Iteration   3: 111.697 ops/ms
# Warmup Iteration   4: 111.090 ops/ms
Iteration   1: 111.115 ops/ms
Iteration   2: 111.134 ops/ms
Iteration   3: 111.034 ops/ms
Iteration   4: 110.757 ops/ms
Iteration   5: 111.569 ops/ms


Result "bench12.Read7880.filteredMapWrite":
  111.122 ±(99.9%) 1.124 ops/ms [Average]
  (min, avg, max) = (110.757, 111.122, 111.569), stdev = 0.292
  CI (99.9%): [109.997, 112.246] (assumes normal distribution)


# JMH version: 1.37
# VM version: JDK 21.0.12, OpenJDK 64-Bit Server VM, 21.0.12+8-LTS
# VM invoker: <jdk21>/bin/java
# VM options: -Xms1g -Xmx1g
# Blackhole mode: compiler (auto-detected, use -Djmh.blackhole.autoDetect=false to disable)
# Warmup: 4 iterations, 1 s each
# Measurement: 5 iterations, 1 s each
# Timeout: 10 min per iteration
# Threads: 1 thread, will synchronize iterations
# Benchmark mode: Throughput, ops/time
# Benchmark: bench12.Read7880.rootListParse

# Run progress: 60.00% complete, ETA 00:00:18
# Fork: 1 of 1
# Warmup Iteration   1: 220.075 ops/ms
# Warmup Iteration   2: 257.093 ops/ms
# Warmup Iteration   3: 257.404 ops/ms
# Warmup Iteration   4: 257.207 ops/ms
Iteration   1: 258.491 ops/ms
Iteration   2: 258.721 ops/ms
Iteration   3: 258.376 ops/ms
Iteration   4: 258.207 ops/ms
Iteration   5: 258.167 ops/ms


Result "bench12.Read7880.rootListParse":
  258.392 ±(99.9%) 0.867 ops/ms [Average]
  (min, avg, max) = (258.167, 258.392, 258.721), stdev = 0.225
  CI (99.9%): [257.525, 259.259] (assumes normal distribution)


# JMH version: 1.37
# VM version: JDK 21.0.12, OpenJDK 64-Bit Server VM, 21.0.12+8-LTS
# VM invoker: <jdk21>/bin/java
# VM options: -Xms1g -Xmx1g
# Blackhole mode: compiler (auto-detected, use -Djmh.blackhole.autoDetect=false to disable)
# Warmup: 4 iterations, 1 s each
# Measurement: 5 iterations, 1 s each
# Timeout: 10 min per iteration
# Threads: 1 thread, will synchronize iterations
# Benchmark mode: Throughput, ops/time
# Benchmark: bench12.Read7880.treeParse

# Run progress: 80.00% complete, ETA 00:00:09
# Fork: 1 of 1
# Warmup Iteration   1: 196.312 ops/ms
# Warmup Iteration   2: 229.024 ops/ms
# Warmup Iteration   3: 229.112 ops/ms
# Warmup Iteration   4: 230.747 ops/ms
Iteration   1: 231.203 ops/ms
Iteration   2: 230.828 ops/ms
Iteration   3: 231.213 ops/ms
Iteration   4: 231.027 ops/ms
Iteration   5: 231.087 ops/ms


Result "bench12.Read7880.treeParse":
  231.072 ±(99.9%) 0.606 ops/ms [Average]
  (min, avg, max) = (230.828, 231.072, 231.213), stdev = 0.157
  CI (99.9%): [230.466, 231.677] (assumes normal distribution)


# Run complete. Total time: 00:00:46

REMEMBER: The numbers below are just data. To gain reusable insights, you need to follow up on
why the numbers are the way they are. Use profilers (see -prof, -lprof), design factorial
experiments, perform baseline and negative tests that provide experimental control, make sure
the benchmarking environment is safe on JVM/OS/HW level, ask for reviews from the domain experts.
Do not assume the numbers tell you what you want them to tell.

NOTE: Current JVM experimentally supports Compiler Blackholes, and they are in use. Please exercise
extra caution when trusting the results, look into the generated code to check the benchmark still
works, and factor in a small probability of new VM bugs. Additionally, while comparisons between
different JVMs are already problematic, the performance difference caused by different Blackhole
modes can be very significant. Please make sure you use the consistent Blackhole mode for comparisons.

Benchmark                   Mode  Cnt    Score    Error   Units
Read7880.basketParse       thrpt    5  258.596 ±  0.602  ops/ms
Read7880.basketParseUTF8   thrpt    5  251.229 ± 11.028  ops/ms
Read7880.filteredMapWrite  thrpt    5  111.122 ±  1.124  ops/ms
Read7880.rootListParse     thrpt    5  258.392 ±  0.867  ops/ms
Read7880.treeParse         thrpt    5  231.072 ±  0.606  ops/ms

Benchmark result is saved to <work>/env/jmh/ab-r12r/v11copy-r1.json
