# JMH version: 1.37
# VM version: JDK 21.0.12, OpenJDK 64-Bit Server VM, 21.0.12+8-LTS
# VM invoker: <jdk21>/bin/java
# VM options: -Xms1g -Xmx1g
# Blackhole mode: compiler (auto-detected, use -Djmh.blackhole.autoDetect=false to disable)
# Warmup: 4 iterations, 1 s each
# Measurement: 5 iterations, 1 s each
# Timeout: 10 min per iteration
# Threads: 1 thread, will synchronize iterations
# Benchmark mode: Throughput, ops/time
# Benchmark: bench12.Read7880.basketParse

# Run progress: 0.00% complete, ETA 00:00:45
# Fork: 1 of 1
# Warmup Iteration   1: 219.689 ops/ms
# Warmup Iteration   2: 256.097 ops/ms
# Warmup Iteration   3: 257.009 ops/ms
# Warmup Iteration   4: 256.480 ops/ms
Iteration   1: 257.923 ops/ms
Iteration   2: 257.663 ops/ms
Iteration   3: 257.701 ops/ms
Iteration   4: 257.736 ops/ms
Iteration   5: 257.748 ops/ms


Result "bench12.Read7880.basketParse":
  257.754 ±(99.9%) 0.384 ops/ms [Average]
  (min, avg, max) = (257.663, 257.754, 257.923), stdev = 0.100
  CI (99.9%): [257.370, 258.139] (assumes normal distribution)


# JMH version: 1.37
# VM version: JDK 21.0.12, OpenJDK 64-Bit Server VM, 21.0.12+8-LTS
# VM invoker: <jdk21>/bin/java
# VM options: -Xms1g -Xmx1g
# Blackhole mode: compiler (auto-detected, use -Djmh.blackhole.autoDetect=false to disable)
# Warmup: 4 iterations, 1 s each
# Measurement: 5 iterations, 1 s each
# Timeout: 10 min per iteration
# Threads: 1 thread, will synchronize iterations
# Benchmark mode: Throughput, ops/time
# Benchmark: bench12.Read7880.basketParseUTF8

# Run progress: 20.00% complete, ETA 00:00:37
# Fork: 1 of 1
# Warmup Iteration   1: 215.871 ops/ms
# Warmup Iteration   2: 252.848 ops/ms
# Warmup Iteration   3: 253.173 ops/ms
# Warmup Iteration   4: 252.955 ops/ms
Iteration   1: 254.467 ops/ms
Iteration   2: 254.686 ops/ms
Iteration   3: 254.684 ops/ms
Iteration   4: 254.847 ops/ms
Iteration   5: 254.877 ops/ms


Result "bench12.Read7880.basketParseUTF8":
  254.712 ±(99.9%) 0.630 ops/ms [Average]
  (min, avg, max) = (254.467, 254.712, 254.877), stdev = 0.163
  CI (99.9%): [254.083, 255.342] (assumes normal distribution)


# JMH version: 1.37
# VM version: JDK 21.0.12, OpenJDK 64-Bit Server VM, 21.0.12+8-LTS
# VM invoker: <jdk21>/bin/java
# VM options: -Xms1g -Xmx1g
# Blackhole mode: compiler (auto-detected, use -Djmh.blackhole.autoDetect=false to disable)
# Warmup: 4 iterations, 1 s each
# Measurement: 5 iterations, 1 s each
# Timeout: 10 min per iteration
# Threads: 1 thread, will synchronize iterations
# Benchmark mode: Throughput, ops/time
# Benchmark: bench12.Read7880.filteredMapWrite

# Run progress: 40.00% complete, ETA 00:00:27
# Fork: 1 of 1
# Warmup Iteration   1: 96.003 ops/ms
# Warmup Iteration   2: 110.696 ops/ms
# Warmup Iteration   3: 111.124 ops/ms
# Warmup Iteration   4: 111.132 ops/ms
Iteration   1: 110.793 ops/ms
Iteration   2: 110.606 ops/ms
Iteration   3: 110.979 ops/ms
Iteration   4: 110.838 ops/ms
Iteration   5: 111.130 ops/ms


Result "bench12.Read7880.filteredMapWrite":
  110.869 ±(99.9%) 0.760 ops/ms [Average]
  (min, avg, max) = (110.606, 110.869, 111.130), stdev = 0.197
  CI (99.9%): [110.109, 111.630] (assumes normal distribution)


# JMH version: 1.37
# VM version: JDK 21.0.12, OpenJDK 64-Bit Server VM, 21.0.12+8-LTS
# VM invoker: <jdk21>/bin/java
# VM options: -Xms1g -Xmx1g
# Blackhole mode: compiler (auto-detected, use -Djmh.blackhole.autoDetect=false to disable)
# Warmup: 4 iterations, 1 s each
# Measurement: 5 iterations, 1 s each
# Timeout: 10 min per iteration
# Threads: 1 thread, will synchronize iterations
# Benchmark mode: Throughput, ops/time
# Benchmark: bench12.Read7880.rootListParse

# Run progress: 60.00% complete, ETA 00:00:18
# Fork: 1 of 1
# Warmup Iteration   1: 232.754 ops/ms
# Warmup Iteration   2: 267.010 ops/ms
# Warmup Iteration   3: 266.887 ops/ms
# Warmup Iteration   4: 267.246 ops/ms
Iteration   1: 268.428 ops/ms
Iteration   2: 268.495 ops/ms
Iteration   3: 268.855 ops/ms
Iteration   4: 268.516 ops/ms
Iteration   5: 268.688 ops/ms


Result "bench12.Read7880.rootListParse":
  268.596 ±(99.9%) 0.669 ops/ms [Average]
  (min, avg, max) = (268.428, 268.596, 268.855), stdev = 0.174
  CI (99.9%): [267.928, 269.265] (assumes normal distribution)


# JMH version: 1.37
# VM version: JDK 21.0.12, OpenJDK 64-Bit Server VM, 21.0.12+8-LTS
# VM invoker: <jdk21>/bin/java
# VM options: -Xms1g -Xmx1g
# Blackhole mode: compiler (auto-detected, use -Djmh.blackhole.autoDetect=false to disable)
# Warmup: 4 iterations, 1 s each
# Measurement: 5 iterations, 1 s each
# Timeout: 10 min per iteration
# Threads: 1 thread, will synchronize iterations
# Benchmark mode: Throughput, ops/time
# Benchmark: bench12.Read7880.treeParse

# Run progress: 80.00% complete, ETA 00:00:09
# Fork: 1 of 1
# Warmup Iteration   1: 193.604 ops/ms
# Warmup Iteration   2: 225.069 ops/ms
# Warmup Iteration   3: 228.710 ops/ms
# Warmup Iteration   4: 229.081 ops/ms
Iteration   1: 230.012 ops/ms
Iteration   2: 230.009 ops/ms
Iteration   3: 229.906 ops/ms
Iteration   4: 230.084 ops/ms
Iteration   5: 229.895 ops/ms


Result "bench12.Read7880.treeParse":
  229.981 ±(99.9%) 0.307 ops/ms [Average]
  (min, avg, max) = (229.895, 229.981, 230.084), stdev = 0.080
  CI (99.9%): [229.674, 230.289] (assumes normal distribution)


# Run complete. Total time: 00:00:46

REMEMBER: The numbers below are just data. To gain reusable insights, you need to follow up on
why the numbers are the way they are. Use profilers (see -prof, -lprof), design factorial
experiments, perform baseline and negative tests that provide experimental control, make sure
the benchmarking environment is safe on JVM/OS/HW level, ask for reviews from the domain experts.
Do not assume the numbers tell you what you want them to tell.

NOTE: Current JVM experimentally supports Compiler Blackholes, and they are in use. Please exercise
extra caution when trusting the results, look into the generated code to check the benchmark still
works, and factor in a small probability of new VM bugs. Additionally, while comparisons between
different JVMs are already problematic, the performance difference caused by different Blackhole
modes can be very significant. Please make sure you use the consistent Blackhole mode for comparisons.

Benchmark                   Mode  Cnt    Score   Error   Units
Read7880.basketParse       thrpt    5  257.754 ± 0.384  ops/ms
Read7880.basketParseUTF8   thrpt    5  254.712 ± 0.630  ops/ms
Read7880.filteredMapWrite  thrpt    5  110.869 ± 0.760  ops/ms
Read7880.rootListParse     thrpt    5  268.596 ± 0.669  ops/ms
Read7880.treeParse         thrpt    5  229.981 ± 0.307  ops/ms

Benchmark result is saved to <work>/env/jmh/ab-r12r/v11copy-r8.json
