# JMH version: 1.37
# VM version: JDK 21.0.12, OpenJDK 64-Bit Server VM, 21.0.12+8-LTS
# VM invoker: <jdk21>/bin/java
# VM options: -Xms1g -Xmx1g
# Blackhole mode: compiler (auto-detected, use -Djmh.blackhole.autoDetect=false to disable)
# Warmup: 4 iterations, 1 s each
# Measurement: 5 iterations, 1 s each
# Timeout: 10 min per iteration
# Threads: 1 thread, will synchronize iterations
# Benchmark mode: Throughput, ops/time
# Benchmark: bench12.Read7880.basketParse

# Run progress: 0.00% complete, ETA 00:00:45
# Fork: 1 of 1
# Warmup Iteration   1: 225.822 ops/ms
# Warmup Iteration   2: 260.423 ops/ms
# Warmup Iteration   3: 261.361 ops/ms
# Warmup Iteration   4: 261.195 ops/ms
Iteration   1: 262.521 ops/ms
Iteration   2: 262.371 ops/ms
Iteration   3: 262.405 ops/ms
Iteration   4: 262.640 ops/ms
Iteration   5: 262.872 ops/ms


Result "bench12.Read7880.basketParse":
  262.562 ±(99.9%) 0.783 ops/ms [Average]
  (min, avg, max) = (262.371, 262.562, 262.872), stdev = 0.203
  CI (99.9%): [261.779, 263.345] (assumes normal distribution)


# JMH version: 1.37
# VM version: JDK 21.0.12, OpenJDK 64-Bit Server VM, 21.0.12+8-LTS
# VM invoker: <jdk21>/bin/java
# VM options: -Xms1g -Xmx1g
# Blackhole mode: compiler (auto-detected, use -Djmh.blackhole.autoDetect=false to disable)
# Warmup: 4 iterations, 1 s each
# Measurement: 5 iterations, 1 s each
# Timeout: 10 min per iteration
# Threads: 1 thread, will synchronize iterations
# Benchmark mode: Throughput, ops/time
# Benchmark: bench12.Read7880.basketParseUTF8

# Run progress: 20.00% complete, ETA 00:00:37
# Fork: 1 of 1
# Warmup Iteration   1: 218.399 ops/ms
# Warmup Iteration   2: 253.523 ops/ms
# Warmup Iteration   3: 253.666 ops/ms
# Warmup Iteration   4: 253.378 ops/ms
Iteration   1: 254.649 ops/ms
Iteration   2: 254.782 ops/ms
Iteration   3: 255.137 ops/ms
Iteration   4: 254.969 ops/ms
Iteration   5: 254.805 ops/ms


Result "bench12.Read7880.basketParseUTF8":
  254.868 ±(99.9%) 0.726 ops/ms [Average]
  (min, avg, max) = (254.649, 254.868, 255.137), stdev = 0.188
  CI (99.9%): [254.143, 255.594] (assumes normal distribution)


# JMH version: 1.37
# VM version: JDK 21.0.12, OpenJDK 64-Bit Server VM, 21.0.12+8-LTS
# VM invoker: <jdk21>/bin/java
# VM options: -Xms1g -Xmx1g
# Blackhole mode: compiler (auto-detected, use -Djmh.blackhole.autoDetect=false to disable)
# Warmup: 4 iterations, 1 s each
# Measurement: 5 iterations, 1 s each
# Timeout: 10 min per iteration
# Threads: 1 thread, will synchronize iterations
# Benchmark mode: Throughput, ops/time
# Benchmark: bench12.Read7880.filteredMapWrite

# Run progress: 40.00% complete, ETA 00:00:27
# Fork: 1 of 1
# Warmup Iteration   1: 92.864 ops/ms
# Warmup Iteration   2: 110.815 ops/ms
# Warmup Iteration   3: 110.829 ops/ms
# Warmup Iteration   4: 110.244 ops/ms
Iteration   1: 110.427 ops/ms
Iteration   2: 110.649 ops/ms
Iteration   3: 110.906 ops/ms
Iteration   4: 110.757 ops/ms
Iteration   5: 110.963 ops/ms


Result "bench12.Read7880.filteredMapWrite":
  110.740 ±(99.9%) 0.825 ops/ms [Average]
  (min, avg, max) = (110.427, 110.740, 110.963), stdev = 0.214
  CI (99.9%): [109.916, 111.565] (assumes normal distribution)


# JMH version: 1.37
# VM version: JDK 21.0.12, OpenJDK 64-Bit Server VM, 21.0.12+8-LTS
# VM invoker: <jdk21>/bin/java
# VM options: -Xms1g -Xmx1g
# Blackhole mode: compiler (auto-detected, use -Djmh.blackhole.autoDetect=false to disable)
# Warmup: 4 iterations, 1 s each
# Measurement: 5 iterations, 1 s each
# Timeout: 10 min per iteration
# Threads: 1 thread, will synchronize iterations
# Benchmark mode: Throughput, ops/time
# Benchmark: bench12.Read7880.rootListParse

# Run progress: 60.00% complete, ETA 00:00:18
# Fork: 1 of 1
# Warmup Iteration   1: 229.888 ops/ms
# Warmup Iteration   2: 263.758 ops/ms
# Warmup Iteration   3: 264.053 ops/ms
# Warmup Iteration   4: 264.044 ops/ms
Iteration   1: 265.459 ops/ms
Iteration   2: 265.432 ops/ms
Iteration   3: 265.302 ops/ms
Iteration   4: 264.910 ops/ms
Iteration   5: 265.622 ops/ms


Result "bench12.Read7880.rootListParse":
  265.345 ±(99.9%) 1.034 ops/ms [Average]
  (min, avg, max) = (264.910, 265.345, 265.622), stdev = 0.269
  CI (99.9%): [264.310, 266.379] (assumes normal distribution)


# JMH version: 1.37
# VM version: JDK 21.0.12, OpenJDK 64-Bit Server VM, 21.0.12+8-LTS
# VM invoker: <jdk21>/bin/java
# VM options: -Xms1g -Xmx1g
# Blackhole mode: compiler (auto-detected, use -Djmh.blackhole.autoDetect=false to disable)
# Warmup: 4 iterations, 1 s each
# Measurement: 5 iterations, 1 s each
# Timeout: 10 min per iteration
# Threads: 1 thread, will synchronize iterations
# Benchmark mode: Throughput, ops/time
# Benchmark: bench12.Read7880.treeParse

# Run progress: 80.00% complete, ETA 00:00:09
# Fork: 1 of 1
# Warmup Iteration   1: 192.918 ops/ms
# Warmup Iteration   2: 223.328 ops/ms
# Warmup Iteration   3: 223.497 ops/ms
# Warmup Iteration   4: 225.025 ops/ms
Iteration   1: 224.889 ops/ms
Iteration   2: 225.339 ops/ms
Iteration   3: 225.295 ops/ms
Iteration   4: 225.266 ops/ms
Iteration   5: 225.072 ops/ms


Result "bench12.Read7880.treeParse":
  225.172 ±(99.9%) 0.725 ops/ms [Average]
  (min, avg, max) = (224.889, 225.172, 225.339), stdev = 0.188
  CI (99.9%): [224.447, 225.897] (assumes normal distribution)


# Run complete. Total time: 00:00:46

REMEMBER: The numbers below are just data. To gain reusable insights, you need to follow up on
why the numbers are the way they are. Use profilers (see -prof, -lprof), design factorial
experiments, perform baseline and negative tests that provide experimental control, make sure
the benchmarking environment is safe on JVM/OS/HW level, ask for reviews from the domain experts.
Do not assume the numbers tell you what you want them to tell.

NOTE: Current JVM experimentally supports Compiler Blackholes, and they are in use. Please exercise
extra caution when trusting the results, look into the generated code to check the benchmark still
works, and factor in a small probability of new VM bugs. Additionally, while comparisons between
different JVMs are already problematic, the performance difference caused by different Blackhole
modes can be very significant. Please make sure you use the consistent Blackhole mode for comparisons.

Benchmark                   Mode  Cnt    Score   Error   Units
Read7880.basketParse       thrpt    5  262.562 ± 0.783  ops/ms
Read7880.basketParseUTF8   thrpt    5  254.868 ± 0.726  ops/ms
Read7880.filteredMapWrite  thrpt    5  110.740 ± 0.825  ops/ms
Read7880.rootListParse     thrpt    5  265.345 ± 1.034  ops/ms
Read7880.treeParse         thrpt    5  225.172 ± 0.725  ops/ms

Benchmark result is saved to <work>/env/jmh/ab-r12r/v11copy-r3.json
