# JMH version: 1.37
# VM version: JDK 21.0.12, OpenJDK 64-Bit Server VM, 21.0.12+8-LTS
# VM invoker: <jdk21>/bin/java
# VM options: -Xms1g -Xmx1g
# Blackhole mode: compiler (auto-detected, use -Djmh.blackhole.autoDetect=false to disable)
# Warmup: 4 iterations, 1 s each
# Measurement: 5 iterations, 1 s each
# Timeout: 10 min per iteration
# Threads: 1 thread, will synchronize iterations
# Benchmark mode: Throughput, ops/time
# Benchmark: bench12.Read7880.basketParse

# Run progress: 0.00% complete, ETA 00:00:45
# Fork: 1 of 1
# Warmup Iteration   1: 225.850 ops/ms
# Warmup Iteration   2: 259.536 ops/ms
# Warmup Iteration   3: 260.257 ops/ms
# Warmup Iteration   4: 260.770 ops/ms
Iteration   1: 262.527 ops/ms
Iteration   2: 262.326 ops/ms
Iteration   3: 262.057 ops/ms
Iteration   4: 262.117 ops/ms
Iteration   5: 262.142 ops/ms


Result "bench12.Read7880.basketParse":
  262.234 ±(99.9%) 0.740 ops/ms [Average]
  (min, avg, max) = (262.057, 262.234, 262.527), stdev = 0.192
  CI (99.9%): [261.494, 262.973] (assumes normal distribution)


# JMH version: 1.37
# VM version: JDK 21.0.12, OpenJDK 64-Bit Server VM, 21.0.12+8-LTS
# VM invoker: <jdk21>/bin/java
# VM options: -Xms1g -Xmx1g
# Blackhole mode: compiler (auto-detected, use -Djmh.blackhole.autoDetect=false to disable)
# Warmup: 4 iterations, 1 s each
# Measurement: 5 iterations, 1 s each
# Timeout: 10 min per iteration
# Threads: 1 thread, will synchronize iterations
# Benchmark mode: Throughput, ops/time
# Benchmark: bench12.Read7880.basketParseUTF8

# Run progress: 20.00% complete, ETA 00:00:37
# Fork: 1 of 1
# Warmup Iteration   1: 213.179 ops/ms
# Warmup Iteration   2: 249.782 ops/ms
# Warmup Iteration   3: 250.010 ops/ms
# Warmup Iteration   4: 249.576 ops/ms
Iteration   1: 251.027 ops/ms
Iteration   2: 251.000 ops/ms
Iteration   3: 251.460 ops/ms
Iteration   4: 251.306 ops/ms
Iteration   5: 250.796 ops/ms


Result "bench12.Read7880.basketParseUTF8":
  251.118 ±(99.9%) 1.015 ops/ms [Average]
  (min, avg, max) = (250.796, 251.118, 251.460), stdev = 0.264
  CI (99.9%): [250.102, 252.133] (assumes normal distribution)


# JMH version: 1.37
# VM version: JDK 21.0.12, OpenJDK 64-Bit Server VM, 21.0.12+8-LTS
# VM invoker: <jdk21>/bin/java
# VM options: -Xms1g -Xmx1g
# Blackhole mode: compiler (auto-detected, use -Djmh.blackhole.autoDetect=false to disable)
# Warmup: 4 iterations, 1 s each
# Measurement: 5 iterations, 1 s each
# Timeout: 10 min per iteration
# Threads: 1 thread, will synchronize iterations
# Benchmark mode: Throughput, ops/time
# Benchmark: bench12.Read7880.filteredMapWrite

# Run progress: 40.00% complete, ETA 00:00:27
# Fork: 1 of 1
# Warmup Iteration   1: 95.011 ops/ms
# Warmup Iteration   2: 109.790 ops/ms
# Warmup Iteration   3: 109.911 ops/ms
# Warmup Iteration   4: 110.196 ops/ms
Iteration   1: 110.333 ops/ms
Iteration   2: 109.920 ops/ms
Iteration   3: 109.797 ops/ms
Iteration   4: 110.718 ops/ms
Iteration   5: 110.185 ops/ms


Result "bench12.Read7880.filteredMapWrite":
  110.190 ±(99.9%) 1.397 ops/ms [Average]
  (min, avg, max) = (109.797, 110.190, 110.718), stdev = 0.363
  CI (99.9%): [108.793, 111.588] (assumes normal distribution)


# JMH version: 1.37
# VM version: JDK 21.0.12, OpenJDK 64-Bit Server VM, 21.0.12+8-LTS
# VM invoker: <jdk21>/bin/java
# VM options: -Xms1g -Xmx1g
# Blackhole mode: compiler (auto-detected, use -Djmh.blackhole.autoDetect=false to disable)
# Warmup: 4 iterations, 1 s each
# Measurement: 5 iterations, 1 s each
# Timeout: 10 min per iteration
# Threads: 1 thread, will synchronize iterations
# Benchmark mode: Throughput, ops/time
# Benchmark: bench12.Read7880.rootListParse

# Run progress: 60.00% complete, ETA 00:00:18
# Fork: 1 of 1
# Warmup Iteration   1: 225.642 ops/ms
# Warmup Iteration   2: 262.226 ops/ms
# Warmup Iteration   3: 263.135 ops/ms
# Warmup Iteration   4: 262.864 ops/ms
Iteration   1: 263.636 ops/ms
Iteration   2: 263.938 ops/ms
Iteration   3: 264.300 ops/ms
Iteration   4: 263.642 ops/ms
Iteration   5: 263.776 ops/ms


Result "bench12.Read7880.rootListParse":
  263.858 ±(99.9%) 1.062 ops/ms [Average]
  (min, avg, max) = (263.636, 263.858, 264.300), stdev = 0.276
  CI (99.9%): [262.797, 264.920] (assumes normal distribution)


# JMH version: 1.37
# VM version: JDK 21.0.12, OpenJDK 64-Bit Server VM, 21.0.12+8-LTS
# VM invoker: <jdk21>/bin/java
# VM options: -Xms1g -Xmx1g
# Blackhole mode: compiler (auto-detected, use -Djmh.blackhole.autoDetect=false to disable)
# Warmup: 4 iterations, 1 s each
# Measurement: 5 iterations, 1 s each
# Timeout: 10 min per iteration
# Threads: 1 thread, will synchronize iterations
# Benchmark mode: Throughput, ops/time
# Benchmark: bench12.Read7880.treeParse

# Run progress: 80.00% complete, ETA 00:00:09
# Fork: 1 of 1
# Warmup Iteration   1: 194.467 ops/ms
# Warmup Iteration   2: 219.729 ops/ms
# Warmup Iteration   3: 224.127 ops/ms
# Warmup Iteration   4: 225.549 ops/ms
Iteration   1: 225.613 ops/ms
Iteration   2: 225.772 ops/ms
Iteration   3: 225.485 ops/ms
Iteration   4: 225.616 ops/ms
Iteration   5: 225.555 ops/ms


Result "bench12.Read7880.treeParse":
  225.608 ±(99.9%) 0.409 ops/ms [Average]
  (min, avg, max) = (225.485, 225.608, 225.772), stdev = 0.106
  CI (99.9%): [225.200, 226.017] (assumes normal distribution)


# Run complete. Total time: 00:00:46

REMEMBER: The numbers below are just data. To gain reusable insights, you need to follow up on
why the numbers are the way they are. Use profilers (see -prof, -lprof), design factorial
experiments, perform baseline and negative tests that provide experimental control, make sure
the benchmarking environment is safe on JVM/OS/HW level, ask for reviews from the domain experts.
Do not assume the numbers tell you what you want them to tell.

NOTE: Current JVM experimentally supports Compiler Blackholes, and they are in use. Please exercise
extra caution when trusting the results, look into the generated code to check the benchmark still
works, and factor in a small probability of new VM bugs. Additionally, while comparisons between
different JVMs are already problematic, the performance difference caused by different Blackhole
modes can be very significant. Please make sure you use the consistent Blackhole mode for comparisons.

Benchmark                   Mode  Cnt    Score   Error   Units
Read7880.basketParse       thrpt    5  262.234 ± 0.740  ops/ms
Read7880.basketParseUTF8   thrpt    5  251.118 ± 1.015  ops/ms
Read7880.filteredMapWrite  thrpt    5  110.190 ± 1.397  ops/ms
Read7880.rootListParse     thrpt    5  263.858 ± 1.062  ops/ms
Read7880.treeParse         thrpt    5  225.608 ± 0.409  ops/ms

Benchmark result is saved to <work>/env/jmh/ab-r12r/v11copy-r4.json
