# JMH version: 1.37
# VM version: JDK 21.0.12, OpenJDK 64-Bit Server VM, 21.0.12+8-LTS
# VM invoker: <jdk21>/bin/java
# VM options: -Xms1g -Xmx1g
# Blackhole mode: compiler (auto-detected, use -Djmh.blackhole.autoDetect=false to disable)
# Warmup: 4 iterations, 1 s each
# Measurement: 5 iterations, 1 s each
# Timeout: 10 min per iteration
# Threads: 1 thread, will synchronize iterations
# Benchmark mode: Throughput, ops/time
# Benchmark: bench12.Read7880.basketParse

# Run progress: 0.00% complete, ETA 00:00:45
# Fork: 1 of 1
# Warmup Iteration   1: 226.526 ops/ms
# Warmup Iteration   2: 259.768 ops/ms
# Warmup Iteration   3: 260.869 ops/ms
# Warmup Iteration   4: 261.700 ops/ms
Iteration   1: 262.825 ops/ms
Iteration   2: 262.812 ops/ms
Iteration   3: 262.750 ops/ms
Iteration   4: 262.303 ops/ms
Iteration   5: 262.422 ops/ms


Result "bench12.Read7880.basketParse":
  262.622 ±(99.9%) 0.935 ops/ms [Average]
  (min, avg, max) = (262.303, 262.622, 262.825), stdev = 0.243
  CI (99.9%): [261.688, 263.557] (assumes normal distribution)


# JMH version: 1.37
# VM version: JDK 21.0.12, OpenJDK 64-Bit Server VM, 21.0.12+8-LTS
# VM invoker: <jdk21>/bin/java
# VM options: -Xms1g -Xmx1g
# Blackhole mode: compiler (auto-detected, use -Djmh.blackhole.autoDetect=false to disable)
# Warmup: 4 iterations, 1 s each
# Measurement: 5 iterations, 1 s each
# Timeout: 10 min per iteration
# Threads: 1 thread, will synchronize iterations
# Benchmark mode: Throughput, ops/time
# Benchmark: bench12.Read7880.basketParseUTF8

# Run progress: 20.00% complete, ETA 00:00:37
# Fork: 1 of 1
# Warmup Iteration   1: 220.134 ops/ms
# Warmup Iteration   2: 253.073 ops/ms
# Warmup Iteration   3: 253.448 ops/ms
# Warmup Iteration   4: 252.863 ops/ms
Iteration   1: 254.850 ops/ms
Iteration   2: 255.003 ops/ms
Iteration   3: 254.820 ops/ms
Iteration   4: 254.864 ops/ms
Iteration   5: 254.590 ops/ms


Result "bench12.Read7880.basketParseUTF8":
  254.826 ±(99.9%) 0.574 ops/ms [Average]
  (min, avg, max) = (254.590, 254.826, 255.003), stdev = 0.149
  CI (99.9%): [254.251, 255.400] (assumes normal distribution)


# JMH version: 1.37
# VM version: JDK 21.0.12, OpenJDK 64-Bit Server VM, 21.0.12+8-LTS
# VM invoker: <jdk21>/bin/java
# VM options: -Xms1g -Xmx1g
# Blackhole mode: compiler (auto-detected, use -Djmh.blackhole.autoDetect=false to disable)
# Warmup: 4 iterations, 1 s each
# Measurement: 5 iterations, 1 s each
# Timeout: 10 min per iteration
# Threads: 1 thread, will synchronize iterations
# Benchmark mode: Throughput, ops/time
# Benchmark: bench12.Read7880.filteredMapWrite

# Run progress: 40.00% complete, ETA 00:00:27
# Fork: 1 of 1
# Warmup Iteration   1: 92.222 ops/ms
# Warmup Iteration   2: 109.883 ops/ms
# Warmup Iteration   3: 111.462 ops/ms
# Warmup Iteration   4: 110.104 ops/ms
Iteration   1: 110.115 ops/ms
Iteration   2: 110.081 ops/ms
Iteration   3: 110.281 ops/ms
Iteration   4: 110.729 ops/ms
Iteration   5: 111.063 ops/ms


Result "bench12.Read7880.filteredMapWrite":
  110.454 ±(99.9%) 1.646 ops/ms [Average]
  (min, avg, max) = (110.081, 110.454, 111.063), stdev = 0.427
  CI (99.9%): [108.808, 112.100] (assumes normal distribution)


# JMH version: 1.37
# VM version: JDK 21.0.12, OpenJDK 64-Bit Server VM, 21.0.12+8-LTS
# VM invoker: <jdk21>/bin/java
# VM options: -Xms1g -Xmx1g
# Blackhole mode: compiler (auto-detected, use -Djmh.blackhole.autoDetect=false to disable)
# Warmup: 4 iterations, 1 s each
# Measurement: 5 iterations, 1 s each
# Timeout: 10 min per iteration
# Threads: 1 thread, will synchronize iterations
# Benchmark mode: Throughput, ops/time
# Benchmark: bench12.Read7880.rootListParse

# Run progress: 60.00% complete, ETA 00:00:18
# Fork: 1 of 1
# Warmup Iteration   1: 221.951 ops/ms
# Warmup Iteration   2: 257.604 ops/ms
# Warmup Iteration   3: 257.983 ops/ms
# Warmup Iteration   4: 257.206 ops/ms
Iteration   1: 258.639 ops/ms
Iteration   2: 258.793 ops/ms
Iteration   3: 258.850 ops/ms
Iteration   4: 258.317 ops/ms
Iteration   5: 258.410 ops/ms


Result "bench12.Read7880.rootListParse":
  258.602 ±(99.9%) 0.897 ops/ms [Average]
  (min, avg, max) = (258.317, 258.602, 258.850), stdev = 0.233
  CI (99.9%): [257.705, 259.499] (assumes normal distribution)


# JMH version: 1.37
# VM version: JDK 21.0.12, OpenJDK 64-Bit Server VM, 21.0.12+8-LTS
# VM invoker: <jdk21>/bin/java
# VM options: -Xms1g -Xmx1g
# Blackhole mode: compiler (auto-detected, use -Djmh.blackhole.autoDetect=false to disable)
# Warmup: 4 iterations, 1 s each
# Measurement: 5 iterations, 1 s each
# Timeout: 10 min per iteration
# Threads: 1 thread, will synchronize iterations
# Benchmark mode: Throughput, ops/time
# Benchmark: bench12.Read7880.treeParse

# Run progress: 80.00% complete, ETA 00:00:09
# Fork: 1 of 1
# Warmup Iteration   1: 194.193 ops/ms
# Warmup Iteration   2: 224.081 ops/ms
# Warmup Iteration   3: 223.242 ops/ms
# Warmup Iteration   4: 224.460 ops/ms
Iteration   1: 224.993 ops/ms
Iteration   2: 225.232 ops/ms
Iteration   3: 225.064 ops/ms
Iteration   4: 225.321 ops/ms
Iteration   5: 225.097 ops/ms


Result "bench12.Read7880.treeParse":
  225.141 ±(99.9%) 0.511 ops/ms [Average]
  (min, avg, max) = (224.993, 225.141, 225.321), stdev = 0.133
  CI (99.9%): [224.630, 225.652] (assumes normal distribution)


# Run complete. Total time: 00:00:46

REMEMBER: The numbers below are just data. To gain reusable insights, you need to follow up on
why the numbers are the way they are. Use profilers (see -prof, -lprof), design factorial
experiments, perform baseline and negative tests that provide experimental control, make sure
the benchmarking environment is safe on JVM/OS/HW level, ask for reviews from the domain experts.
Do not assume the numbers tell you what you want them to tell.

NOTE: Current JVM experimentally supports Compiler Blackholes, and they are in use. Please exercise
extra caution when trusting the results, look into the generated code to check the benchmark still
works, and factor in a small probability of new VM bugs. Additionally, while comparisons between
different JVMs are already problematic, the performance difference caused by different Blackhole
modes can be very significant. Please make sure you use the consistent Blackhole mode for comparisons.

Benchmark                   Mode  Cnt    Score   Error   Units
Read7880.basketParse       thrpt    5  262.622 ± 0.935  ops/ms
Read7880.basketParseUTF8   thrpt    5  254.826 ± 0.574  ops/ms
Read7880.filteredMapWrite  thrpt    5  110.454 ± 1.646  ops/ms
Read7880.rootListParse     thrpt    5  258.602 ± 0.897  ops/ms
Read7880.treeParse         thrpt    5  225.141 ± 0.511  ops/ms

Benchmark result is saved to <work>/env/jmh/ab-r12r/v12-r6.json
