# JMH version: 1.37
# VM version: JDK 21.0.12, OpenJDK 64-Bit Server VM, 21.0.12+8-LTS
# VM invoker: <jdk21>/bin/java
# VM options: -Xms1g -Xmx1g
# Blackhole mode: compiler (auto-detected, use -Djmh.blackhole.autoDetect=false to disable)
# Warmup: 4 iterations, 1 s each
# Measurement: 5 iterations, 1 s each
# Timeout: 10 min per iteration
# Threads: 1 thread, will synchronize iterations
# Benchmark mode: Throughput, ops/time
# Benchmark: bench12.Read7880.basketParse

# Run progress: 0.00% complete, ETA 00:00:45
# Fork: 1 of 1
# Warmup Iteration   1: 226.192 ops/ms
# Warmup Iteration   2: 259.134 ops/ms
# Warmup Iteration   3: 260.766 ops/ms
# Warmup Iteration   4: 260.253 ops/ms
Iteration   1: 262.003 ops/ms
Iteration   2: 261.678 ops/ms
Iteration   3: 262.058 ops/ms
Iteration   4: 261.889 ops/ms
Iteration   5: 261.990 ops/ms


Result "bench12.Read7880.basketParse":
  261.924 ±(99.9%) 0.578 ops/ms [Average]
  (min, avg, max) = (261.678, 261.924, 262.058), stdev = 0.150
  CI (99.9%): [261.346, 262.502] (assumes normal distribution)


# JMH version: 1.37
# VM version: JDK 21.0.12, OpenJDK 64-Bit Server VM, 21.0.12+8-LTS
# VM invoker: <jdk21>/bin/java
# VM options: -Xms1g -Xmx1g
# Blackhole mode: compiler (auto-detected, use -Djmh.blackhole.autoDetect=false to disable)
# Warmup: 4 iterations, 1 s each
# Measurement: 5 iterations, 1 s each
# Timeout: 10 min per iteration
# Threads: 1 thread, will synchronize iterations
# Benchmark mode: Throughput, ops/time
# Benchmark: bench12.Read7880.basketParseUTF8

# Run progress: 20.00% complete, ETA 00:00:37
# Fork: 1 of 1
# Warmup Iteration   1: 214.597 ops/ms
# Warmup Iteration   2: 252.701 ops/ms
# Warmup Iteration   3: 254.052 ops/ms
# Warmup Iteration   4: 253.785 ops/ms
Iteration   1: 255.147 ops/ms
Iteration   2: 255.182 ops/ms
Iteration   3: 255.448 ops/ms
Iteration   4: 255.166 ops/ms
Iteration   5: 255.512 ops/ms


Result "bench12.Read7880.basketParseUTF8":
  255.291 ±(99.9%) 0.672 ops/ms [Average]
  (min, avg, max) = (255.147, 255.291, 255.512), stdev = 0.174
  CI (99.9%): [254.619, 255.963] (assumes normal distribution)


# JMH version: 1.37
# VM version: JDK 21.0.12, OpenJDK 64-Bit Server VM, 21.0.12+8-LTS
# VM invoker: <jdk21>/bin/java
# VM options: -Xms1g -Xmx1g
# Blackhole mode: compiler (auto-detected, use -Djmh.blackhole.autoDetect=false to disable)
# Warmup: 4 iterations, 1 s each
# Measurement: 5 iterations, 1 s each
# Timeout: 10 min per iteration
# Threads: 1 thread, will synchronize iterations
# Benchmark mode: Throughput, ops/time
# Benchmark: bench12.Read7880.filteredMapWrite

# Run progress: 40.00% complete, ETA 00:00:27
# Fork: 1 of 1
# Warmup Iteration   1: 94.527 ops/ms
# Warmup Iteration   2: 109.452 ops/ms
# Warmup Iteration   3: 109.949 ops/ms
# Warmup Iteration   4: 109.559 ops/ms
Iteration   1: 109.832 ops/ms
Iteration   2: 110.171 ops/ms
Iteration   3: 110.229 ops/ms
Iteration   4: 109.581 ops/ms
Iteration   5: 109.343 ops/ms


Result "bench12.Read7880.filteredMapWrite":
  109.831 ±(99.9%) 1.460 ops/ms [Average]
  (min, avg, max) = (109.343, 109.831, 110.229), stdev = 0.379
  CI (99.9%): [108.372, 111.291] (assumes normal distribution)


# JMH version: 1.37
# VM version: JDK 21.0.12, OpenJDK 64-Bit Server VM, 21.0.12+8-LTS
# VM invoker: <jdk21>/bin/java
# VM options: -Xms1g -Xmx1g
# Blackhole mode: compiler (auto-detected, use -Djmh.blackhole.autoDetect=false to disable)
# Warmup: 4 iterations, 1 s each
# Measurement: 5 iterations, 1 s each
# Timeout: 10 min per iteration
# Threads: 1 thread, will synchronize iterations
# Benchmark mode: Throughput, ops/time
# Benchmark: bench12.Read7880.rootListParse

# Run progress: 60.00% complete, ETA 00:00:18
# Fork: 1 of 1
# Warmup Iteration   1: 225.544 ops/ms
# Warmup Iteration   2: 258.799 ops/ms
# Warmup Iteration   3: 259.723 ops/ms
# Warmup Iteration   4: 260.326 ops/ms
Iteration   1: 261.030 ops/ms
Iteration   2: 261.302 ops/ms
Iteration   3: 261.517 ops/ms
Iteration   4: 261.299 ops/ms
Iteration   5: 261.105 ops/ms


Result "bench12.Read7880.rootListParse":
  261.251 ±(99.9%) 0.735 ops/ms [Average]
  (min, avg, max) = (261.030, 261.251, 261.517), stdev = 0.191
  CI (99.9%): [260.515, 261.986] (assumes normal distribution)


# JMH version: 1.37
# VM version: JDK 21.0.12, OpenJDK 64-Bit Server VM, 21.0.12+8-LTS
# VM invoker: <jdk21>/bin/java
# VM options: -Xms1g -Xmx1g
# Blackhole mode: compiler (auto-detected, use -Djmh.blackhole.autoDetect=false to disable)
# Warmup: 4 iterations, 1 s each
# Measurement: 5 iterations, 1 s each
# Timeout: 10 min per iteration
# Threads: 1 thread, will synchronize iterations
# Benchmark mode: Throughput, ops/time
# Benchmark: bench12.Read7880.treeParse

# Run progress: 80.00% complete, ETA 00:00:09
# Fork: 1 of 1
# Warmup Iteration   1: 188.534 ops/ms
# Warmup Iteration   2: 213.004 ops/ms
# Warmup Iteration   3: 216.758 ops/ms
# Warmup Iteration   4: 218.433 ops/ms
Iteration   1: 218.397 ops/ms
Iteration   2: 218.680 ops/ms
Iteration   3: 218.733 ops/ms
Iteration   4: 218.787 ops/ms
Iteration   5: 218.592 ops/ms


Result "bench12.Read7880.treeParse":
  218.638 ±(99.9%) 0.588 ops/ms [Average]
  (min, avg, max) = (218.397, 218.638, 218.787), stdev = 0.153
  CI (99.9%): [218.050, 219.225] (assumes normal distribution)


# Run complete. Total time: 00:00:46

REMEMBER: The numbers below are just data. To gain reusable insights, you need to follow up on
why the numbers are the way they are. Use profilers (see -prof, -lprof), design factorial
experiments, perform baseline and negative tests that provide experimental control, make sure
the benchmarking environment is safe on JVM/OS/HW level, ask for reviews from the domain experts.
Do not assume the numbers tell you what you want them to tell.

NOTE: Current JVM experimentally supports Compiler Blackholes, and they are in use. Please exercise
extra caution when trusting the results, look into the generated code to check the benchmark still
works, and factor in a small probability of new VM bugs. Additionally, while comparisons between
different JVMs are already problematic, the performance difference caused by different Blackhole
modes can be very significant. Please make sure you use the consistent Blackhole mode for comparisons.

Benchmark                   Mode  Cnt    Score   Error   Units
Read7880.basketParse       thrpt    5  261.924 ± 0.578  ops/ms
Read7880.basketParseUTF8   thrpt    5  255.291 ± 0.672  ops/ms
Read7880.filteredMapWrite  thrpt    5  109.831 ± 1.460  ops/ms
Read7880.rootListParse     thrpt    5  261.251 ± 0.735  ops/ms
Read7880.treeParse         thrpt    5  218.638 ± 0.588  ops/ms

Benchmark result is saved to <work>/env/jmh/ab-r12r/v12-r3.json
