# JMH version: 1.37
# VM version: JDK 21.0.12, OpenJDK 64-Bit Server VM, 21.0.12+8-LTS
# VM invoker: <jdk21>/bin/java
# VM options: -Xms1g -Xmx1g
# Blackhole mode: compiler (auto-detected, use -Djmh.blackhole.autoDetect=false to disable)
# Warmup: 4 iterations, 1 s each
# Measurement: 5 iterations, 1 s each
# Timeout: 10 min per iteration
# Threads: 1 thread, will synchronize iterations
# Benchmark mode: Throughput, ops/time
# Benchmark: bench12.Read7880.basketParse

# Run progress: 0.00% complete, ETA 00:00:45
# Fork: 1 of 1
# Warmup Iteration   1: 220.207 ops/ms
# Warmup Iteration   2: 256.192 ops/ms
# Warmup Iteration   3: 257.590 ops/ms
# Warmup Iteration   4: 257.695 ops/ms
Iteration   1: 257.301 ops/ms
Iteration   2: 258.332 ops/ms
Iteration   3: 258.835 ops/ms
Iteration   4: 258.064 ops/ms
Iteration   5: 258.253 ops/ms


Result "bench12.Read7880.basketParse":
  258.157 ±(99.9%) 2.144 ops/ms [Average]
  (min, avg, max) = (257.301, 258.157, 258.835), stdev = 0.557
  CI (99.9%): [256.013, 260.301] (assumes normal distribution)


# JMH version: 1.37
# VM version: JDK 21.0.12, OpenJDK 64-Bit Server VM, 21.0.12+8-LTS
# VM invoker: <jdk21>/bin/java
# VM options: -Xms1g -Xmx1g
# Blackhole mode: compiler (auto-detected, use -Djmh.blackhole.autoDetect=false to disable)
# Warmup: 4 iterations, 1 s each
# Measurement: 5 iterations, 1 s each
# Timeout: 10 min per iteration
# Threads: 1 thread, will synchronize iterations
# Benchmark mode: Throughput, ops/time
# Benchmark: bench12.Read7880.basketParseUTF8

# Run progress: 20.00% complete, ETA 00:00:37
# Fork: 1 of 1
# Warmup Iteration   1: 212.993 ops/ms
# Warmup Iteration   2: 250.223 ops/ms
# Warmup Iteration   3: 250.135 ops/ms
# Warmup Iteration   4: 249.846 ops/ms
Iteration   1: 250.745 ops/ms
Iteration   2: 251.036 ops/ms
Iteration   3: 251.161 ops/ms
Iteration   4: 251.194 ops/ms
Iteration   5: 251.125 ops/ms


Result "bench12.Read7880.basketParseUTF8":
  251.052 ±(99.9%) 0.699 ops/ms [Average]
  (min, avg, max) = (250.745, 251.052, 251.194), stdev = 0.181
  CI (99.9%): [250.353, 251.751] (assumes normal distribution)


# JMH version: 1.37
# VM version: JDK 21.0.12, OpenJDK 64-Bit Server VM, 21.0.12+8-LTS
# VM invoker: <jdk21>/bin/java
# VM options: -Xms1g -Xmx1g
# Blackhole mode: compiler (auto-detected, use -Djmh.blackhole.autoDetect=false to disable)
# Warmup: 4 iterations, 1 s each
# Measurement: 5 iterations, 1 s each
# Timeout: 10 min per iteration
# Threads: 1 thread, will synchronize iterations
# Benchmark mode: Throughput, ops/time
# Benchmark: bench12.Read7880.filteredMapWrite

# Run progress: 40.00% complete, ETA 00:00:27
# Fork: 1 of 1
# Warmup Iteration   1: 93.608 ops/ms
# Warmup Iteration   2: 110.903 ops/ms
# Warmup Iteration   3: 111.849 ops/ms
# Warmup Iteration   4: 111.902 ops/ms
Iteration   1: 111.559 ops/ms
Iteration   2: 111.023 ops/ms
Iteration   3: 111.332 ops/ms
Iteration   4: 111.663 ops/ms
Iteration   5: 110.706 ops/ms


Result "bench12.Read7880.filteredMapWrite":
  111.256 ±(99.9%) 1.517 ops/ms [Average]
  (min, avg, max) = (110.706, 111.256, 111.663), stdev = 0.394
  CI (99.9%): [109.740, 112.773] (assumes normal distribution)


# JMH version: 1.37
# VM version: JDK 21.0.12, OpenJDK 64-Bit Server VM, 21.0.12+8-LTS
# VM invoker: <jdk21>/bin/java
# VM options: -Xms1g -Xmx1g
# Blackhole mode: compiler (auto-detected, use -Djmh.blackhole.autoDetect=false to disable)
# Warmup: 4 iterations, 1 s each
# Measurement: 5 iterations, 1 s each
# Timeout: 10 min per iteration
# Threads: 1 thread, will synchronize iterations
# Benchmark mode: Throughput, ops/time
# Benchmark: bench12.Read7880.rootListParse

# Run progress: 60.00% complete, ETA 00:00:18
# Fork: 1 of 1
# Warmup Iteration   1: 223.963 ops/ms
# Warmup Iteration   2: 259.636 ops/ms
# Warmup Iteration   3: 259.723 ops/ms
# Warmup Iteration   4: 260.255 ops/ms
Iteration   1: 260.874 ops/ms
Iteration   2: 260.732 ops/ms
Iteration   3: 260.835 ops/ms
Iteration   4: 261.226 ops/ms
Iteration   5: 260.983 ops/ms


Result "bench12.Read7880.rootListParse":
  260.930 ±(99.9%) 0.724 ops/ms [Average]
  (min, avg, max) = (260.732, 260.930, 261.226), stdev = 0.188
  CI (99.9%): [260.206, 261.654] (assumes normal distribution)


# JMH version: 1.37
# VM version: JDK 21.0.12, OpenJDK 64-Bit Server VM, 21.0.12+8-LTS
# VM invoker: <jdk21>/bin/java
# VM options: -Xms1g -Xmx1g
# Blackhole mode: compiler (auto-detected, use -Djmh.blackhole.autoDetect=false to disable)
# Warmup: 4 iterations, 1 s each
# Measurement: 5 iterations, 1 s each
# Timeout: 10 min per iteration
# Threads: 1 thread, will synchronize iterations
# Benchmark mode: Throughput, ops/time
# Benchmark: bench12.Read7880.treeParse

# Run progress: 80.00% complete, ETA 00:00:09
# Fork: 1 of 1
# Warmup Iteration   1: 201.508 ops/ms
# Warmup Iteration   2: 231.889 ops/ms
# Warmup Iteration   3: 231.799 ops/ms
# Warmup Iteration   4: 234.013 ops/ms
Iteration   1: 233.884 ops/ms
Iteration   2: 234.181 ops/ms
Iteration   3: 233.827 ops/ms
Iteration   4: 233.781 ops/ms
Iteration   5: 233.775 ops/ms


Result "bench12.Read7880.treeParse":
  233.890 ±(99.9%) 0.651 ops/ms [Average]
  (min, avg, max) = (233.775, 233.890, 234.181), stdev = 0.169
  CI (99.9%): [233.239, 234.540] (assumes normal distribution)


# Run complete. Total time: 00:00:46

REMEMBER: The numbers below are just data. To gain reusable insights, you need to follow up on
why the numbers are the way they are. Use profilers (see -prof, -lprof), design factorial
experiments, perform baseline and negative tests that provide experimental control, make sure
the benchmarking environment is safe on JVM/OS/HW level, ask for reviews from the domain experts.
Do not assume the numbers tell you what you want them to tell.

NOTE: Current JVM experimentally supports Compiler Blackholes, and they are in use. Please exercise
extra caution when trusting the results, look into the generated code to check the benchmark still
works, and factor in a small probability of new VM bugs. Additionally, while comparisons between
different JVMs are already problematic, the performance difference caused by different Blackhole
modes can be very significant. Please make sure you use the consistent Blackhole mode for comparisons.

Benchmark                   Mode  Cnt    Score   Error   Units
Read7880.basketParse       thrpt    5  258.157 ± 2.144  ops/ms
Read7880.basketParseUTF8   thrpt    5  251.052 ± 0.699  ops/ms
Read7880.filteredMapWrite  thrpt    5  111.256 ± 1.517  ops/ms
Read7880.rootListParse     thrpt    5  260.930 ± 0.724  ops/ms
Read7880.treeParse         thrpt    5  233.890 ± 0.651  ops/ms

Benchmark result is saved to <work>/env/jmh/ab-r12r/v12-r1.json
