# JMH version: 1.37
# VM version: JDK 21.0.12, OpenJDK 64-Bit Server VM, 21.0.12+8-LTS
# VM invoker: <jdk21>/bin/java
# VM options: -Xms1g -Xmx1g
# Blackhole mode: compiler (auto-detected, use -Djmh.blackhole.autoDetect=false to disable)
# Warmup: 4 iterations, 1 s each
# Measurement: 5 iterations, 1 s each
# Timeout: 10 min per iteration
# Threads: 1 thread, will synchronize iterations
# Benchmark mode: Throughput, ops/time
# Benchmark: bench12.Read7880.basketParse

# Run progress: 0.00% complete, ETA 00:00:45
# Fork: 1 of 1
# Warmup Iteration   1: 224.868 ops/ms
# Warmup Iteration   2: 258.896 ops/ms
# Warmup Iteration   3: 259.099 ops/ms
# Warmup Iteration   4: 259.996 ops/ms
Iteration   1: 261.153 ops/ms
Iteration   2: 260.813 ops/ms
Iteration   3: 260.881 ops/ms
Iteration   4: 260.888 ops/ms
Iteration   5: 260.798 ops/ms


Result "bench12.Read7880.basketParse":
  260.907 ±(99.9%) 0.553 ops/ms [Average]
  (min, avg, max) = (260.798, 260.907, 261.153), stdev = 0.143
  CI (99.9%): [260.354, 261.459] (assumes normal distribution)


# JMH version: 1.37
# VM version: JDK 21.0.12, OpenJDK 64-Bit Server VM, 21.0.12+8-LTS
# VM invoker: <jdk21>/bin/java
# VM options: -Xms1g -Xmx1g
# Blackhole mode: compiler (auto-detected, use -Djmh.blackhole.autoDetect=false to disable)
# Warmup: 4 iterations, 1 s each
# Measurement: 5 iterations, 1 s each
# Timeout: 10 min per iteration
# Threads: 1 thread, will synchronize iterations
# Benchmark mode: Throughput, ops/time
# Benchmark: bench12.Read7880.basketParseUTF8

# Run progress: 20.00% complete, ETA 00:00:37
# Fork: 1 of 1
# Warmup Iteration   1: 218.704 ops/ms
# Warmup Iteration   2: 252.500 ops/ms
# Warmup Iteration   3: 253.515 ops/ms
# Warmup Iteration   4: 252.963 ops/ms
Iteration   1: 254.386 ops/ms
Iteration   2: 254.518 ops/ms
Iteration   3: 254.337 ops/ms
Iteration   4: 254.241 ops/ms
Iteration   5: 254.429 ops/ms


Result "bench12.Read7880.basketParseUTF8":
  254.382 ±(99.9%) 0.397 ops/ms [Average]
  (min, avg, max) = (254.241, 254.382, 254.518), stdev = 0.103
  CI (99.9%): [253.986, 254.779] (assumes normal distribution)


# JMH version: 1.37
# VM version: JDK 21.0.12, OpenJDK 64-Bit Server VM, 21.0.12+8-LTS
# VM invoker: <jdk21>/bin/java
# VM options: -Xms1g -Xmx1g
# Blackhole mode: compiler (auto-detected, use -Djmh.blackhole.autoDetect=false to disable)
# Warmup: 4 iterations, 1 s each
# Measurement: 5 iterations, 1 s each
# Timeout: 10 min per iteration
# Threads: 1 thread, will synchronize iterations
# Benchmark mode: Throughput, ops/time
# Benchmark: bench12.Read7880.filteredMapWrite

# Run progress: 40.00% complete, ETA 00:00:27
# Fork: 1 of 1
# Warmup Iteration   1: 93.751 ops/ms
# Warmup Iteration   2: 109.572 ops/ms
# Warmup Iteration   3: 110.429 ops/ms
# Warmup Iteration   4: 110.213 ops/ms
Iteration   1: 110.267 ops/ms
Iteration   2: 109.428 ops/ms
Iteration   3: 110.181 ops/ms
Iteration   4: 110.092 ops/ms
Iteration   5: 110.403 ops/ms


Result "bench12.Read7880.filteredMapWrite":
  110.074 ±(99.9%) 1.459 ops/ms [Average]
  (min, avg, max) = (109.428, 110.074, 110.403), stdev = 0.379
  CI (99.9%): [108.615, 111.533] (assumes normal distribution)


# JMH version: 1.37
# VM version: JDK 21.0.12, OpenJDK 64-Bit Server VM, 21.0.12+8-LTS
# VM invoker: <jdk21>/bin/java
# VM options: -Xms1g -Xmx1g
# Blackhole mode: compiler (auto-detected, use -Djmh.blackhole.autoDetect=false to disable)
# Warmup: 4 iterations, 1 s each
# Measurement: 5 iterations, 1 s each
# Timeout: 10 min per iteration
# Threads: 1 thread, will synchronize iterations
# Benchmark mode: Throughput, ops/time
# Benchmark: bench12.Read7880.rootListParse

# Run progress: 60.00% complete, ETA 00:00:18
# Fork: 1 of 1
# Warmup Iteration   1: 220.521 ops/ms
# Warmup Iteration   2: 255.134 ops/ms
# Warmup Iteration   3: 255.757 ops/ms
# Warmup Iteration   4: 255.112 ops/ms
Iteration   1: 256.426 ops/ms
Iteration   2: 256.510 ops/ms
Iteration   3: 256.501 ops/ms
Iteration   4: 256.038 ops/ms
Iteration   5: 256.698 ops/ms


Result "bench12.Read7880.rootListParse":
  256.435 ±(99.9%) 0.936 ops/ms [Average]
  (min, avg, max) = (256.038, 256.435, 256.698), stdev = 0.243
  CI (99.9%): [255.498, 257.371] (assumes normal distribution)


# JMH version: 1.37
# VM version: JDK 21.0.12, OpenJDK 64-Bit Server VM, 21.0.12+8-LTS
# VM invoker: <jdk21>/bin/java
# VM options: -Xms1g -Xmx1g
# Blackhole mode: compiler (auto-detected, use -Djmh.blackhole.autoDetect=false to disable)
# Warmup: 4 iterations, 1 s each
# Measurement: 5 iterations, 1 s each
# Timeout: 10 min per iteration
# Threads: 1 thread, will synchronize iterations
# Benchmark mode: Throughput, ops/time
# Benchmark: bench12.Read7880.treeParse

# Run progress: 80.00% complete, ETA 00:00:09
# Fork: 1 of 1
# Warmup Iteration   1: 199.926 ops/ms
# Warmup Iteration   2: 229.174 ops/ms
# Warmup Iteration   3: 229.155 ops/ms
# Warmup Iteration   4: 228.118 ops/ms
Iteration   1: 229.273 ops/ms
Iteration   2: 230.569 ops/ms
Iteration   3: 230.750 ops/ms
Iteration   4: 231.051 ops/ms
Iteration   5: 230.606 ops/ms


Result "bench12.Read7880.treeParse":
  230.450 ±(99.9%) 2.637 ops/ms [Average]
  (min, avg, max) = (229.273, 230.450, 231.051), stdev = 0.685
  CI (99.9%): [227.813, 233.087] (assumes normal distribution)


# Run complete. Total time: 00:00:46

REMEMBER: The numbers below are just data. To gain reusable insights, you need to follow up on
why the numbers are the way they are. Use profilers (see -prof, -lprof), design factorial
experiments, perform baseline and negative tests that provide experimental control, make sure
the benchmarking environment is safe on JVM/OS/HW level, ask for reviews from the domain experts.
Do not assume the numbers tell you what you want them to tell.

NOTE: Current JVM experimentally supports Compiler Blackholes, and they are in use. Please exercise
extra caution when trusting the results, look into the generated code to check the benchmark still
works, and factor in a small probability of new VM bugs. Additionally, while comparisons between
different JVMs are already problematic, the performance difference caused by different Blackhole
modes can be very significant. Please make sure you use the consistent Blackhole mode for comparisons.

Benchmark                   Mode  Cnt    Score   Error   Units
Read7880.basketParse       thrpt    5  260.907 ± 0.553  ops/ms
Read7880.basketParseUTF8   thrpt    5  254.382 ± 0.397  ops/ms
Read7880.filteredMapWrite  thrpt    5  110.074 ± 1.459  ops/ms
Read7880.rootListParse     thrpt    5  256.435 ± 0.936  ops/ms
Read7880.treeParse         thrpt    5  230.450 ± 2.637  ops/ms

Benchmark result is saved to <work>/env/jmh/ab-r12r/v12-r2.json
