# JMH version: 1.37
# VM version: JDK 21.0.12, OpenJDK 64-Bit Server VM, 21.0.12+8-LTS
# VM invoker: <jdk21>/bin/java
# VM options: -Xms1g -Xmx1g
# Blackhole mode: compiler (auto-detected, use -Djmh.blackhole.autoDetect=false to disable)
# Warmup: 4 iterations, 1 s each
# Measurement: 5 iterations, 1 s each
# Timeout: 10 min per iteration
# Threads: 1 thread, will synchronize iterations
# Benchmark mode: Throughput, ops/time
# Benchmark: bench12.Read7880.basketParse

# Run progress: 0.00% complete, ETA 00:00:45
# Fork: 1 of 1
# Warmup Iteration   1: 223.158 ops/ms
# Warmup Iteration   2: 256.299 ops/ms
# Warmup Iteration   3: 257.083 ops/ms
# Warmup Iteration   4: 257.637 ops/ms
Iteration   1: 258.115 ops/ms
Iteration   2: 258.454 ops/ms
Iteration   3: 258.391 ops/ms
Iteration   4: 258.605 ops/ms
Iteration   5: 258.331 ops/ms


Result "bench12.Read7880.basketParse":
  258.379 ±(99.9%) 0.690 ops/ms [Average]
  (min, avg, max) = (258.115, 258.379, 258.605), stdev = 0.179
  CI (99.9%): [257.689, 259.070] (assumes normal distribution)


# JMH version: 1.37
# VM version: JDK 21.0.12, OpenJDK 64-Bit Server VM, 21.0.12+8-LTS
# VM invoker: <jdk21>/bin/java
# VM options: -Xms1g -Xmx1g
# Blackhole mode: compiler (auto-detected, use -Djmh.blackhole.autoDetect=false to disable)
# Warmup: 4 iterations, 1 s each
# Measurement: 5 iterations, 1 s each
# Timeout: 10 min per iteration
# Threads: 1 thread, will synchronize iterations
# Benchmark mode: Throughput, ops/time
# Benchmark: bench12.Read7880.basketParseUTF8

# Run progress: 20.00% complete, ETA 00:00:37
# Fork: 1 of 1
# Warmup Iteration   1: 216.487 ops/ms
# Warmup Iteration   2: 252.834 ops/ms
# Warmup Iteration   3: 253.445 ops/ms
# Warmup Iteration   4: 253.190 ops/ms
Iteration   1: 253.772 ops/ms
Iteration   2: 254.183 ops/ms
Iteration   3: 253.932 ops/ms
Iteration   4: 254.000 ops/ms
Iteration   5: 254.177 ops/ms


Result "bench12.Read7880.basketParseUTF8":
  254.013 ±(99.9%) 0.669 ops/ms [Average]
  (min, avg, max) = (253.772, 254.013, 254.183), stdev = 0.174
  CI (99.9%): [253.344, 254.682] (assumes normal distribution)


# JMH version: 1.37
# VM version: JDK 21.0.12, OpenJDK 64-Bit Server VM, 21.0.12+8-LTS
# VM invoker: <jdk21>/bin/java
# VM options: -Xms1g -Xmx1g
# Blackhole mode: compiler (auto-detected, use -Djmh.blackhole.autoDetect=false to disable)
# Warmup: 4 iterations, 1 s each
# Measurement: 5 iterations, 1 s each
# Timeout: 10 min per iteration
# Threads: 1 thread, will synchronize iterations
# Benchmark mode: Throughput, ops/time
# Benchmark: bench12.Read7880.filteredMapWrite

# Run progress: 40.00% complete, ETA 00:00:27
# Fork: 1 of 1
# Warmup Iteration   1: 95.671 ops/ms
# Warmup Iteration   2: 110.215 ops/ms
# Warmup Iteration   3: 110.956 ops/ms
# Warmup Iteration   4: 109.827 ops/ms
Iteration   1: 110.277 ops/ms
Iteration   2: 110.010 ops/ms
Iteration   3: 110.479 ops/ms
Iteration   4: 109.997 ops/ms
Iteration   5: 109.172 ops/ms


Result "bench12.Read7880.filteredMapWrite":
  109.987 ±(99.9%) 1.917 ops/ms [Average]
  (min, avg, max) = (109.172, 109.987, 110.479), stdev = 0.498
  CI (99.9%): [108.070, 111.903] (assumes normal distribution)


# JMH version: 1.37
# VM version: JDK 21.0.12, OpenJDK 64-Bit Server VM, 21.0.12+8-LTS
# VM invoker: <jdk21>/bin/java
# VM options: -Xms1g -Xmx1g
# Blackhole mode: compiler (auto-detected, use -Djmh.blackhole.autoDetect=false to disable)
# Warmup: 4 iterations, 1 s each
# Measurement: 5 iterations, 1 s each
# Timeout: 10 min per iteration
# Threads: 1 thread, will synchronize iterations
# Benchmark mode: Throughput, ops/time
# Benchmark: bench12.Read7880.rootListParse

# Run progress: 60.00% complete, ETA 00:00:18
# Fork: 1 of 1
# Warmup Iteration   1: 224.918 ops/ms
# Warmup Iteration   2: 262.318 ops/ms
# Warmup Iteration   3: 261.785 ops/ms
# Warmup Iteration   4: 261.990 ops/ms
Iteration   1: 262.989 ops/ms
Iteration   2: 263.175 ops/ms
Iteration   3: 263.291 ops/ms
Iteration   4: 262.969 ops/ms
Iteration   5: 263.127 ops/ms


Result "bench12.Read7880.rootListParse":
  263.110 ±(99.9%) 0.516 ops/ms [Average]
  (min, avg, max) = (262.969, 263.110, 263.291), stdev = 0.134
  CI (99.9%): [262.594, 263.626] (assumes normal distribution)


# JMH version: 1.37
# VM version: JDK 21.0.12, OpenJDK 64-Bit Server VM, 21.0.12+8-LTS
# VM invoker: <jdk21>/bin/java
# VM options: -Xms1g -Xmx1g
# Blackhole mode: compiler (auto-detected, use -Djmh.blackhole.autoDetect=false to disable)
# Warmup: 4 iterations, 1 s each
# Measurement: 5 iterations, 1 s each
# Timeout: 10 min per iteration
# Threads: 1 thread, will synchronize iterations
# Benchmark mode: Throughput, ops/time
# Benchmark: bench12.Read7880.treeParse

# Run progress: 80.00% complete, ETA 00:00:09
# Fork: 1 of 1
# Warmup Iteration   1: 191.719 ops/ms
# Warmup Iteration   2: 223.087 ops/ms
# Warmup Iteration   3: 223.951 ops/ms
# Warmup Iteration   4: 225.419 ops/ms
Iteration   1: 225.559 ops/ms
Iteration   2: 225.538 ops/ms
Iteration   3: 225.521 ops/ms
Iteration   4: 225.576 ops/ms
Iteration   5: 225.306 ops/ms


Result "bench12.Read7880.treeParse":
  225.500 ±(99.9%) 0.426 ops/ms [Average]
  (min, avg, max) = (225.306, 225.500, 225.576), stdev = 0.111
  CI (99.9%): [225.074, 225.926] (assumes normal distribution)


# Run complete. Total time: 00:00:46

REMEMBER: The numbers below are just data. To gain reusable insights, you need to follow up on
why the numbers are the way they are. Use profilers (see -prof, -lprof), design factorial
experiments, perform baseline and negative tests that provide experimental control, make sure
the benchmarking environment is safe on JVM/OS/HW level, ask for reviews from the domain experts.
Do not assume the numbers tell you what you want them to tell.

NOTE: Current JVM experimentally supports Compiler Blackholes, and they are in use. Please exercise
extra caution when trusting the results, look into the generated code to check the benchmark still
works, and factor in a small probability of new VM bugs. Additionally, while comparisons between
different JVMs are already problematic, the performance difference caused by different Blackhole
modes can be very significant. Please make sure you use the consistent Blackhole mode for comparisons.

Benchmark                   Mode  Cnt    Score   Error   Units
Read7880.basketParse       thrpt    5  258.379 ± 0.690  ops/ms
Read7880.basketParseUTF8   thrpt    5  254.013 ± 0.669  ops/ms
Read7880.filteredMapWrite  thrpt    5  109.987 ± 1.917  ops/ms
Read7880.rootListParse     thrpt    5  263.110 ± 0.516  ops/ms
Read7880.treeParse         thrpt    5  225.500 ± 0.426  ops/ms

Benchmark result is saved to <work>/env/jmh/ab-r12r/v12-r8.json
