=== r9 round 1 main 15:50:11
=== r9 round 1 v8 15:50:30
=== r9 round 1 v9 15:50:49
=== r9 round 1 fix9 15:51:08
=== r9 round 2 main 15:51:26
=== r9 round 2 v8 15:51:45
=== r9 round 2 v9 15:52:04
=== r9 round 2 fix9 15:52:22
=== r9 round 3 main 15:52:41
=== r9 round 3 v8 15:53:00
=== r9 round 3 v9 15:53:19
=== r9 round 3 fix9 15:53:37
=== r9 round 4 main 15:53:56
=== r9 round 4 v8 15:54:15
=== r9 round 4 v9 15:54:34
=== r9 round 4 fix9 15:54:52
=== r9 done 15:55:11
=== r9s round 1 v8 15:55:11
=== r9s round 1 v9 15:55:21
=== r9s round 1 fix9 15:55:30
=== r9s round 2 v8 15:55:39
=== r9s round 2 v9 15:55:49
=== r9s round 2 fix9 15:55:58
=== r9s round 3 v8 15:56:08
=== r9s round 3 v9 15:56:17
=== r9s round 3 fix9 15:56:26
=== r9s round 4 v8 15:56:36
=== r9s round 4 v9 15:56:45
=== r9s round 4 fix9 15:56:55
=== r9s done 15:57:04
