Picked up JAVA_TOOL_OPTIONS: -Dfastjson2.creator=reflect
WARNING: A restricted method in java.lang.System has been called
WARNING: java.lang.System::load has been called by org.fusesource.jansi.internal.JansiLoader in an unnamed module (file:<maven>/lib/jansi-2.4.1.jar)
WARNING: Use --enable-native-access=ALL-UNNAMED to avoid a warning for callers in this module
WARNING: Restricted methods will be blocked in a future release unless native access is enabled

WARNING: A terminally deprecated method in sun.misc.Unsafe has been called
WARNING: sun.misc.Unsafe::objectFieldOffset has been called by com.google.common.util.concurrent.AbstractFuture$UnsafeAtomicHelper (file:<maven>/lib/guava-33.2.1-jre.jar)
WARNING: Please consider reporting this to the maintainers of class com.google.common.util.concurrent.AbstractFuture$UnsafeAtomicHelper
WARNING: sun.misc.Unsafe::objectFieldOffset will be removed in a future release
Picked up JAVA_TOOL_OPTIONS: -Dfastjson2.creator=reflect
WARNING: A terminally deprecated method in sun.misc.Unsafe has been called
WARNING: sun.misc.Unsafe::invokeCleaner has been called by nonapi.io.github.classgraph.utils.FileUtils (file:<m2>/repository/io/github/classgraph/classgraph/4.8.83/classgraph-4.8.83.jar)
WARNING: Please consider reporting this to the maintainers of class nonapi.io.github.classgraph.utils.FileUtils
WARNING: sun.misc.Unsafe::invokeCleaner will be removed in a future release
[ERROR] Tests run: 11, Failures: 2, Errors: 0, Skipped: 0, Time elapsed: 0.091 s <<< FAILURE! -- in com.alibaba.fastjson2.writer.MapKeyContextTest
[ERROR] com.alibaba.fastjson2.writer.MapKeyContextTest.sortedMapsKeepTheNaturalSpellingForNonBeanKeys -- Time elapsed: 0.014 s <<< FAILURE!
org.opentest4j.AssertionFailedError: {1.5:"v"} ==> expected: <{1.5:"v"}> but was: <{"1.5":"v"}>
	at org.junit.jupiter.api.AssertionFailureBuilder.build(AssertionFailureBuilder.java:151)
	at org.junit.jupiter.api.AssertionFailureBuilder.buildAndThrow(AssertionFailureBuilder.java:132)
	at org.junit.jupiter.api.AssertEquals.failNotEqual(AssertEquals.java:197)
	at org.junit.jupiter.api.AssertEquals.assertEquals(AssertEquals.java:182)
	at org.junit.jupiter.api.Assertions.assertEquals(Assertions.java:1156)
	at com.alibaba.fastjson2.writer.MapKeyContextTest.sortedMapsKeepTheNaturalSpellingForNonBeanKeys(MapKeyContextTest.java:236)
	at java.base/java.lang.reflect.Method.invoke(Method.java:565)
	at java.base/java.util.ArrayList.forEach(ArrayList.java:1604)
	at java.base/java.util.ArrayList.forEach(ArrayList.java:1604)

[ERROR] com.alibaba.fastjson2.writer.MapKeyContextTest.cyclicBeanKeyTerminatesUnderSort -- Time elapsed: 0.021 s <<< FAILURE!
org.opentest4j.AssertionFailedError: Unexpected exception thrown: java.lang.StackOverflowError
	at org.junit.jupiter.api.AssertionFailureBuilder.build(AssertionFailureBuilder.java:152)
	at org.junit.jupiter.api.AssertDoesNotThrow.createAssertionFailedError(AssertDoesNotThrow.java:84)
	at org.junit.jupiter.api.AssertDoesNotThrow.assertDoesNotThrow(AssertDoesNotThrow.java:75)
	at org.junit.jupiter.api.AssertDoesNotThrow.assertDoesNotThrow(AssertDoesNotThrow.java:58)
	at org.junit.jupiter.api.Assertions.assertDoesNotThrow(Assertions.java:3259)
	at com.alibaba.fastjson2.writer.MapKeyContextTest.cyclicBeanKeyTerminatesUnderSort(MapKeyContextTest.java:186)
	at java.base/java.lang.reflect.Method.invoke(Method.java:565)
	at java.base/java.util.ArrayList.forEach(ArrayList.java:1604)
	at java.base/java.util.ArrayList.forEach(ArrayList.java:1604)
Caused by: java.lang.StackOverflowError
	at java.base/java.util.Arrays.binarySearch(Arrays.java:1656)
	at com.alibaba.fastjson2.writer.ObjectWriterProvider.isNotReferenceDetect(ObjectWriterProvider.java:1014)
	at com.alibaba.fastjson2.JSONWriter.isRefDetect(JSONWriter.java:504)
	at com.alibaba.fastjson2.JSONWriter.setPath(JSONWriter.java:269)
	at com.alibaba.fastjson2.writer.FieldWriterObject.writeInternal(FieldWriterObject.java:440)
	at com.alibaba.fastjson2.writer.FieldWriterObject.write(FieldWriterObject.java:335)
	at com.alibaba.fastjson2.writer.ObjectWriter2.write(ObjectWriter2.java:70)
	at com.alibaba.fastjson2.JSON.toJSONString(JSON.java:3260)
	at com.alibaba.fastjson2.writer.ObjectWriterImplMap.mapKeyToString(ObjectWriterImplMap.java:425)
	at com.alibaba.fastjson2.writer.ObjectWriterImplMap.writeMapKey(ObjectWriterImplMap.java:498)
	at com.alibaba.fastjson2.writer.ObjectWriterImplMap.write(ObjectWriterImplMap.java:574)
	at com.alibaba.fastjson2.writer.FieldWriterObject.writeInternal(FieldWriterObject.java:479)
	at com.alibaba.fastjson2.writer.FieldWriterObject.write(FieldWriterObject.java:335)
	at com.alibaba.fastjson2.writer.ObjectWriter2.write(ObjectWriter2.java:70)
	at com.alibaba.fastjson2.JSON.toJSONString(JSON.java:3260)
	at com.alibaba.fastjson2.writer.ObjectWriterImplMap.mapKeyToString(ObjectWriterImplMap.java:425)
	at com.alibaba.fastjson2.writer.ObjectWriterImplMap.writeMapKey(ObjectWriterImplMap.java:498)
	at com.alibaba.fastjson2.writer.ObjectWriterImplMap.write(ObjectWriterImplMap.java:574)
	at com.alibaba.fastjson2.writer.FieldWriterObject.writeInternal(FieldWriterObject.java:479)
	at com.alibaba.fastjson2.writer.FieldWriterObject.write(FieldWriterObject.java:335)
	at com.alibaba.fastjson2.writer.ObjectWriter2.write(ObjectWriter2.java:70)
	at com.alibaba.fastjson2.JSON.toJSONString(JSON.java:3260)
	at com.alibaba.fastjson2.writer.ObjectWriterImplMap.mapKeyToString(ObjectWriterImplMap.java:425)
	at com.alibaba.fastjson2.writer.ObjectWriterImplMap.writeMapKey(ObjectWriterImplMap.java:498)
	at com.alibaba.fastjson2.writer.ObjectWriterImplMap.write(ObjectWriterImplMap.java:574)
	at com.alibaba.fastjson2.writer.FieldWriterObject.writeInternal(FieldWriterObject.java:479)
	at com.alibaba.fastjson2.writer.FieldWriterObject.write(FieldWriterObject.java:335)
	at com.alibaba.fastjson2.writer.ObjectWriter2.write(ObjectWriter2.java:70)
	at com.alibaba.fastjson2.JSON.toJSONString(JSON.java:3260)
	at com.alibaba.fastjson2.writer.ObjectWriterImplMap.mapKeyToString(ObjectWriterImplMap.java:425)
	at com.alibaba.fastjson2.writer.ObjectWriterImplMap.writeMapKey(ObjectWriterImplMap.java:498)
	at com.alibaba.fastjson2.writer.ObjectWriterImplMap.write(ObjectWriterImplMap.java:574)
	at com.alibaba.fastjson2.writer.FieldWriterObject.writeInternal(FieldWriterObject.java:479)
	at com.alibaba.fastjson2.writer.FieldWriterObject.write(FieldWriterObject.java:335)
	at com.alibaba.fastjson2.writer.ObjectWriter2.write(ObjectWriter2.java:70)
	at com.alibaba.fastjson2.JSON.toJSONString(JSON.java:3260)
	at com.alibaba.fastjson2.writer.ObjectWriterImplMap.mapKeyToString(ObjectWriterImplMap.java:425)
	at com.alibaba.fastjson2.writer.ObjectWriterImplMap.writeMapKey(ObjectWriterImplMap.java:498)
	at com.alibaba.fastjson2.writer.ObjectWriterImplMap.write(ObjectWriterImplMap.java:574)
	at com.alibaba.fastjson2.writer.FieldWriterObject.writeInternal(FieldWriterObject.java:479)
	at com.alibaba.fastjson2.writer.FieldWriterObject.write(FieldWriterObject.java:335)
	at com.alibaba.fastjson2.writer.ObjectWriter2.write(ObjectWriter2.java:70)
	at com.alibaba.fastjson2.JSON.toJSONString(JSON.java:3260)
	at com.alibaba.fastjson2.writer.ObjectWriterImplMap.mapKeyToString(ObjectWriterImplMap.java:425)
	at com.alibaba.fastjson2.writer.ObjectWriterImplMap.writeMapKey(ObjectWriterImplMap.java:498)
	at com.alibaba.fastjson2.writer.ObjectWriterImplMap.write(ObjectWriterImplMap.java:574)
	at com.alibaba.fastjson2.writer.FieldWriterObject.writeInternal(FieldWriterObject.java:479)
	at com.alibaba.fastjson2.writer.FieldWriterObject.write(FieldWriterObject.java:335)
	at com.alibaba.fastjson2.writer.ObjectWriter2.write(ObjectWriter2.java:70)
	at com.alibaba.fastjson2.JSON.toJSONString(JSON.java:3260)
	at com.alibaba.fastjson2.writer.ObjectWriterImplMap.mapKeyToString(ObjectWriterImplMap.java:425)
	at com.alibaba.fastjson2.writer.ObjectWriterImplMap.writeMapKey(ObjectWriterImplMap.java:498)
	at com.alibaba.fastjson2.writer.ObjectWriterImplMap.write(ObjectWriterImplMap.java:574)
	at com.alibaba.fastjson2.writer.FieldWriterObject.writeInternal(FieldWriterObject.java:479)
	at com.alibaba.fastjson2.writer.FieldWriterObject.write(FieldWriterObject.java:335)
	at com.alibaba.fastjson2.writer.ObjectWriter2.write(ObjectWriter2.java:70)
	at com.alibaba.fastjson2.JSON.toJSONString(JSON.java:3260)
	at com.alibaba.fastjson2.writer.ObjectWriterImplMap.mapKeyToString(ObjectWriterImplMap.java:425)
	at com.alibaba.fastjson2.writer.ObjectWriterImplMap.writeMapKey(ObjectWriterImplMap.java:498)
	at com.alibaba.fastjson2.writer.ObjectWriterImplMap.write(ObjectWriterImplMap.java:574)
	at com.alibaba.fastjson2.writer.FieldWriterObject.writeInternal(FieldWriterObject.java:479)
	at com.alibaba.fastjson2.writer.FieldWriterObject.write(FieldWriterObject.java:335)
	at com.alibaba.fastjson2.writer.ObjectWriter2.write(ObjectWriter2.java:70)
	at com.alibaba.fastjson2.JSON.toJSONString(JSON.java:3260)
	at com.alibaba.fastjson2.writer.ObjectWriterImplMap.mapKeyToString(ObjectWriterImplMap.java:425)
	at com.alibaba.fastjson2.writer.ObjectWriterImplMap.writeMapKey(ObjectWriterImplMap.java:498)
	at com.alibaba.fastjson2.writer.ObjectWriterImplMap.write(ObjectWriterImplMap.java:574)
	at com.alibaba.fastjson2.writer.FieldWriterObject.writeInternal(FieldWriterObject.java:479)
	at com.alibaba.fastjson2.writer.FieldWriterObject.write(FieldWriterObject.java:335)
	at com.alibaba.fastjson2.writer.ObjectWriter2.write(ObjectWriter2.java:70)
	at com.alibaba.fastjson2.JSON.toJSONString(JSON.java:3260)
	at com.alibaba.fastjson2.writer.ObjectWriterImplMap.mapKeyToString(ObjectWriterImplMap.java:425)
	at com.alibaba.fastjson2.writer.ObjectWriterImplMap.writeMapKey(ObjectWriterImplMap.java:498)
	at com.alibaba.fastjson2.writer.ObjectWriterImplMap.write(ObjectWriterImplMap.java:574)
	at com.alibaba.fastjson2.writer.FieldWriterObject.writeInternal(FieldWriterObject.java:479)
	at com.alibaba.fastjson2.writer.FieldWriterObject.write(FieldWriterObject.java:335)
	at com.alibaba.fastjson2.writer.ObjectWriter2.write(ObjectWriter2.java:70)
	at com.alibaba.fastjson2.JSON.toJSONString(JSON.java:3260)
	at com.alibaba.fastjson2.writer.ObjectWriterImplMap.mapKeyToString(ObjectWriterImplMap.java:425)
	at com.alibaba.fastjson2.writer.ObjectWriterImplMap.writeMapKey(ObjectWriterImplMap.java:498)
	at com.alibaba.fastjson2.writer.ObjectWriterImplMap.write(ObjectWriterImplMap.java:574)
	at com.alibaba.fastjson2.writer.FieldWriterObject.writeInternal(FieldWriterObject.java:479)
	at com.alibaba.fastjson2.writer.FieldWriterObject.write(FieldWriterObject.java:335)
	at com.alibaba.fastjson2.writer.ObjectWriter2.write(ObjectWriter2.java:70)
	at com.alibaba.fastjson2.JSON.toJSONString(JSON.java:3260)
	at com.alibaba.fastjson2.writer.ObjectWriterImplMap.mapKeyToString(ObjectWriterImplMap.java:425)
	at com.alibaba.fastjson2.writer.ObjectWriterImplMap.writeMapKey(ObjectWriterImplMap.java:498)
	at com.alibaba.fastjson2.writer.ObjectWriterImplMap.write(ObjectWriterImplMap.java:574)
	at com.alibaba.fastjson2.writer.FieldWriterObject.writeInternal(FieldWriterObject.java:479)
	at com.alibaba.fastjson2.writer.FieldWriterObject.write(FieldWriterObject.java:335)
	at com.alibaba.fastjson2.writer.ObjectWriter2.write(ObjectWriter2.java:70)
	at com.alibaba.fastjson2.JSON.toJSONString(JSON.java:3260)
	at com.alibaba.fastjson2.writer.ObjectWriterImplMap.mapKeyToString(ObjectWriterImplMap.java:425)
	at com.alibaba.fastjson2.writer.ObjectWriterImplMap.writeMapKey(ObjectWriterImplMap.java:498)
	at com.alibaba.fastjson2.writer.ObjectWriterImplMap.write(ObjectWriterImplMap.java:574)
	at com.alibaba.fastjson2.writer.FieldWriterObject.writeInternal(FieldWriterObject.java:479)
	at com.alibaba.fastjson2.writer.FieldWriterObject.write(FieldWriterObject.java:335)
	at com.alibaba.fastjson2.writer.ObjectWriter2.write(ObjectWriter2.java:70)
	at com.alibaba.fastjson2.JSON.toJSONString(JSON.java:3260)
	at com.alibaba.fastjson2.writer.ObjectWriterImplMap.mapKeyToString(ObjectWriterImplMap.java:425)
	at com.alibaba.fastjson2.writer.ObjectWriterImplMap.writeMapKey(ObjectWriterImplMap.java:498)
	at com.alibaba.fastjson2.writer.ObjectWriterImplMap.write(ObjectWriterImplMap.java:574)
	at com.alibaba.fastjson2.writer.FieldWriterObject.writeInternal(FieldWriterObject.java:479)
	at com.alibaba.fastjson2.writer.FieldWriterObject.write(FieldWriterObject.java:335)
	at com.alibaba.fastjson2.writer.ObjectWriter2.write(ObjectWriter2.java:70)
	at com.alibaba.fastjson2.JSON.toJSONString(JSON.java:3260)
	at com.alibaba.fastjson2.writer.ObjectWriterImplMap.mapKeyToString(ObjectWriterImplMap.java:425)
	at com.alibaba.fastjson2.writer.ObjectWriterImplMap.writeMapKey(ObjectWriterImplMap.java:498)
	at com.alibaba.fastjson2.writer.ObjectWriterImplMap.write(ObjectWriterImplMap.java:574)
	at com.alibaba.fastjson2.writer.FieldWriterObject.writeInternal(FieldWriterObject.java:479)
	at com.alibaba.fastjson2.writer.FieldWriterObject.write(FieldWriterObject.java:335)
	at com.alibaba.fastjson2.writer.ObjectWriter2.write(ObjectWriter2.java:70)
	at com.alibaba.fastjson2.JSON.toJSONString(JSON.java:3260)
	at com.alibaba.fastjson2.writer.ObjectWriterImplMap.mapKeyToString(ObjectWriterImplMap.java:425)
	at com.alibaba.fastjson2.writer.ObjectWriterImplMap.writeMapKey(ObjectWriterImplMap.java:498)
	at com.alibaba.fastjson2.writer.ObjectWriterImplMap.write(ObjectWriterImplMap.java:574)
	at com.alibaba.fastjson2.writer.FieldWriterObject.writeInternal(FieldWriterObject.java:479)
	at com.alibaba.fastjson2.writer.FieldWriterObject.write(FieldWriterObject.java:335)
	at com.alibaba.fastjson2.writer.ObjectWriter2.write(ObjectWriter2.java:70)
	at com.alibaba.fastjson2.JSON.toJSONString(JSON.java:3260)
	at com.alibaba.fastjson2.writer.ObjectWriterImplMap.mapKeyToString(ObjectWriterImplMap.java:425)
	at com.alibaba.fastjson2.writer.ObjectWriterImplMap.writeMapKey(ObjectWriterImplMap.java:498)
	at com.alibaba.fastjson2.writer.ObjectWriterImplMap.write(ObjectWriterImplMap.java:574)
	at com.alibaba.fastjson2.writer.FieldWriterObject.writeInternal(FieldWriterObject.java:479)
	at com.alibaba.fastjson2.writer.FieldWriterObject.write(FieldWriterObject.java:335)
	at com.alibaba.fastjson2.writer.ObjectWriter2.write(ObjectWriter2.java:70)
	at com.alibaba.fastjson2.JSON.toJSONString(JSON.java:3260)
	at com.alibaba.fastjson2.writer.ObjectWriterImplMap.mapKeyToString(ObjectWriterImplMap.java:425)
	at com.alibaba.fastjson2.writer.ObjectWriterImplMap.writeMapKey(ObjectWriterImplMap.java:498)
	at com.alibaba.fastjson2.writer.ObjectWriterImplMap.write(ObjectWriterImplMap.java:574)
	at com.alibaba.fastjson2.writer.FieldWriterObject.writeInternal(FieldWriterObject.java:479)
	at com.alibaba.fastjson2.writer.FieldWriterObject.write(FieldWriterObject.java:335)
	at com.alibaba.fastjson2.writer.ObjectWriter2.write(ObjectWriter2.java:70)
	at com.alibaba.fastjson2.JSON.toJSONString(JSON.java:3260)
	at com.alibaba.fastjson2.writer.ObjectWriterImplMap.mapKeyToString(ObjectWriterImplMap.java:425)
	at com.alibaba.fastjson2.writer.ObjectWriterImplMap.writeMapKey(ObjectWriterImplMap.java:498)
	at com.alibaba.fastjson2.writer.ObjectWriterImplMap.write(ObjectWriterImplMap.java:574)
	at com.alibaba.fastjson2.writer.FieldWriterObject.writeInternal(FieldWriterObject.java:479)
	at com.alibaba.fastjson2.writer.FieldWriterObject.write(FieldWriterObject.java:335)
	at com.alibaba.fastjson2.writer.ObjectWriter2.write(ObjectWriter2.java:70)
	at com.alibaba.fastjson2.JSON.toJSONString(JSON.java:3260)
	at com.alibaba.fastjson2.writer.ObjectWriterImplMap.mapKeyToString(ObjectWriterImplMap.java:425)
	at com.alibaba.fastjson2.writer.ObjectWriterImplMap.writeMapKey(ObjectWriterImplMap.java:498)
	at com.alibaba.fastjson2.writer.ObjectWriterImplMap.write(ObjectWriterImplMap.java:574)
	at com.alibaba.fastjson2.writer.FieldWriterObject.writeInternal(FieldWriterObject.java:479)
	at com.alibaba.fastjson2.writer.FieldWriterObject.write(FieldWriterObject.java:335)
	at com.alibaba.fastjson2.writer.ObjectWriter2.write(ObjectWriter2.java:70)
	at com.alibaba.fastjson2.JSON.toJSONString(JSON.java:3260)
	at com.alibaba.fastjson2.writer.ObjectWriterImplMap.mapKeyToString(ObjectWriterImplMap.java:425)
	at com.alibaba.fastjson2.writer.ObjectWriterImplMap.writeMapKey(ObjectWriterImplMap.java:498)
	at com.alibaba.fastjson2.writer.ObjectWriterImplMap.write(ObjectWriterImplMap.java:574)
	at com.alibaba.fastjson2.writer.FieldWriterObject.writeInternal(FieldWriterObject.java:479)
	at com.alibaba.fastjson2.writer.FieldWriterObject.write(FieldWriterObject.java:335)
	at com.alibaba.fastjson2.writer.ObjectWriter2.write(ObjectWriter2.java:70)
	at com.alibaba.fastjson2.JSON.toJSONString(JSON.java:3260)
	at com.alibaba.fastjson2.writer.ObjectWriterImplMap.mapKeyToString(ObjectWriterImplMap.java:425)
	at com.alibaba.fastjson2.writer.ObjectWriterImplMap.writeMapKey(ObjectWriterImplMap.java:498)
	at com.alibaba.fastjson2.writer.ObjectWriterImplMap.write(ObjectWriterImplMap.java:574)
	at com.alibaba.fastjson2.writer.FieldWriterObject.writeInternal(FieldWriterObject.java:479)
	at com.alibaba.fastjson2.writer.FieldWriterObject.write(FieldWriterObject.java:335)
	at com.alibaba.fastjson2.writer.ObjectWriter2.write(ObjectWriter2.java:70)
	at com.alibaba.fastjson2.JSON.toJSONString(JSON.java:3260)
	at com.alibaba.fastjson2.writer.ObjectWriterImplMap.mapKeyToString(ObjectWriterImplMap.java:425)
	at com.alibaba.fastjson2.writer.ObjectWriterImplMap.writeMapKey(ObjectWriterImplMap.java:498)
	at com.alibaba.fastjson2.writer.ObjectWriterImplMap.write(ObjectWriterImplMap.java:574)
	at com.alibaba.fastjson2.writer.FieldWriterObject.writeInternal(FieldWriterObject.java:479)
	at com.alibaba.fastjson2.writer.FieldWriterObject.write(FieldWriterObject.java:335)
	at com.alibaba.fastjson2.writer.ObjectWriter2.write(ObjectWriter2.java:70)
	at com.alibaba.fastjson2.JSON.toJSONString(JSON.java:3260)
	at com.alibaba.fastjson2.writer.ObjectWriterImplMap.mapKeyToString(ObjectWriterImplMap.java:425)
	at com.alibaba.fastjson2.writer.ObjectWriterImplMap.writeMapKey(ObjectWriterImplMap.java:498)
	at com.alibaba.fastjson2.writer.ObjectWriterImplMap.write(ObjectWriterImplMap.java:574)
	at com.alibaba.fastjson2.writer.FieldWriterObject.writeInternal(FieldWriterObject.java:479)
	at com.alibaba.fastjson2.writer.FieldWriterObject.write(FieldWriterObject.java:335)
	at com.alibaba.fastjson2.writer.ObjectWriter2.write(ObjectWriter2.java:70)
	at com.alibaba.fastjson2.JSON.toJSONString(JSON.java:3260)
	at com.alibaba.fastjson2.writer.ObjectWriterImplMap.mapKeyToString(ObjectWriterImplMap.java:425)
	at com.alibaba.fastjson2.writer.ObjectWriterImplMap.writeMapKey(ObjectWriterImplMap.java:498)
	at com.alibaba.fastjson2.writer.ObjectWriterImplMap.write(ObjectWriterImplMap.java:574)
	at com.alibaba.fastjson2.writer.FieldWriterObject.writeInternal(FieldWriterObject.java:479)
	at com.alibaba.fastjson2.writer.FieldWriterObject.write(FieldWriterObject.java:335)
	at com.alibaba.fastjson2.writer.ObjectWriter2.write(ObjectWriter2.java:70)
	at com.alibaba.fastjson2.JSON.toJSONString(JSON.java:3260)
	at com.alibaba.fastjson2.writer.ObjectWriterImplMap.mapKeyToString(ObjectWriterImplMap.java:425)
	at com.alibaba.fastjson2.writer.ObjectWriterImplMap.writeMapKey(ObjectWriterImplMap.java:498)
	at com.alibaba.fastjson2.writer.ObjectWriterImplMap.write(ObjectWriterImplMap.java:574)
	at com.alibaba.fastjson2.writer.FieldWriterObject.writeInternal(FieldWriterObject.java:479)
	at com.alibaba.fastjson2.writer.FieldWriterObject.write(FieldWriterObject.java:335)
	at com.alibaba.fastjson2.writer.ObjectWriter2.write(ObjectWriter2.java:70)
	at com.alibaba.fastjson2.JSON.toJSONString(JSON.java:3260)
	at com.alibaba.fastjson2.writer.ObjectWriterImplMap.mapKeyToString(ObjectWriterImplMap.java:425)
	at com.alibaba.fastjson2.writer.ObjectWriterImplMap.writeMapKey(ObjectWriterImplMap.java:498)
	at com.alibaba.fastjson2.writer.ObjectWriterImplMap.write(ObjectWriterImplMap.java:574)
	at com.alibaba.fastjson2.writer.FieldWriterObject.writeInternal(FieldWriterObject.java:479)
	at com.alibaba.fastjson2.writer.FieldWriterObject.write(FieldWriterObject.java:335)
	at com.alibaba.fastjson2.writer.ObjectWriter2.write(ObjectWriter2.java:70)
	at com.alibaba.fastjson2.JSON.toJSONString(JSON.java:3260)
	at com.alibaba.fastjson2.writer.ObjectWriterImplMap.mapKeyToString(ObjectWriterImplMap.java:425)
	at com.alibaba.fastjson2.writer.ObjectWriterImplMap.writeMapKey(ObjectWriterImplMap.java:498)
	at com.alibaba.fastjson2.writer.ObjectWriterImplMap.write(ObjectWriterImplMap.java:574)
	at com.alibaba.fastjson2.writer.FieldWriterObject.writeInternal(FieldWriterObject.java:479)
	at com.alibaba.fastjson2.writer.FieldWriterObject.write(FieldWriterObject.java:335)
	at com.alibaba.fastjson2.writer.ObjectWriter2.write(ObjectWriter2.java:70)
	at com.alibaba.fastjson2.JSON.toJSONString(JSON.java:3260)
	at com.alibaba.fastjson2.writer.ObjectWriterImplMap.mapKeyToString(ObjectWriterImplMap.java:425)
	at com.alibaba.fastjson2.writer.ObjectWriterImplMap.writeMapKey(ObjectWriterImplMap.java:498)
	at com.alibaba.fastjson2.writer.ObjectWriterImplMap.write(ObjectWriterImplMap.java:574)
	at com.alibaba.fastjson2.writer.FieldWriterObject.writeInternal(FieldWriterObject.java:479)
	at com.alibaba.fastjson2.writer.FieldWriterObject.write(FieldWriterObject.java:335)
	at com.alibaba.fastjson2.writer.ObjectWriter2.write(ObjectWriter2.java:70)
	at com.alibaba.fastjson2.JSON.toJSONString(JSON.java:3260)
	at com.alibaba.fastjson2.writer.ObjectWriterImplMap.mapKeyToString(ObjectWriterImplMap.java:425)
	at com.alibaba.fastjson2.writer.ObjectWriterImplMap.writeMapKey(ObjectWriterImplMap.java:498)
	at com.alibaba.fastjson2.writer.ObjectWriterImplMap.write(ObjectWriterImplMap.java:574)
	at com.alibaba.fastjson2.writer.FieldWriterObject.writeInternal(FieldWriterObject.java:479)
	at com.alibaba.fastjson2.writer.FieldWriterObject.write(FieldWriterObject.java:335)
	at com.alibaba.fastjson2.writer.ObjectWriter2.write(ObjectWriter2.java:70)
	at com.alibaba.fastjson2.JSON.toJSONString(JSON.java:3260)
	at com.alibaba.fastjson2.writer.ObjectWriterImplMap.mapKeyToString(ObjectWriterImplMap.java:425)
	at com.alibaba.fastjson2.writer.ObjectWriterImplMap.writeMapKey(ObjectWriterImplMap.java:498)
	at com.alibaba.fastjson2.writer.ObjectWriterImplMap.write(ObjectWriterImplMap.java:574)
	at com.alibaba.fastjson2.writer.FieldWriterObject.writeInternal(FieldWriterObject.java:479)
	at com.alibaba.fastjson2.writer.FieldWriterObject.write(FieldWriterObject.java:335)
	at com.alibaba.fastjson2.writer.ObjectWriter2.write(ObjectWriter2.java:70)
	at com.alibaba.fastjson2.JSON.toJSONString(JSON.java:3260)
	at com.alibaba.fastjson2.writer.ObjectWriterImplMap.mapKeyToString(ObjectWriterImplMap.java:425)
	at com.alibaba.fastjson2.writer.ObjectWriterImplMap.writeMapKey(ObjectWriterImplMap.java:498)
	at com.alibaba.fastjson2.writer.ObjectWriterImplMap.write(ObjectWriterImplMap.java:574)
	at com.alibaba.fastjson2.writer.FieldWriterObject.writeInternal(FieldWriterObject.java:479)
	at com.alibaba.fastjson2.writer.FieldWriterObject.write(FieldWriterObject.java:335)
	at com.alibaba.fastjson2.writer.ObjectWriter2.write(ObjectWriter2.java:70)
	at com.alibaba.fastjson2.JSON.toJSONString(JSON.java:3260)
	at com.alibaba.fastjson2.writer.ObjectWriterImplMap.mapKeyToString(ObjectWriterImplMap.java:425)
	at com.alibaba.fastjson2.writer.ObjectWriterImplMap.writeMapKey(ObjectWriterImplMap.java:498)
	at com.alibaba.fastjson2.writer.ObjectWriterImplMap.write(ObjectWriterImplMap.java:574)
	at com.alibaba.fastjson2.writer.FieldWriterObject.writeInternal(FieldWriterObject.java:479)
	at com.alibaba.fastjson2.writer.FieldWriterObject.write(FieldWriterObject.java:335)
	at com.alibaba.fastjson2.writer.ObjectWriter2.write(ObjectWriter2.java:70)
	at com.alibaba.fastjson2.JSON.toJSONString(JSON.java:3260)
	at com.alibaba.fastjson2.writer.ObjectWriterImplMap.mapKeyToString(ObjectWriterImplMap.java:425)
	at com.alibaba.fastjson2.writer.ObjectWriterImplMap.writeMapKey(ObjectWriterImplMap.java:498)
	at com.alibaba.fastjson2.writer.ObjectWriterImplMap.write(ObjectWriterImplMap.java:574)
	at com.alibaba.fastjson2.writer.FieldWriterObject.writeInternal(FieldWriterObject.java:479)
	at com.alibaba.fastjson2.writer.FieldWriterObject.write(FieldWriterObject.java:335)
	at com.alibaba.fastjson2.writer.ObjectWriter2.write(ObjectWriter2.java:70)
	at com.alibaba.fastjson2.JSON.toJSONString(JSON.java:3260)
	at com.alibaba.fastjson2.writer.ObjectWriterImplMap.mapKeyToString(ObjectWriterImplMap.java:425)
	at com.alibaba.fastjson2.writer.ObjectWriterImplMap.writeMapKey(ObjectWriterImplMap.java:498)
	at com.alibaba.fastjson2.writer.ObjectWriterImplMap.write(ObjectWriterImplMap.java:574)
	at com.alibaba.fastjson2.writer.FieldWriterObject.writeInternal(FieldWriterObject.java:479)
	at com.alibaba.fastjson2.writer.FieldWriterObject.write(FieldWriterObject.java:335)
	at com.alibaba.fastjson2.writer.ObjectWriter2.write(ObjectWriter2.java:70)
	at com.alibaba.fastjson2.JSON.toJSONString(JSON.java:3260)
	at com.alibaba.fastjson2.writer.ObjectWriterImplMap.mapKeyToString(ObjectWriterImplMap.java:425)
	at com.alibaba.fastjson2.writer.ObjectWriterImplMap.writeMapKey(ObjectWriterImplMap.java:498)
	at com.alibaba.fastjson2.writer.ObjectWriterImplMap.write(ObjectWriterImplMap.java:574)
	at com.alibaba.fastjson2.writer.FieldWriterObject.writeInternal(FieldWriterObject.java:479)
	at com.alibaba.fastjson2.writer.FieldWriterObject.write(FieldWriterObject.java:335)
	at com.alibaba.fastjson2.writer.ObjectWriter2.write(ObjectWriter2.java:70)
	at com.alibaba.fastjson2.JSON.toJSONString(JSON.java:3260)
	at com.alibaba.fastjson2.writer.ObjectWriterImplMap.mapKeyToString(ObjectWriterImplMap.java:425)
	at com.alibaba.fastjson2.writer.ObjectWriterImplMap.writeMapKey(ObjectWriterImplMap.java:498)
	at com.alibaba.fastjson2.writer.ObjectWriterImplMap.write(ObjectWriterImplMap.java:574)
	at com.alibaba.fastjson2.writer.FieldWriterObject.writeInternal(FieldWriterObject.java:479)
	at com.alibaba.fastjson2.writer.FieldWriterObject.write(FieldWriterObject.java:335)
	at com.alibaba.fastjson2.writer.ObjectWriter2.write(ObjectWriter2.java:70)
	at com.alibaba.fastjson2.JSON.toJSONString(JSON.java:3260)
	at com.alibaba.fastjson2.writer.ObjectWriterImplMap.mapKeyToString(ObjectWriterImplMap.java:425)
	at com.alibaba.fastjson2.writer.ObjectWriterImplMap.writeMapKey(ObjectWriterImplMap.java:498)
	at com.alibaba.fastjson2.writer.ObjectWriterImplMap.write(ObjectWriterImplMap.java:574)
	at com.alibaba.fastjson2.writer.FieldWriterObject.writeInternal(FieldWriterObject.java:479)
	at com.alibaba.fastjson2.writer.FieldWriterObject.write(FieldWriterObject.java:335)
	at com.alibaba.fastjson2.writer.ObjectWriter2.write(ObjectWriter2.java:70)
	at com.alibaba.fastjson2.JSON.toJSONString(JSON.java:3260)
	at com.alibaba.fastjson2.writer.ObjectWriterImplMap.mapKeyToString(ObjectWriterImplMap.java:425)
	at com.alibaba.fastjson2.writer.ObjectWriterImplMap.writeMapKey(ObjectWriterImplMap.java:498)
	at com.alibaba.fastjson2.writer.ObjectWriterImplMap.write(ObjectWriterImplMap.java:574)
	at com.alibaba.fastjson2.writer.FieldWriterObject.writeInternal(FieldWriterObject.java:479)
	at com.alibaba.fastjson2.writer.FieldWriterObject.write(FieldWriterObject.java:335)
	at com.alibaba.fastjson2.writer.ObjectWriter2.write(ObjectWriter2.java:70)
	at com.alibaba.fastjson2.JSON.toJSONString(JSON.java:3260)
	at com.alibaba.fastjson2.writer.ObjectWriterImplMap.mapKeyToString(ObjectWriterImplMap.java:425)
	at com.alibaba.fastjson2.writer.ObjectWriterImplMap.writeMapKey(ObjectWriterImplMap.java:498)
	at com.alibaba.fastjson2.writer.ObjectWriterImplMap.write(ObjectWriterImplMap.java:574)
	at com.alibaba.fastjson2.writer.FieldWriterObject.writeInternal(FieldWriterObject.java:479)
	at com.alibaba.fastjson2.writer.FieldWriterObject.write(FieldWriterObject.java:335)
	at com.alibaba.fastjson2.writer.ObjectWriter2.write(ObjectWriter2.java:70)
	at com.alibaba.fastjson2.JSON.toJSONString(JSON.java:3260)
	at com.alibaba.fastjson2.writer.ObjectWriterImplMap.mapKeyToString(ObjectWriterImplMap.java:425)
	at com.alibaba.fastjson2.writer.ObjectWriterImplMap.writeMapKey(ObjectWriterImplMap.java:498)
	at com.alibaba.fastjson2.writer.ObjectWriterImplMap.write(ObjectWriterImplMap.java:574)
	at com.alibaba.fastjson2.writer.FieldWriterObject.writeInternal(FieldWriterObject.java:479)
	at com.alibaba.fastjson2.writer.FieldWriterObject.write(FieldWriterObject.java:335)
	at com.alibaba.fastjson2.writer.ObjectWriter2.write(ObjectWriter2.java:70)
	at com.alibaba.fastjson2.JSON.toJSONString(JSON.java:3260)
	at com.alibaba.fastjson2.writer.ObjectWriterImplMap.mapKeyToString(ObjectWriterImplMap.java:425)
	at com.alibaba.fastjson2.writer.ObjectWriterImplMap.writeMapKey(ObjectWriterImplMap.java:498)
	at com.alibaba.fastjson2.writer.ObjectWriterImplMap.write(ObjectWriterImplMap.java:574)
	at com.alibaba.fastjson2.writer.FieldWriterObject.writeInternal(FieldWriterObject.java:479)
	at com.alibaba.fastjson2.writer.FieldWriterObject.write(FieldWriterObject.java:335)
	at com.alibaba.fastjson2.writer.ObjectWriter2.write(ObjectWriter2.java:70)
	at com.alibaba.fastjson2.JSON.toJSONString(JSON.java:3260)
	at com.alibaba.fastjson2.writer.ObjectWriterImplMap.mapKeyToString(ObjectWriterImplMap.java:425)
	at com.alibaba.fastjson2.writer.ObjectWriterImplMap.writeMapKey(ObjectWriterImplMap.java:498)
	at com.alibaba.fastjson2.writer.ObjectWriterImplMap.write(ObjectWriterImplMap.java:574)
	at com.alibaba.fastjson2.writer.FieldWriterObject.writeInternal(FieldWriterObject.java:479)
	at com.alibaba.fastjson2.writer.FieldWriterObject.write(FieldWriterObject.java:335)
	at com.alibaba.fastjson2.writer.ObjectWriter2.write(ObjectWriter2.java:70)
	at com.alibaba.fastjson2.JSON.toJSONString(JSON.java:3260)
	at com.alibaba.fastjson2.writer.ObjectWriterImplMap.mapKeyToString(ObjectWriterImplMap.java:425)
	at com.alibaba.fastjson2.writer.ObjectWriterImplMap.writeMapKey(ObjectWriterImplMap.java:498)
	at com.alibaba.fastjson2.writer.ObjectWriterImplMap.write(ObjectWriterImplMap.java:574)
	at com.alibaba.fastjson2.writer.FieldWriterObject.writeInternal(FieldWriterObject.java:479)
	at com.alibaba.fastjson2.writer.FieldWriterObject.write(FieldWriterObject.java:335)
	at com.alibaba.fastjson2.writer.ObjectWriter2.write(ObjectWriter2.java:70)
	at com.alibaba.fastjson2.JSON.toJSONString(JSON.java:3260)
	at com.alibaba.fastjson2.writer.ObjectWriterImplMap.mapKeyToString(ObjectWriterImplMap.java:425)
	at com.alibaba.fastjson2.writer.ObjectWriterImplMap.writeMapKey(ObjectWriterImplMap.java:498)
	at com.alibaba.fastjson2.writer.ObjectWriterImplMap.write(ObjectWriterImplMap.java:574)
	at com.alibaba.fastjson2.writer.FieldWriterObject.writeInternal(FieldWriterObject.java:479)
	at com.alibaba.fastjson2.writer.FieldWriterObject.write(FieldWriterObject.java:335)
	at com.alibaba.fastjson2.writer.ObjectWriter2.write(ObjectWriter2.java:70)
	at com.alibaba.fastjson2.JSON.toJSONString(JSON.java:3260)
	at com.alibaba.fastjson2.writer.ObjectWriterImplMap.mapKeyToString(ObjectWriterImplMap.java:425)
	at com.alibaba.fastjson2.writer.ObjectWriterImplMap.writeMapKey(ObjectWriterImplMap.java:498)
	at com.alibaba.fastjson2.writer.ObjectWriterImplMap.write(ObjectWriterImplMap.java:574)
	at com.alibaba.fastjson2.writer.FieldWriterObject.writeInternal(FieldWriterObject.java:479)
	at com.alibaba.fastjson2.writer.FieldWriterObject.write(FieldWriterObject.java:335)
	at com.alibaba.fastjson2.writer.ObjectWriter2.write(ObjectWriter2.java:70)
	at com.alibaba.fastjson2.JSON.toJSONString(JSON.java:3260)
	at com.alibaba.fastjson2.writer.ObjectWriterImplMap.mapKeyToString(ObjectWriterImplMap.java:425)
	at com.alibaba.fastjson2.writer.ObjectWriterImplMap.writeMapKey(ObjectWriterImplMap.java:498)
	at com.alibaba.fastjson2.writer.ObjectWriterImplMap.write(ObjectWriterImplMap.java:574)
	at com.alibaba.fastjson2.writer.FieldWriterObject.writeInternal(FieldWriterObject.java:479)
	at com.alibaba.fastjson2.writer.FieldWriterObject.write(FieldWriterObject.java:335)
	at com.alibaba.fastjson2.writer.ObjectWriter2.write(ObjectWriter2.java:70)
	at com.alibaba.fastjson2.JSON.toJSONString(JSON.java:3260)
	at com.alibaba.fastjson2.writer.ObjectWriterImplMap.mapKeyToString(ObjectWriterImplMap.java:425)
	at com.alibaba.fastjson2.writer.ObjectWriterImplMap.writeMapKey(ObjectWriterImplMap.java:498)
	at com.alibaba.fastjson2.writer.ObjectWriterImplMap.write(ObjectWriterImplMap.java:574)
	at com.alibaba.fastjson2.writer.FieldWriterObject.writeInternal(FieldWriterObject.java:479)
	at com.alibaba.fastjson2.writer.FieldWriterObject.write(FieldWriterObject.java:335)
	at com.alibaba.fastjson2.writer.ObjectWriter2.write(ObjectWriter2.java:70)
	at com.alibaba.fastjson2.JSON.toJSONString(JSON.java:3260)
	at com.alibaba.fastjson2.writer.ObjectWriterImplMap.mapKeyToString(ObjectWriterImplMap.java:425)
	at com.alibaba.fastjson2.writer.ObjectWriterImplMap.writeMapKey(ObjectWriterImplMap.java:498)
	at com.alibaba.fastjson2.writer.ObjectWriterImplMap.write(ObjectWriterImplMap.java:574)
	at com.alibaba.fastjson2.writer.FieldWriterObject.writeInternal(FieldWriterObject.java:479)
	at com.alibaba.fastjson2.writer.FieldWriterObject.write(FieldWriterObject.java:335)
	at com.alibaba.fastjson2.writer.ObjectWriter2.write(ObjectWriter2.java:70)
	at com.alibaba.fastjson2.JSON.toJSONString(JSON.java:3260)
	at com.alibaba.fastjson2.writer.ObjectWriterImplMap.mapKeyToString(ObjectWriterImplMap.java:425)
	at com.alibaba.fastjson2.writer.ObjectWriterImplMap.writeMapKey(ObjectWriterImplMap.java:498)
	at com.alibaba.fastjson2.writer.ObjectWriterImplMap.write(ObjectWriterImplMap.java:574)
	at com.alibaba.fastjson2.writer.FieldWriterObject.writeInternal(FieldWriterObject.java:479)
	at com.alibaba.fastjson2.writer.FieldWriterObject.write(FieldWriterObject.java:335)
	at com.alibaba.fastjson2.writer.ObjectWriter2.write(ObjectWriter2.java:70)
	at com.alibaba.fastjson2.JSON.toJSONString(JSON.java:3260)
	at com.alibaba.fastjson2.writer.ObjectWriterImplMap.mapKeyToString(ObjectWriterImplMap.java:425)
	at com.alibaba.fastjson2.writer.ObjectWriterImplMap.writeMapKey(ObjectWriterImplMap.java:498)
	at com.alibaba.fastjson2.writer.ObjectWriterImplMap.write(ObjectWriterImplMap.java:574)
	at com.alibaba.fastjson2.writer.FieldWriterObject.writeInternal(FieldWriterObject.java:479)
	at com.alibaba.fastjson2.writer.FieldWriterObject.write(FieldWriterObject.java:335)
	at com.alibaba.fastjson2.writer.ObjectWriter2.write(ObjectWriter2.java:70)
	at com.alibaba.fastjson2.JSON.toJSONString(JSON.java:3260)
	at com.alibaba.fastjson2.writer.ObjectWriterImplMap.mapKeyToString(ObjectWriterImplMap.java:425)
	at com.alibaba.fastjson2.writer.ObjectWriterImplMap.writeMapKey(ObjectWriterImplMap.java:498)
	at com.alibaba.fastjson2.writer.ObjectWriterImplMap.write(ObjectWriterImplMap.java:574)
	at com.alibaba.fastjson2.writer.FieldWriterObject.writeInternal(FieldWriterObject.java:479)
	at com.alibaba.fastjson2.writer.FieldWriterObject.write(FieldWriterObject.java:335)
	at com.alibaba.fastjson2.writer.ObjectWriter2.write(ObjectWriter2.java:70)
	at com.alibaba.fastjson2.JSON.toJSONString(JSON.java:3260)
	at com.alibaba.fastjson2.writer.ObjectWriterImplMap.mapKeyToString(ObjectWriterImplMap.java:425)
	at com.alibaba.fastjson2.writer.ObjectWriterImplMap.writeMapKey(ObjectWriterImplMap.java:498)
	at com.alibaba.fastjson2.writer.ObjectWriterImplMap.write(ObjectWriterImplMap.java:574)
	at com.alibaba.fastjson2.writer.FieldWriterObject.writeInternal(FieldWriterObject.java:479)
	at com.alibaba.fastjson2.writer.FieldWriterObject.write(FieldWriterObject.java:335)
	at com.alibaba.fastjson2.writer.ObjectWriter2.write(ObjectWriter2.java:70)
	at com.alibaba.fastjson2.JSON.toJSONString(JSON.java:3260)
	at com.alibaba.fastjson2.writer.ObjectWriterImplMap.mapKeyToString(ObjectWriterImplMap.java:425)
	at com.alibaba.fastjson2.writer.ObjectWriterImplMap.writeMapKey(ObjectWriterImplMap.java:498)
	at com.alibaba.fastjson2.writer.ObjectWriterImplMap.write(ObjectWriterImplMap.java:574)
	at com.alibaba.fastjson2.writer.FieldWriterObject.writeInternal(FieldWriterObject.java:479)
	at com.alibaba.fastjson2.writer.FieldWriterObject.write(FieldWriterObject.java:335)
	at com.alibaba.fastjson2.writer.ObjectWriter2.write(ObjectWriter2.java:70)
	at com.alibaba.fastjson2.JSON.toJSONString(JSON.java:3260)
	at com.alibaba.fastjson2.writer.ObjectWriterImplMap.mapKeyToString(ObjectWriterImplMap.java:425)
	at com.alibaba.fastjson2.writer.ObjectWriterImplMap.writeMapKey(ObjectWriterImplMap.java:498)
	at com.alibaba.fastjson2.writer.ObjectWriterImplMap.write(ObjectWriterImplMap.java:574)
	at com.alibaba.fastjson2.writer.FieldWriterObject.writeInternal(FieldWriterObject.java:479)
	at com.alibaba.fastjson2.writer.FieldWriterObject.write(FieldWriterObject.java:335)
	at com.alibaba.fastjson2.writer.ObjectWriter2.write(ObjectWriter2.java:70)
	at com.alibaba.fastjson2.JSON.toJSONString(JSON.java:3260)
	at com.alibaba.fastjson2.writer.ObjectWriterImplMap.mapKeyToString(ObjectWriterImplMap.java:425)
	at com.alibaba.fastjson2.writer.ObjectWriterImplMap.writeMapKey(ObjectWriterImplMap.java:498)
	at com.alibaba.fastjson2.writer.ObjectWriterImplMap.write(ObjectWriterImplMap.java:574)
	at com.alibaba.fastjson2.writer.FieldWriterObject.writeInternal(FieldWriterObject.java:479)
	at com.alibaba.fastjson2.writer.FieldWriterObject.write(FieldWriterObject.java:335)
	at com.alibaba.fastjson2.writer.ObjectWriter2.write(ObjectWriter2.java:70)
	at com.alibaba.fastjson2.JSON.toJSONString(JSON.java:3260)
	at com.alibaba.fastjson2.writer.ObjectWriterImplMap.mapKeyToString(ObjectWriterImplMap.java:425)
	at com.alibaba.fastjson2.writer.ObjectWriterImplMap.writeMapKey(ObjectWriterImplMap.java:498)
	at com.alibaba.fastjson2.writer.ObjectWriterImplMap.write(ObjectWriterImplMap.java:574)
	at com.alibaba.fastjson2.writer.FieldWriterObject.writeInternal(FieldWriterObject.java:479)
	at com.alibaba.fastjson2.writer.FieldWriterObject.write(FieldWriterObject.java:335)
	at com.alibaba.fastjson2.writer.ObjectWriter2.write(ObjectWriter2.java:70)
	at com.alibaba.fastjson2.JSON.toJSONString(JSON.java:3260)
	at com.alibaba.fastjson2.writer.ObjectWriterImplMap.mapKeyToString(ObjectWriterImplMap.java:425)
	at com.alibaba.fastjson2.writer.ObjectWriterImplMap.writeMapKey(ObjectWriterImplMap.java:498)
	at com.alibaba.fastjson2.writer.ObjectWriterImplMap.write(ObjectWriterImplMap.java:574)
	at com.alibaba.fastjson2.writer.FieldWriterObject.writeInternal(FieldWriterObject.java:479)
	at com.alibaba.fastjson2.writer.FieldWriterObject.write(FieldWriterObject.java:335)
	at com.alibaba.fastjson2.writer.ObjectWriter2.write(ObjectWriter2.java:70)
	at com.alibaba.fastjson2.JSON.toJSONString(JSON.java:3260)
	at com.alibaba.fastjson2.writer.ObjectWriterImplMap.mapKeyToString(ObjectWriterImplMap.java:425)
	at com.alibaba.fastjson2.writer.ObjectWriterImplMap.writeMapKey(ObjectWriterImplMap.java:498)
	at com.alibaba.fastjson2.writer.ObjectWriterImplMap.write(ObjectWriterImplMap.java:574)
	at com.alibaba.fastjson2.writer.FieldWriterObject.writeInternal(FieldWriterObject.java:479)
	at com.alibaba.fastjson2.writer.FieldWriterObject.write(FieldWriterObject.java:335)
	at com.alibaba.fastjson2.writer.ObjectWriter2.write(ObjectWriter2.java:70)
	at com.alibaba.fastjson2.JSON.toJSONString(JSON.java:3260)
	at com.alibaba.fastjson2.writer.ObjectWriterImplMap.mapKeyToString(ObjectWriterImplMap.java:425)
	at com.alibaba.fastjson2.writer.ObjectWriterImplMap.writeMapKey(ObjectWriterImplMap.java:498)
	at com.alibaba.fastjson2.writer.ObjectWriterImplMap.write(ObjectWriterImplMap.java:574)
	at com.alibaba.fastjson2.writer.FieldWriterObject.writeInternal(FieldWriterObject.java:479)
	at com.alibaba.fastjson2.writer.FieldWriterObject.write(FieldWriterObject.java:335)
	at com.alibaba.fastjson2.writer.ObjectWriter2.write(ObjectWriter2.java:70)
	at com.alibaba.fastjson2.JSON.toJSONString(JSON.java:3260)
	at com.alibaba.fastjson2.writer.ObjectWriterImplMap.mapKeyToString(ObjectWriterImplMap.java:425)
	at com.alibaba.fastjson2.writer.ObjectWriterImplMap.writeMapKey(ObjectWriterImplMap.java:498)
	at com.alibaba.fastjson2.writer.ObjectWriterImplMap.write(ObjectWriterImplMap.java:574)
	at com.alibaba.fastjson2.writer.FieldWriterObject.writeInternal(FieldWriterObject.java:479)
	at com.alibaba.fastjson2.writer.FieldWriterObject.write(FieldWriterObject.java:335)
	at com.alibaba.fastjson2.writer.ObjectWriter2.write(ObjectWriter2.java:70)
	at com.alibaba.fastjson2.JSON.toJSONString(JSON.java:3260)
	at com.alibaba.fastjson2.writer.ObjectWriterImplMap.mapKeyToString(ObjectWriterImplMap.java:425)
	at com.alibaba.fastjson2.writer.ObjectWriterImplMap.writeMapKey(ObjectWriterImplMap.java:498)
	at com.alibaba.fastjson2.writer.ObjectWriterImplMap.write(ObjectWriterImplMap.java:574)
	at com.alibaba.fastjson2.writer.FieldWriterObject.writeInternal(FieldWriterObject.java:479)
	at com.alibaba.fastjson2.writer.FieldWriterObject.write(FieldWriterObject.java:335)
	at com.alibaba.fastjson2.writer.ObjectWriter2.write(ObjectWriter2.java:70)
	at com.alibaba.fastjson2.JSON.toJSONString(JSON.java:3260)
	at com.alibaba.fastjson2.writer.ObjectWriterImplMap.mapKeyToString(ObjectWriterImplMap.java:425)
	at com.alibaba.fastjson2.writer.ObjectWriterImplMap.writeMapKey(ObjectWriterImplMap.java:498)
	at com.alibaba.fastjson2.writer.ObjectWriterImplMap.write(ObjectWriterImplMap.java:574)
	at com.alibaba.fastjson2.writer.FieldWriterObject.writeInternal(FieldWriterObject.java:479)
	at com.alibaba.fastjson2.writer.FieldWriterObject.write(FieldWriterObject.java:335)
	at com.alibaba.fastjson2.writer.ObjectWriter2.write(ObjectWriter2.java:70)
	at com.alibaba.fastjson2.JSON.toJSONString(JSON.java:3260)
	at com.alibaba.fastjson2.writer.ObjectWriterImplMap.mapKeyToString(ObjectWriterImplMap.java:425)
	at com.alibaba.fastjson2.writer.ObjectWriterImplMap.writeMapKey(ObjectWriterImplMap.java:498)
	at com.alibaba.fastjson2.writer.ObjectWriterImplMap.write(ObjectWriterImplMap.java:574)
	at com.alibaba.fastjson2.writer.FieldWriterObject.writeInternal(FieldWriterObject.java:479)
	at com.alibaba.fastjson2.writer.FieldWriterObject.write(FieldWriterObject.java:335)
	at com.alibaba.fastjson2.writer.ObjectWriter2.write(ObjectWriter2.java:70)
	at com.alibaba.fastjson2.JSON.toJSONString(JSON.java:3260)
	at com.alibaba.fastjson2.writer.ObjectWriterImplMap.mapKeyToString(ObjectWriterImplMap.java:425)
	at com.alibaba.fastjson2.writer.ObjectWriterImplMap.writeMapKey(ObjectWriterImplMap.java:498)
	at com.alibaba.fastjson2.writer.ObjectWriterImplMap.write(ObjectWriterImplMap.java:574)
	at com.alibaba.fastjson2.writer.FieldWriterObject.writeInternal(FieldWriterObject.java:479)
	at com.alibaba.fastjson2.writer.FieldWriterObject.write(FieldWriterObject.java:335)
	at com.alibaba.fastjson2.writer.ObjectWriter2.write(ObjectWriter2.java:70)
	at com.alibaba.fastjson2.JSON.toJSONString(JSON.java:3260)
	at com.alibaba.fastjson2.writer.ObjectWriterImplMap.mapKeyToString(ObjectWriterImplMap.java:425)
	at com.alibaba.fastjson2.writer.ObjectWriterImplMap.writeMapKey(ObjectWriterImplMap.java:498)
	at com.alibaba.fastjson2.writer.ObjectWriterImplMap.write(ObjectWriterImplMap.java:574)
	at com.alibaba.fastjson2.writer.FieldWriterObject.writeInternal(FieldWriterObject.java:479)
	at com.alibaba.fastjson2.writer.FieldWriterObject.write(FieldWriterObject.java:335)
	at com.alibaba.fastjson2.writer.ObjectWriter2.write(ObjectWriter2.java:70)
	at com.alibaba.fastjson2.JSON.toJSONString(JSON.java:3260)
	at com.alibaba.fastjson2.writer.ObjectWriterImplMap.mapKeyToString(ObjectWriterImplMap.java:425)
	at com.alibaba.fastjson2.writer.ObjectWriterImplMap.writeMapKey(ObjectWriterImplMap.java:498)
	at com.alibaba.fastjson2.writer.ObjectWriterImplMap.write(ObjectWriterImplMap.java:574)
	at com.alibaba.fastjson2.writer.FieldWriterObject.writeInternal(FieldWriterObject.java:479)
	at com.alibaba.fastjson2.writer.FieldWriterObject.write(FieldWriterObject.java:335)
	at com.alibaba.fastjson2.writer.ObjectWriter2.write(ObjectWriter2.java:70)
	at com.alibaba.fastjson2.JSON.toJSONString(JSON.java:3260)
	at com.alibaba.fastjson2.writer.ObjectWriterImplMap.mapKeyToString(ObjectWriterImplMap.java:425)
	at com.alibaba.fastjson2.writer.ObjectWriterImplMap.writeMapKey(ObjectWriterImplMap.java:498)
	at com.alibaba.fastjson2.writer.ObjectWriterImplMap.write(ObjectWriterImplMap.java:574)
	at com.alibaba.fastjson2.writer.FieldWriterObject.writeInternal(FieldWriterObject.java:479)
	at com.alibaba.fastjson2.writer.FieldWriterObject.write(FieldWriterObject.java:335)
	at com.alibaba.fastjson2.writer.ObjectWriter2.write(ObjectWriter2.java:70)
	at com.alibaba.fastjson2.JSON.toJSONString(JSON.java:3260)
	at com.alibaba.fastjson2.writer.ObjectWriterImplMap.mapKeyToString(ObjectWriterImplMap.java:425)
	at com.alibaba.fastjson2.writer.ObjectWriterImplMap.writeMapKey(ObjectWriterImplMap.java:498)
	at com.alibaba.fastjson2.writer.ObjectWriterImplMap.write(ObjectWriterImplMap.java:574)
	at com.alibaba.fastjson2.writer.FieldWriterObject.writeInternal(FieldWriterObject.java:479)
	at com.alibaba.fastjson2.writer.FieldWriterObject.write(FieldWriterObject.java:335)
	at com.alibaba.fastjson2.writer.ObjectWriter2.write(ObjectWriter2.java:70)
	at com.alibaba.fastjson2.JSON.toJSONString(JSON.java:3260)
	at com.alibaba.fastjson2.writer.ObjectWriterImplMap.mapKeyToString(ObjectWriterImplMap.java:425)
	at com.alibaba.fastjson2.writer.ObjectWriterImplMap.writeMapKey(ObjectWriterImplMap.java:498)
	at com.alibaba.fastjson2.writer.ObjectWriterImplMap.write(ObjectWriterImplMap.java:574)
	at com.alibaba.fastjson2.writer.FieldWriterObject.writeInternal(FieldWriterObject.java:479)
	at com.alibaba.fastjson2.writer.FieldWriterObject.write(FieldWriterObject.java:335)
	at com.alibaba.fastjson2.writer.ObjectWriter2.write(ObjectWriter2.java:70)
	at com.alibaba.fastjson2.JSON.toJSONString(JSON.java:3260)
	at com.alibaba.fastjson2.writer.ObjectWriterImplMap.mapKeyToString(ObjectWriterImplMap.java:425)
	at com.alibaba.fastjson2.writer.ObjectWriterImplMap.writeMapKey(ObjectWriterImplMap.java:498)
	at com.alibaba.fastjson2.writer.ObjectWriterImplMap.write(ObjectWriterImplMap.java:574)
	at com.alibaba.fastjson2.writer.FieldWriterObject.writeInternal(FieldWriterObject.java:479)
	at com.alibaba.fastjson2.writer.FieldWriterObject.write(FieldWriterObject.java:335)
	at com.alibaba.fastjson2.writer.ObjectWriter2.write(ObjectWriter2.java:70)
	at com.alibaba.fastjson2.JSON.toJSONString(JSON.java:3260)
	at com.alibaba.fastjson2.writer.ObjectWriterImplMap.mapKeyToString(ObjectWriterImplMap.java:425)
	at com.alibaba.fastjson2.writer.ObjectWriterImplMap.writeMapKey(ObjectWriterImplMap.java:498)
	at com.alibaba.fastjson2.writer.ObjectWriterImplMap.write(ObjectWriterImplMap.java:574)
	at com.alibaba.fastjson2.writer.FieldWriterObject.writeInternal(FieldWriterObject.java:479)
	at com.alibaba.fastjson2.writer.FieldWriterObject.write(FieldWriterObject.java:335)
	at com.alibaba.fastjson2.writer.ObjectWriter2.write(ObjectWriter2.java:70)
	at com.alibaba.fastjson2.JSON.toJSONString(JSON.java:3260)
	at com.alibaba.fastjson2.writer.ObjectWriterImplMap.mapKeyToString(ObjectWriterImplMap.java:425)
	at com.alibaba.fastjson2.writer.ObjectWriterImplMap.writeMapKey(ObjectWriterImplMap.java:498)
	at com.alibaba.fastjson2.writer.ObjectWriterImplMap.write(ObjectWriterImplMap.java:574)
	at com.alibaba.fastjson2.writer.FieldWriterObject.writeInternal(FieldWriterObject.java:479)
	at com.alibaba.fastjson2.writer.FieldWriterObject.write(FieldWriterObject.java:335)
	at com.alibaba.fastjson2.writer.ObjectWriter2.write(ObjectWriter2.java:70)
	at com.alibaba.fastjson2.JSON.toJSONString(JSON.java:3260)
	at com.alibaba.fastjson2.writer.ObjectWriterImplMap.mapKeyToString(ObjectWriterImplMap.java:425)
	at com.alibaba.fastjson2.writer.ObjectWriterImplMap.writeMapKey(ObjectWriterImplMap.java:498)
	at com.alibaba.fastjson2.writer.ObjectWriterImplMap.write(ObjectWriterImplMap.java:574)
	at com.alibaba.fastjson2.writer.FieldWriterObject.writeInternal(FieldWriterObject.java:479)
	at com.alibaba.fastjson2.writer.FieldWriterObject.write(FieldWriterObject.java:335)
	at com.alibaba.fastjson2.writer.ObjectWriter2.write(ObjectWriter2.java:70)
	at com.alibaba.fastjson2.JSON.toJSONString(JSON.java:3260)
	at com.alibaba.fastjson2.writer.ObjectWriterImplMap.mapKeyToString(ObjectWriterImplMap.java:425)
	at com.alibaba.fastjson2.writer.ObjectWriterImplMap.writeMapKey(ObjectWriterImplMap.java:498)
	at com.alibaba.fastjson2.writer.ObjectWriterImplMap.write(ObjectWriterImplMap.java:574)
	at com.alibaba.fastjson2.writer.FieldWriterObject.writeInternal(FieldWriterObject.java:479)
	at com.alibaba.fastjson2.writer.FieldWriterObject.write(FieldWriterObject.java:335)
	at com.alibaba.fastjson2.writer.ObjectWriter2.write(ObjectWriter2.java:70)
	at com.alibaba.fastjson2.JSON.toJSONString(JSON.java:3260)
	at com.alibaba.fastjson2.writer.ObjectWriterImplMap.mapKeyToString(ObjectWriterImplMap.java:425)
	at com.alibaba.fastjson2.writer.ObjectWriterImplMap.writeMapKey(ObjectWriterImplMap.java:498)
	at com.alibaba.fastjson2.writer.ObjectWriterImplMap.write(ObjectWriterImplMap.java:574)
	at com.alibaba.fastjson2.writer.FieldWriterObject.writeInternal(FieldWriterObject.java:479)
	at com.alibaba.fastjson2.writer.FieldWriterObject.write(FieldWriterObject.java:335)
	at com.alibaba.fastjson2.writer.ObjectWriter2.write(ObjectWriter2.java:70)
	at com.alibaba.fastjson2.JSON.toJSONString(JSON.java:3260)
	at com.alibaba.fastjson2.writer.ObjectWriterImplMap.mapKeyToString(ObjectWriterImplMap.java:425)
	at com.alibaba.fastjson2.writer.ObjectWriterImplMap.writeMapKey(ObjectWriterImplMap.java:498)
	at com.alibaba.fastjson2.writer.ObjectWriterImplMap.write(ObjectWriterImplMap.java:574)
	at com.alibaba.fastjson2.writer.FieldWriterObject.writeInternal(FieldWriterObject.java:479)
	at com.alibaba.fastjson2.writer.FieldWriterObject.write(FieldWriterObject.java:335)
	at com.alibaba.fastjson2.writer.ObjectWriter2.write(ObjectWriter2.java:70)
	at com.alibaba.fastjson2.JSON.toJSONString(JSON.java:3260)
	at com.alibaba.fastjson2.writer.ObjectWriterImplMap.mapKeyToString(ObjectWriterImplMap.java:425)
	at com.alibaba.fastjson2.writer.ObjectWriterImplMap.writeMapKey(ObjectWriterImplMap.java:498)
	at com.alibaba.fastjson2.writer.ObjectWriterImplMap.write(ObjectWriterImplMap.java:574)
	at com.alibaba.fastjson2.writer.FieldWriterObject.writeInternal(FieldWriterObject.java:479)
	at com.alibaba.fastjson2.writer.FieldWriterObject.write(FieldWriterObject.java:335)
	at com.alibaba.fastjson2.writer.ObjectWriter2.write(ObjectWriter2.java:70)
	at com.alibaba.fastjson2.JSON.toJSONString(JSON.java:3260)
	at com.alibaba.fastjson2.writer.ObjectWriterImplMap.mapKeyToString(ObjectWriterImplMap.java:425)
	at com.alibaba.fastjson2.writer.ObjectWriterImplMap.writeMapKey(ObjectWriterImplMap.java:498)
	at com.alibaba.fastjson2.writer.ObjectWriterImplMap.write(ObjectWriterImplMap.java:574)
	at com.alibaba.fastjson2.writer.FieldWriterObject.writeInternal(FieldWriterObject.java:479)
	at com.alibaba.fastjson2.writer.FieldWriterObject.write(FieldWriterObject.java:335)
	at com.alibaba.fastjson2.writer.ObjectWriter2.write(ObjectWriter2.java:70)
	at com.alibaba.fastjson2.JSON.toJSONString(JSON.java:3260)
	at com.alibaba.fastjson2.writer.ObjectWriterImplMap.mapKeyToString(ObjectWriterImplMap.java:425)
	at com.alibaba.fastjson2.writer.ObjectWriterImplMap.writeMapKey(ObjectWriterImplMap.java:498)
	at com.alibaba.fastjson2.writer.ObjectWriterImplMap.write(ObjectWriterImplMap.java:574)
	at com.alibaba.fastjson2.writer.FieldWriterObject.writeInternal(FieldWriterObject.java:479)
	at com.alibaba.fastjson2.writer.FieldWriterObject.write(FieldWriterObject.java:335)
	at com.alibaba.fastjson2.writer.ObjectWriter2.write(ObjectWriter2.java:70)
	at com.alibaba.fastjson2.JSON.toJSONString(JSON.java:3260)
	at com.alibaba.fastjson2.writer.ObjectWriterImplMap.mapKeyToString(ObjectWriterImplMap.java:425)
	at com.alibaba.fastjson2.writer.ObjectWriterImplMap.writeMapKey(ObjectWriterImplMap.java:498)
	at com.alibaba.fastjson2.writer.ObjectWriterImplMap.write(ObjectWriterImplMap.java:574)
	at com.alibaba.fastjson2.writer.FieldWriterObject.writeInternal(FieldWriterObject.java:479)
	at com.alibaba.fastjson2.writer.FieldWriterObject.write(FieldWriterObject.java:335)
	at com.alibaba.fastjson2.writer.ObjectWriter2.write(ObjectWriter2.java:70)
	at com.alibaba.fastjson2.JSON.toJSONString(JSON.java:3260)
	at com.alibaba.fastjson2.writer.ObjectWriterImplMap.mapKeyToString(ObjectWriterImplMap.java:425)
	at com.alibaba.fastjson2.writer.ObjectWriterImplMap.writeMapKey(ObjectWriterImplMap.java:498)
	at com.alibaba.fastjson2.writer.ObjectWriterImplMap.write(ObjectWriterImplMap.java:574)
	at com.alibaba.fastjson2.writer.FieldWriterObject.writeInternal(FieldWriterObject.java:479)
	at com.alibaba.fastjson2.writer.FieldWriterObject.write(FieldWriterObject.java:335)
	at com.alibaba.fastjson2.writer.ObjectWriter2.write(ObjectWriter2.java:70)
	at com.alibaba.fastjson2.JSON.toJSONString(JSON.java:3260)
	at com.alibaba.fastjson2.writer.ObjectWriterImplMap.mapKeyToString(ObjectWriterImplMap.java:425)
	at com.alibaba.fastjson2.writer.ObjectWriterImplMap.writeMapKey(ObjectWriterImplMap.java:498)
	at com.alibaba.fastjson2.writer.ObjectWriterImplMap.write(ObjectWriterImplMap.java:574)
	at com.alibaba.fastjson2.writer.FieldWriterObject.writeInternal(FieldWriterObject.java:479)
	at com.alibaba.fastjson2.writer.FieldWriterObject.write(FieldWriterObject.java:335)
	at com.alibaba.fastjson2.writer.ObjectWriter2.write(ObjectWriter2.java:70)
	at com.alibaba.fastjson2.JSON.toJSONString(JSON.java:3260)
	at com.alibaba.fastjson2.writer.ObjectWriterImplMap.mapKeyToString(ObjectWriterImplMap.java:425)
	at com.alibaba.fastjson2.writer.ObjectWriterImplMap.writeMapKey(ObjectWriterImplMap.java:498)
	at com.alibaba.fastjson2.writer.ObjectWriterImplMap.write(ObjectWriterImplMap.java:574)
	at com.alibaba.fastjson2.writer.FieldWriterObject.writeInternal(FieldWriterObject.java:479)
	at com.alibaba.fastjson2.writer.FieldWriterObject.write(FieldWriterObject.java:335)
	at com.alibaba.fastjson2.writer.ObjectWriter2.write(ObjectWriter2.java:70)
	at com.alibaba.fastjson2.JSON.toJSONString(JSON.java:3260)
	at com.alibaba.fastjson2.writer.ObjectWriterImplMap.mapKeyToString(ObjectWriterImplMap.java:425)
	at com.alibaba.fastjson2.writer.ObjectWriterImplMap.writeMapKey(ObjectWriterImplMap.java:498)
	at com.alibaba.fastjson2.writer.ObjectWriterImplMap.write(ObjectWriterImplMap.java:574)
	at com.alibaba.fastjson2.writer.FieldWriterObject.writeInternal(FieldWriterObject.java:479)
	at com.alibaba.fastjson2.writer.FieldWriterObject.write(FieldWriterObject.java:335)
	at com.alibaba.fastjson2.writer.ObjectWriter2.write(ObjectWriter2.java:70)
	at com.alibaba.fastjson2.JSON.toJSONString(JSON.java:3260)
	at com.alibaba.fastjson2.writer.ObjectWriterImplMap.mapKeyToString(ObjectWriterImplMap.java:425)
	at com.alibaba.fastjson2.writer.ObjectWriterImplMap.writeMapKey(ObjectWriterImplMap.java:498)
	at com.alibaba.fastjson2.writer.ObjectWriterImplMap.write(ObjectWriterImplMap.java:574)
	at com.alibaba.fastjson2.writer.FieldWriterObject.writeInternal(FieldWriterObject.java:479)
	at com.alibaba.fastjson2.writer.FieldWriterObject.write(FieldWriterObject.java:335)
	at com.alibaba.fastjson2.writer.ObjectWriter2.write(ObjectWriter2.java:70)
	at com.alibaba.fastjson2.JSON.toJSONString(JSON.java:3260)
	at com.alibaba.fastjson2.writer.ObjectWriterImplMap.mapKeyToString(ObjectWriterImplMap.java:425)
	at com.alibaba.fastjson2.writer.ObjectWriterImplMap.writeMapKey(ObjectWriterImplMap.java:498)
	at com.alibaba.fastjson2.writer.ObjectWriterImplMap.write(ObjectWriterImplMap.java:574)
	at com.alibaba.fastjson2.writer.FieldWriterObject.writeInternal(FieldWriterObject.java:479)
	at com.alibaba.fastjson2.writer.FieldWriterObject.write(FieldWriterObject.java:335)
	at com.alibaba.fastjson2.writer.ObjectWriter2.write(ObjectWriter2.java:70)
	at com.alibaba.fastjson2.JSON.toJSONString(JSON.java:3260)
	at com.alibaba.fastjson2.writer.ObjectWriterImplMap.mapKeyToString(ObjectWriterImplMap.java:425)
	at com.alibaba.fastjson2.writer.ObjectWriterImplMap.writeMapKey(ObjectWriterImplMap.java:498)
	at com.alibaba.fastjson2.writer.ObjectWriterImplMap.write(ObjectWriterImplMap.java:574)
	at com.alibaba.fastjson2.writer.FieldWriterObject.writeInternal(FieldWriterObject.java:479)
	at com.alibaba.fastjson2.writer.FieldWriterObject.write(FieldWriterObject.java:335)
	at com.alibaba.fastjson2.writer.ObjectWriter2.write(ObjectWriter2.java:70)
	at com.alibaba.fastjson2.JSON.toJSONString(JSON.java:3260)
	at com.alibaba.fastjson2.writer.ObjectWriterImplMap.mapKeyToString(ObjectWriterImplMap.java:425)
	at com.alibaba.fastjson2.writer.ObjectWriterImplMap.writeMapKey(ObjectWriterImplMap.java:498)
	at com.alibaba.fastjson2.writer.ObjectWriterImplMap.write(ObjectWriterImplMap.java:574)
	at com.alibaba.fastjson2.writer.FieldWriterObject.writeInternal(FieldWriterObject.java:479)
	at com.alibaba.fastjson2.writer.FieldWriterObject.write(FieldWriterObject.java:335)
	at com.alibaba.fastjson2.writer.ObjectWriter2.write(ObjectWriter2.java:70)
	at com.alibaba.fastjson2.JSON.toJSONString(JSON.java:3260)
	at com.alibaba.fastjson2.writer.ObjectWriterImplMap.mapKeyToString(ObjectWriterImplMap.java:425)
	at com.alibaba.fastjson2.writer.ObjectWriterImplMap.writeMapKey(ObjectWriterImplMap.java:498)
	at com.alibaba.fastjson2.writer.ObjectWriterImplMap.write(ObjectWriterImplMap.java:574)
	at com.alibaba.fastjson2.writer.FieldWriterObject.writeInternal(FieldWriterObject.java:479)
	at com.alibaba.fastjson2.writer.FieldWriterObject.write(FieldWriterObject.java:335)
	at com.alibaba.fastjson2.writer.ObjectWriter2.write(ObjectWriter2.java:70)
	at com.alibaba.fastjson2.JSON.toJSONString(JSON.java:3260)
	at com.alibaba.fastjson2.writer.ObjectWriterImplMap.mapKeyToString(ObjectWriterImplMap.java:425)
	at com.alibaba.fastjson2.writer.ObjectWriterImplMap.writeMapKey(ObjectWriterImplMap.java:498)
	at com.alibaba.fastjson2.writer.ObjectWriterImplMap.write(ObjectWriterImplMap.java:574)
	at com.alibaba.fastjson2.writer.FieldWriterObject.writeInternal(FieldWriterObject.java:479)
	at com.alibaba.fastjson2.writer.FieldWriterObject.write(FieldWriterObject.java:335)
	at com.alibaba.fastjson2.writer.ObjectWriter2.write(ObjectWriter2.java:70)
	at com.alibaba.fastjson2.JSON.toJSONString(JSON.java:3260)
	at com.alibaba.fastjson2.writer.ObjectWriterImplMap.mapKeyToString(ObjectWriterImplMap.java:425)
	at com.alibaba.fastjson2.writer.ObjectWriterImplMap.writeMapKey(ObjectWriterImplMap.java:498)
	at com.alibaba.fastjson2.writer.ObjectWriterImplMap.write(ObjectWriterImplMap.java:574)
	at com.alibaba.fastjson2.writer.FieldWriterObject.writeInternal(FieldWriterObject.java:479)
	at com.alibaba.fastjson2.writer.FieldWriterObject.write(FieldWriterObject.java:335)
	at com.alibaba.fastjson2.writer.ObjectWriter2.write(ObjectWriter2.java:70)
	at com.alibaba.fastjson2.JSON.toJSONString(JSON.java:3260)
	at com.alibaba.fastjson2.writer.ObjectWriterImplMap.mapKeyToString(ObjectWriterImplMap.java:425)
	at com.alibaba.fastjson2.writer.ObjectWriterImplMap.writeMapKey(ObjectWriterImplMap.java:498)
	at com.alibaba.fastjson2.writer.ObjectWriterImplMap.write(ObjectWriterImplMap.java:574)
	at com.alibaba.fastjson2.writer.FieldWriterObject.writeInternal(FieldWriterObject.java:479)
	at com.alibaba.fastjson2.writer.FieldWriterObject.write(FieldWriterObject.java:335)
	at com.alibaba.fastjson2.writer.ObjectWriter2.write(ObjectWriter2.java:70)
	at com.alibaba.fastjson2.JSON.toJSONString(JSON.java:3260)
	at com.alibaba.fastjson2.writer.ObjectWriterImplMap.mapKeyToString(ObjectWriterImplMap.java:425)
	at com.alibaba.fastjson2.writer.ObjectWriterImplMap.writeMapKey(ObjectWriterImplMap.java:498)
	at com.alibaba.fastjson2.writer.ObjectWriterImplMap.write(ObjectWriterImplMap.java:574)
	at com.alibaba.fastjson2.writer.FieldWriterObject.writeInternal(FieldWriterObject.java:479)
	at com.alibaba.fastjson2.writer.FieldWriterObject.write(FieldWriterObject.java:335)
	at com.alibaba.fastjson2.writer.ObjectWriter2.write(ObjectWriter2.java:70)
	at com.alibaba.fastjson2.JSON.toJSONString(JSON.java:3260)
	at com.alibaba.fastjson2.writer.ObjectWriterImplMap.mapKeyToString(ObjectWriterImplMap.java:425)
	at com.alibaba.fastjson2.writer.ObjectWriterImplMap.writeMapKey(ObjectWriterImplMap.java:498)
	at com.alibaba.fastjson2.writer.ObjectWriterImplMap.write(ObjectWriterImplMap.java:574)
	at com.alibaba.fastjson2.writer.FieldWriterObject.writeInternal(FieldWriterObject.java:479)
	at com.alibaba.fastjson2.writer.FieldWriterObject.write(FieldWriterObject.java:335)
	at com.alibaba.fastjson2.writer.ObjectWriter2.write(ObjectWriter2.java:70)
	at com.alibaba.fastjson2.JSON.toJSONString(JSON.java:3260)
	at com.alibaba.fastjson2.writer.ObjectWriterImplMap.mapKeyToString(ObjectWriterImplMap.java:425)
	at com.alibaba.fastjson2.writer.ObjectWriterImplMap.writeMapKey(ObjectWriterImplMap.java:498)
	at com.alibaba.fastjson2.writer.ObjectWriterImplMap.write(ObjectWriterImplMap.java:574)
	at com.alibaba.fastjson2.writer.FieldWriterObject.writeInternal(FieldWriterObject.java:479)
	at com.alibaba.fastjson2.writer.FieldWriterObject.write(FieldWriterObject.java:335)
	at com.alibaba.fastjson2.writer.ObjectWriter2.write(ObjectWriter2.java:70)
	at com.alibaba.fastjson2.JSON.toJSONString(JSON.java:3260)
	at com.alibaba.fastjson2.writer.ObjectWriterImplMap.mapKeyToString(ObjectWriterImplMap.java:425)
	at com.alibaba.fastjson2.writer.ObjectWriterImplMap.writeMapKey(ObjectWriterImplMap.java:498)
	at com.alibaba.fastjson2.writer.ObjectWriterImplMap.write(ObjectWriterImplMap.java:574)
	at com.alibaba.fastjson2.writer.FieldWriterObject.writeInternal(FieldWriterObject.java:479)
	at com.alibaba.fastjson2.writer.FieldWriterObject.write(FieldWriterObject.java:335)
	at com.alibaba.fastjson2.writer.ObjectWriter2.write(ObjectWriter2.java:70)
	at com.alibaba.fastjson2.JSON.toJSONString(JSON.java:3260)
	at com.alibaba.fastjson2.writer.ObjectWriterImplMap.mapKeyToString(ObjectWriterImplMap.java:425)
	at com.alibaba.fastjson2.writer.ObjectWriterImplMap.writeMapKey(ObjectWriterImplMap.java:498)
	at com.alibaba.fastjson2.writer.ObjectWriterImplMap.write(ObjectWriterImplMap.java:574)
	at com.alibaba.fastjson2.writer.FieldWriterObject.writeInternal(FieldWriterObject.java:479)
	at com.alibaba.fastjson2.writer.FieldWriterObject.write(FieldWriterObject.java:335)
	at com.alibaba.fastjson2.writer.ObjectWriter2.write(ObjectWriter2.java:70)
	at com.alibaba.fastjson2.JSON.toJSONString(JSON.java:3260)
	at com.alibaba.fastjson2.writer.ObjectWriterImplMap.mapKeyToString(ObjectWriterImplMap.java:425)
	at com.alibaba.fastjson2.writer.ObjectWriterImplMap.writeMapKey(ObjectWriterImplMap.java:498)
	at com.alibaba.fastjson2.writer.ObjectWriterImplMap.write(ObjectWriterImplMap.java:574)
	at com.alibaba.fastjson2.writer.FieldWriterObject.writeInternal(FieldWriterObject.java:479)
	at com.alibaba.fastjson2.writer.FieldWriterObject.write(FieldWriterObject.java:335)
	at com.alibaba.fastjson2.writer.ObjectWriter2.write(ObjectWriter2.java:70)
	at com.alibaba.fastjson2.JSON.toJSONString(JSON.java:3260)
	at com.alibaba.fastjson2.writer.ObjectWriterImplMap.mapKeyToString(ObjectWriterImplMap.java:425)
	at com.alibaba.fastjson2.writer.ObjectWriterImplMap.writeMapKey(ObjectWriterImplMap.java:498)
	at com.alibaba.fastjson2.writer.ObjectWriterImplMap.write(ObjectWriterImplMap.java:574)
	at com.alibaba.fastjson2.writer.FieldWriterObject.writeInternal(FieldWriterObject.java:479)
	at com.alibaba.fastjson2.writer.FieldWriterObject.write(FieldWriterObject.java:335)
	at com.alibaba.fastjson2.writer.ObjectWriter2.write(ObjectWriter2.java:70)
	at com.alibaba.fastjson2.JSON.toJSONString(JSON.java:3260)
	at com.alibaba.fastjson2.writer.ObjectWriterImplMap.mapKeyToString(ObjectWriterImplMap.java:425)
	at com.alibaba.fastjson2.writer.ObjectWriterImplMap.writeMapKey(ObjectWriterImplMap.java:498)
	at com.alibaba.fastjson2.writer.ObjectWriterImplMap.write(ObjectWriterImplMap.java:574)
	at com.alibaba.fastjson2.writer.FieldWriterObject.writeInternal(FieldWriterObject.java:479)
	at com.alibaba.fastjson2.writer.FieldWriterObject.write(FieldWriterObject.java:335)
	at com.alibaba.fastjson2.writer.ObjectWriter2.write(ObjectWriter2.java:70)
	at com.alibaba.fastjson2.JSON.toJSONString(JSON.java:3260)
	at com.alibaba.fastjson2.writer.ObjectWriterImplMap.mapKeyToString(ObjectWriterImplMap.java:425)
	at com.alibaba.fastjson2.writer.ObjectWriterImplMap.writeMapKey(ObjectWriterImplMap.java:498)
	at com.alibaba.fastjson2.writer.ObjectWriterImplMap.write(ObjectWriterImplMap.java:574)
	at com.alibaba.fastjson2.writer.FieldWriterObject.writeInternal(FieldWriterObject.java:479)
	at com.alibaba.fastjson2.writer.FieldWriterObject.write(FieldWriterObject.java:335)
	at com.alibaba.fastjson2.writer.ObjectWriter2.write(ObjectWriter2.java:70)
	at com.alibaba.fastjson2.JSON.toJSONString(JSON.java:3260)
	at com.alibaba.fastjson2.writer.ObjectWriterImplMap.mapKeyToString(ObjectWriterImplMap.java:425)
	at com.alibaba.fastjson2.writer.ObjectWriterImplMap.writeMapKey(ObjectWriterImplMap.java:498)
	at com.alibaba.fastjson2.writer.ObjectWriterImplMap.write(ObjectWriterImplMap.java:574)
	at com.alibaba.fastjson2.writer.FieldWriterObject.writeInternal(FieldWriterObject.java:479)
	at com.alibaba.fastjson2.writer.FieldWriterObject.write(FieldWriterObject.java:335)
	at com.alibaba.fastjson2.writer.ObjectWriter2.write(ObjectWriter2.java:70)
	at com.alibaba.fastjson2.JSON.toJSONString(JSON.java:3260)
	at com.alibaba.fastjson2.writer.ObjectWriterImplMap.mapKeyToString(ObjectWriterImplMap.java:425)
	at com.alibaba.fastjson2.writer.ObjectWriterImplMap.writeMapKey(ObjectWriterImplMap.java:498)
	at com.alibaba.fastjson2.writer.ObjectWriterImplMap.write(ObjectWriterImplMap.java:574)
	at com.alibaba.fastjson2.writer.FieldWriterObject.writeInternal(FieldWriterObject.java:479)
	at com.alibaba.fastjson2.writer.FieldWriterObject.write(FieldWriterObject.java:335)
	at com.alibaba.fastjson2.writer.ObjectWriter2.write(ObjectWriter2.java:70)
	at com.alibaba.fastjson2.JSON.toJSONString(JSON.java:3260)
	at com.alibaba.fastjson2.writer.ObjectWriterImplMap.mapKeyToString(ObjectWriterImplMap.java:425)
	at com.alibaba.fastjson2.writer.ObjectWriterImplMap.writeMapKey(ObjectWriterImplMap.java:498)
	at com.alibaba.fastjson2.writer.ObjectWriterImplMap.write(ObjectWriterImplMap.java:574)
	at com.alibaba.fastjson2.writer.FieldWriterObject.writeInternal(FieldWriterObject.java:479)
	at com.alibaba.fastjson2.writer.FieldWriterObject.write(FieldWriterObject.java:335)
	at com.alibaba.fastjson2.writer.ObjectWriter2.write(ObjectWriter2.java:70)
	at com.alibaba.fastjson2.JSON.toJSONString(JSON.java:3260)
	at com.alibaba.fastjson2.writer.ObjectWriterImplMap.mapKeyToString(ObjectWriterImplMap.java:425)
	at com.alibaba.fastjson2.writer.ObjectWriterImplMap.writeMapKey(ObjectWriterImplMap.java:498)
	at com.alibaba.fastjson2.writer.ObjectWriterImplMap.write(ObjectWriterImplMap.java:574)
	at com.alibaba.fastjson2.writer.FieldWriterObject.writeInternal(FieldWriterObject.java:479)
	at com.alibaba.fastjson2.writer.FieldWriterObject.write(FieldWriterObject.java:335)
	at com.alibaba.fastjson2.writer.ObjectWriter2.write(ObjectWriter2.java:70)
	at com.alibaba.fastjson2.JSON.toJSONString(JSON.java:3260)
	at com.alibaba.fastjson2.writer.ObjectWriterImplMap.mapKeyToString(ObjectWriterImplMap.java:425)
	at com.alibaba.fastjson2.writer.ObjectWriterImplMap.writeMapKey(ObjectWriterImplMap.java:498)
	at com.alibaba.fastjson2.writer.ObjectWriterImplMap.write(ObjectWriterImplMap.java:574)
	at com.alibaba.fastjson2.writer.FieldWriterObject.writeInternal(FieldWriterObject.java:479)
	at com.alibaba.fastjson2.writer.FieldWriterObject.write(FieldWriterObject.java:335)
	at com.alibaba.fastjson2.writer.ObjectWriter2.write(ObjectWriter2.java:70)
	at com.alibaba.fastjson2.JSON.toJSONString(JSON.java:3260)
	at com.alibaba.fastjson2.writer.ObjectWriterImplMap.mapKeyToString(ObjectWriterImplMap.java:425)
	at com.alibaba.fastjson2.writer.ObjectWriterImplMap.writeMapKey(ObjectWriterImplMap.java:498)
	at com.alibaba.fastjson2.writer.ObjectWriterImplMap.write(ObjectWriterImplMap.java:574)
	at com.alibaba.fastjson2.writer.FieldWriterObject.writeInternal(FieldWriterObject.java:479)
	at com.alibaba.fastjson2.writer.FieldWriterObject.write(FieldWriterObject.java:335)
	at com.alibaba.fastjson2.writer.ObjectWriter2.write(ObjectWriter2.java:70)
	at com.alibaba.fastjson2.JSON.toJSONString(JSON.java:3260)
	at com.alibaba.fastjson2.writer.ObjectWriterImplMap.mapKeyToString(ObjectWriterImplMap.java:425)
	at com.alibaba.fastjson2.writer.ObjectWriterImplMap.writeMapKey(ObjectWriterImplMap.java:498)
	at com.alibaba.fastjson2.writer.ObjectWriterImplMap.write(ObjectWriterImplMap.java:574)
	at com.alibaba.fastjson2.writer.FieldWriterObject.writeInternal(FieldWriterObject.java:479)
	at com.alibaba.fastjson2.writer.FieldWriterObject.write(FieldWriterObject.java:335)
	at com.alibaba.fastjson2.writer.ObjectWriter2.write(ObjectWriter2.java:70)
	at com.alibaba.fastjson2.JSON.toJSONString(JSON.java:3260)
	at com.alibaba.fastjson2.writer.ObjectWriterImplMap.mapKeyToString(ObjectWriterImplMap.java:425)
	at com.alibaba.fastjson2.writer.ObjectWriterImplMap.writeMapKey(ObjectWriterImplMap.java:498)
	at com.alibaba.fastjson2.writer.ObjectWriterImplMap.write(ObjectWriterImplMap.java:574)
	at com.alibaba.fastjson2.writer.FieldWriterObject.writeInternal(FieldWriterObject.java:479)
	at com.alibaba.fastjson2.writer.FieldWriterObject.write(FieldWriterObject.java:335)
	at com.alibaba.fastjson2.writer.ObjectWriter2.write(ObjectWriter2.java:70)
	at com.alibaba.fastjson2.JSON.toJSONString(JSON.java:3260)
	at com.alibaba.fastjson2.writer.ObjectWriterImplMap.mapKeyToString(ObjectWriterImplMap.java:425)
	at com.alibaba.fastjson2.writer.ObjectWriterImplMap.writeMapKey(ObjectWriterImplMap.java:498)
	at com.alibaba.fastjson2.writer.ObjectWriterImplMap.write(ObjectWriterImplMap.java:574)
	at com.alibaba.fastjson2.writer.FieldWriterObject.writeInternal(FieldWriterObject.java:479)
	at com.alibaba.fastjson2.writer.FieldWriterObject.write(FieldWriterObject.java:335)
	at com.alibaba.fastjson2.writer.ObjectWriter2.write(ObjectWriter2.java:70)
	at com.alibaba.fastjson2.JSON.toJSONString(JSON.java:3260)
	at com.alibaba.fastjson2.writer.ObjectWriterImplMap.mapKeyToString(ObjectWriterImplMap.java:425)
	at com.alibaba.fastjson2.writer.ObjectWriterImplMap.writeMapKey(ObjectWriterImplMap.java:498)
	at com.alibaba.fastjson2.writer.ObjectWriterImplMap.write(ObjectWriterImplMap.java:574)
	at com.alibaba.fastjson2.writer.FieldWriterObject.writeInternal(FieldWriterObject.java:479)
	at com.alibaba.fastjson2.writer.FieldWriterObject.write(FieldWriterObject.java:335)
	at com.alibaba.fastjson2.writer.ObjectWriter2.write(ObjectWriter2.java:70)
	at com.alibaba.fastjson2.JSON.toJSONString(JSON.java:3260)
	at com.alibaba.fastjson2.writer.ObjectWriterImplMap.mapKeyToString(ObjectWriterImplMap.java:425)
	at com.alibaba.fastjson2.writer.ObjectWriterImplMap.writeMapKey(ObjectWriterImplMap.java:498)
	at com.alibaba.fastjson2.writer.ObjectWriterImplMap.write(ObjectWriterImplMap.java:574)
	at com.alibaba.fastjson2.writer.FieldWriterObject.writeInternal(FieldWriterObject.java:479)
	at com.alibaba.fastjson2.writer.FieldWriterObject.write(FieldWriterObject.java:335)
	at com.alibaba.fastjson2.writer.ObjectWriter2.write(ObjectWriter2.java:70)
	at com.alibaba.fastjson2.JSON.toJSONString(JSON.java:3260)
	at com.alibaba.fastjson2.writer.ObjectWriterImplMap.mapKeyToString(ObjectWriterImplMap.java:425)
	at com.alibaba.fastjson2.writer.ObjectWriterImplMap.writeMapKey(ObjectWriterImplMap.java:498)
	at com.alibaba.fastjson2.writer.ObjectWriterImplMap.write(ObjectWriterImplMap.java:574)
	at com.alibaba.fastjson2.writer.FieldWriterObject.writeInternal(FieldWriterObject.java:479)
	at com.alibaba.fastjson2.writer.FieldWriterObject.write(FieldWriterObject.java:335)
	at com.alibaba.fastjson2.writer.ObjectWriter2.write(ObjectWriter2.java:70)
	at com.alibaba.fastjson2.JSON.toJSONString(JSON.java:3260)
	at com.alibaba.fastjson2.writer.ObjectWriterImplMap.mapKeyToString(ObjectWriterImplMap.java:425)
	at com.alibaba.fastjson2.writer.ObjectWriterImplMap.writeMapKey(ObjectWriterImplMap.java:498)
	at com.alibaba.fastjson2.writer.ObjectWriterImplMap.write(ObjectWriterImplMap.java:574)
	at com.alibaba.fastjson2.writer.FieldWriterObject.writeInternal(FieldWriterObject.java:479)
	at com.alibaba.fastjson2.writer.FieldWriterObject.write(FieldWriterObject.java:335)
	at com.alibaba.fastjson2.writer.ObjectWriter2.write(ObjectWriter2.java:70)
	at com.alibaba.fastjson2.JSON.toJSONString(JSON.java:3260)
	at com.alibaba.fastjson2.writer.ObjectWriterImplMap.mapKeyToString(ObjectWriterImplMap.java:425)
	at com.alibaba.fastjson2.writer.ObjectWriterImplMap.writeMapKey(ObjectWriterImplMap.java:498)
	at com.alibaba.fastjson2.writer.ObjectWriterImplMap.write(ObjectWriterImplMap.java:574)
	at com.alibaba.fastjson2.writer.FieldWriterObject.writeInternal(FieldWriterObject.java:479)
	at com.alibaba.fastjson2.writer.FieldWriterObject.write(FieldWriterObject.java:335)
	at com.alibaba.fastjson2.writer.ObjectWriter2.write(ObjectWriter2.java:70)
	at com.alibaba.fastjson2.JSON.toJSONString(JSON.java:3260)
	at com.alibaba.fastjson2.writer.ObjectWriterImplMap.mapKeyToString(ObjectWriterImplMap.java:425)
	at com.alibaba.fastjson2.writer.ObjectWriterImplMap.writeMapKey(ObjectWriterImplMap.java:498)
	at com.alibaba.fastjson2.writer.ObjectWriterImplMap.write(ObjectWriterImplMap.java:574)
	at com.alibaba.fastjson2.writer.FieldWriterObject.writeInternal(FieldWriterObject.java:479)
	at com.alibaba.fastjson2.writer.FieldWriterObject.write(FieldWriterObject.java:335)
	at com.alibaba.fastjson2.writer.ObjectWriter2.write(ObjectWriter2.java:70)
	at com.alibaba.fastjson2.JSON.toJSONString(JSON.java:3260)
	at com.alibaba.fastjson2.writer.ObjectWriterImplMap.mapKeyToString(ObjectWriterImplMap.java:425)
	at com.alibaba.fastjson2.writer.ObjectWriterImplMap.writeMapKey(ObjectWriterImplMap.java:498)
	at com.alibaba.fastjson2.writer.ObjectWriterImplMap.write(ObjectWriterImplMap.java:574)
	at com.alibaba.fastjson2.writer.FieldWriterObject.writeInternal(FieldWriterObject.java:479)
	at com.alibaba.fastjson2.writer.FieldWriterObject.write(FieldWriterObject.java:335)
	at com.alibaba.fastjson2.writer.ObjectWriter2.write(ObjectWriter2.java:70)
	at com.alibaba.fastjson2.JSON.toJSONString(JSON.java:3260)
	at com.alibaba.fastjson2.writer.ObjectWriterImplMap.mapKeyToString(ObjectWriterImplMap.java:425)
	at com.alibaba.fastjson2.writer.ObjectWriterImplMap.writeMapKey(ObjectWriterImplMap.java:498)
	at com.alibaba.fastjson2.writer.ObjectWriterImplMap.write(ObjectWriterImplMap.java:574)
	at com.alibaba.fastjson2.writer.FieldWriterObject.writeInternal(FieldWriterObject.java:479)
	at com.alibaba.fastjson2.writer.FieldWriterObject.write(FieldWriterObject.java:335)
	at com.alibaba.fastjson2.writer.ObjectWriter2.write(ObjectWriter2.java:70)
	at com.alibaba.fastjson2.JSON.toJSONString(JSON.java:3260)
	at com.alibaba.fastjson2.writer.ObjectWriterImplMap.mapKeyToString(ObjectWriterImplMap.java:425)
	at com.alibaba.fastjson2.writer.ObjectWriterImplMap.writeMapKey(ObjectWriterImplMap.java:498)
	at com.alibaba.fastjson2.writer.ObjectWriterImplMap.write(ObjectWriterImplMap.java:574)
	at com.alibaba.fastjson2.writer.FieldWriterObject.writeInternal(FieldWriterObject.java:479)
	at com.alibaba.fastjson2.writer.FieldWriterObject.write(FieldWriterObject.java:335)
	at com.alibaba.fastjson2.writer.ObjectWriter2.write(ObjectWriter2.java:70)
	at com.alibaba.fastjson2.JSON.toJSONString(JSON.java:3260)
	at com.alibaba.fastjson2.writer.ObjectWriterImplMap.mapKeyToString(ObjectWriterImplMap.java:425)
	at com.alibaba.fastjson2.writer.ObjectWriterImplMap.writeMapKey(ObjectWriterImplMap.java:498)
	at com.alibaba.fastjson2.writer.ObjectWriterImplMap.write(ObjectWriterImplMap.java:574)
	at com.alibaba.fastjson2.writer.FieldWriterObject.writeInternal(FieldWriterObject.java:479)
	at com.alibaba.fastjson2.writer.FieldWriterObject.write(FieldWriterObject.java:335)
	at com.alibaba.fastjson2.writer.ObjectWriter2.write(ObjectWriter2.java:70)
	at com.alibaba.fastjson2.JSON.toJSONString(JSON.java:3260)
	at com.alibaba.fastjson2.writer.ObjectWriterImplMap.mapKeyToString(ObjectWriterImplMap.java:425)
	at com.alibaba.fastjson2.writer.ObjectWriterImplMap.writeMapKey(ObjectWriterImplMap.java:498)
	at com.alibaba.fastjson2.writer.ObjectWriterImplMap.write(ObjectWriterImplMap.java:574)
	at com.alibaba.fastjson2.writer.FieldWriterObject.writeInternal(FieldWriterObject.java:479)
	at com.alibaba.fastjson2.writer.FieldWriterObject.write(FieldWriterObject.java:335)
	at com.alibaba.fastjson2.writer.ObjectWriter2.write(ObjectWriter2.java:70)
	at com.alibaba.fastjson2.JSON.toJSONString(JSON.java:3260)
	at com.alibaba.fastjson2.writer.ObjectWriterImplMap.mapKeyToString(ObjectWriterImplMap.java:425)
	at com.alibaba.fastjson2.writer.ObjectWriterImplMap.writeMapKey(ObjectWriterImplMap.java:498)
	at com.alibaba.fastjson2.writer.ObjectWriterImplMap.write(ObjectWriterImplMap.java:574)
	at com.alibaba.fastjson2.writer.FieldWriterObject.writeInternal(FieldWriterObject.java:479)
	at com.alibaba.fastjson2.writer.FieldWriterObject.write(FieldWriterObject.java:335)
	at com.alibaba.fastjson2.writer.ObjectWriter2.write(ObjectWriter2.java:70)
	at com.alibaba.fastjson2.JSON.toJSONString(JSON.java:3260)
	at com.alibaba.fastjson2.writer.ObjectWriterImplMap.mapKeyToString(ObjectWriterImplMap.java:425)
	at com.alibaba.fastjson2.writer.ObjectWriterImplMap.writeMapKey(ObjectWriterImplMap.java:498)
	at com.alibaba.fastjson2.writer.ObjectWriterImplMap.write(ObjectWriterImplMap.java:574)
	at com.alibaba.fastjson2.writer.FieldWriterObject.writeInternal(FieldWriterObject.java:479)
	at com.alibaba.fastjson2.writer.FieldWriterObject.write(FieldWriterObject.java:335)
	at com.alibaba.fastjson2.writer.ObjectWriter2.write(ObjectWriter2.java:70)
	at com.alibaba.fastjson2.JSON.toJSONString(JSON.java:3260)
	at com.alibaba.fastjson2.writer.ObjectWriterImplMap.mapKeyToString(ObjectWriterImplMap.java:425)
	at com.alibaba.fastjson2.writer.ObjectWriterImplMap.writeMapKey(ObjectWriterImplMap.java:498)
	at com.alibaba.fastjson2.writer.ObjectWriterImplMap.write(ObjectWriterImplMap.java:574)
	at com.alibaba.fastjson2.writer.FieldWriterObject.writeInternal(FieldWriterObject.java:479)
	at com.alibaba.fastjson2.writer.FieldWriterObject.write(FieldWriterObject.java:335)
	at com.alibaba.fastjson2.writer.ObjectWriter2.write(ObjectWriter2.java:70)
	at com.alibaba.fastjson2.JSON.toJSONString(JSON.java:3260)
	at com.alibaba.fastjson2.writer.ObjectWriterImplMap.mapKeyToString(ObjectWriterImplMap.java:425)
	at com.alibaba.fastjson2.writer.ObjectWriterImplMap.writeMapKey(ObjectWriterImplMap.java:498)
	at com.alibaba.fastjson2.writer.ObjectWriterImplMap.write(ObjectWriterImplMap.java:574)
	at com.alibaba.fastjson2.writer.FieldWriterObject.writeInternal(FieldWriterObject.java:479)
	at com.alibaba.fastjson2.writer.FieldWriterObject.write(FieldWriterObject.java:335)
	at com.alibaba.fastjson2.writer.ObjectWriter2.write(ObjectWriter2.java:70)
	at com.alibaba.fastjson2.JSON.toJSONString(JSON.java:3260)
	at com.alibaba.fastjson2.writer.ObjectWriterImplMap.mapKeyToString(ObjectWriterImplMap.java:425)
	at com.alibaba.fastjson2.writer.ObjectWriterImplMap.writeMapKey(ObjectWriterImplMap.java:498)
	at com.alibaba.fastjson2.writer.ObjectWriterImplMap.write(ObjectWriterImplMap.java:574)
	at com.alibaba.fastjson2.writer.FieldWriterObject.writeInternal(FieldWriterObject.java:479)
	at com.alibaba.fastjson2.writer.FieldWriterObject.write(FieldWriterObject.java:335)
	at com.alibaba.fastjson2.writer.ObjectWriter2.write(ObjectWriter2.java:70)
	at com.alibaba.fastjson2.JSON.toJSONString(JSON.java:3260)
	at com.alibaba.fastjson2.writer.ObjectWriterImplMap.mapKeyToString(ObjectWriterImplMap.java:425)
	at com.alibaba.fastjson2.writer.ObjectWriterImplMap.writeMapKey(ObjectWriterImplMap.java:498)
	at com.alibaba.fastjson2.writer.ObjectWriterImplMap.write(ObjectWriterImplMap.java:574)
	at com.alibaba.fastjson2.writer.FieldWriterObject.writeInternal(FieldWriterObject.java:479)
	at com.alibaba.fastjson2.writer.FieldWriterObject.write(FieldWriterObject.java:335)
	at com.alibaba.fastjson2.writer.ObjectWriter2.write(ObjectWriter2.java:70)
	at com.alibaba.fastjson2.JSON.toJSONString(JSON.java:3260)
	at com.alibaba.fastjson2.writer.ObjectWriterImplMap.mapKeyToString(ObjectWriterImplMap.java:425)
	at com.alibaba.fastjson2.writer.ObjectWriterImplMap.writeMapKey(ObjectWriterImplMap.java:498)
	at com.alibaba.fastjson2.writer.ObjectWriterImplMap.write(ObjectWriterImplMap.java:574)
	at com.alibaba.fastjson2.writer.FieldWriterObject.writeInternal(FieldWriterObject.java:479)
	at com.alibaba.fastjson2.writer.FieldWriterObject.write(FieldWriterObject.java:335)
	at com.alibaba.fastjson2.writer.ObjectWriter2.write(ObjectWriter2.java:70)
	at com.alibaba.fastjson2.JSON.toJSONString(JSON.java:3260)
	at com.alibaba.fastjson2.writer.ObjectWriterImplMap.mapKeyToString(ObjectWriterImplMap.java:425)
	at com.alibaba.fastjson2.writer.ObjectWriterImplMap.writeMapKey(ObjectWriterImplMap.java:498)
	at com.alibaba.fastjson2.writer.ObjectWriterImplMap.write(ObjectWriterImplMap.java:574)
	at com.alibaba.fastjson2.writer.FieldWriterObject.writeInternal(FieldWriterObject.java:479)
	at com.alibaba.fastjson2.writer.FieldWriterObject.write(FieldWriterObject.java:335)
	at com.alibaba.fastjson2.writer.ObjectWriter2.write(ObjectWriter2.java:70)
	at com.alibaba.fastjson2.JSON.toJSONString(JSON.java:3260)
	at com.alibaba.fastjson2.writer.ObjectWriterImplMap.mapKeyToString(ObjectWriterImplMap.java:425)
	at com.alibaba.fastjson2.writer.ObjectWriterImplMap.writeMapKey(ObjectWriterImplMap.java:498)
	at com.alibaba.fastjson2.writer.ObjectWriterImplMap.write(ObjectWriterImplMap.java:574)
	at com.alibaba.fastjson2.writer.FieldWriterObject.writeInternal(FieldWriterObject.java:479)
	at com.alibaba.fastjson2.writer.FieldWriterObject.write(FieldWriterObject.java:335)
	at com.alibaba.fastjson2.writer.ObjectWriter2.write(ObjectWriter2.java:70)
	at com.alibaba.fastjson2.JSON.toJSONString(JSON.java:3260)
	at com.alibaba.fastjson2.writer.ObjectWriterImplMap.mapKeyToString(ObjectWriterImplMap.java:425)
	at com.alibaba.fastjson2.writer.ObjectWriterImplMap.writeMapKey(ObjectWriterImplMap.java:498)
	at com.alibaba.fastjson2.writer.ObjectWriterImplMap.write(ObjectWriterImplMap.java:574)
	at com.alibaba.fastjson2.writer.FieldWriterObject.writeInternal(FieldWriterObject.java:479)
	at com.alibaba.fastjson2.writer.FieldWriterObject.write(FieldWriterObject.java:335)
	at com.alibaba.fastjson2.writer.ObjectWriter2.write(ObjectWriter2.java:70)
	at com.alibaba.fastjson2.JSON.toJSONString(JSON.java:3260)
	at com.alibaba.fastjson2.writer.ObjectWriterImplMap.mapKeyToString(ObjectWriterImplMap.java:425)
	at com.alibaba.fastjson2.writer.ObjectWriterImplMap.writeMapKey(ObjectWriterImplMap.java:498)
	at com.alibaba.fastjson2.writer.ObjectWriterImplMap.write(ObjectWriterImplMap.java:574)
	at com.alibaba.fastjson2.writer.FieldWriterObject.writeInternal(FieldWriterObject.java:479)
	at com.alibaba.fastjson2.writer.FieldWriterObject.write(FieldWriterObject.java:335)
	at com.alibaba.fastjson2.writer.ObjectWriter2.write(ObjectWriter2.java:70)
	at com.alibaba.fastjson2.JSON.toJSONString(JSON.java:3260)
	at com.alibaba.fastjson2.writer.ObjectWriterImplMap.mapKeyToString(ObjectWriterImplMap.java:425)
	at com.alibaba.fastjson2.writer.ObjectWriterImplMap.writeMapKey(ObjectWriterImplMap.java:498)
	at com.alibaba.fastjson2.writer.ObjectWriterImplMap.write(ObjectWriterImplMap.java:574)
	at com.alibaba.fastjson2.writer.FieldWriterObject.writeInternal(FieldWriterObject.java:479)
	at com.alibaba.fastjson2.writer.FieldWriterObject.write(FieldWriterObject.java:335)
	at com.alibaba.fastjson2.writer.ObjectWriter2.write(ObjectWriter2.java:70)
	at com.alibaba.fastjson2.JSON.toJSONString(JSON.java:3260)
	at com.alibaba.fastjson2.writer.ObjectWriterImplMap.mapKeyToString(ObjectWriterImplMap.java:425)
	at com.alibaba.fastjson2.writer.ObjectWriterImplMap.writeMapKey(ObjectWriterImplMap.java:498)
	at com.alibaba.fastjson2.writer.ObjectWriterImplMap.write(ObjectWriterImplMap.java:574)
	at com.alibaba.fastjson2.writer.FieldWriterObject.writeInternal(FieldWriterObject.java:479)
	at com.alibaba.fastjson2.writer.FieldWriterObject.write(FieldWriterObject.java:335)
	at com.alibaba.fastjson2.writer.ObjectWriter2.write(ObjectWriter2.java:70)
	at com.alibaba.fastjson2.JSON.toJSONString(JSON.java:3260)
	at com.alibaba.fastjson2.writer.ObjectWriterImplMap.mapKeyToString(ObjectWriterImplMap.java:425)
	at com.alibaba.fastjson2.writer.ObjectWriterImplMap.writeMapKey(ObjectWriterImplMap.java:498)
	at com.alibaba.fastjson2.writer.ObjectWriterImplMap.write(ObjectWriterImplMap.java:574)
	at com.alibaba.fastjson2.writer.FieldWriterObject.writeInternal(FieldWriterObject.java:479)
	at com.alibaba.fastjson2.writer.FieldWriterObject.write(FieldWriterObject.java:335)
	at com.alibaba.fastjson2.writer.ObjectWriter2.write(ObjectWriter2.java:70)
	at com.alibaba.fastjson2.JSON.toJSONString(JSON.java:3260)
	at com.alibaba.fastjson2.writer.ObjectWriterImplMap.mapKeyToString(ObjectWriterImplMap.java:425)
	at com.alibaba.fastjson2.writer.ObjectWriterImplMap.writeMapKey(ObjectWriterImplMap.java:498)
	at com.alibaba.fastjson2.writer.ObjectWriterImplMap.write(ObjectWriterImplMap.java:574)
	at com.alibaba.fastjson2.writer.FieldWriterObject.writeInternal(FieldWriterObject.java:479)
	at com.alibaba.fastjson2.writer.FieldWriterObject.write(FieldWriterObject.java:335)
	at com.alibaba.fastjson2.writer.ObjectWriter2.write(ObjectWriter2.java:70)
	at com.alibaba.fastjson2.JSON.toJSONString(JSON.java:3260)
	at com.alibaba.fastjson2.writer.ObjectWriterImplMap.mapKeyToString(ObjectWriterImplMap.java:425)
	at com.alibaba.fastjson2.writer.ObjectWriterImplMap.writeMapKey(ObjectWriterImplMap.java:498)
	at com.alibaba.fastjson2.writer.ObjectWriterImplMap.write(ObjectWriterImplMap.java:574)
	at com.alibaba.fastjson2.writer.FieldWriterObject.writeInternal(FieldWriterObject.java:479)
	at com.alibaba.fastjson2.writer.FieldWriterObject.write(FieldWriterObject.java:335)
	at com.alibaba.fastjson2.writer.ObjectWriter2.write(ObjectWriter2.java:70)
	at com.alibaba.fastjson2.JSON.toJSONString(JSON.java:3260)
	at com.alibaba.fastjson2.writer.ObjectWriterImplMap.mapKeyToString(ObjectWriterImplMap.java:425)
	at com.alibaba.fastjson2.writer.ObjectWriterImplMap.writeMapKey(ObjectWriterImplMap.java:498)
	at com.alibaba.fastjson2.writer.ObjectWriterImplMap.write(ObjectWriterImplMap.java:574)
	at com.alibaba.fastjson2.writer.FieldWriterObject.writeInternal(FieldWriterObject.java:479)
	at com.alibaba.fastjson2.writer.FieldWriterObject.write(FieldWriterObject.java:335)
	at com.alibaba.fastjson2.writer.ObjectWriter2.write(ObjectWriter2.java:70)
	at com.alibaba.fastjson2.JSON.toJSONString(JSON.java:3260)
	at com.alibaba.fastjson2.writer.ObjectWriterImplMap.mapKeyToString(ObjectWriterImplMap.java:425)
	at com.alibaba.fastjson2.writer.ObjectWriterImplMap.writeMapKey(ObjectWriterImplMap.java:498)
	at com.alibaba.fastjson2.writer.ObjectWriterImplMap.write(ObjectWriterImplMap.java:574)
	at com.alibaba.fastjson2.writer.FieldWriterObject.writeInternal(FieldWriterObject.java:479)
	at com.alibaba.fastjson2.writer.FieldWriterObject.write(FieldWriterObject.java:335)
	at com.alibaba.fastjson2.writer.ObjectWriter2.write(ObjectWriter2.java:70)
	at com.alibaba.fastjson2.JSON.toJSONString(JSON.java:3260)
	at com.alibaba.fastjson2.writer.ObjectWriterImplMap.mapKeyToString(ObjectWriterImplMap.java:425)
	at com.alibaba.fastjson2.writer.ObjectWriterImplMap.writeMapKey(ObjectWriterImplMap.java:498)
	at com.alibaba.fastjson2.writer.ObjectWriterImplMap.write(ObjectWriterImplMap.java:574)
	at com.alibaba.fastjson2.writer.FieldWriterObject.writeInternal(FieldWriterObject.java:479)
	at com.alibaba.fastjson2.writer.FieldWriterObject.write(FieldWriterObject.java:335)
	at com.alibaba.fastjson2.writer.ObjectWriter2.write(ObjectWriter2.java:70)
	at com.alibaba.fastjson2.JSON.toJSONString(JSON.java:3260)
	at com.alibaba.fastjson2.writer.ObjectWriterImplMap.mapKeyToString(ObjectWriterImplMap.java:425)
	at com.alibaba.fastjson2.writer.ObjectWriterImplMap.writeMapKey(ObjectWriterImplMap.java:498)
	at com.alibaba.fastjson2.writer.ObjectWriterImplMap.write(ObjectWriterImplMap.java:574)
	at com.alibaba.fastjson2.writer.FieldWriterObject.writeInternal(FieldWriterObject.java:479)
	at com.alibaba.fastjson2.writer.FieldWriterObject.write(FieldWriterObject.java:335)
	at com.alibaba.fastjson2.writer.ObjectWriter2.write(ObjectWriter2.java:70)
	at com.alibaba.fastjson2.JSON.toJSONString(JSON.java:3260)
	at com.alibaba.fastjson2.writer.ObjectWriterImplMap.mapKeyToString(ObjectWriterImplMap.java:425)
	at com.alibaba.fastjson2.writer.ObjectWriterImplMap.writeMapKey(ObjectWriterImplMap.java:498)
	at com.alibaba.fastjson2.writer.ObjectWriterImplMap.write(ObjectWriterImplMap.java:574)
	at com.alibaba.fastjson2.writer.FieldWriterObject.writeInternal(FieldWriterObject.java:479)
	at com.alibaba.fastjson2.writer.FieldWriterObject.write(FieldWriterObject.java:335)
	at com.alibaba.fastjson2.writer.ObjectWriter2.write(ObjectWriter2.java:70)
	at com.alibaba.fastjson2.JSON.toJSONString(JSON.java:3260)
	at com.alibaba.fastjson2.writer.ObjectWriterImplMap.mapKeyToString(ObjectWriterImplMap.java:425)
	at com.alibaba.fastjson2.writer.ObjectWriterImplMap.writeMapKey(ObjectWriterImplMap.java:498)
	at com.alibaba.fastjson2.writer.ObjectWriterImplMap.write(ObjectWriterImplMap.java:574)
	at com.alibaba.fastjson2.writer.FieldWriterObject.writeInternal(FieldWriterObject.java:479)
	at com.alibaba.fastjson2.writer.FieldWriterObject.write(FieldWriterObject.java:335)
	at com.alibaba.fastjson2.writer.ObjectWriter2.write(ObjectWriter2.java:70)
	at com.alibaba.fastjson2.JSON.toJSONString(JSON.java:3260)
	at com.alibaba.fastjson2.writer.ObjectWriterImplMap.mapKeyToString(ObjectWriterImplMap.java:425)
	at com.alibaba.fastjson2.writer.ObjectWriterImplMap.writeMapKey(ObjectWriterImplMap.java:498)
	at com.alibaba.fastjson2.writer.ObjectWriterImplMap.write(ObjectWriterImplMap.java:574)
	at com.alibaba.fastjson2.writer.FieldWriterObject.writeInternal(FieldWriterObject.java:479)
	at com.alibaba.fastjson2.writer.FieldWriterObject.write(FieldWriterObject.java:335)
	at com.alibaba.fastjson2.writer.ObjectWriter2.write(ObjectWriter2.java:70)
	at com.alibaba.fastjson2.JSON.toJSONString(JSON.java:3260)
	at com.alibaba.fastjson2.writer.ObjectWriterImplMap.mapKeyToString(ObjectWriterImplMap.java:425)

[ERROR] Failures: 
[ERROR]   MapKeyContextTest.cyclicBeanKeyTerminatesUnderSort:186 Unexpected exception thrown: java.lang.StackOverflowError
[ERROR]   MapKeyContextTest.sortedMapsKeepTheNaturalSpellingForNonBeanKeys:236 {1.5:"v"} ==> expected: <{1.5:"v"}> but was: <{"1.5":"v"}>
[ERROR] Tests run: 163, Failures: 2, Errors: 0, Skipped: 0
[ERROR] Failed to execute goal org.apache.maven.plugins:maven-surefire-plugin:3.5.3:test (default-test) on project fastjson2: There are test failures.
[ERROR] 
[ERROR] See <work>/wt-mut15b/core/target/surefire-reports for the individual test results.
[ERROR] See dump files (if any exist) [date].dump, [date]-jvmRun[N].dump and [date].dumpstream.
[ERROR] -> [Help 1]
[ERROR] 
[ERROR] To see the full stack trace of the errors, re-run Maven with the -e switch.
[ERROR] Re-run Maven using the -X switch to enable full debug logging.
[ERROR] 
[ERROR] For more information about the errors and possible solutions, please read the following articles:
[ERROR] [Help 1] http://cwiki.apache.org/confluence/display/MAVEN/MojoFailureException
