# JMH version: 1.37
# VM version: JDK 21.0.12, OpenJDK 64-Bit Server VM, 21.0.12+8-LTS
# VM invoker: <jdk21>/bin/java
# VM options: -Xms1g -Xmx1g
# Blackhole mode: compiler (auto-detected, use -Djmh.blackhole.autoDetect=false to disable)
# Warmup: 4 iterations, 1 s each
# Measurement: 5 iterations, 1 s each
# Timeout: 10 min per iteration
# Threads: 1 thread, will synchronize iterations
# Benchmark mode: Throughput, ops/time
# Benchmark: bench11.ListJsonb7880.basketJSONB

# Run progress: 0.00% complete, ETA 00:00:27
# Fork: 1 of 1
# Warmup Iteration   1: 518.016 ops/ms
# Warmup Iteration   2: 628.014 ops/ms
# Warmup Iteration   3: 636.939 ops/ms
# Warmup Iteration   4: 635.025 ops/ms
Iteration   1: 635.882 ops/ms
Iteration   2: 635.363 ops/ms
Iteration   3: 635.637 ops/ms
Iteration   4: 634.443 ops/ms
Iteration   5: 635.398 ops/ms


Result "bench11.ListJsonb7880.basketJSONB":
  635.345 ±(99.9%) 2.101 ops/ms [Average]
  (min, avg, max) = (634.443, 635.345, 635.882), stdev = 0.546
  CI (99.9%): [633.244, 637.446] (assumes normal distribution)


# JMH version: 1.37
# VM version: JDK 21.0.12, OpenJDK 64-Bit Server VM, 21.0.12+8-LTS
# VM invoker: <jdk21>/bin/java
# VM options: -Xms1g -Xmx1g
# Blackhole mode: compiler (auto-detected, use -Djmh.blackhole.autoDetect=false to disable)
# Warmup: 4 iterations, 1 s each
# Measurement: 5 iterations, 1 s each
# Timeout: 10 min per iteration
# Threads: 1 thread, will synchronize iterations
# Benchmark mode: Throughput, ops/time
# Benchmark: bench11.ListJsonb7880.nestedListJSON

# Run progress: 33.33% complete, ETA 00:00:18
# Fork: 1 of 1
# Warmup Iteration   1: 160.967 ops/ms
# Warmup Iteration   2: 207.160 ops/ms
# Warmup Iteration   3: 210.052 ops/ms
# Warmup Iteration   4: 210.197 ops/ms
Iteration   1: 209.915 ops/ms
Iteration   2: 210.258 ops/ms
Iteration   3: 210.208 ops/ms
Iteration   4: 210.957 ops/ms
Iteration   5: 211.276 ops/ms


Result "bench11.ListJsonb7880.nestedListJSON":
  210.523 ±(99.9%) 2.190 ops/ms [Average]
  (min, avg, max) = (209.915, 210.523, 211.276), stdev = 0.569
  CI (99.9%): [208.332, 212.713] (assumes normal distribution)


# JMH version: 1.37
# VM version: JDK 21.0.12, OpenJDK 64-Bit Server VM, 21.0.12+8-LTS
# VM invoker: <jdk21>/bin/java
# VM options: -Xms1g -Xmx1g
# Blackhole mode: compiler (auto-detected, use -Djmh.blackhole.autoDetect=false to disable)
# Warmup: 4 iterations, 1 s each
# Measurement: 5 iterations, 1 s each
# Timeout: 10 min per iteration
# Threads: 1 thread, will synchronize iterations
# Benchmark mode: Throughput, ops/time
# Benchmark: bench11.ListJsonb7880.rootListJSONB

# Run progress: 66.67% complete, ETA 00:00:09
# Fork: 1 of 1
# Warmup Iteration   1: 508.278 ops/ms
# Warmup Iteration   2: 603.909 ops/ms
# Warmup Iteration   3: 606.845 ops/ms
# Warmup Iteration   4: 606.278 ops/ms
Iteration   1: 611.045 ops/ms
Iteration   2: 611.108 ops/ms
Iteration   3: 612.463 ops/ms
Iteration   4: 613.059 ops/ms
Iteration   5: 610.155 ops/ms


Result "bench11.ListJsonb7880.rootListJSONB":
  611.566 ±(99.9%) 4.517 ops/ms [Average]
  (min, avg, max) = (610.155, 611.566, 613.059), stdev = 1.173
  CI (99.9%): [607.049, 616.083] (assumes normal distribution)


# Run complete. Total time: 00:00:27

REMEMBER: The numbers below are just data. To gain reusable insights, you need to follow up on
why the numbers are the way they are. Use profilers (see -prof, -lprof), design factorial
experiments, perform baseline and negative tests that provide experimental control, make sure
the benchmarking environment is safe on JVM/OS/HW level, ask for reviews from the domain experts.
Do not assume the numbers tell you what you want them to tell.

NOTE: Current JVM experimentally supports Compiler Blackholes, and they are in use. Please exercise
extra caution when trusting the results, look into the generated code to check the benchmark still
works, and factor in a small probability of new VM bugs. Additionally, while comparisons between
different JVMs are already problematic, the performance difference caused by different Blackhole
modes can be very significant. Please make sure you use the consistent Blackhole mode for comparisons.

Benchmark                      Mode  Cnt    Score   Error   Units
ListJsonb7880.basketJSONB     thrpt    5  635.345 ± 2.101  ops/ms
ListJsonb7880.nestedListJSON  thrpt    5  210.523 ± 2.190  ops/ms
ListJsonb7880.rootListJSONB   thrpt    5  611.566 ± 4.517  ops/ms

Benchmark result is saved to <work>/env/jmh/ab-r12u/fix12c-r4.json
