# JMH version: 1.37
# VM version: JDK 21.0.12, OpenJDK 64-Bit Server VM, 21.0.12+8-LTS
# VM invoker: <jdk21>/bin/java
# VM options: -Xms1g -Xmx1g
# Blackhole mode: compiler (auto-detected, use -Djmh.blackhole.autoDetect=false to disable)
# Warmup: 4 iterations, 1 s each
# Measurement: 5 iterations, 1 s each
# Timeout: 10 min per iteration
# Threads: 1 thread, will synchronize iterations
# Benchmark mode: Throughput, ops/time
# Benchmark: bench11.ListJsonb7880.basketJSONB

# Run progress: 0.00% complete, ETA 00:00:27
# Fork: 1 of 1
# Warmup Iteration   1: 514.515 ops/ms
# Warmup Iteration   2: 628.483 ops/ms
# Warmup Iteration   3: 628.638 ops/ms
# Warmup Iteration   4: 629.374 ops/ms
Iteration   1: 632.021 ops/ms
Iteration   2: 633.433 ops/ms
Iteration   3: 632.641 ops/ms
Iteration   4: 632.881 ops/ms
Iteration   5: 631.909 ops/ms


Result "bench11.ListJsonb7880.basketJSONB":
  632.577 ±(99.9%) 2.423 ops/ms [Average]
  (min, avg, max) = (631.909, 632.577, 633.433), stdev = 0.629
  CI (99.9%): [630.154, 635.000] (assumes normal distribution)


# JMH version: 1.37
# VM version: JDK 21.0.12, OpenJDK 64-Bit Server VM, 21.0.12+8-LTS
# VM invoker: <jdk21>/bin/java
# VM options: -Xms1g -Xmx1g
# Blackhole mode: compiler (auto-detected, use -Djmh.blackhole.autoDetect=false to disable)
# Warmup: 4 iterations, 1 s each
# Measurement: 5 iterations, 1 s each
# Timeout: 10 min per iteration
# Threads: 1 thread, will synchronize iterations
# Benchmark mode: Throughput, ops/time
# Benchmark: bench11.ListJsonb7880.nestedListJSON

# Run progress: 33.33% complete, ETA 00:00:18
# Fork: 1 of 1
# Warmup Iteration   1: 161.815 ops/ms
# Warmup Iteration   2: 210.815 ops/ms
# Warmup Iteration   3: 211.959 ops/ms
# Warmup Iteration   4: 211.462 ops/ms
Iteration   1: 210.805 ops/ms
Iteration   2: 211.416 ops/ms
Iteration   3: 204.514 ops/ms
Iteration   4: 204.001 ops/ms
Iteration   5: 204.394 ops/ms


Result "bench11.ListJsonb7880.nestedListJSON":
  207.026 ±(99.9%) 14.400 ops/ms [Average]
  (min, avg, max) = (204.001, 207.026, 211.416), stdev = 3.740
  CI (99.9%): [192.626, 221.426] (assumes normal distribution)


# JMH version: 1.37
# VM version: JDK 21.0.12, OpenJDK 64-Bit Server VM, 21.0.12+8-LTS
# VM invoker: <jdk21>/bin/java
# VM options: -Xms1g -Xmx1g
# Blackhole mode: compiler (auto-detected, use -Djmh.blackhole.autoDetect=false to disable)
# Warmup: 4 iterations, 1 s each
# Measurement: 5 iterations, 1 s each
# Timeout: 10 min per iteration
# Threads: 1 thread, will synchronize iterations
# Benchmark mode: Throughput, ops/time
# Benchmark: bench11.ListJsonb7880.rootListJSONB

# Run progress: 66.67% complete, ETA 00:00:09
# Fork: 1 of 1
# Warmup Iteration   1: 496.330 ops/ms
# Warmup Iteration   2: 596.404 ops/ms
# Warmup Iteration   3: 603.962 ops/ms
# Warmup Iteration   4: 602.879 ops/ms
Iteration   1: 620.322 ops/ms
Iteration   2: 624.847 ops/ms
Iteration   3: 629.425 ops/ms
Iteration   4: 622.693 ops/ms
Iteration   5: 621.017 ops/ms


Result "bench11.ListJsonb7880.rootListJSONB":
  623.661 ±(99.9%) 14.110 ops/ms [Average]
  (min, avg, max) = (620.322, 623.661, 629.425), stdev = 3.664
  CI (99.9%): [609.551, 637.771] (assumes normal distribution)


# Run complete. Total time: 00:00:27

REMEMBER: The numbers below are just data. To gain reusable insights, you need to follow up on
why the numbers are the way they are. Use profilers (see -prof, -lprof), design factorial
experiments, perform baseline and negative tests that provide experimental control, make sure
the benchmarking environment is safe on JVM/OS/HW level, ask for reviews from the domain experts.
Do not assume the numbers tell you what you want them to tell.

NOTE: Current JVM experimentally supports Compiler Blackholes, and they are in use. Please exercise
extra caution when trusting the results, look into the generated code to check the benchmark still
works, and factor in a small probability of new VM bugs. Additionally, while comparisons between
different JVMs are already problematic, the performance difference caused by different Blackhole
modes can be very significant. Please make sure you use the consistent Blackhole mode for comparisons.

Benchmark                      Mode  Cnt    Score    Error   Units
ListJsonb7880.basketJSONB     thrpt    5  632.577 ±  2.423  ops/ms
ListJsonb7880.nestedListJSON  thrpt    5  207.026 ± 14.400  ops/ms
ListJsonb7880.rootListJSONB   thrpt    5  623.661 ± 14.110  ops/ms

Benchmark result is saved to <work>/env/jmh/ab-r12u/fix12c-r1.json
