# JMH version: 1.37
# VM version: JDK 21.0.12, OpenJDK 64-Bit Server VM, 21.0.12+8-LTS
# VM invoker: <jdk21>/bin/java
# VM options: -Xms1g -Xmx1g
# Blackhole mode: compiler (auto-detected, use -Djmh.blackhole.autoDetect=false to disable)
# Warmup: 4 iterations, 1 s each
# Measurement: 5 iterations, 1 s each
# Timeout: 10 min per iteration
# Threads: 1 thread, will synchronize iterations
# Benchmark mode: Throughput, ops/time
# Benchmark: bench11.ListJsonb7880.basketJSONB

# Run progress: 0.00% complete, ETA 00:00:27
# Fork: 1 of 1
# Warmup Iteration   1: 515.900 ops/ms
# Warmup Iteration   2: 625.211 ops/ms
# Warmup Iteration   3: 623.015 ops/ms
# Warmup Iteration   4: 619.430 ops/ms
Iteration   1: 619.737 ops/ms
Iteration   2: 619.744 ops/ms
Iteration   3: 619.557 ops/ms
Iteration   4: 619.255 ops/ms
Iteration   5: 620.001 ops/ms


Result "bench11.ListJsonb7880.basketJSONB":
  619.659 ±(99.9%) 1.061 ops/ms [Average]
  (min, avg, max) = (619.255, 619.659, 620.001), stdev = 0.275
  CI (99.9%): [618.598, 620.719] (assumes normal distribution)


# JMH version: 1.37
# VM version: JDK 21.0.12, OpenJDK 64-Bit Server VM, 21.0.12+8-LTS
# VM invoker: <jdk21>/bin/java
# VM options: -Xms1g -Xmx1g
# Blackhole mode: compiler (auto-detected, use -Djmh.blackhole.autoDetect=false to disable)
# Warmup: 4 iterations, 1 s each
# Measurement: 5 iterations, 1 s each
# Timeout: 10 min per iteration
# Threads: 1 thread, will synchronize iterations
# Benchmark mode: Throughput, ops/time
# Benchmark: bench11.ListJsonb7880.nestedListJSON

# Run progress: 33.33% complete, ETA 00:00:18
# Fork: 1 of 1
# Warmup Iteration   1: 164.883 ops/ms
# Warmup Iteration   2: 208.693 ops/ms
# Warmup Iteration   3: 210.427 ops/ms
# Warmup Iteration   4: 211.477 ops/ms
Iteration   1: 210.893 ops/ms
Iteration   2: 209.433 ops/ms
Iteration   3: 211.121 ops/ms
Iteration   4: 212.086 ops/ms
Iteration   5: 211.977 ops/ms


Result "bench11.ListJsonb7880.nestedListJSON":
  211.102 ±(99.9%) 4.114 ops/ms [Average]
  (min, avg, max) = (209.433, 211.102, 212.086), stdev = 1.068
  CI (99.9%): [206.988, 215.215] (assumes normal distribution)


# JMH version: 1.37
# VM version: JDK 21.0.12, OpenJDK 64-Bit Server VM, 21.0.12+8-LTS
# VM invoker: <jdk21>/bin/java
# VM options: -Xms1g -Xmx1g
# Blackhole mode: compiler (auto-detected, use -Djmh.blackhole.autoDetect=false to disable)
# Warmup: 4 iterations, 1 s each
# Measurement: 5 iterations, 1 s each
# Timeout: 10 min per iteration
# Threads: 1 thread, will synchronize iterations
# Benchmark mode: Throughput, ops/time
# Benchmark: bench11.ListJsonb7880.rootListJSONB

# Run progress: 66.67% complete, ETA 00:00:09
# Fork: 1 of 1
# Warmup Iteration   1: 507.162 ops/ms
# Warmup Iteration   2: 601.481 ops/ms
# Warmup Iteration   3: 608.914 ops/ms
# Warmup Iteration   4: 604.196 ops/ms
Iteration   1: 596.142 ops/ms
Iteration   2: 594.793 ops/ms
Iteration   3: 594.069 ops/ms
Iteration   4: 597.696 ops/ms
Iteration   5: 594.929 ops/ms


Result "bench11.ListJsonb7880.rootListJSONB":
  595.526 ±(99.9%) 5.481 ops/ms [Average]
  (min, avg, max) = (594.069, 595.526, 597.696), stdev = 1.423
  CI (99.9%): [590.045, 601.007] (assumes normal distribution)


# Run complete. Total time: 00:00:27

REMEMBER: The numbers below are just data. To gain reusable insights, you need to follow up on
why the numbers are the way they are. Use profilers (see -prof, -lprof), design factorial
experiments, perform baseline and negative tests that provide experimental control, make sure
the benchmarking environment is safe on JVM/OS/HW level, ask for reviews from the domain experts.
Do not assume the numbers tell you what you want them to tell.

NOTE: Current JVM experimentally supports Compiler Blackholes, and they are in use. Please exercise
extra caution when trusting the results, look into the generated code to check the benchmark still
works, and factor in a small probability of new VM bugs. Additionally, while comparisons between
different JVMs are already problematic, the performance difference caused by different Blackhole
modes can be very significant. Please make sure you use the consistent Blackhole mode for comparisons.

Benchmark                      Mode  Cnt    Score   Error   Units
ListJsonb7880.basketJSONB     thrpt    5  619.659 ± 1.061  ops/ms
ListJsonb7880.nestedListJSON  thrpt    5  211.102 ± 4.114  ops/ms
ListJsonb7880.rootListJSONB   thrpt    5  595.526 ± 5.481  ops/ms

Benchmark result is saved to <work>/env/jmh/ab-r12u/fix12c-r6.json
