# JMH version: 1.37
# VM version: JDK 21.0.12, OpenJDK 64-Bit Server VM, 21.0.12+8-LTS
# VM invoker: <jdk21>/bin/java
# VM options: -Xms1g -Xmx1g
# Blackhole mode: compiler (auto-detected, use -Djmh.blackhole.autoDetect=false to disable)
# Warmup: 4 iterations, 1 s each
# Measurement: 5 iterations, 1 s each
# Timeout: 10 min per iteration
# Threads: 1 thread, will synchronize iterations
# Benchmark mode: Throughput, ops/time
# Benchmark: bench11.ListJsonb7880.basketJSONB

# Run progress: 0.00% complete, ETA 00:00:27
# Fork: 1 of 1
# Warmup Iteration   1: 518.977 ops/ms
# Warmup Iteration   2: 631.698 ops/ms
# Warmup Iteration   3: 635.187 ops/ms
# Warmup Iteration   4: 636.518 ops/ms
Iteration   1: 635.669 ops/ms
Iteration   2: 635.389 ops/ms
Iteration   3: 634.767 ops/ms
Iteration   4: 635.600 ops/ms
Iteration   5: 635.271 ops/ms


Result "bench11.ListJsonb7880.basketJSONB":
  635.339 ±(99.9%) 1.377 ops/ms [Average]
  (min, avg, max) = (634.767, 635.339, 635.669), stdev = 0.358
  CI (99.9%): [633.962, 636.716] (assumes normal distribution)


# JMH version: 1.37
# VM version: JDK 21.0.12, OpenJDK 64-Bit Server VM, 21.0.12+8-LTS
# VM invoker: <jdk21>/bin/java
# VM options: -Xms1g -Xmx1g
# Blackhole mode: compiler (auto-detected, use -Djmh.blackhole.autoDetect=false to disable)
# Warmup: 4 iterations, 1 s each
# Measurement: 5 iterations, 1 s each
# Timeout: 10 min per iteration
# Threads: 1 thread, will synchronize iterations
# Benchmark mode: Throughput, ops/time
# Benchmark: bench11.ListJsonb7880.nestedListJSON

# Run progress: 33.33% complete, ETA 00:00:18
# Fork: 1 of 1
# Warmup Iteration   1: 161.333 ops/ms
# Warmup Iteration   2: 210.016 ops/ms
# Warmup Iteration   3: 211.034 ops/ms
# Warmup Iteration   4: 210.289 ops/ms
Iteration   1: 209.611 ops/ms
Iteration   2: 211.110 ops/ms
Iteration   3: 209.387 ops/ms
Iteration   4: 209.737 ops/ms
Iteration   5: 210.086 ops/ms


Result "bench11.ListJsonb7880.nestedListJSON":
  209.986 ±(99.9%) 2.608 ops/ms [Average]
  (min, avg, max) = (209.387, 209.986, 211.110), stdev = 0.677
  CI (99.9%): [207.378, 212.594] (assumes normal distribution)


# JMH version: 1.37
# VM version: JDK 21.0.12, OpenJDK 64-Bit Server VM, 21.0.12+8-LTS
# VM invoker: <jdk21>/bin/java
# VM options: -Xms1g -Xmx1g
# Blackhole mode: compiler (auto-detected, use -Djmh.blackhole.autoDetect=false to disable)
# Warmup: 4 iterations, 1 s each
# Measurement: 5 iterations, 1 s each
# Timeout: 10 min per iteration
# Threads: 1 thread, will synchronize iterations
# Benchmark mode: Throughput, ops/time
# Benchmark: bench11.ListJsonb7880.rootListJSONB

# Run progress: 66.67% complete, ETA 00:00:09
# Fork: 1 of 1
# Warmup Iteration   1: 500.272 ops/ms
# Warmup Iteration   2: 599.287 ops/ms
# Warmup Iteration   3: 606.577 ops/ms
# Warmup Iteration   4: 607.840 ops/ms
Iteration   1: 612.149 ops/ms
Iteration   2: 610.765 ops/ms
Iteration   3: 610.812 ops/ms
Iteration   4: 610.789 ops/ms
Iteration   5: 608.024 ops/ms


Result "bench11.ListJsonb7880.rootListJSONB":
  610.508 ±(99.9%) 5.809 ops/ms [Average]
  (min, avg, max) = (608.024, 610.508, 612.149), stdev = 1.509
  CI (99.9%): [604.699, 616.317] (assumes normal distribution)


# Run complete. Total time: 00:00:27

REMEMBER: The numbers below are just data. To gain reusable insights, you need to follow up on
why the numbers are the way they are. Use profilers (see -prof, -lprof), design factorial
experiments, perform baseline and negative tests that provide experimental control, make sure
the benchmarking environment is safe on JVM/OS/HW level, ask for reviews from the domain experts.
Do not assume the numbers tell you what you want them to tell.

NOTE: Current JVM experimentally supports Compiler Blackholes, and they are in use. Please exercise
extra caution when trusting the results, look into the generated code to check the benchmark still
works, and factor in a small probability of new VM bugs. Additionally, while comparisons between
different JVMs are already problematic, the performance difference caused by different Blackhole
modes can be very significant. Please make sure you use the consistent Blackhole mode for comparisons.

Benchmark                      Mode  Cnt    Score   Error   Units
ListJsonb7880.basketJSONB     thrpt    5  635.339 ± 1.377  ops/ms
ListJsonb7880.nestedListJSON  thrpt    5  209.986 ± 2.608  ops/ms
ListJsonb7880.rootListJSONB   thrpt    5  610.508 ± 5.809  ops/ms

Benchmark result is saved to <work>/env/jmh/ab-r12u/fix12c-r5.json
