# JMH version: 1.37
# VM version: JDK 21.0.12, OpenJDK 64-Bit Server VM, 21.0.12+8-LTS
# VM invoker: <jdk21>/bin/java
# VM options: -Xms1g -Xmx1g
# Blackhole mode: compiler (auto-detected, use -Djmh.blackhole.autoDetect=false to disable)
# Warmup: 4 iterations, 1 s each
# Measurement: 5 iterations, 1 s each
# Timeout: 10 min per iteration
# Threads: 1 thread, will synchronize iterations
# Benchmark mode: Throughput, ops/time
# Benchmark: bench11.ListJsonb7880.basketJSONB

# Run progress: 0.00% complete, ETA 00:00:27
# Fork: 1 of 1
# Warmup Iteration   1: 506.713 ops/ms
# Warmup Iteration   2: 618.899 ops/ms
# Warmup Iteration   3: 614.445 ops/ms
# Warmup Iteration   4: 617.620 ops/ms
Iteration   1: 618.745 ops/ms
Iteration   2: 621.073 ops/ms
Iteration   3: 621.644 ops/ms
Iteration   4: 617.599 ops/ms
Iteration   5: 619.673 ops/ms


Result "bench11.ListJsonb7880.basketJSONB":
  619.747 ±(99.9%) 6.379 ops/ms [Average]
  (min, avg, max) = (617.599, 619.747, 621.644), stdev = 1.657
  CI (99.9%): [613.367, 626.126] (assumes normal distribution)


# JMH version: 1.37
# VM version: JDK 21.0.12, OpenJDK 64-Bit Server VM, 21.0.12+8-LTS
# VM invoker: <jdk21>/bin/java
# VM options: -Xms1g -Xmx1g
# Blackhole mode: compiler (auto-detected, use -Djmh.blackhole.autoDetect=false to disable)
# Warmup: 4 iterations, 1 s each
# Measurement: 5 iterations, 1 s each
# Timeout: 10 min per iteration
# Threads: 1 thread, will synchronize iterations
# Benchmark mode: Throughput, ops/time
# Benchmark: bench11.ListJsonb7880.nestedListJSON

# Run progress: 33.33% complete, ETA 00:00:18
# Fork: 1 of 1
# Warmup Iteration   1: 161.629 ops/ms
# Warmup Iteration   2: 212.427 ops/ms
# Warmup Iteration   3: 213.508 ops/ms
# Warmup Iteration   4: 213.114 ops/ms
Iteration   1: 212.580 ops/ms
Iteration   2: 212.716 ops/ms
Iteration   3: 212.621 ops/ms
Iteration   4: 212.736 ops/ms
Iteration   5: 212.301 ops/ms


Result "bench11.ListJsonb7880.nestedListJSON":
  212.591 ±(99.9%) 0.671 ops/ms [Average]
  (min, avg, max) = (212.301, 212.591, 212.736), stdev = 0.174
  CI (99.9%): [211.920, 213.262] (assumes normal distribution)


# JMH version: 1.37
# VM version: JDK 21.0.12, OpenJDK 64-Bit Server VM, 21.0.12+8-LTS
# VM invoker: <jdk21>/bin/java
# VM options: -Xms1g -Xmx1g
# Blackhole mode: compiler (auto-detected, use -Djmh.blackhole.autoDetect=false to disable)
# Warmup: 4 iterations, 1 s each
# Measurement: 5 iterations, 1 s each
# Timeout: 10 min per iteration
# Threads: 1 thread, will synchronize iterations
# Benchmark mode: Throughput, ops/time
# Benchmark: bench11.ListJsonb7880.rootListJSONB

# Run progress: 66.67% complete, ETA 00:00:09
# Fork: 1 of 1
# Warmup Iteration   1: 505.597 ops/ms
# Warmup Iteration   2: 628.247 ops/ms
# Warmup Iteration   3: 602.697 ops/ms
# Warmup Iteration   4: 602.798 ops/ms
Iteration   1: 614.439 ops/ms
Iteration   2: 612.133 ops/ms
Iteration   3: 612.882 ops/ms
Iteration   4: 615.355 ops/ms
Iteration   5: 610.699 ops/ms


Result "bench11.ListJsonb7880.rootListJSONB":
  613.102 ±(99.9%) 7.107 ops/ms [Average]
  (min, avg, max) = (610.699, 613.102, 615.355), stdev = 1.846
  CI (99.9%): [605.995, 620.209] (assumes normal distribution)


# Run complete. Total time: 00:00:27

REMEMBER: The numbers below are just data. To gain reusable insights, you need to follow up on
why the numbers are the way they are. Use profilers (see -prof, -lprof), design factorial
experiments, perform baseline and negative tests that provide experimental control, make sure
the benchmarking environment is safe on JVM/OS/HW level, ask for reviews from the domain experts.
Do not assume the numbers tell you what you want them to tell.

NOTE: Current JVM experimentally supports Compiler Blackholes, and they are in use. Please exercise
extra caution when trusting the results, look into the generated code to check the benchmark still
works, and factor in a small probability of new VM bugs. Additionally, while comparisons between
different JVMs are already problematic, the performance difference caused by different Blackhole
modes can be very significant. Please make sure you use the consistent Blackhole mode for comparisons.

Benchmark                      Mode  Cnt    Score   Error   Units
ListJsonb7880.basketJSONB     thrpt    5  619.747 ± 6.379  ops/ms
ListJsonb7880.nestedListJSON  thrpt    5  212.591 ± 0.671  ops/ms
ListJsonb7880.rootListJSONB   thrpt    5  613.102 ± 7.107  ops/ms

Benchmark result is saved to <work>/env/jmh/ab-r12u/v10-r2.json
