# JMH version: 1.37
# VM version: JDK 21.0.12, OpenJDK 64-Bit Server VM, 21.0.12+8-LTS
# VM invoker: <jdk21>/bin/java
# VM options: -Xms1g -Xmx1g
# Blackhole mode: compiler (auto-detected, use -Djmh.blackhole.autoDetect=false to disable)
# Warmup: 4 iterations, 1 s each
# Measurement: 5 iterations, 1 s each
# Timeout: 10 min per iteration
# Threads: 1 thread, will synchronize iterations
# Benchmark mode: Throughput, ops/time
# Benchmark: bench11.ListJsonb7880.basketJSONB

# Run progress: 0.00% complete, ETA 00:00:27
# Fork: 1 of 1
# Warmup Iteration   1: 518.660 ops/ms
# Warmup Iteration   2: 634.298 ops/ms
# Warmup Iteration   3: 626.050 ops/ms
# Warmup Iteration   4: 627.493 ops/ms
Iteration   1: 633.768 ops/ms
Iteration   2: 633.075 ops/ms
Iteration   3: 632.978 ops/ms
Iteration   4: 634.612 ops/ms
Iteration   5: 633.000 ops/ms


Result "bench11.ListJsonb7880.basketJSONB":
  633.487 ±(99.9%) 2.729 ops/ms [Average]
  (min, avg, max) = (632.978, 633.487, 634.612), stdev = 0.709
  CI (99.9%): [630.758, 636.216] (assumes normal distribution)


# JMH version: 1.37
# VM version: JDK 21.0.12, OpenJDK 64-Bit Server VM, 21.0.12+8-LTS
# VM invoker: <jdk21>/bin/java
# VM options: -Xms1g -Xmx1g
# Blackhole mode: compiler (auto-detected, use -Djmh.blackhole.autoDetect=false to disable)
# Warmup: 4 iterations, 1 s each
# Measurement: 5 iterations, 1 s each
# Timeout: 10 min per iteration
# Threads: 1 thread, will synchronize iterations
# Benchmark mode: Throughput, ops/time
# Benchmark: bench11.ListJsonb7880.nestedListJSON

# Run progress: 33.33% complete, ETA 00:00:18
# Fork: 1 of 1
# Warmup Iteration   1: 168.987 ops/ms
# Warmup Iteration   2: 212.719 ops/ms
# Warmup Iteration   3: 214.047 ops/ms
# Warmup Iteration   4: 213.974 ops/ms
Iteration   1: 212.824 ops/ms
Iteration   2: 214.760 ops/ms
Iteration   3: 212.655 ops/ms
Iteration   4: 212.938 ops/ms
Iteration   5: 212.504 ops/ms


Result "bench11.ListJsonb7880.nestedListJSON":
  213.136 ±(99.9%) 3.553 ops/ms [Average]
  (min, avg, max) = (212.504, 213.136, 214.760), stdev = 0.923
  CI (99.9%): [209.583, 216.689] (assumes normal distribution)


# JMH version: 1.37
# VM version: JDK 21.0.12, OpenJDK 64-Bit Server VM, 21.0.12+8-LTS
# VM invoker: <jdk21>/bin/java
# VM options: -Xms1g -Xmx1g
# Blackhole mode: compiler (auto-detected, use -Djmh.blackhole.autoDetect=false to disable)
# Warmup: 4 iterations, 1 s each
# Measurement: 5 iterations, 1 s each
# Timeout: 10 min per iteration
# Threads: 1 thread, will synchronize iterations
# Benchmark mode: Throughput, ops/time
# Benchmark: bench11.ListJsonb7880.rootListJSONB

# Run progress: 66.67% complete, ETA 00:00:09
# Fork: 1 of 1
# Warmup Iteration   1: 502.365 ops/ms
# Warmup Iteration   2: 628.825 ops/ms
# Warmup Iteration   3: 603.501 ops/ms
# Warmup Iteration   4: 604.504 ops/ms
Iteration   1: 610.702 ops/ms
Iteration   2: 614.663 ops/ms
Iteration   3: 614.334 ops/ms
Iteration   4: 614.555 ops/ms
Iteration   5: 614.387 ops/ms


Result "bench11.ListJsonb7880.rootListJSONB":
  613.728 ±(99.9%) 6.533 ops/ms [Average]
  (min, avg, max) = (610.702, 613.728, 614.663), stdev = 1.697
  CI (99.9%): [607.195, 620.262] (assumes normal distribution)


# Run complete. Total time: 00:00:27

REMEMBER: The numbers below are just data. To gain reusable insights, you need to follow up on
why the numbers are the way they are. Use profilers (see -prof, -lprof), design factorial
experiments, perform baseline and negative tests that provide experimental control, make sure
the benchmarking environment is safe on JVM/OS/HW level, ask for reviews from the domain experts.
Do not assume the numbers tell you what you want them to tell.

NOTE: Current JVM experimentally supports Compiler Blackholes, and they are in use. Please exercise
extra caution when trusting the results, look into the generated code to check the benchmark still
works, and factor in a small probability of new VM bugs. Additionally, while comparisons between
different JVMs are already problematic, the performance difference caused by different Blackhole
modes can be very significant. Please make sure you use the consistent Blackhole mode for comparisons.

Benchmark                      Mode  Cnt    Score   Error   Units
ListJsonb7880.basketJSONB     thrpt    5  633.487 ± 2.729  ops/ms
ListJsonb7880.nestedListJSON  thrpt    5  213.136 ± 3.553  ops/ms
ListJsonb7880.rootListJSONB   thrpt    5  613.728 ± 6.533  ops/ms

Benchmark result is saved to <work>/env/jmh/ab-r12u/v10-r6.json
