# JMH version: 1.37
# VM version: JDK 21.0.12, OpenJDK 64-Bit Server VM, 21.0.12+8-LTS
# VM invoker: <jdk21>/bin/java
# VM options: -Xms1g -Xmx1g
# Blackhole mode: compiler (auto-detected, use -Djmh.blackhole.autoDetect=false to disable)
# Warmup: 4 iterations, 1 s each
# Measurement: 5 iterations, 1 s each
# Timeout: 10 min per iteration
# Threads: 1 thread, will synchronize iterations
# Benchmark mode: Throughput, ops/time
# Benchmark: bench11.ListJsonb7880.basketJSONB

# Run progress: 0.00% complete, ETA 00:00:27
# Fork: 1 of 1
# Warmup Iteration   1: 512.684 ops/ms
# Warmup Iteration   2: 619.439 ops/ms
# Warmup Iteration   3: 620.286 ops/ms
# Warmup Iteration   4: 620.265 ops/ms
Iteration   1: 622.452 ops/ms
Iteration   2: 623.324 ops/ms
Iteration   3: 622.721 ops/ms
Iteration   4: 624.034 ops/ms
Iteration   5: 623.329 ops/ms


Result "bench11.ListJsonb7880.basketJSONB":
  623.172 ±(99.9%) 2.368 ops/ms [Average]
  (min, avg, max) = (622.452, 623.172, 624.034), stdev = 0.615
  CI (99.9%): [620.804, 625.541] (assumes normal distribution)


# JMH version: 1.37
# VM version: JDK 21.0.12, OpenJDK 64-Bit Server VM, 21.0.12+8-LTS
# VM invoker: <jdk21>/bin/java
# VM options: -Xms1g -Xmx1g
# Blackhole mode: compiler (auto-detected, use -Djmh.blackhole.autoDetect=false to disable)
# Warmup: 4 iterations, 1 s each
# Measurement: 5 iterations, 1 s each
# Timeout: 10 min per iteration
# Threads: 1 thread, will synchronize iterations
# Benchmark mode: Throughput, ops/time
# Benchmark: bench11.ListJsonb7880.nestedListJSON

# Run progress: 33.33% complete, ETA 00:00:18
# Fork: 1 of 1
# Warmup Iteration   1: 159.744 ops/ms
# Warmup Iteration   2: 211.208 ops/ms
# Warmup Iteration   3: 212.083 ops/ms
# Warmup Iteration   4: 212.754 ops/ms
Iteration   1: 212.092 ops/ms
Iteration   2: 212.030 ops/ms
Iteration   3: 212.261 ops/ms
Iteration   4: 212.772 ops/ms
Iteration   5: 212.473 ops/ms


Result "bench11.ListJsonb7880.nestedListJSON":
  212.326 ±(99.9%) 1.167 ops/ms [Average]
  (min, avg, max) = (212.030, 212.326, 212.772), stdev = 0.303
  CI (99.9%): [211.159, 213.492] (assumes normal distribution)


# JMH version: 1.37
# VM version: JDK 21.0.12, OpenJDK 64-Bit Server VM, 21.0.12+8-LTS
# VM invoker: <jdk21>/bin/java
# VM options: -Xms1g -Xmx1g
# Blackhole mode: compiler (auto-detected, use -Djmh.blackhole.autoDetect=false to disable)
# Warmup: 4 iterations, 1 s each
# Measurement: 5 iterations, 1 s each
# Timeout: 10 min per iteration
# Threads: 1 thread, will synchronize iterations
# Benchmark mode: Throughput, ops/time
# Benchmark: bench11.ListJsonb7880.rootListJSONB

# Run progress: 66.67% complete, ETA 00:00:09
# Fork: 1 of 1
# Warmup Iteration   1: 505.277 ops/ms
# Warmup Iteration   2: 626.055 ops/ms
# Warmup Iteration   3: 604.959 ops/ms
# Warmup Iteration   4: 607.290 ops/ms
Iteration   1: 606.405 ops/ms
Iteration   2: 603.396 ops/ms
Iteration   3: 604.136 ops/ms
Iteration   4: 603.265 ops/ms
Iteration   5: 605.131 ops/ms


Result "bench11.ListJsonb7880.rootListJSONB":
  604.467 ±(99.9%) 5.057 ops/ms [Average]
  (min, avg, max) = (603.265, 604.467, 606.405), stdev = 1.313
  CI (99.9%): [599.410, 609.524] (assumes normal distribution)


# Run complete. Total time: 00:00:27

REMEMBER: The numbers below are just data. To gain reusable insights, you need to follow up on
why the numbers are the way they are. Use profilers (see -prof, -lprof), design factorial
experiments, perform baseline and negative tests that provide experimental control, make sure
the benchmarking environment is safe on JVM/OS/HW level, ask for reviews from the domain experts.
Do not assume the numbers tell you what you want them to tell.

NOTE: Current JVM experimentally supports Compiler Blackholes, and they are in use. Please exercise
extra caution when trusting the results, look into the generated code to check the benchmark still
works, and factor in a small probability of new VM bugs. Additionally, while comparisons between
different JVMs are already problematic, the performance difference caused by different Blackhole
modes can be very significant. Please make sure you use the consistent Blackhole mode for comparisons.

Benchmark                      Mode  Cnt    Score   Error   Units
ListJsonb7880.basketJSONB     thrpt    5  623.172 ± 2.368  ops/ms
ListJsonb7880.nestedListJSON  thrpt    5  212.326 ± 1.167  ops/ms
ListJsonb7880.rootListJSONB   thrpt    5  604.467 ± 5.057  ops/ms

Benchmark result is saved to <work>/env/jmh/ab-r12u/v10-r3.json
