# JMH version: 1.37
# VM version: JDK 21.0.12, OpenJDK 64-Bit Server VM, 21.0.12+8-LTS
# VM invoker: <jdk21>/bin/java
# VM options: -Xms1g -Xmx1g
# Blackhole mode: compiler (auto-detected, use -Djmh.blackhole.autoDetect=false to disable)
# Warmup: 4 iterations, 1 s each
# Measurement: 5 iterations, 1 s each
# Timeout: 10 min per iteration
# Threads: 1 thread, will synchronize iterations
# Benchmark mode: Throughput, ops/time
# Benchmark: bench11.ListJsonb7880.basketJSONB

# Run progress: 0.00% complete, ETA 00:00:27
# Fork: 1 of 1
# Warmup Iteration   1: 517.073 ops/ms
# Warmup Iteration   2: 625.084 ops/ms
# Warmup Iteration   3: 624.095 ops/ms
# Warmup Iteration   4: 622.458 ops/ms
Iteration   1: 623.654 ops/ms
Iteration   2: 624.209 ops/ms
Iteration   3: 620.743 ops/ms
Iteration   4: 623.970 ops/ms
Iteration   5: 624.300 ops/ms


Result "bench11.ListJsonb7880.basketJSONB":
  623.375 ±(99.9%) 5.747 ops/ms [Average]
  (min, avg, max) = (620.743, 623.375, 624.300), stdev = 1.493
  CI (99.9%): [617.628, 629.122] (assumes normal distribution)


# JMH version: 1.37
# VM version: JDK 21.0.12, OpenJDK 64-Bit Server VM, 21.0.12+8-LTS
# VM invoker: <jdk21>/bin/java
# VM options: -Xms1g -Xmx1g
# Blackhole mode: compiler (auto-detected, use -Djmh.blackhole.autoDetect=false to disable)
# Warmup: 4 iterations, 1 s each
# Measurement: 5 iterations, 1 s each
# Timeout: 10 min per iteration
# Threads: 1 thread, will synchronize iterations
# Benchmark mode: Throughput, ops/time
# Benchmark: bench11.ListJsonb7880.nestedListJSON

# Run progress: 33.33% complete, ETA 00:00:18
# Fork: 1 of 1
# Warmup Iteration   1: 165.180 ops/ms
# Warmup Iteration   2: 208.893 ops/ms
# Warmup Iteration   3: 212.054 ops/ms
# Warmup Iteration   4: 212.350 ops/ms
Iteration   1: 212.679 ops/ms
Iteration   2: 212.924 ops/ms
Iteration   3: 212.438 ops/ms
Iteration   4: 213.210 ops/ms
Iteration   5: 213.362 ops/ms


Result "bench11.ListJsonb7880.nestedListJSON":
  212.923 ±(99.9%) 1.453 ops/ms [Average]
  (min, avg, max) = (212.438, 212.923, 213.362), stdev = 0.377
  CI (99.9%): [211.470, 214.376] (assumes normal distribution)


# JMH version: 1.37
# VM version: JDK 21.0.12, OpenJDK 64-Bit Server VM, 21.0.12+8-LTS
# VM invoker: <jdk21>/bin/java
# VM options: -Xms1g -Xmx1g
# Blackhole mode: compiler (auto-detected, use -Djmh.blackhole.autoDetect=false to disable)
# Warmup: 4 iterations, 1 s each
# Measurement: 5 iterations, 1 s each
# Timeout: 10 min per iteration
# Threads: 1 thread, will synchronize iterations
# Benchmark mode: Throughput, ops/time
# Benchmark: bench11.ListJsonb7880.rootListJSONB

# Run progress: 66.67% complete, ETA 00:00:09
# Fork: 1 of 1
# Warmup Iteration   1: 500.440 ops/ms
# Warmup Iteration   2: 628.698 ops/ms
# Warmup Iteration   3: 600.497 ops/ms
# Warmup Iteration   4: 603.354 ops/ms
Iteration   1: 608.601 ops/ms
Iteration   2: 605.158 ops/ms
Iteration   3: 608.830 ops/ms
Iteration   4: 607.775 ops/ms
Iteration   5: 607.557 ops/ms


Result "bench11.ListJsonb7880.rootListJSONB":
  607.584 ±(99.9%) 5.617 ops/ms [Average]
  (min, avg, max) = (605.158, 607.584, 608.830), stdev = 1.459
  CI (99.9%): [601.968, 613.201] (assumes normal distribution)


# Run complete. Total time: 00:00:27

REMEMBER: The numbers below are just data. To gain reusable insights, you need to follow up on
why the numbers are the way they are. Use profilers (see -prof, -lprof), design factorial
experiments, perform baseline and negative tests that provide experimental control, make sure
the benchmarking environment is safe on JVM/OS/HW level, ask for reviews from the domain experts.
Do not assume the numbers tell you what you want them to tell.

NOTE: Current JVM experimentally supports Compiler Blackholes, and they are in use. Please exercise
extra caution when trusting the results, look into the generated code to check the benchmark still
works, and factor in a small probability of new VM bugs. Additionally, while comparisons between
different JVMs are already problematic, the performance difference caused by different Blackhole
modes can be very significant. Please make sure you use the consistent Blackhole mode for comparisons.

Benchmark                      Mode  Cnt    Score   Error   Units
ListJsonb7880.basketJSONB     thrpt    5  623.375 ± 5.747  ops/ms
ListJsonb7880.nestedListJSON  thrpt    5  212.923 ± 1.453  ops/ms
ListJsonb7880.rootListJSONB   thrpt    5  607.584 ± 5.617  ops/ms

Benchmark result is saved to <work>/env/jmh/ab-r12u/v10-r4.json
