# JMH version: 1.37
# VM version: JDK 21.0.12, OpenJDK 64-Bit Server VM, 21.0.12+8-LTS
# VM invoker: <jdk21>/bin/java
# VM options: -Xms1g -Xmx1g
# Blackhole mode: compiler (auto-detected, use -Djmh.blackhole.autoDetect=false to disable)
# Warmup: 4 iterations, 1 s each
# Measurement: 5 iterations, 1 s each
# Timeout: 10 min per iteration
# Threads: 1 thread, will synchronize iterations
# Benchmark mode: Throughput, ops/time
# Benchmark: bench11.ListJsonb7880.basketJSONB

# Run progress: 0.00% complete, ETA 00:00:27
# Fork: 1 of 1
# Warmup Iteration   1: 520.878 ops/ms
# Warmup Iteration   2: 630.275 ops/ms
# Warmup Iteration   3: 635.165 ops/ms
# Warmup Iteration   4: 634.630 ops/ms
Iteration   1: 636.801 ops/ms
Iteration   2: 637.374 ops/ms
Iteration   3: 637.412 ops/ms
Iteration   4: 636.504 ops/ms
Iteration   5: 637.937 ops/ms


Result "bench11.ListJsonb7880.basketJSONB":
  637.205 ±(99.9%) 2.163 ops/ms [Average]
  (min, avg, max) = (636.504, 637.205, 637.937), stdev = 0.562
  CI (99.9%): [635.043, 639.368] (assumes normal distribution)


# JMH version: 1.37
# VM version: JDK 21.0.12, OpenJDK 64-Bit Server VM, 21.0.12+8-LTS
# VM invoker: <jdk21>/bin/java
# VM options: -Xms1g -Xmx1g
# Blackhole mode: compiler (auto-detected, use -Djmh.blackhole.autoDetect=false to disable)
# Warmup: 4 iterations, 1 s each
# Measurement: 5 iterations, 1 s each
# Timeout: 10 min per iteration
# Threads: 1 thread, will synchronize iterations
# Benchmark mode: Throughput, ops/time
# Benchmark: bench11.ListJsonb7880.nestedListJSON

# Run progress: 33.33% complete, ETA 00:00:18
# Fork: 1 of 1
# Warmup Iteration   1: 163.365 ops/ms
# Warmup Iteration   2: 211.827 ops/ms
# Warmup Iteration   3: 213.257 ops/ms
# Warmup Iteration   4: 211.556 ops/ms
Iteration   1: 212.073 ops/ms
Iteration   2: 212.844 ops/ms
Iteration   3: 212.088 ops/ms
Iteration   4: 212.287 ops/ms
Iteration   5: 212.409 ops/ms


Result "bench11.ListJsonb7880.nestedListJSON":
  212.340 ±(99.9%) 1.212 ops/ms [Average]
  (min, avg, max) = (212.073, 212.340, 212.844), stdev = 0.315
  CI (99.9%): [211.128, 213.552] (assumes normal distribution)


# JMH version: 1.37
# VM version: JDK 21.0.12, OpenJDK 64-Bit Server VM, 21.0.12+8-LTS
# VM invoker: <jdk21>/bin/java
# VM options: -Xms1g -Xmx1g
# Blackhole mode: compiler (auto-detected, use -Djmh.blackhole.autoDetect=false to disable)
# Warmup: 4 iterations, 1 s each
# Measurement: 5 iterations, 1 s each
# Timeout: 10 min per iteration
# Threads: 1 thread, will synchronize iterations
# Benchmark mode: Throughput, ops/time
# Benchmark: bench11.ListJsonb7880.rootListJSONB

# Run progress: 66.67% complete, ETA 00:00:09
# Fork: 1 of 1
# Warmup Iteration   1: 508.467 ops/ms
# Warmup Iteration   2: 629.439 ops/ms
# Warmup Iteration   3: 601.612 ops/ms
# Warmup Iteration   4: 603.178 ops/ms
Iteration   1: 608.662 ops/ms
Iteration   2: 611.042 ops/ms
Iteration   3: 606.813 ops/ms
Iteration   4: 608.693 ops/ms
Iteration   5: 607.253 ops/ms


Result "bench11.ListJsonb7880.rootListJSONB":
  608.493 ±(99.9%) 6.365 ops/ms [Average]
  (min, avg, max) = (606.813, 608.493, 611.042), stdev = 1.653
  CI (99.9%): [602.128, 614.857] (assumes normal distribution)


# Run complete. Total time: 00:00:27

REMEMBER: The numbers below are just data. To gain reusable insights, you need to follow up on
why the numbers are the way they are. Use profilers (see -prof, -lprof), design factorial
experiments, perform baseline and negative tests that provide experimental control, make sure
the benchmarking environment is safe on JVM/OS/HW level, ask for reviews from the domain experts.
Do not assume the numbers tell you what you want them to tell.

NOTE: Current JVM experimentally supports Compiler Blackholes, and they are in use. Please exercise
extra caution when trusting the results, look into the generated code to check the benchmark still
works, and factor in a small probability of new VM bugs. Additionally, while comparisons between
different JVMs are already problematic, the performance difference caused by different Blackhole
modes can be very significant. Please make sure you use the consistent Blackhole mode for comparisons.

Benchmark                      Mode  Cnt    Score   Error   Units
ListJsonb7880.basketJSONB     thrpt    5  637.205 ± 2.163  ops/ms
ListJsonb7880.nestedListJSON  thrpt    5  212.340 ± 1.212  ops/ms
ListJsonb7880.rootListJSONB   thrpt    5  608.493 ± 6.365  ops/ms

Benchmark result is saved to <work>/env/jmh/ab-r12u/v10-r1.json
