# JMH version: 1.37
# VM version: JDK 21.0.12, OpenJDK 64-Bit Server VM, 21.0.12+8-LTS
# VM invoker: <jdk21>/bin/java
# VM options: -Xms1g -Xmx1g
# Blackhole mode: compiler (auto-detected, use -Djmh.blackhole.autoDetect=false to disable)
# Warmup: 4 iterations, 1 s each
# Measurement: 5 iterations, 1 s each
# Timeout: 10 min per iteration
# Threads: 1 thread, will synchronize iterations
# Benchmark mode: Throughput, ops/time
# Benchmark: bench11.ListJsonb7880.basketJSONB

# Run progress: 0.00% complete, ETA 00:00:27
# Fork: 1 of 1
# Warmup Iteration   1: 515.854 ops/ms
# Warmup Iteration   2: 626.082 ops/ms
# Warmup Iteration   3: 627.265 ops/ms
# Warmup Iteration   4: 624.025 ops/ms
Iteration   1: 621.958 ops/ms
Iteration   2: 624.235 ops/ms
Iteration   3: 623.344 ops/ms
Iteration   4: 623.000 ops/ms
Iteration   5: 622.645 ops/ms


Result "bench11.ListJsonb7880.basketJSONB":
  623.036 ±(99.9%) 3.248 ops/ms [Average]
  (min, avg, max) = (621.958, 623.036, 624.235), stdev = 0.844
  CI (99.9%): [619.788, 626.285] (assumes normal distribution)


# JMH version: 1.37
# VM version: JDK 21.0.12, OpenJDK 64-Bit Server VM, 21.0.12+8-LTS
# VM invoker: <jdk21>/bin/java
# VM options: -Xms1g -Xmx1g
# Blackhole mode: compiler (auto-detected, use -Djmh.blackhole.autoDetect=false to disable)
# Warmup: 4 iterations, 1 s each
# Measurement: 5 iterations, 1 s each
# Timeout: 10 min per iteration
# Threads: 1 thread, will synchronize iterations
# Benchmark mode: Throughput, ops/time
# Benchmark: bench11.ListJsonb7880.nestedListJSON

# Run progress: 33.33% complete, ETA 00:00:18
# Fork: 1 of 1
# Warmup Iteration   1: 165.469 ops/ms
# Warmup Iteration   2: 212.491 ops/ms
# Warmup Iteration   3: 212.828 ops/ms
# Warmup Iteration   4: 212.102 ops/ms
Iteration   1: 212.712 ops/ms
Iteration   2: 212.696 ops/ms
Iteration   3: 213.147 ops/ms
Iteration   4: 214.012 ops/ms
Iteration   5: 213.484 ops/ms


Result "bench11.ListJsonb7880.nestedListJSON":
  213.210 ±(99.9%) 2.140 ops/ms [Average]
  (min, avg, max) = (212.696, 213.210, 214.012), stdev = 0.556
  CI (99.9%): [211.070, 215.350] (assumes normal distribution)


# JMH version: 1.37
# VM version: JDK 21.0.12, OpenJDK 64-Bit Server VM, 21.0.12+8-LTS
# VM invoker: <jdk21>/bin/java
# VM options: -Xms1g -Xmx1g
# Blackhole mode: compiler (auto-detected, use -Djmh.blackhole.autoDetect=false to disable)
# Warmup: 4 iterations, 1 s each
# Measurement: 5 iterations, 1 s each
# Timeout: 10 min per iteration
# Threads: 1 thread, will synchronize iterations
# Benchmark mode: Throughput, ops/time
# Benchmark: bench11.ListJsonb7880.rootListJSONB

# Run progress: 66.67% complete, ETA 00:00:09
# Fork: 1 of 1
# Warmup Iteration   1: 503.040 ops/ms
# Warmup Iteration   2: 602.075 ops/ms
# Warmup Iteration   3: 605.905 ops/ms
# Warmup Iteration   4: 603.059 ops/ms
Iteration   1: 606.391 ops/ms
Iteration   2: 607.192 ops/ms
Iteration   3: 608.730 ops/ms
Iteration   4: 607.257 ops/ms
Iteration   5: 607.525 ops/ms


Result "bench11.ListJsonb7880.rootListJSONB":
  607.419 ±(99.9%) 3.258 ops/ms [Average]
  (min, avg, max) = (606.391, 607.419, 608.730), stdev = 0.846
  CI (99.9%): [604.161, 610.677] (assumes normal distribution)


# Run complete. Total time: 00:00:27

REMEMBER: The numbers below are just data. To gain reusable insights, you need to follow up on
why the numbers are the way they are. Use profilers (see -prof, -lprof), design factorial
experiments, perform baseline and negative tests that provide experimental control, make sure
the benchmarking environment is safe on JVM/OS/HW level, ask for reviews from the domain experts.
Do not assume the numbers tell you what you want them to tell.

NOTE: Current JVM experimentally supports Compiler Blackholes, and they are in use. Please exercise
extra caution when trusting the results, look into the generated code to check the benchmark still
works, and factor in a small probability of new VM bugs. Additionally, while comparisons between
different JVMs are already problematic, the performance difference caused by different Blackhole
modes can be very significant. Please make sure you use the consistent Blackhole mode for comparisons.

Benchmark                      Mode  Cnt    Score   Error   Units
ListJsonb7880.basketJSONB     thrpt    5  623.036 ± 3.248  ops/ms
ListJsonb7880.nestedListJSON  thrpt    5  213.210 ± 2.140  ops/ms
ListJsonb7880.rootListJSONB   thrpt    5  607.419 ± 3.258  ops/ms

Benchmark result is saved to <work>/env/jmh/ab-r12u/v10-r5.json
