# JMH version: 1.37
# VM version: JDK 21.0.12, OpenJDK 64-Bit Server VM, 21.0.12+8-LTS
# VM invoker: <jdk21>/bin/java
# VM options: -Xms1g -Xmx1g
# Blackhole mode: compiler (auto-detected, use -Djmh.blackhole.autoDetect=false to disable)
# Warmup: 4 iterations, 1 s each
# Measurement: 5 iterations, 1 s each
# Timeout: 10 min per iteration
# Threads: 1 thread, will synchronize iterations
# Benchmark mode: Throughput, ops/time
# Benchmark: bench11.ListJsonb7880.basketJSONB

# Run progress: 0.00% complete, ETA 00:00:27
# Fork: 1 of 1
# Warmup Iteration   1: 515.211 ops/ms
# Warmup Iteration   2: 622.977 ops/ms
# Warmup Iteration   3: 621.999 ops/ms
# Warmup Iteration   4: 620.515 ops/ms
Iteration   1: 619.624 ops/ms
Iteration   2: 619.409 ops/ms
Iteration   3: 621.562 ops/ms
Iteration   4: 620.180 ops/ms
Iteration   5: 619.679 ops/ms


Result "bench11.ListJsonb7880.basketJSONB":
  620.091 ±(99.9%) 3.349 ops/ms [Average]
  (min, avg, max) = (619.409, 620.091, 621.562), stdev = 0.870
  CI (99.9%): [616.742, 623.440] (assumes normal distribution)


# JMH version: 1.37
# VM version: JDK 21.0.12, OpenJDK 64-Bit Server VM, 21.0.12+8-LTS
# VM invoker: <jdk21>/bin/java
# VM options: -Xms1g -Xmx1g
# Blackhole mode: compiler (auto-detected, use -Djmh.blackhole.autoDetect=false to disable)
# Warmup: 4 iterations, 1 s each
# Measurement: 5 iterations, 1 s each
# Timeout: 10 min per iteration
# Threads: 1 thread, will synchronize iterations
# Benchmark mode: Throughput, ops/time
# Benchmark: bench11.ListJsonb7880.nestedListJSON

# Run progress: 33.33% complete, ETA 00:00:18
# Fork: 1 of 1
# Warmup Iteration   1: 163.692 ops/ms
# Warmup Iteration   2: 213.468 ops/ms
# Warmup Iteration   3: 213.144 ops/ms
# Warmup Iteration   4: 213.256 ops/ms
Iteration   1: 212.540 ops/ms
Iteration   2: 214.202 ops/ms
Iteration   3: 214.816 ops/ms
Iteration   4: 215.623 ops/ms
Iteration   5: 214.697 ops/ms


Result "bench11.ListJsonb7880.nestedListJSON":
  214.375 ±(99.9%) 4.413 ops/ms [Average]
  (min, avg, max) = (212.540, 214.375, 215.623), stdev = 1.146
  CI (99.9%): [209.963, 218.788] (assumes normal distribution)


# JMH version: 1.37
# VM version: JDK 21.0.12, OpenJDK 64-Bit Server VM, 21.0.12+8-LTS
# VM invoker: <jdk21>/bin/java
# VM options: -Xms1g -Xmx1g
# Blackhole mode: compiler (auto-detected, use -Djmh.blackhole.autoDetect=false to disable)
# Warmup: 4 iterations, 1 s each
# Measurement: 5 iterations, 1 s each
# Timeout: 10 min per iteration
# Threads: 1 thread, will synchronize iterations
# Benchmark mode: Throughput, ops/time
# Benchmark: bench11.ListJsonb7880.rootListJSONB

# Run progress: 66.67% complete, ETA 00:00:09
# Fork: 1 of 1
# Warmup Iteration   1: 504.053 ops/ms
# Warmup Iteration   2: 625.981 ops/ms
# Warmup Iteration   3: 603.527 ops/ms
# Warmup Iteration   4: 600.126 ops/ms
Iteration   1: 605.129 ops/ms
Iteration   2: 605.518 ops/ms
Iteration   3: 604.064 ops/ms
Iteration   4: 604.921 ops/ms
Iteration   5: 605.614 ops/ms


Result "bench11.ListJsonb7880.rootListJSONB":
  605.049 ±(99.9%) 2.383 ops/ms [Average]
  (min, avg, max) = (604.064, 605.049, 605.614), stdev = 0.619
  CI (99.9%): [602.666, 607.432] (assumes normal distribution)


# Run complete. Total time: 00:00:27

REMEMBER: The numbers below are just data. To gain reusable insights, you need to follow up on
why the numbers are the way they are. Use profilers (see -prof, -lprof), design factorial
experiments, perform baseline and negative tests that provide experimental control, make sure
the benchmarking environment is safe on JVM/OS/HW level, ask for reviews from the domain experts.
Do not assume the numbers tell you what you want them to tell.

NOTE: Current JVM experimentally supports Compiler Blackholes, and they are in use. Please exercise
extra caution when trusting the results, look into the generated code to check the benchmark still
works, and factor in a small probability of new VM bugs. Additionally, while comparisons between
different JVMs are already problematic, the performance difference caused by different Blackhole
modes can be very significant. Please make sure you use the consistent Blackhole mode for comparisons.

Benchmark                      Mode  Cnt    Score   Error   Units
ListJsonb7880.basketJSONB     thrpt    5  620.091 ± 3.349  ops/ms
ListJsonb7880.nestedListJSON  thrpt    5  214.375 ± 4.413  ops/ms
ListJsonb7880.rootListJSONB   thrpt    5  605.049 ± 2.383  ops/ms

Benchmark result is saved to <work>/env/jmh/ab-r12u/v10-r7.json
