# JMH version: 1.37
# VM version: JDK 21.0.12, OpenJDK 64-Bit Server VM, 21.0.12+8-LTS
# VM invoker: <jdk21>/bin/java
# VM options: -Xms1g -Xmx1g
# Blackhole mode: compiler (auto-detected, use -Djmh.blackhole.autoDetect=false to disable)
# Warmup: 4 iterations, 1 s each
# Measurement: 5 iterations, 1 s each
# Timeout: 10 min per iteration
# Threads: 1 thread, will synchronize iterations
# Benchmark mode: Throughput, ops/time
# Benchmark: bench11.ListJsonb7880.basketJSONB

# Run progress: 0.00% complete, ETA 00:00:27
# Fork: 1 of 1
# Warmup Iteration   1: 519.182 ops/ms
# Warmup Iteration   2: 627.031 ops/ms
# Warmup Iteration   3: 631.855 ops/ms
# Warmup Iteration   4: 632.545 ops/ms
Iteration   1: 634.504 ops/ms
Iteration   2: 634.200 ops/ms
Iteration   3: 634.250 ops/ms
Iteration   4: 633.891 ops/ms
Iteration   5: 632.337 ops/ms


Result "bench11.ListJsonb7880.basketJSONB":
  633.836 ±(99.9%) 3.336 ops/ms [Average]
  (min, avg, max) = (632.337, 633.836, 634.504), stdev = 0.866
  CI (99.9%): [630.500, 637.172] (assumes normal distribution)


# JMH version: 1.37
# VM version: JDK 21.0.12, OpenJDK 64-Bit Server VM, 21.0.12+8-LTS
# VM invoker: <jdk21>/bin/java
# VM options: -Xms1g -Xmx1g
# Blackhole mode: compiler (auto-detected, use -Djmh.blackhole.autoDetect=false to disable)
# Warmup: 4 iterations, 1 s each
# Measurement: 5 iterations, 1 s each
# Timeout: 10 min per iteration
# Threads: 1 thread, will synchronize iterations
# Benchmark mode: Throughput, ops/time
# Benchmark: bench11.ListJsonb7880.nestedListJSON

# Run progress: 33.33% complete, ETA 00:00:18
# Fork: 1 of 1
# Warmup Iteration   1: 160.246 ops/ms
# Warmup Iteration   2: 210.086 ops/ms
# Warmup Iteration   3: 212.732 ops/ms
# Warmup Iteration   4: 208.208 ops/ms
Iteration   1: 210.672 ops/ms
Iteration   2: 212.736 ops/ms
Iteration   3: 212.223 ops/ms
Iteration   4: 212.987 ops/ms
Iteration   5: 212.276 ops/ms


Result "bench11.ListJsonb7880.nestedListJSON":
  212.179 ±(99.9%) 3.468 ops/ms [Average]
  (min, avg, max) = (210.672, 212.179, 212.987), stdev = 0.901
  CI (99.9%): [208.711, 215.647] (assumes normal distribution)


# JMH version: 1.37
# VM version: JDK 21.0.12, OpenJDK 64-Bit Server VM, 21.0.12+8-LTS
# VM invoker: <jdk21>/bin/java
# VM options: -Xms1g -Xmx1g
# Blackhole mode: compiler (auto-detected, use -Djmh.blackhole.autoDetect=false to disable)
# Warmup: 4 iterations, 1 s each
# Measurement: 5 iterations, 1 s each
# Timeout: 10 min per iteration
# Threads: 1 thread, will synchronize iterations
# Benchmark mode: Throughput, ops/time
# Benchmark: bench11.ListJsonb7880.rootListJSONB

# Run progress: 66.67% complete, ETA 00:00:09
# Fork: 1 of 1
# Warmup Iteration   1: 501.458 ops/ms
# Warmup Iteration   2: 601.615 ops/ms
# Warmup Iteration   3: 610.260 ops/ms
# Warmup Iteration   4: 602.607 ops/ms
Iteration   1: 605.174 ops/ms
Iteration   2: 604.871 ops/ms
Iteration   3: 604.810 ops/ms
Iteration   4: 601.826 ops/ms
Iteration   5: 603.959 ops/ms


Result "bench11.ListJsonb7880.rootListJSONB":
  604.128 ±(99.9%) 5.251 ops/ms [Average]
  (min, avg, max) = (601.826, 604.128, 605.174), stdev = 1.364
  CI (99.9%): [598.877, 609.379] (assumes normal distribution)


# Run complete. Total time: 00:00:27

REMEMBER: The numbers below are just data. To gain reusable insights, you need to follow up on
why the numbers are the way they are. Use profilers (see -prof, -lprof), design factorial
experiments, perform baseline and negative tests that provide experimental control, make sure
the benchmarking environment is safe on JVM/OS/HW level, ask for reviews from the domain experts.
Do not assume the numbers tell you what you want them to tell.

NOTE: Current JVM experimentally supports Compiler Blackholes, and they are in use. Please exercise
extra caution when trusting the results, look into the generated code to check the benchmark still
works, and factor in a small probability of new VM bugs. Additionally, while comparisons between
different JVMs are already problematic, the performance difference caused by different Blackhole
modes can be very significant. Please make sure you use the consistent Blackhole mode for comparisons.

Benchmark                      Mode  Cnt    Score   Error   Units
ListJsonb7880.basketJSONB     thrpt    5  633.836 ± 3.336  ops/ms
ListJsonb7880.nestedListJSON  thrpt    5  212.179 ± 3.468  ops/ms
ListJsonb7880.rootListJSONB   thrpt    5  604.128 ± 5.251  ops/ms

Benchmark result is saved to <work>/env/jmh/ab-r12u/v10copy-r2.json
