# JMH version: 1.37
# VM version: JDK 21.0.12, OpenJDK 64-Bit Server VM, 21.0.12+8-LTS
# VM invoker: <jdk21>/bin/java
# VM options: -Xms1g -Xmx1g
# Blackhole mode: compiler (auto-detected, use -Djmh.blackhole.autoDetect=false to disable)
# Warmup: 4 iterations, 1 s each
# Measurement: 5 iterations, 1 s each
# Timeout: 10 min per iteration
# Threads: 1 thread, will synchronize iterations
# Benchmark mode: Throughput, ops/time
# Benchmark: bench11.ListJsonb7880.basketJSONB

# Run progress: 0.00% complete, ETA 00:00:27
# Fork: 1 of 1
# Warmup Iteration   1: 514.199 ops/ms
# Warmup Iteration   2: 623.128 ops/ms
# Warmup Iteration   3: 625.737 ops/ms
# Warmup Iteration   4: 623.332 ops/ms
Iteration   1: 624.105 ops/ms
Iteration   2: 624.590 ops/ms
Iteration   3: 625.864 ops/ms
Iteration   4: 625.118 ops/ms
Iteration   5: 625.640 ops/ms


Result "bench11.ListJsonb7880.basketJSONB":
  625.063 ±(99.9%) 2.803 ops/ms [Average]
  (min, avg, max) = (624.105, 625.063, 625.864), stdev = 0.728
  CI (99.9%): [622.260, 627.867] (assumes normal distribution)


# JMH version: 1.37
# VM version: JDK 21.0.12, OpenJDK 64-Bit Server VM, 21.0.12+8-LTS
# VM invoker: <jdk21>/bin/java
# VM options: -Xms1g -Xmx1g
# Blackhole mode: compiler (auto-detected, use -Djmh.blackhole.autoDetect=false to disable)
# Warmup: 4 iterations, 1 s each
# Measurement: 5 iterations, 1 s each
# Timeout: 10 min per iteration
# Threads: 1 thread, will synchronize iterations
# Benchmark mode: Throughput, ops/time
# Benchmark: bench11.ListJsonb7880.nestedListJSON

# Run progress: 33.33% complete, ETA 00:00:18
# Fork: 1 of 1
# Warmup Iteration   1: 164.128 ops/ms
# Warmup Iteration   2: 209.465 ops/ms
# Warmup Iteration   3: 211.417 ops/ms
# Warmup Iteration   4: 210.968 ops/ms
Iteration   1: 211.907 ops/ms
Iteration   2: 213.836 ops/ms
Iteration   3: 213.459 ops/ms
Iteration   4: 214.412 ops/ms
Iteration   5: 213.810 ops/ms


Result "bench11.ListJsonb7880.nestedListJSON":
  213.485 ±(99.9%) 3.642 ops/ms [Average]
  (min, avg, max) = (211.907, 213.485, 214.412), stdev = 0.946
  CI (99.9%): [209.843, 217.126] (assumes normal distribution)


# JMH version: 1.37
# VM version: JDK 21.0.12, OpenJDK 64-Bit Server VM, 21.0.12+8-LTS
# VM invoker: <jdk21>/bin/java
# VM options: -Xms1g -Xmx1g
# Blackhole mode: compiler (auto-detected, use -Djmh.blackhole.autoDetect=false to disable)
# Warmup: 4 iterations, 1 s each
# Measurement: 5 iterations, 1 s each
# Timeout: 10 min per iteration
# Threads: 1 thread, will synchronize iterations
# Benchmark mode: Throughput, ops/time
# Benchmark: bench11.ListJsonb7880.rootListJSONB

# Run progress: 66.67% complete, ETA 00:00:09
# Fork: 1 of 1
# Warmup Iteration   1: 501.122 ops/ms
# Warmup Iteration   2: 633.262 ops/ms
# Warmup Iteration   3: 610.351 ops/ms
# Warmup Iteration   4: 605.029 ops/ms
Iteration   1: 612.054 ops/ms
Iteration   2: 608.375 ops/ms
Iteration   3: 611.482 ops/ms
Iteration   4: 608.956 ops/ms
Iteration   5: 608.203 ops/ms


Result "bench11.ListJsonb7880.rootListJSONB":
  609.814 ±(99.9%) 6.996 ops/ms [Average]
  (min, avg, max) = (608.203, 609.814, 612.054), stdev = 1.817
  CI (99.9%): [602.818, 616.810] (assumes normal distribution)


# Run complete. Total time: 00:00:27

REMEMBER: The numbers below are just data. To gain reusable insights, you need to follow up on
why the numbers are the way they are. Use profilers (see -prof, -lprof), design factorial
experiments, perform baseline and negative tests that provide experimental control, make sure
the benchmarking environment is safe on JVM/OS/HW level, ask for reviews from the domain experts.
Do not assume the numbers tell you what you want them to tell.

NOTE: Current JVM experimentally supports Compiler Blackholes, and they are in use. Please exercise
extra caution when trusting the results, look into the generated code to check the benchmark still
works, and factor in a small probability of new VM bugs. Additionally, while comparisons between
different JVMs are already problematic, the performance difference caused by different Blackhole
modes can be very significant. Please make sure you use the consistent Blackhole mode for comparisons.

Benchmark                      Mode  Cnt    Score   Error   Units
ListJsonb7880.basketJSONB     thrpt    5  625.063 ± 2.803  ops/ms
ListJsonb7880.nestedListJSON  thrpt    5  213.485 ± 3.642  ops/ms
ListJsonb7880.rootListJSONB   thrpt    5  609.814 ± 6.996  ops/ms

Benchmark result is saved to <work>/env/jmh/ab-r12u/v10copy-r5.json
