# JMH version: 1.37
# VM version: JDK 21.0.12, OpenJDK 64-Bit Server VM, 21.0.12+8-LTS
# VM invoker: <jdk21>/bin/java
# VM options: -Xms1g -Xmx1g
# Blackhole mode: compiler (auto-detected, use -Djmh.blackhole.autoDetect=false to disable)
# Warmup: 4 iterations, 1 s each
# Measurement: 5 iterations, 1 s each
# Timeout: 10 min per iteration
# Threads: 1 thread, will synchronize iterations
# Benchmark mode: Throughput, ops/time
# Benchmark: bench11.ListJsonb7880.basketJSONB

# Run progress: 0.00% complete, ETA 00:00:27
# Fork: 1 of 1
# Warmup Iteration   1: 518.890 ops/ms
# Warmup Iteration   2: 632.130 ops/ms
# Warmup Iteration   3: 629.285 ops/ms
# Warmup Iteration   4: 630.690 ops/ms
Iteration   1: 632.354 ops/ms
Iteration   2: 634.692 ops/ms
Iteration   3: 634.202 ops/ms
Iteration   4: 634.188 ops/ms
Iteration   5: 632.927 ops/ms


Result "bench11.ListJsonb7880.basketJSONB":
  633.673 ±(99.9%) 3.793 ops/ms [Average]
  (min, avg, max) = (632.354, 633.673, 634.692), stdev = 0.985
  CI (99.9%): [629.880, 637.466] (assumes normal distribution)


# JMH version: 1.37
# VM version: JDK 21.0.12, OpenJDK 64-Bit Server VM, 21.0.12+8-LTS
# VM invoker: <jdk21>/bin/java
# VM options: -Xms1g -Xmx1g
# Blackhole mode: compiler (auto-detected, use -Djmh.blackhole.autoDetect=false to disable)
# Warmup: 4 iterations, 1 s each
# Measurement: 5 iterations, 1 s each
# Timeout: 10 min per iteration
# Threads: 1 thread, will synchronize iterations
# Benchmark mode: Throughput, ops/time
# Benchmark: bench11.ListJsonb7880.nestedListJSON

# Run progress: 33.33% complete, ETA 00:00:18
# Fork: 1 of 1
# Warmup Iteration   1: 164.975 ops/ms
# Warmup Iteration   2: 211.209 ops/ms
# Warmup Iteration   3: 210.698 ops/ms
# Warmup Iteration   4: 210.457 ops/ms
Iteration   1: 211.798 ops/ms
Iteration   2: 210.370 ops/ms
Iteration   3: 212.112 ops/ms
Iteration   4: 212.761 ops/ms
Iteration   5: 213.206 ops/ms


Result "bench11.ListJsonb7880.nestedListJSON":
  212.049 ±(99.9%) 4.188 ops/ms [Average]
  (min, avg, max) = (210.370, 212.049, 213.206), stdev = 1.088
  CI (99.9%): [207.862, 216.237] (assumes normal distribution)


# JMH version: 1.37
# VM version: JDK 21.0.12, OpenJDK 64-Bit Server VM, 21.0.12+8-LTS
# VM invoker: <jdk21>/bin/java
# VM options: -Xms1g -Xmx1g
# Blackhole mode: compiler (auto-detected, use -Djmh.blackhole.autoDetect=false to disable)
# Warmup: 4 iterations, 1 s each
# Measurement: 5 iterations, 1 s each
# Timeout: 10 min per iteration
# Threads: 1 thread, will synchronize iterations
# Benchmark mode: Throughput, ops/time
# Benchmark: bench11.ListJsonb7880.rootListJSONB

# Run progress: 66.67% complete, ETA 00:00:09
# Fork: 1 of 1
# Warmup Iteration   1: 508.350 ops/ms
# Warmup Iteration   2: 632.287 ops/ms
# Warmup Iteration   3: 606.479 ops/ms
# Warmup Iteration   4: 604.511 ops/ms
Iteration   1: 604.925 ops/ms
Iteration   2: 604.881 ops/ms
Iteration   3: 604.776 ops/ms
Iteration   4: 604.860 ops/ms
Iteration   5: 605.345 ops/ms


Result "bench11.ListJsonb7880.rootListJSONB":
  604.957 ±(99.9%) 0.860 ops/ms [Average]
  (min, avg, max) = (604.776, 604.957, 605.345), stdev = 0.223
  CI (99.9%): [604.097, 605.818] (assumes normal distribution)


# Run complete. Total time: 00:00:27

REMEMBER: The numbers below are just data. To gain reusable insights, you need to follow up on
why the numbers are the way they are. Use profilers (see -prof, -lprof), design factorial
experiments, perform baseline and negative tests that provide experimental control, make sure
the benchmarking environment is safe on JVM/OS/HW level, ask for reviews from the domain experts.
Do not assume the numbers tell you what you want them to tell.

NOTE: Current JVM experimentally supports Compiler Blackholes, and they are in use. Please exercise
extra caution when trusting the results, look into the generated code to check the benchmark still
works, and factor in a small probability of new VM bugs. Additionally, while comparisons between
different JVMs are already problematic, the performance difference caused by different Blackhole
modes can be very significant. Please make sure you use the consistent Blackhole mode for comparisons.

Benchmark                      Mode  Cnt    Score   Error   Units
ListJsonb7880.basketJSONB     thrpt    5  633.673 ± 3.793  ops/ms
ListJsonb7880.nestedListJSON  thrpt    5  212.049 ± 4.188  ops/ms
ListJsonb7880.rootListJSONB   thrpt    5  604.957 ± 0.860  ops/ms

Benchmark result is saved to <work>/env/jmh/ab-r12u/v10copy-r3.json
