# JMH version: 1.37
# VM version: JDK 21.0.12, OpenJDK 64-Bit Server VM, 21.0.12+8-LTS
# VM invoker: <jdk21>/bin/java
# VM options: -Xms1g -Xmx1g
# Blackhole mode: compiler (auto-detected, use -Djmh.blackhole.autoDetect=false to disable)
# Warmup: 4 iterations, 1 s each
# Measurement: 5 iterations, 1 s each
# Timeout: 10 min per iteration
# Threads: 1 thread, will synchronize iterations
# Benchmark mode: Throughput, ops/time
# Benchmark: bench11.ListJsonb7880.basketJSONB

# Run progress: 0.00% complete, ETA 00:00:27
# Fork: 1 of 1
# Warmup Iteration   1: 518.444 ops/ms
# Warmup Iteration   2: 631.132 ops/ms
# Warmup Iteration   3: 634.728 ops/ms
# Warmup Iteration   4: 631.741 ops/ms
Iteration   1: 634.182 ops/ms
Iteration   2: 634.976 ops/ms
Iteration   3: 633.203 ops/ms
Iteration   4: 631.840 ops/ms
Iteration   5: 634.076 ops/ms


Result "bench11.ListJsonb7880.basketJSONB":
  633.655 ±(99.9%) 4.595 ops/ms [Average]
  (min, avg, max) = (631.840, 633.655, 634.976), stdev = 1.193
  CI (99.9%): [629.060, 638.251] (assumes normal distribution)


# JMH version: 1.37
# VM version: JDK 21.0.12, OpenJDK 64-Bit Server VM, 21.0.12+8-LTS
# VM invoker: <jdk21>/bin/java
# VM options: -Xms1g -Xmx1g
# Blackhole mode: compiler (auto-detected, use -Djmh.blackhole.autoDetect=false to disable)
# Warmup: 4 iterations, 1 s each
# Measurement: 5 iterations, 1 s each
# Timeout: 10 min per iteration
# Threads: 1 thread, will synchronize iterations
# Benchmark mode: Throughput, ops/time
# Benchmark: bench11.ListJsonb7880.nestedListJSON

# Run progress: 33.33% complete, ETA 00:00:18
# Fork: 1 of 1
# Warmup Iteration   1: 164.696 ops/ms
# Warmup Iteration   2: 212.156 ops/ms
# Warmup Iteration   3: 213.203 ops/ms
# Warmup Iteration   4: 208.610 ops/ms
Iteration   1: 213.333 ops/ms
Iteration   2: 212.766 ops/ms
Iteration   3: 211.933 ops/ms
Iteration   4: 212.696 ops/ms
Iteration   5: 212.404 ops/ms


Result "bench11.ListJsonb7880.nestedListJSON":
  212.626 ±(99.9%) 1.977 ops/ms [Average]
  (min, avg, max) = (211.933, 212.626, 213.333), stdev = 0.513
  CI (99.9%): [210.649, 214.604] (assumes normal distribution)


# JMH version: 1.37
# VM version: JDK 21.0.12, OpenJDK 64-Bit Server VM, 21.0.12+8-LTS
# VM invoker: <jdk21>/bin/java
# VM options: -Xms1g -Xmx1g
# Blackhole mode: compiler (auto-detected, use -Djmh.blackhole.autoDetect=false to disable)
# Warmup: 4 iterations, 1 s each
# Measurement: 5 iterations, 1 s each
# Timeout: 10 min per iteration
# Threads: 1 thread, will synchronize iterations
# Benchmark mode: Throughput, ops/time
# Benchmark: bench11.ListJsonb7880.rootListJSONB

# Run progress: 66.67% complete, ETA 00:00:09
# Fork: 1 of 1
# Warmup Iteration   1: 502.506 ops/ms
# Warmup Iteration   2: 607.483 ops/ms
# Warmup Iteration   3: 614.002 ops/ms
# Warmup Iteration   4: 616.433 ops/ms
Iteration   1: 618.390 ops/ms
Iteration   2: 620.044 ops/ms
Iteration   3: 617.007 ops/ms
Iteration   4: 620.385 ops/ms
Iteration   5: 619.890 ops/ms


Result "bench11.ListJsonb7880.rootListJSONB":
  619.143 ±(99.9%) 5.460 ops/ms [Average]
  (min, avg, max) = (617.007, 619.143, 620.385), stdev = 1.418
  CI (99.9%): [613.684, 624.603] (assumes normal distribution)


# Run complete. Total time: 00:00:27

REMEMBER: The numbers below are just data. To gain reusable insights, you need to follow up on
why the numbers are the way they are. Use profilers (see -prof, -lprof), design factorial
experiments, perform baseline and negative tests that provide experimental control, make sure
the benchmarking environment is safe on JVM/OS/HW level, ask for reviews from the domain experts.
Do not assume the numbers tell you what you want them to tell.

NOTE: Current JVM experimentally supports Compiler Blackholes, and they are in use. Please exercise
extra caution when trusting the results, look into the generated code to check the benchmark still
works, and factor in a small probability of new VM bugs. Additionally, while comparisons between
different JVMs are already problematic, the performance difference caused by different Blackhole
modes can be very significant. Please make sure you use the consistent Blackhole mode for comparisons.

Benchmark                      Mode  Cnt    Score   Error   Units
ListJsonb7880.basketJSONB     thrpt    5  633.655 ± 4.595  ops/ms
ListJsonb7880.nestedListJSON  thrpt    5  212.626 ± 1.977  ops/ms
ListJsonb7880.rootListJSONB   thrpt    5  619.143 ± 5.460  ops/ms

Benchmark result is saved to <work>/env/jmh/ab-r12u/v10copy-r4.json
