# JMH version: 1.37
# VM version: JDK 21.0.12, OpenJDK 64-Bit Server VM, 21.0.12+8-LTS
# VM invoker: <jdk21>/bin/java
# VM options: -Xms1g -Xmx1g
# Blackhole mode: compiler (auto-detected, use -Djmh.blackhole.autoDetect=false to disable)
# Warmup: 4 iterations, 1 s each
# Measurement: 5 iterations, 1 s each
# Timeout: 10 min per iteration
# Threads: 1 thread, will synchronize iterations
# Benchmark mode: Throughput, ops/time
# Benchmark: bench11.ListJsonb7880.basketJSONB

# Run progress: 0.00% complete, ETA 00:00:27
# Fork: 1 of 1
# Warmup Iteration   1: 473.953 ops/ms
# Warmup Iteration   2: 627.707 ops/ms
# Warmup Iteration   3: 627.321 ops/ms
# Warmup Iteration   4: 627.157 ops/ms
Iteration   1: 627.136 ops/ms
Iteration   2: 626.173 ops/ms
Iteration   3: 626.543 ops/ms
Iteration   4: 627.403 ops/ms
Iteration   5: 625.382 ops/ms


Result "bench11.ListJsonb7880.basketJSONB":
  626.527 ±(99.9%) 3.089 ops/ms [Average]
  (min, avg, max) = (625.382, 626.527, 627.403), stdev = 0.802
  CI (99.9%): [623.438, 629.616] (assumes normal distribution)


# JMH version: 1.37
# VM version: JDK 21.0.12, OpenJDK 64-Bit Server VM, 21.0.12+8-LTS
# VM invoker: <jdk21>/bin/java
# VM options: -Xms1g -Xmx1g
# Blackhole mode: compiler (auto-detected, use -Djmh.blackhole.autoDetect=false to disable)
# Warmup: 4 iterations, 1 s each
# Measurement: 5 iterations, 1 s each
# Timeout: 10 min per iteration
# Threads: 1 thread, will synchronize iterations
# Benchmark mode: Throughput, ops/time
# Benchmark: bench11.ListJsonb7880.nestedListJSON

# Run progress: 33.33% complete, ETA 00:00:18
# Fork: 1 of 1
# Warmup Iteration   1: 163.714 ops/ms
# Warmup Iteration   2: 211.446 ops/ms
# Warmup Iteration   3: 212.211 ops/ms
# Warmup Iteration   4: 212.075 ops/ms
Iteration   1: 210.529 ops/ms
Iteration   2: 211.800 ops/ms
Iteration   3: 210.770 ops/ms
Iteration   4: 211.400 ops/ms
Iteration   5: 211.349 ops/ms


Result "bench11.ListJsonb7880.nestedListJSON":
  211.170 ±(99.9%) 1.976 ops/ms [Average]
  (min, avg, max) = (210.529, 211.170, 211.800), stdev = 0.513
  CI (99.9%): [209.194, 213.146] (assumes normal distribution)


# JMH version: 1.37
# VM version: JDK 21.0.12, OpenJDK 64-Bit Server VM, 21.0.12+8-LTS
# VM invoker: <jdk21>/bin/java
# VM options: -Xms1g -Xmx1g
# Blackhole mode: compiler (auto-detected, use -Djmh.blackhole.autoDetect=false to disable)
# Warmup: 4 iterations, 1 s each
# Measurement: 5 iterations, 1 s each
# Timeout: 10 min per iteration
# Threads: 1 thread, will synchronize iterations
# Benchmark mode: Throughput, ops/time
# Benchmark: bench11.ListJsonb7880.rootListJSONB

# Run progress: 66.67% complete, ETA 00:00:09
# Fork: 1 of 1
# Warmup Iteration   1: 501.531 ops/ms
# Warmup Iteration   2: 605.219 ops/ms
# Warmup Iteration   3: 632.872 ops/ms
# Warmup Iteration   4: 630.242 ops/ms
Iteration   1: 638.313 ops/ms
Iteration   2: 639.568 ops/ms
Iteration   3: 639.619 ops/ms
Iteration   4: 638.040 ops/ms
Iteration   5: 638.743 ops/ms


Result "bench11.ListJsonb7880.rootListJSONB":
  638.857 ±(99.9%) 2.766 ops/ms [Average]
  (min, avg, max) = (638.040, 638.857, 639.619), stdev = 0.718
  CI (99.9%): [636.091, 641.622] (assumes normal distribution)


# Run complete. Total time: 00:00:27

REMEMBER: The numbers below are just data. To gain reusable insights, you need to follow up on
why the numbers are the way they are. Use profilers (see -prof, -lprof), design factorial
experiments, perform baseline and negative tests that provide experimental control, make sure
the benchmarking environment is safe on JVM/OS/HW level, ask for reviews from the domain experts.
Do not assume the numbers tell you what you want them to tell.

NOTE: Current JVM experimentally supports Compiler Blackholes, and they are in use. Please exercise
extra caution when trusting the results, look into the generated code to check the benchmark still
works, and factor in a small probability of new VM bugs. Additionally, while comparisons between
different JVMs are already problematic, the performance difference caused by different Blackhole
modes can be very significant. Please make sure you use the consistent Blackhole mode for comparisons.

Benchmark                      Mode  Cnt    Score   Error   Units
ListJsonb7880.basketJSONB     thrpt    5  626.527 ± 3.089  ops/ms
ListJsonb7880.nestedListJSON  thrpt    5  211.170 ± 1.976  ops/ms
ListJsonb7880.rootListJSONB   thrpt    5  638.857 ± 2.766  ops/ms

Benchmark result is saved to <work>/env/jmh/ab-r12u/v10copy-r1.json
