# JMH version: 1.37
# VM version: JDK 21.0.12, OpenJDK 64-Bit Server VM, 21.0.12+8-LTS
# VM invoker: <jdk21>/bin/java
# VM options: -Xms1g -Xmx1g
# Blackhole mode: compiler (auto-detected, use -Djmh.blackhole.autoDetect=false to disable)
# Warmup: 4 iterations, 1 s each
# Measurement: 5 iterations, 1 s each
# Timeout: 10 min per iteration
# Threads: 1 thread, will synchronize iterations
# Benchmark mode: Throughput, ops/time
# Benchmark: bench11.ListJsonb7880.basketJSONB

# Run progress: 0.00% complete, ETA 00:00:27
# Fork: 1 of 1
# Warmup Iteration   1: 514.129 ops/ms
# Warmup Iteration   2: 622.663 ops/ms
# Warmup Iteration   3: 622.326 ops/ms
# Warmup Iteration   4: 621.842 ops/ms
Iteration   1: 623.493 ops/ms
Iteration   2: 623.776 ops/ms
Iteration   3: 625.521 ops/ms
Iteration   4: 623.768 ops/ms
Iteration   5: 622.718 ops/ms


Result "bench11.ListJsonb7880.basketJSONB":
  623.855 ±(99.9%) 3.952 ops/ms [Average]
  (min, avg, max) = (622.718, 623.855, 625.521), stdev = 1.026
  CI (99.9%): [619.904, 627.807] (assumes normal distribution)


# JMH version: 1.37
# VM version: JDK 21.0.12, OpenJDK 64-Bit Server VM, 21.0.12+8-LTS
# VM invoker: <jdk21>/bin/java
# VM options: -Xms1g -Xmx1g
# Blackhole mode: compiler (auto-detected, use -Djmh.blackhole.autoDetect=false to disable)
# Warmup: 4 iterations, 1 s each
# Measurement: 5 iterations, 1 s each
# Timeout: 10 min per iteration
# Threads: 1 thread, will synchronize iterations
# Benchmark mode: Throughput, ops/time
# Benchmark: bench11.ListJsonb7880.nestedListJSON

# Run progress: 33.33% complete, ETA 00:00:18
# Fork: 1 of 1
# Warmup Iteration   1: 165.253 ops/ms
# Warmup Iteration   2: 211.029 ops/ms
# Warmup Iteration   3: 211.614 ops/ms
# Warmup Iteration   4: 210.666 ops/ms
Iteration   1: 212.381 ops/ms
Iteration   2: 211.217 ops/ms
Iteration   3: 212.456 ops/ms
Iteration   4: 212.815 ops/ms
Iteration   5: 213.091 ops/ms


Result "bench11.ListJsonb7880.nestedListJSON":
  212.392 ±(99.9%) 2.759 ops/ms [Average]
  (min, avg, max) = (211.217, 212.392, 213.091), stdev = 0.717
  CI (99.9%): [209.633, 215.151] (assumes normal distribution)


# JMH version: 1.37
# VM version: JDK 21.0.12, OpenJDK 64-Bit Server VM, 21.0.12+8-LTS
# VM invoker: <jdk21>/bin/java
# VM options: -Xms1g -Xmx1g
# Blackhole mode: compiler (auto-detected, use -Djmh.blackhole.autoDetect=false to disable)
# Warmup: 4 iterations, 1 s each
# Measurement: 5 iterations, 1 s each
# Timeout: 10 min per iteration
# Threads: 1 thread, will synchronize iterations
# Benchmark mode: Throughput, ops/time
# Benchmark: bench11.ListJsonb7880.rootListJSONB

# Run progress: 66.67% complete, ETA 00:00:09
# Fork: 1 of 1
# Warmup Iteration   1: 505.769 ops/ms
# Warmup Iteration   2: 610.637 ops/ms
# Warmup Iteration   3: 614.432 ops/ms
# Warmup Iteration   4: 620.459 ops/ms
Iteration   1: 616.996 ops/ms
Iteration   2: 615.761 ops/ms
Iteration   3: 617.279 ops/ms
Iteration   4: 617.237 ops/ms
Iteration   5: 617.255 ops/ms


Result "bench11.ListJsonb7880.rootListJSONB":
  616.906 ±(99.9%) 2.503 ops/ms [Average]
  (min, avg, max) = (615.761, 616.906, 617.279), stdev = 0.650
  CI (99.9%): [614.403, 619.408] (assumes normal distribution)


# Run complete. Total time: 00:00:27

REMEMBER: The numbers below are just data. To gain reusable insights, you need to follow up on
why the numbers are the way they are. Use profilers (see -prof, -lprof), design factorial
experiments, perform baseline and negative tests that provide experimental control, make sure
the benchmarking environment is safe on JVM/OS/HW level, ask for reviews from the domain experts.
Do not assume the numbers tell you what you want them to tell.

NOTE: Current JVM experimentally supports Compiler Blackholes, and they are in use. Please exercise
extra caution when trusting the results, look into the generated code to check the benchmark still
works, and factor in a small probability of new VM bugs. Additionally, while comparisons between
different JVMs are already problematic, the performance difference caused by different Blackhole
modes can be very significant. Please make sure you use the consistent Blackhole mode for comparisons.

Benchmark                      Mode  Cnt    Score   Error   Units
ListJsonb7880.basketJSONB     thrpt    5  623.855 ± 3.952  ops/ms
ListJsonb7880.nestedListJSON  thrpt    5  212.392 ± 2.759  ops/ms
ListJsonb7880.rootListJSONB   thrpt    5  616.906 ± 2.503  ops/ms

Benchmark result is saved to <work>/env/jmh/ab-r12u/v10copy-r6.json
