# JMH version: 1.37
# VM version: JDK 21.0.12, OpenJDK 64-Bit Server VM, 21.0.12+8-LTS
# VM invoker: <jdk21>/bin/java
# VM options: -Xms1g -Xmx1g
# Blackhole mode: compiler (auto-detected, use -Djmh.blackhole.autoDetect=false to disable)
# Warmup: 4 iterations, 1 s each
# Measurement: 5 iterations, 1 s each
# Timeout: 10 min per iteration
# Threads: 1 thread, will synchronize iterations
# Benchmark mode: Throughput, ops/time
# Benchmark: bench11.ListJsonb7880.basketJSONB

# Run progress: 0.00% complete, ETA 00:00:27
# Fork: 1 of 1
# Warmup Iteration   1: 515.019 ops/ms
# Warmup Iteration   2: 623.866 ops/ms
# Warmup Iteration   3: 628.920 ops/ms
# Warmup Iteration   4: 627.424 ops/ms
Iteration   1: 631.169 ops/ms
Iteration   2: 629.301 ops/ms
Iteration   3: 632.036 ops/ms
Iteration   4: 631.772 ops/ms
Iteration   5: 632.262 ops/ms


Result "bench11.ListJsonb7880.basketJSONB":
  631.308 ±(99.9%) 4.598 ops/ms [Average]
  (min, avg, max) = (629.301, 631.308, 632.262), stdev = 1.194
  CI (99.9%): [626.710, 635.905] (assumes normal distribution)


# JMH version: 1.37
# VM version: JDK 21.0.12, OpenJDK 64-Bit Server VM, 21.0.12+8-LTS
# VM invoker: <jdk21>/bin/java
# VM options: -Xms1g -Xmx1g
# Blackhole mode: compiler (auto-detected, use -Djmh.blackhole.autoDetect=false to disable)
# Warmup: 4 iterations, 1 s each
# Measurement: 5 iterations, 1 s each
# Timeout: 10 min per iteration
# Threads: 1 thread, will synchronize iterations
# Benchmark mode: Throughput, ops/time
# Benchmark: bench11.ListJsonb7880.nestedListJSON

# Run progress: 33.33% complete, ETA 00:00:18
# Fork: 1 of 1
# Warmup Iteration   1: 160.922 ops/ms
# Warmup Iteration   2: 211.230 ops/ms
# Warmup Iteration   3: 211.305 ops/ms
# Warmup Iteration   4: 212.426 ops/ms
Iteration   1: 212.081 ops/ms
Iteration   2: 212.788 ops/ms
Iteration   3: 211.148 ops/ms
Iteration   4: 211.900 ops/ms
Iteration   5: 211.778 ops/ms


Result "bench11.ListJsonb7880.nestedListJSON":
  211.939 ±(99.9%) 2.274 ops/ms [Average]
  (min, avg, max) = (211.148, 211.939, 212.788), stdev = 0.591
  CI (99.9%): [209.665, 214.213] (assumes normal distribution)


# JMH version: 1.37
# VM version: JDK 21.0.12, OpenJDK 64-Bit Server VM, 21.0.12+8-LTS
# VM invoker: <jdk21>/bin/java
# VM options: -Xms1g -Xmx1g
# Blackhole mode: compiler (auto-detected, use -Djmh.blackhole.autoDetect=false to disable)
# Warmup: 4 iterations, 1 s each
# Measurement: 5 iterations, 1 s each
# Timeout: 10 min per iteration
# Threads: 1 thread, will synchronize iterations
# Benchmark mode: Throughput, ops/time
# Benchmark: bench11.ListJsonb7880.rootListJSONB

# Run progress: 66.67% complete, ETA 00:00:09
# Fork: 1 of 1
# Warmup Iteration   1: 497.255 ops/ms
# Warmup Iteration   2: 591.988 ops/ms
# Warmup Iteration   3: 588.781 ops/ms
# Warmup Iteration   4: 588.598 ops/ms
Iteration   1: 593.074 ops/ms
Iteration   2: 593.982 ops/ms
Iteration   3: 593.679 ops/ms
Iteration   4: 593.936 ops/ms
Iteration   5: 593.985 ops/ms


Result "bench11.ListJsonb7880.rootListJSONB":
  593.731 ±(99.9%) 1.497 ops/ms [Average]
  (min, avg, max) = (593.074, 593.731, 593.985), stdev = 0.389
  CI (99.9%): [592.234, 595.228] (assumes normal distribution)


# Run complete. Total time: 00:00:27

REMEMBER: The numbers below are just data. To gain reusable insights, you need to follow up on
why the numbers are the way they are. Use profilers (see -prof, -lprof), design factorial
experiments, perform baseline and negative tests that provide experimental control, make sure
the benchmarking environment is safe on JVM/OS/HW level, ask for reviews from the domain experts.
Do not assume the numbers tell you what you want them to tell.

NOTE: Current JVM experimentally supports Compiler Blackholes, and they are in use. Please exercise
extra caution when trusting the results, look into the generated code to check the benchmark still
works, and factor in a small probability of new VM bugs. Additionally, while comparisons between
different JVMs are already problematic, the performance difference caused by different Blackhole
modes can be very significant. Please make sure you use the consistent Blackhole mode for comparisons.

Benchmark                      Mode  Cnt    Score   Error   Units
ListJsonb7880.basketJSONB     thrpt    5  631.308 ± 4.598  ops/ms
ListJsonb7880.nestedListJSON  thrpt    5  211.939 ± 2.274  ops/ms
ListJsonb7880.rootListJSONB   thrpt    5  593.731 ± 1.497  ops/ms

Benchmark result is saved to <work>/env/jmh/ab-r12u/v12-r7.json
