# JMH version: 1.37
# VM version: JDK 21.0.12, OpenJDK 64-Bit Server VM, 21.0.12+8-LTS
# VM invoker: <jdk21>/bin/java
# VM options: -Xms1g -Xmx1g
# Blackhole mode: compiler (auto-detected, use -Djmh.blackhole.autoDetect=false to disable)
# Warmup: 4 iterations, 1 s each
# Measurement: 5 iterations, 1 s each
# Timeout: 10 min per iteration
# Threads: 1 thread, will synchronize iterations
# Benchmark mode: Throughput, ops/time
# Benchmark: bench11.ListJsonb7880.basketJSONB

# Run progress: 0.00% complete, ETA 00:00:27
# Fork: 1 of 1
# Warmup Iteration   1: 505.743 ops/ms
# Warmup Iteration   2: 610.511 ops/ms
# Warmup Iteration   3: 609.793 ops/ms
# Warmup Iteration   4: 609.035 ops/ms
Iteration   1: 606.602 ops/ms
Iteration   2: 606.409 ops/ms
Iteration   3: 606.632 ops/ms
Iteration   4: 607.135 ops/ms
Iteration   5: 607.114 ops/ms


Result "bench11.ListJsonb7880.basketJSONB":
  606.779 ±(99.9%) 1.260 ops/ms [Average]
  (min, avg, max) = (606.409, 606.779, 607.135), stdev = 0.327
  CI (99.9%): [605.519, 608.039] (assumes normal distribution)


# JMH version: 1.37
# VM version: JDK 21.0.12, OpenJDK 64-Bit Server VM, 21.0.12+8-LTS
# VM invoker: <jdk21>/bin/java
# VM options: -Xms1g -Xmx1g
# Blackhole mode: compiler (auto-detected, use -Djmh.blackhole.autoDetect=false to disable)
# Warmup: 4 iterations, 1 s each
# Measurement: 5 iterations, 1 s each
# Timeout: 10 min per iteration
# Threads: 1 thread, will synchronize iterations
# Benchmark mode: Throughput, ops/time
# Benchmark: bench11.ListJsonb7880.nestedListJSON

# Run progress: 33.33% complete, ETA 00:00:18
# Fork: 1 of 1
# Warmup Iteration   1: 165.792 ops/ms
# Warmup Iteration   2: 212.513 ops/ms
# Warmup Iteration   3: 213.023 ops/ms
# Warmup Iteration   4: 212.208 ops/ms
Iteration   1: 212.269 ops/ms
Iteration   2: 212.324 ops/ms
Iteration   3: 206.520 ops/ms
Iteration   4: 206.673 ops/ms
Iteration   5: 206.314 ops/ms


Result "bench11.ListJsonb7880.nestedListJSON":
  208.820 ±(99.9%) 12.231 ops/ms [Average]
  (min, avg, max) = (206.314, 208.820, 212.324), stdev = 3.176
  CI (99.9%): [196.589, 221.051] (assumes normal distribution)


# JMH version: 1.37
# VM version: JDK 21.0.12, OpenJDK 64-Bit Server VM, 21.0.12+8-LTS
# VM invoker: <jdk21>/bin/java
# VM options: -Xms1g -Xmx1g
# Blackhole mode: compiler (auto-detected, use -Djmh.blackhole.autoDetect=false to disable)
# Warmup: 4 iterations, 1 s each
# Measurement: 5 iterations, 1 s each
# Timeout: 10 min per iteration
# Threads: 1 thread, will synchronize iterations
# Benchmark mode: Throughput, ops/time
# Benchmark: bench11.ListJsonb7880.rootListJSONB

# Run progress: 66.67% complete, ETA 00:00:09
# Fork: 1 of 1
# Warmup Iteration   1: 495.045 ops/ms
# Warmup Iteration   2: 595.593 ops/ms
# Warmup Iteration   3: 590.382 ops/ms
# Warmup Iteration   4: 586.997 ops/ms
Iteration   1: 591.155 ops/ms
Iteration   2: 591.663 ops/ms
Iteration   3: 590.929 ops/ms
Iteration   4: 591.600 ops/ms
Iteration   5: 591.508 ops/ms


Result "bench11.ListJsonb7880.rootListJSONB":
  591.371 ±(99.9%) 1.216 ops/ms [Average]
  (min, avg, max) = (590.929, 591.371, 591.663), stdev = 0.316
  CI (99.9%): [590.155, 592.587] (assumes normal distribution)


# Run complete. Total time: 00:00:27

REMEMBER: The numbers below are just data. To gain reusable insights, you need to follow up on
why the numbers are the way they are. Use profilers (see -prof, -lprof), design factorial
experiments, perform baseline and negative tests that provide experimental control, make sure
the benchmarking environment is safe on JVM/OS/HW level, ask for reviews from the domain experts.
Do not assume the numbers tell you what you want them to tell.

NOTE: Current JVM experimentally supports Compiler Blackholes, and they are in use. Please exercise
extra caution when trusting the results, look into the generated code to check the benchmark still
works, and factor in a small probability of new VM bugs. Additionally, while comparisons between
different JVMs are already problematic, the performance difference caused by different Blackhole
modes can be very significant. Please make sure you use the consistent Blackhole mode for comparisons.

Benchmark                      Mode  Cnt    Score    Error   Units
ListJsonb7880.basketJSONB     thrpt    5  606.779 ±  1.260  ops/ms
ListJsonb7880.nestedListJSON  thrpt    5  208.820 ± 12.231  ops/ms
ListJsonb7880.rootListJSONB   thrpt    5  591.371 ±  1.216  ops/ms

Benchmark result is saved to <work>/env/jmh/ab-r12u/v12-r1.json
