# JMH version: 1.37
# VM version: JDK 21.0.12, OpenJDK 64-Bit Server VM, 21.0.12+8-LTS
# VM invoker: <jdk21>/bin/java
# VM options: -Xms1g -Xmx1g
# Blackhole mode: compiler (auto-detected, use -Djmh.blackhole.autoDetect=false to disable)
# Warmup: 4 iterations, 1 s each
# Measurement: 5 iterations, 1 s each
# Timeout: 10 min per iteration
# Threads: 1 thread, will synchronize iterations
# Benchmark mode: Throughput, ops/time
# Benchmark: bench11.ListJsonb7880.basketJSONB

# Run progress: 0.00% complete, ETA 00:00:27
# Fork: 1 of 1
# Warmup Iteration   1: 512.818 ops/ms
# Warmup Iteration   2: 618.555 ops/ms
# Warmup Iteration   3: 616.790 ops/ms
# Warmup Iteration   4: 618.112 ops/ms
Iteration   1: 618.820 ops/ms
Iteration   2: 618.107 ops/ms
Iteration   3: 615.967 ops/ms
Iteration   4: 618.310 ops/ms
Iteration   5: 617.006 ops/ms


Result "bench11.ListJsonb7880.basketJSONB":
  617.642 ±(99.9%) 4.415 ops/ms [Average]
  (min, avg, max) = (615.967, 617.642, 618.820), stdev = 1.147
  CI (99.9%): [613.226, 622.057] (assumes normal distribution)


# JMH version: 1.37
# VM version: JDK 21.0.12, OpenJDK 64-Bit Server VM, 21.0.12+8-LTS
# VM invoker: <jdk21>/bin/java
# VM options: -Xms1g -Xmx1g
# Blackhole mode: compiler (auto-detected, use -Djmh.blackhole.autoDetect=false to disable)
# Warmup: 4 iterations, 1 s each
# Measurement: 5 iterations, 1 s each
# Timeout: 10 min per iteration
# Threads: 1 thread, will synchronize iterations
# Benchmark mode: Throughput, ops/time
# Benchmark: bench11.ListJsonb7880.nestedListJSON

# Run progress: 33.33% complete, ETA 00:00:18
# Fork: 1 of 1
# Warmup Iteration   1: 164.636 ops/ms
# Warmup Iteration   2: 213.870 ops/ms
# Warmup Iteration   3: 212.995 ops/ms
# Warmup Iteration   4: 211.886 ops/ms
Iteration   1: 212.093 ops/ms
Iteration   2: 212.076 ops/ms
Iteration   3: 213.655 ops/ms
Iteration   4: 214.331 ops/ms
Iteration   5: 213.687 ops/ms


Result "bench11.ListJsonb7880.nestedListJSON":
  213.169 ±(99.9%) 3.950 ops/ms [Average]
  (min, avg, max) = (212.076, 213.169, 214.331), stdev = 1.026
  CI (99.9%): [209.219, 217.119] (assumes normal distribution)


# JMH version: 1.37
# VM version: JDK 21.0.12, OpenJDK 64-Bit Server VM, 21.0.12+8-LTS
# VM invoker: <jdk21>/bin/java
# VM options: -Xms1g -Xmx1g
# Blackhole mode: compiler (auto-detected, use -Djmh.blackhole.autoDetect=false to disable)
# Warmup: 4 iterations, 1 s each
# Measurement: 5 iterations, 1 s each
# Timeout: 10 min per iteration
# Threads: 1 thread, will synchronize iterations
# Benchmark mode: Throughput, ops/time
# Benchmark: bench11.ListJsonb7880.rootListJSONB

# Run progress: 66.67% complete, ETA 00:00:09
# Fork: 1 of 1
# Warmup Iteration   1: 488.095 ops/ms
# Warmup Iteration   2: 592.432 ops/ms
# Warmup Iteration   3: 587.580 ops/ms
# Warmup Iteration   4: 589.144 ops/ms
Iteration   1: 592.737 ops/ms
Iteration   2: 591.155 ops/ms
Iteration   3: 591.588 ops/ms
Iteration   4: 592.739 ops/ms
Iteration   5: 590.796 ops/ms


Result "bench11.ListJsonb7880.rootListJSONB":
  591.803 ±(99.9%) 3.459 ops/ms [Average]
  (min, avg, max) = (590.796, 591.803, 592.739), stdev = 0.898
  CI (99.9%): [588.344, 595.262] (assumes normal distribution)


# Run complete. Total time: 00:00:27

REMEMBER: The numbers below are just data. To gain reusable insights, you need to follow up on
why the numbers are the way they are. Use profilers (see -prof, -lprof), design factorial
experiments, perform baseline and negative tests that provide experimental control, make sure
the benchmarking environment is safe on JVM/OS/HW level, ask for reviews from the domain experts.
Do not assume the numbers tell you what you want them to tell.

NOTE: Current JVM experimentally supports Compiler Blackholes, and they are in use. Please exercise
extra caution when trusting the results, look into the generated code to check the benchmark still
works, and factor in a small probability of new VM bugs. Additionally, while comparisons between
different JVMs are already problematic, the performance difference caused by different Blackhole
modes can be very significant. Please make sure you use the consistent Blackhole mode for comparisons.

Benchmark                      Mode  Cnt    Score   Error   Units
ListJsonb7880.basketJSONB     thrpt    5  617.642 ± 4.415  ops/ms
ListJsonb7880.nestedListJSON  thrpt    5  213.169 ± 3.950  ops/ms
ListJsonb7880.rootListJSONB   thrpt    5  591.803 ± 3.459  ops/ms

Benchmark result is saved to <work>/env/jmh/ab-r12u/v12-r2.json
