# JMH version: 1.37
# VM version: JDK 21.0.12, OpenJDK 64-Bit Server VM, 21.0.12+8-LTS
# VM invoker: <jdk21>/bin/java
# VM options: -Xms1g -Xmx1g
# Blackhole mode: compiler (auto-detected, use -Djmh.blackhole.autoDetect=false to disable)
# Warmup: 4 iterations, 1 s each
# Measurement: 5 iterations, 1 s each
# Timeout: 10 min per iteration
# Threads: 1 thread, will synchronize iterations
# Benchmark mode: Throughput, ops/time
# Benchmark: bench11.ListJsonb7880.basketJSONB

# Run progress: 0.00% complete, ETA 00:00:27
# Fork: 1 of 1
# Warmup Iteration   1: 515.736 ops/ms
# Warmup Iteration   2: 622.728 ops/ms
# Warmup Iteration   3: 627.078 ops/ms
# Warmup Iteration   4: 626.343 ops/ms
Iteration   1: 629.815 ops/ms
Iteration   2: 628.986 ops/ms
Iteration   3: 628.958 ops/ms
Iteration   4: 629.281 ops/ms
Iteration   5: 628.092 ops/ms


Result "bench11.ListJsonb7880.basketJSONB":
  629.026 ±(99.9%) 2.409 ops/ms [Average]
  (min, avg, max) = (628.092, 629.026, 629.815), stdev = 0.626
  CI (99.9%): [626.618, 631.435] (assumes normal distribution)


# JMH version: 1.37
# VM version: JDK 21.0.12, OpenJDK 64-Bit Server VM, 21.0.12+8-LTS
# VM invoker: <jdk21>/bin/java
# VM options: -Xms1g -Xmx1g
# Blackhole mode: compiler (auto-detected, use -Djmh.blackhole.autoDetect=false to disable)
# Warmup: 4 iterations, 1 s each
# Measurement: 5 iterations, 1 s each
# Timeout: 10 min per iteration
# Threads: 1 thread, will synchronize iterations
# Benchmark mode: Throughput, ops/time
# Benchmark: bench11.ListJsonb7880.nestedListJSON

# Run progress: 33.33% complete, ETA 00:00:18
# Fork: 1 of 1
# Warmup Iteration   1: 160.288 ops/ms
# Warmup Iteration   2: 211.366 ops/ms
# Warmup Iteration   3: 209.036 ops/ms
# Warmup Iteration   4: 212.606 ops/ms
Iteration   1: 210.874 ops/ms
Iteration   2: 207.754 ops/ms
Iteration   3: 211.766 ops/ms
Iteration   4: 213.208 ops/ms
Iteration   5: 213.104 ops/ms


Result "bench11.ListJsonb7880.nestedListJSON":
  211.341 ±(99.9%) 8.580 ops/ms [Average]
  (min, avg, max) = (207.754, 211.341, 213.208), stdev = 2.228
  CI (99.9%): [202.761, 219.921] (assumes normal distribution)


# JMH version: 1.37
# VM version: JDK 21.0.12, OpenJDK 64-Bit Server VM, 21.0.12+8-LTS
# VM invoker: <jdk21>/bin/java
# VM options: -Xms1g -Xmx1g
# Blackhole mode: compiler (auto-detected, use -Djmh.blackhole.autoDetect=false to disable)
# Warmup: 4 iterations, 1 s each
# Measurement: 5 iterations, 1 s each
# Timeout: 10 min per iteration
# Threads: 1 thread, will synchronize iterations
# Benchmark mode: Throughput, ops/time
# Benchmark: bench11.ListJsonb7880.rootListJSONB

# Run progress: 66.67% complete, ETA 00:00:09
# Fork: 1 of 1
# Warmup Iteration   1: 498.272 ops/ms
# Warmup Iteration   2: 598.461 ops/ms
# Warmup Iteration   3: 592.927 ops/ms
# Warmup Iteration   4: 591.020 ops/ms
Iteration   1: 589.295 ops/ms
Iteration   2: 589.886 ops/ms
Iteration   3: 588.025 ops/ms
Iteration   4: 593.508 ops/ms
Iteration   5: 590.933 ops/ms


Result "bench11.ListJsonb7880.rootListJSONB":
  590.329 ±(99.9%) 7.949 ops/ms [Average]
  (min, avg, max) = (588.025, 590.329, 593.508), stdev = 2.064
  CI (99.9%): [582.380, 598.278] (assumes normal distribution)


# Run complete. Total time: 00:00:27

REMEMBER: The numbers below are just data. To gain reusable insights, you need to follow up on
why the numbers are the way they are. Use profilers (see -prof, -lprof), design factorial
experiments, perform baseline and negative tests that provide experimental control, make sure
the benchmarking environment is safe on JVM/OS/HW level, ask for reviews from the domain experts.
Do not assume the numbers tell you what you want them to tell.

NOTE: Current JVM experimentally supports Compiler Blackholes, and they are in use. Please exercise
extra caution when trusting the results, look into the generated code to check the benchmark still
works, and factor in a small probability of new VM bugs. Additionally, while comparisons between
different JVMs are already problematic, the performance difference caused by different Blackhole
modes can be very significant. Please make sure you use the consistent Blackhole mode for comparisons.

Benchmark                      Mode  Cnt    Score   Error   Units
ListJsonb7880.basketJSONB     thrpt    5  629.026 ± 2.409  ops/ms
ListJsonb7880.nestedListJSON  thrpt    5  211.341 ± 8.580  ops/ms
ListJsonb7880.rootListJSONB   thrpt    5  590.329 ± 7.949  ops/ms

Benchmark result is saved to <work>/env/jmh/ab-r12u/v12-r3.json
