# JMH version: 1.37
# VM version: JDK 21.0.12, OpenJDK 64-Bit Server VM, 21.0.12+8-LTS
# VM invoker: <jdk21>/bin/java
# VM options: -Xms1g -Xmx1g
# Blackhole mode: compiler (auto-detected, use -Djmh.blackhole.autoDetect=false to disable)
# Warmup: 4 iterations, 1 s each
# Measurement: 5 iterations, 1 s each
# Timeout: 10 min per iteration
# Threads: 1 thread, will synchronize iterations
# Benchmark mode: Throughput, ops/time
# Benchmark: bench11.ListJsonb7880.basketJSONB

# Run progress: 0.00% complete, ETA 00:00:27
# Fork: 1 of 1
# Warmup Iteration   1: 495.069 ops/ms
# Warmup Iteration   2: 605.995 ops/ms
# Warmup Iteration   3: 605.283 ops/ms
# Warmup Iteration   4: 605.945 ops/ms
Iteration   1: 608.102 ops/ms
Iteration   2: 606.838 ops/ms
Iteration   3: 605.008 ops/ms
Iteration   4: 605.160 ops/ms
Iteration   5: 606.143 ops/ms


Result "bench11.ListJsonb7880.basketJSONB":
  606.250 ±(99.9%) 4.915 ops/ms [Average]
  (min, avg, max) = (605.008, 606.250, 608.102), stdev = 1.276
  CI (99.9%): [601.335, 611.165] (assumes normal distribution)


# JMH version: 1.37
# VM version: JDK 21.0.12, OpenJDK 64-Bit Server VM, 21.0.12+8-LTS
# VM invoker: <jdk21>/bin/java
# VM options: -Xms1g -Xmx1g
# Blackhole mode: compiler (auto-detected, use -Djmh.blackhole.autoDetect=false to disable)
# Warmup: 4 iterations, 1 s each
# Measurement: 5 iterations, 1 s each
# Timeout: 10 min per iteration
# Threads: 1 thread, will synchronize iterations
# Benchmark mode: Throughput, ops/time
# Benchmark: bench11.ListJsonb7880.nestedListJSON

# Run progress: 33.33% complete, ETA 00:00:18
# Fork: 1 of 1
# Warmup Iteration   1: 161.855 ops/ms
# Warmup Iteration   2: 212.598 ops/ms
# Warmup Iteration   3: 213.033 ops/ms
# Warmup Iteration   4: 213.343 ops/ms
Iteration   1: 207.162 ops/ms
Iteration   2: 212.237 ops/ms
Iteration   3: 211.713 ops/ms
Iteration   4: 212.720 ops/ms
Iteration   5: 212.656 ops/ms


Result "bench11.ListJsonb7880.nestedListJSON":
  211.297 ±(99.9%) 9.035 ops/ms [Average]
  (min, avg, max) = (207.162, 211.297, 212.720), stdev = 2.346
  CI (99.9%): [202.262, 220.333] (assumes normal distribution)


# JMH version: 1.37
# VM version: JDK 21.0.12, OpenJDK 64-Bit Server VM, 21.0.12+8-LTS
# VM invoker: <jdk21>/bin/java
# VM options: -Xms1g -Xmx1g
# Blackhole mode: compiler (auto-detected, use -Djmh.blackhole.autoDetect=false to disable)
# Warmup: 4 iterations, 1 s each
# Measurement: 5 iterations, 1 s each
# Timeout: 10 min per iteration
# Threads: 1 thread, will synchronize iterations
# Benchmark mode: Throughput, ops/time
# Benchmark: bench11.ListJsonb7880.rootListJSONB

# Run progress: 66.67% complete, ETA 00:00:09
# Fork: 1 of 1
# Warmup Iteration   1: 493.608 ops/ms
# Warmup Iteration   2: 606.115 ops/ms
# Warmup Iteration   3: 591.000 ops/ms
# Warmup Iteration   4: 589.758 ops/ms
Iteration   1: 590.847 ops/ms
Iteration   2: 591.515 ops/ms
Iteration   3: 592.249 ops/ms
Iteration   4: 591.121 ops/ms
Iteration   5: 591.462 ops/ms


Result "bench11.ListJsonb7880.rootListJSONB":
  591.439 ±(99.9%) 2.031 ops/ms [Average]
  (min, avg, max) = (590.847, 591.439, 592.249), stdev = 0.527
  CI (99.9%): [589.408, 593.470] (assumes normal distribution)


# Run complete. Total time: 00:00:27

REMEMBER: The numbers below are just data. To gain reusable insights, you need to follow up on
why the numbers are the way they are. Use profilers (see -prof, -lprof), design factorial
experiments, perform baseline and negative tests that provide experimental control, make sure
the benchmarking environment is safe on JVM/OS/HW level, ask for reviews from the domain experts.
Do not assume the numbers tell you what you want them to tell.

NOTE: Current JVM experimentally supports Compiler Blackholes, and they are in use. Please exercise
extra caution when trusting the results, look into the generated code to check the benchmark still
works, and factor in a small probability of new VM bugs. Additionally, while comparisons between
different JVMs are already problematic, the performance difference caused by different Blackhole
modes can be very significant. Please make sure you use the consistent Blackhole mode for comparisons.

Benchmark                      Mode  Cnt    Score   Error   Units
ListJsonb7880.basketJSONB     thrpt    5  606.250 ± 4.915  ops/ms
ListJsonb7880.nestedListJSON  thrpt    5  211.297 ± 9.035  ops/ms
ListJsonb7880.rootListJSONB   thrpt    5  591.439 ± 2.031  ops/ms

Benchmark result is saved to <work>/env/jmh/ab-r12u/v12-r6.json
