# JMH version: 1.37
# VM version: JDK 21.0.12, OpenJDK 64-Bit Server VM, 21.0.12+8-LTS
# VM invoker: <jdk21>/bin/java
# VM options: -Xms1g -Xmx1g
# Blackhole mode: compiler (auto-detected, use -Djmh.blackhole.autoDetect=false to disable)
# Warmup: 4 iterations, 1 s each
# Measurement: 5 iterations, 1 s each
# Timeout: 10 min per iteration
# Threads: 1 thread, will synchronize iterations
# Benchmark mode: Throughput, ops/time
# Benchmark: bench11.ListJsonb7880.basketJSONB

# Run progress: 0.00% complete, ETA 00:00:27
# Fork: 1 of 1
# Warmup Iteration   1: 510.896 ops/ms
# Warmup Iteration   2: 623.371 ops/ms
# Warmup Iteration   3: 626.258 ops/ms
# Warmup Iteration   4: 625.196 ops/ms
Iteration   1: 625.814 ops/ms
Iteration   2: 625.572 ops/ms
Iteration   3: 625.766 ops/ms
Iteration   4: 624.223 ops/ms
Iteration   5: 623.355 ops/ms


Result "bench11.ListJsonb7880.basketJSONB":
  624.946 ±(99.9%) 4.249 ops/ms [Average]
  (min, avg, max) = (623.355, 624.946, 625.814), stdev = 1.104
  CI (99.9%): [620.696, 629.195] (assumes normal distribution)


# JMH version: 1.37
# VM version: JDK 21.0.12, OpenJDK 64-Bit Server VM, 21.0.12+8-LTS
# VM invoker: <jdk21>/bin/java
# VM options: -Xms1g -Xmx1g
# Blackhole mode: compiler (auto-detected, use -Djmh.blackhole.autoDetect=false to disable)
# Warmup: 4 iterations, 1 s each
# Measurement: 5 iterations, 1 s each
# Timeout: 10 min per iteration
# Threads: 1 thread, will synchronize iterations
# Benchmark mode: Throughput, ops/time
# Benchmark: bench11.ListJsonb7880.nestedListJSON

# Run progress: 33.33% complete, ETA 00:00:18
# Fork: 1 of 1
# Warmup Iteration   1: 160.557 ops/ms
# Warmup Iteration   2: 209.210 ops/ms
# Warmup Iteration   3: 210.019 ops/ms
# Warmup Iteration   4: 209.298 ops/ms
Iteration   1: 209.937 ops/ms
Iteration   2: 210.461 ops/ms
Iteration   3: 208.176 ops/ms
Iteration   4: 207.987 ops/ms
Iteration   5: 207.730 ops/ms


Result "bench11.ListJsonb7880.nestedListJSON":
  208.858 ±(99.9%) 4.806 ops/ms [Average]
  (min, avg, max) = (207.730, 208.858, 210.461), stdev = 1.248
  CI (99.9%): [204.052, 213.664] (assumes normal distribution)


# JMH version: 1.37
# VM version: JDK 21.0.12, OpenJDK 64-Bit Server VM, 21.0.12+8-LTS
# VM invoker: <jdk21>/bin/java
# VM options: -Xms1g -Xmx1g
# Blackhole mode: compiler (auto-detected, use -Djmh.blackhole.autoDetect=false to disable)
# Warmup: 4 iterations, 1 s each
# Measurement: 5 iterations, 1 s each
# Timeout: 10 min per iteration
# Threads: 1 thread, will synchronize iterations
# Benchmark mode: Throughput, ops/time
# Benchmark: bench11.ListJsonb7880.rootListJSONB

# Run progress: 66.67% complete, ETA 00:00:09
# Fork: 1 of 1
# Warmup Iteration   1: 493.680 ops/ms
# Warmup Iteration   2: 590.827 ops/ms
# Warmup Iteration   3: 593.570 ops/ms
# Warmup Iteration   4: 591.669 ops/ms
Iteration   1: 593.792 ops/ms
Iteration   2: 594.041 ops/ms
Iteration   3: 592.270 ops/ms
Iteration   4: 593.771 ops/ms
Iteration   5: 593.157 ops/ms


Result "bench11.ListJsonb7880.rootListJSONB":
  593.406 ±(99.9%) 2.749 ops/ms [Average]
  (min, avg, max) = (592.270, 593.406, 594.041), stdev = 0.714
  CI (99.9%): [590.657, 596.156] (assumes normal distribution)


# Run complete. Total time: 00:00:27

REMEMBER: The numbers below are just data. To gain reusable insights, you need to follow up on
why the numbers are the way they are. Use profilers (see -prof, -lprof), design factorial
experiments, perform baseline and negative tests that provide experimental control, make sure
the benchmarking environment is safe on JVM/OS/HW level, ask for reviews from the domain experts.
Do not assume the numbers tell you what you want them to tell.

NOTE: Current JVM experimentally supports Compiler Blackholes, and they are in use. Please exercise
extra caution when trusting the results, look into the generated code to check the benchmark still
works, and factor in a small probability of new VM bugs. Additionally, while comparisons between
different JVMs are already problematic, the performance difference caused by different Blackhole
modes can be very significant. Please make sure you use the consistent Blackhole mode for comparisons.

Benchmark                      Mode  Cnt    Score   Error   Units
ListJsonb7880.basketJSONB     thrpt    5  624.946 ± 4.249  ops/ms
ListJsonb7880.nestedListJSON  thrpt    5  208.858 ± 4.806  ops/ms
ListJsonb7880.rootListJSONB   thrpt    5  593.406 ± 2.749  ops/ms

Benchmark result is saved to <work>/env/jmh/ab-r12u/v12-r5.json
