# JMH version: 1.37
# VM version: JDK 21.0.12, OpenJDK 64-Bit Server VM, 21.0.12+8-LTS
# VM invoker: <jdk21>/bin/java
# VM options: -Xms1g -Xmx1g
# Blackhole mode: compiler (auto-detected, use -Djmh.blackhole.autoDetect=false to disable)
# Warmup: 4 iterations, 1 s each
# Measurement: 5 iterations, 1 s each
# Timeout: 10 min per iteration
# Threads: 1 thread, will synchronize iterations
# Benchmark mode: Throughput, ops/time
# Benchmark: bench9.MapKey7880.beanKeysFiltered

# Run progress: 0.00% complete, ETA 00:00:18
# Fork: 1 of 1
# Warmup Iteration   1: 144.957 ops/ms
# Warmup Iteration   2: 174.693 ops/ms
# Warmup Iteration   3: 164.962 ops/ms
# Warmup Iteration   4: 162.103 ops/ms
Iteration   1: 161.650 ops/ms
Iteration   2: 161.775 ops/ms
Iteration   3: 160.128 ops/ms
Iteration   4: 161.785 ops/ms
Iteration   5: 161.710 ops/ms


Result "bench9.MapKey7880.beanKeysFiltered":
  161.409 ±(99.9%) 2.766 ops/ms [Average]
  (min, avg, max) = (160.128, 161.409, 161.785), stdev = 0.718
  CI (99.9%): [158.643, 164.176] (assumes normal distribution)


# JMH version: 1.37
# VM version: JDK 21.0.12, OpenJDK 64-Bit Server VM, 21.0.12+8-LTS
# VM invoker: <jdk21>/bin/java
# VM options: -Xms1g -Xmx1g
# Blackhole mode: compiler (auto-detected, use -Djmh.blackhole.autoDetect=false to disable)
# Warmup: 4 iterations, 1 s each
# Measurement: 5 iterations, 1 s each
# Timeout: 10 min per iteration
# Threads: 1 thread, will synchronize iterations
# Benchmark mode: Throughput, ops/time
# Benchmark: bench9.MapKey7880.dateKeysFiltered

# Run progress: 50.00% complete, ETA 00:00:09
# Fork: 1 of 1
# Warmup Iteration   1: 136.398 ops/ms
# Warmup Iteration   2: 161.257 ops/ms
# Warmup Iteration   3: 155.832 ops/ms
# Warmup Iteration   4: 150.084 ops/ms
Iteration   1: 150.854 ops/ms
Iteration   2: 154.290 ops/ms
Iteration   3: 155.805 ops/ms
Iteration   4: 155.645 ops/ms
Iteration   5: 155.915 ops/ms


Result "bench9.MapKey7880.dateKeysFiltered":
  154.502 ±(99.9%) 8.249 ops/ms [Average]
  (min, avg, max) = (150.854, 154.502, 155.915), stdev = 2.142
  CI (99.9%): [146.253, 162.751] (assumes normal distribution)


# Run complete. Total time: 00:00:18

REMEMBER: The numbers below are just data. To gain reusable insights, you need to follow up on
why the numbers are the way they are. Use profilers (see -prof, -lprof), design factorial
experiments, perform baseline and negative tests that provide experimental control, make sure
the benchmarking environment is safe on JVM/OS/HW level, ask for reviews from the domain experts.
Do not assume the numbers tell you what you want them to tell.

NOTE: Current JVM experimentally supports Compiler Blackholes, and they are in use. Please exercise
extra caution when trusting the results, look into the generated code to check the benchmark still
works, and factor in a small probability of new VM bugs. Additionally, while comparisons between
different JVMs are already problematic, the performance difference caused by different Blackhole
modes can be very significant. Please make sure you use the consistent Blackhole mode for comparisons.

Benchmark                     Mode  Cnt    Score   Error   Units
MapKey7880.beanKeysFiltered  thrpt    5  161.409 ± 2.766  ops/ms
MapKey7880.dateKeysFiltered  thrpt    5  154.502 ± 8.249  ops/ms

Benchmark result is saved to <work>/env/jmh/ab-r9/fix9-r1.json
