# JMH version: 1.37
# VM version: JDK 21.0.12, OpenJDK 64-Bit Server VM, 21.0.12+8-LTS
# VM invoker: <jdk21>/bin/java
# VM options: -Xms1g -Xmx1g
# Blackhole mode: compiler (auto-detected, use -Djmh.blackhole.autoDetect=false to disable)
# Warmup: 4 iterations, 1 s each
# Measurement: 5 iterations, 1 s each
# Timeout: 10 min per iteration
# Threads: 1 thread, will synchronize iterations
# Benchmark mode: Throughput, ops/time
# Benchmark: bench9.MapKey7880.beanKeysFiltered

# Run progress: 0.00% complete, ETA 00:00:18
# Fork: 1 of 1
# Warmup Iteration   1: 149.646 ops/ms
# Warmup Iteration   2: 175.971 ops/ms
# Warmup Iteration   3: 172.112 ops/ms
# Warmup Iteration   4: 170.997 ops/ms
Iteration   1: 171.605 ops/ms
Iteration   2: 169.560 ops/ms
Iteration   3: 171.090 ops/ms
Iteration   4: 170.015 ops/ms
Iteration   5: 168.902 ops/ms


Result "bench9.MapKey7880.beanKeysFiltered":
  170.235 ±(99.9%) 4.257 ops/ms [Average]
  (min, avg, max) = (168.902, 170.235, 171.605), stdev = 1.105
  CI (99.9%): [165.978, 174.491] (assumes normal distribution)


# JMH version: 1.37
# VM version: JDK 21.0.12, OpenJDK 64-Bit Server VM, 21.0.12+8-LTS
# VM invoker: <jdk21>/bin/java
# VM options: -Xms1g -Xmx1g
# Blackhole mode: compiler (auto-detected, use -Djmh.blackhole.autoDetect=false to disable)
# Warmup: 4 iterations, 1 s each
# Measurement: 5 iterations, 1 s each
# Timeout: 10 min per iteration
# Threads: 1 thread, will synchronize iterations
# Benchmark mode: Throughput, ops/time
# Benchmark: bench9.MapKey7880.dateKeysFiltered

# Run progress: 50.00% complete, ETA 00:00:09
# Fork: 1 of 1
# Warmup Iteration   1: 135.292 ops/ms
# Warmup Iteration   2: 162.007 ops/ms
# Warmup Iteration   3: 156.507 ops/ms
# Warmup Iteration   4: 156.554 ops/ms
Iteration   1: 156.517 ops/ms
Iteration   2: 156.509 ops/ms
Iteration   3: 156.722 ops/ms
Iteration   4: 156.301 ops/ms
Iteration   5: 156.338 ops/ms


Result "bench9.MapKey7880.dateKeysFiltered":
  156.477 ±(99.9%) 0.646 ops/ms [Average]
  (min, avg, max) = (156.301, 156.477, 156.722), stdev = 0.168
  CI (99.9%): [155.831, 157.123] (assumes normal distribution)


# Run complete. Total time: 00:00:18

REMEMBER: The numbers below are just data. To gain reusable insights, you need to follow up on
why the numbers are the way they are. Use profilers (see -prof, -lprof), design factorial
experiments, perform baseline and negative tests that provide experimental control, make sure
the benchmarking environment is safe on JVM/OS/HW level, ask for reviews from the domain experts.
Do not assume the numbers tell you what you want them to tell.

NOTE: Current JVM experimentally supports Compiler Blackholes, and they are in use. Please exercise
extra caution when trusting the results, look into the generated code to check the benchmark still
works, and factor in a small probability of new VM bugs. Additionally, while comparisons between
different JVMs are already problematic, the performance difference caused by different Blackhole
modes can be very significant. Please make sure you use the consistent Blackhole mode for comparisons.

Benchmark                     Mode  Cnt    Score   Error   Units
MapKey7880.beanKeysFiltered  thrpt    5  170.235 ± 4.257  ops/ms
MapKey7880.dateKeysFiltered  thrpt    5  156.477 ± 0.646  ops/ms

Benchmark result is saved to <work>/env/jmh/ab-r9/fix9-r2.json
