# JMH version: 1.37
# VM version: JDK 21.0.12, OpenJDK 64-Bit Server VM, 21.0.12+8-LTS
# VM invoker: <jdk21>/bin/java
# VM options: -Xms1g -Xmx1g
# Blackhole mode: compiler (auto-detected, use -Djmh.blackhole.autoDetect=false to disable)
# Warmup: 4 iterations, 1 s each
# Measurement: 5 iterations, 1 s each
# Timeout: 10 min per iteration
# Threads: 1 thread, will synchronize iterations
# Benchmark mode: Throughput, ops/time
# Benchmark: bench9.MapKey7880.beanKeysFiltered

# Run progress: 0.00% complete, ETA 00:00:18
# Fork: 1 of 1
# Warmup Iteration   1: 147.409 ops/ms
# Warmup Iteration   2: 170.765 ops/ms
# Warmup Iteration   3: 162.702 ops/ms
# Warmup Iteration   4: 160.493 ops/ms
Iteration   1: 161.038 ops/ms
Iteration   2: 160.704 ops/ms
Iteration   3: 161.184 ops/ms
Iteration   4: 160.888 ops/ms
Iteration   5: 160.791 ops/ms


Result "bench9.MapKey7880.beanKeysFiltered":
  160.921 ±(99.9%) 0.739 ops/ms [Average]
  (min, avg, max) = (160.704, 160.921, 161.184), stdev = 0.192
  CI (99.9%): [160.182, 161.660] (assumes normal distribution)


# JMH version: 1.37
# VM version: JDK 21.0.12, OpenJDK 64-Bit Server VM, 21.0.12+8-LTS
# VM invoker: <jdk21>/bin/java
# VM options: -Xms1g -Xmx1g
# Blackhole mode: compiler (auto-detected, use -Djmh.blackhole.autoDetect=false to disable)
# Warmup: 4 iterations, 1 s each
# Measurement: 5 iterations, 1 s each
# Timeout: 10 min per iteration
# Threads: 1 thread, will synchronize iterations
# Benchmark mode: Throughput, ops/time
# Benchmark: bench9.MapKey7880.dateKeysFiltered

# Run progress: 50.00% complete, ETA 00:00:09
# Fork: 1 of 1
# Warmup Iteration   1: 135.391 ops/ms
# Warmup Iteration   2: 160.443 ops/ms
# Warmup Iteration   3: 155.710 ops/ms
# Warmup Iteration   4: 155.689 ops/ms
Iteration   1: 155.029 ops/ms
Iteration   2: 155.554 ops/ms
Iteration   3: 155.430 ops/ms
Iteration   4: 155.181 ops/ms
Iteration   5: 155.525 ops/ms


Result "bench9.MapKey7880.dateKeysFiltered":
  155.344 ±(99.9%) 0.883 ops/ms [Average]
  (min, avg, max) = (155.029, 155.344, 155.554), stdev = 0.229
  CI (99.9%): [154.461, 156.227] (assumes normal distribution)


# Run complete. Total time: 00:00:18

REMEMBER: The numbers below are just data. To gain reusable insights, you need to follow up on
why the numbers are the way they are. Use profilers (see -prof, -lprof), design factorial
experiments, perform baseline and negative tests that provide experimental control, make sure
the benchmarking environment is safe on JVM/OS/HW level, ask for reviews from the domain experts.
Do not assume the numbers tell you what you want them to tell.

NOTE: Current JVM experimentally supports Compiler Blackholes, and they are in use. Please exercise
extra caution when trusting the results, look into the generated code to check the benchmark still
works, and factor in a small probability of new VM bugs. Additionally, while comparisons between
different JVMs are already problematic, the performance difference caused by different Blackhole
modes can be very significant. Please make sure you use the consistent Blackhole mode for comparisons.

Benchmark                     Mode  Cnt    Score   Error   Units
MapKey7880.beanKeysFiltered  thrpt    5  160.921 ± 0.739  ops/ms
MapKey7880.dateKeysFiltered  thrpt    5  155.344 ± 0.883  ops/ms

Benchmark result is saved to <work>/env/jmh/ab-r9/fix9-r3.json
