# JMH version: 1.37
# VM version: JDK 21.0.12, OpenJDK 64-Bit Server VM, 21.0.12+8-LTS
# VM invoker: <jdk21>/bin/java
# VM options: -Xms1g -Xmx1g
# Blackhole mode: compiler (auto-detected, use -Djmh.blackhole.autoDetect=false to disable)
# Warmup: 4 iterations, 1 s each
# Measurement: 5 iterations, 1 s each
# Timeout: 10 min per iteration
# Threads: 1 thread, will synchronize iterations
# Benchmark mode: Throughput, ops/time
# Benchmark: bench9.MapKey7880.beanKeysFiltered

# Run progress: 0.00% complete, ETA 00:00:18
# Fork: 1 of 1
# Warmup Iteration   1: 140.921 ops/ms
# Warmup Iteration   2: 165.852 ops/ms
# Warmup Iteration   3: 168.594 ops/ms
# Warmup Iteration   4: 165.809 ops/ms
Iteration   1: 165.878 ops/ms
Iteration   2: 165.386 ops/ms
Iteration   3: 165.648 ops/ms
Iteration   4: 165.373 ops/ms
Iteration   5: 165.558 ops/ms


Result "bench9.MapKey7880.beanKeysFiltered":
  165.568 ±(99.9%) 0.803 ops/ms [Average]
  (min, avg, max) = (165.373, 165.568, 165.878), stdev = 0.208
  CI (99.9%): [164.766, 166.371] (assumes normal distribution)


# JMH version: 1.37
# VM version: JDK 21.0.12, OpenJDK 64-Bit Server VM, 21.0.12+8-LTS
# VM invoker: <jdk21>/bin/java
# VM options: -Xms1g -Xmx1g
# Blackhole mode: compiler (auto-detected, use -Djmh.blackhole.autoDetect=false to disable)
# Warmup: 4 iterations, 1 s each
# Measurement: 5 iterations, 1 s each
# Timeout: 10 min per iteration
# Threads: 1 thread, will synchronize iterations
# Benchmark mode: Throughput, ops/time
# Benchmark: bench9.MapKey7880.dateKeysFiltered

# Run progress: 50.00% complete, ETA 00:00:09
# Fork: 1 of 1
# Warmup Iteration   1: 137.449 ops/ms
# Warmup Iteration   2: 163.748 ops/ms
# Warmup Iteration   3: 158.165 ops/ms
# Warmup Iteration   4: 157.958 ops/ms
Iteration   1: 157.383 ops/ms
Iteration   2: 157.504 ops/ms
Iteration   3: 157.868 ops/ms
Iteration   4: 158.000 ops/ms
Iteration   5: 157.806 ops/ms


Result "bench9.MapKey7880.dateKeysFiltered":
  157.712 ±(99.9%) 0.996 ops/ms [Average]
  (min, avg, max) = (157.383, 157.712, 158.000), stdev = 0.259
  CI (99.9%): [156.716, 158.708] (assumes normal distribution)


# Run complete. Total time: 00:00:18

REMEMBER: The numbers below are just data. To gain reusable insights, you need to follow up on
why the numbers are the way they are. Use profilers (see -prof, -lprof), design factorial
experiments, perform baseline and negative tests that provide experimental control, make sure
the benchmarking environment is safe on JVM/OS/HW level, ask for reviews from the domain experts.
Do not assume the numbers tell you what you want them to tell.

NOTE: Current JVM experimentally supports Compiler Blackholes, and they are in use. Please exercise
extra caution when trusting the results, look into the generated code to check the benchmark still
works, and factor in a small probability of new VM bugs. Additionally, while comparisons between
different JVMs are already problematic, the performance difference caused by different Blackhole
modes can be very significant. Please make sure you use the consistent Blackhole mode for comparisons.

Benchmark                     Mode  Cnt    Score   Error   Units
MapKey7880.beanKeysFiltered  thrpt    5  165.568 ± 0.803  ops/ms
MapKey7880.dateKeysFiltered  thrpt    5  157.712 ± 0.996  ops/ms

Benchmark result is saved to <work>/env/jmh/ab-r9/main-r3.json
