# JMH version: 1.37
# VM version: JDK 21.0.12, OpenJDK 64-Bit Server VM, 21.0.12+8-LTS
# VM invoker: <jdk21>/bin/java
# VM options: -Xms1g -Xmx1g
# Blackhole mode: compiler (auto-detected, use -Djmh.blackhole.autoDetect=false to disable)
# Warmup: 4 iterations, 1 s each
# Measurement: 5 iterations, 1 s each
# Timeout: 10 min per iteration
# Threads: 1 thread, will synchronize iterations
# Benchmark mode: Throughput, ops/time
# Benchmark: bench9.MapKey7880.beanKeysFiltered

# Run progress: 0.00% complete, ETA 00:00:18
# Fork: 1 of 1
# Warmup Iteration   1: 130.255 ops/ms
# Warmup Iteration   2: 169.552 ops/ms
# Warmup Iteration   3: 165.885 ops/ms
# Warmup Iteration   4: 166.494 ops/ms
Iteration   1: 166.604 ops/ms
Iteration   2: 164.832 ops/ms
Iteration   3: 166.394 ops/ms
Iteration   4: 166.075 ops/ms
Iteration   5: 166.526 ops/ms


Result "bench9.MapKey7880.beanKeysFiltered":
  166.086 ±(99.9%) 2.809 ops/ms [Average]
  (min, avg, max) = (164.832, 166.086, 166.604), stdev = 0.730
  CI (99.9%): [163.277, 168.895] (assumes normal distribution)


# JMH version: 1.37
# VM version: JDK 21.0.12, OpenJDK 64-Bit Server VM, 21.0.12+8-LTS
# VM invoker: <jdk21>/bin/java
# VM options: -Xms1g -Xmx1g
# Blackhole mode: compiler (auto-detected, use -Djmh.blackhole.autoDetect=false to disable)
# Warmup: 4 iterations, 1 s each
# Measurement: 5 iterations, 1 s each
# Timeout: 10 min per iteration
# Threads: 1 thread, will synchronize iterations
# Benchmark mode: Throughput, ops/time
# Benchmark: bench9.MapKey7880.dateKeysFiltered

# Run progress: 50.00% complete, ETA 00:00:09
# Fork: 1 of 1
# Warmup Iteration   1: 139.842 ops/ms
# Warmup Iteration   2: 165.357 ops/ms
# Warmup Iteration   3: 159.283 ops/ms
# Warmup Iteration   4: 159.443 ops/ms
Iteration   1: 159.139 ops/ms
Iteration   2: 159.008 ops/ms
Iteration   3: 158.730 ops/ms
Iteration   4: 158.516 ops/ms
Iteration   5: 159.147 ops/ms


Result "bench9.MapKey7880.dateKeysFiltered":
  158.908 ±(99.9%) 1.064 ops/ms [Average]
  (min, avg, max) = (158.516, 158.908, 159.147), stdev = 0.276
  CI (99.9%): [157.844, 159.972] (assumes normal distribution)


# Run complete. Total time: 00:00:18

REMEMBER: The numbers below are just data. To gain reusable insights, you need to follow up on
why the numbers are the way they are. Use profilers (see -prof, -lprof), design factorial
experiments, perform baseline and negative tests that provide experimental control, make sure
the benchmarking environment is safe on JVM/OS/HW level, ask for reviews from the domain experts.
Do not assume the numbers tell you what you want them to tell.

NOTE: Current JVM experimentally supports Compiler Blackholes, and they are in use. Please exercise
extra caution when trusting the results, look into the generated code to check the benchmark still
works, and factor in a small probability of new VM bugs. Additionally, while comparisons between
different JVMs are already problematic, the performance difference caused by different Blackhole
modes can be very significant. Please make sure you use the consistent Blackhole mode for comparisons.

Benchmark                     Mode  Cnt    Score   Error   Units
MapKey7880.beanKeysFiltered  thrpt    5  166.086 ± 2.809  ops/ms
MapKey7880.dateKeysFiltered  thrpt    5  158.908 ± 1.064  ops/ms

Benchmark result is saved to <work>/env/jmh/ab-r9/main-r1.json
