# JMH version: 1.37
# VM version: JDK 21.0.12, OpenJDK 64-Bit Server VM, 21.0.12+8-LTS
# VM invoker: <jdk21>/bin/java
# VM options: -Xms1g -Xmx1g
# Blackhole mode: compiler (auto-detected, use -Djmh.blackhole.autoDetect=false to disable)
# Warmup: 4 iterations, 1 s each
# Measurement: 5 iterations, 1 s each
# Timeout: 10 min per iteration
# Threads: 1 thread, will synchronize iterations
# Benchmark mode: Throughput, ops/time
# Benchmark: bench9.MapKey7880.beanKeysFiltered

# Run progress: 0.00% complete, ETA 00:00:18
# Fork: 1 of 1
# Warmup Iteration   1: 141.105 ops/ms
# Warmup Iteration   2: 164.333 ops/ms
# Warmup Iteration   3: 167.926 ops/ms
# Warmup Iteration   4: 165.560 ops/ms
Iteration   1: 165.892 ops/ms
Iteration   2: 165.335 ops/ms
Iteration   3: 165.366 ops/ms
Iteration   4: 165.934 ops/ms
Iteration   5: 166.473 ops/ms


Result "bench9.MapKey7880.beanKeysFiltered":
  165.800 ±(99.9%) 1.811 ops/ms [Average]
  (min, avg, max) = (165.335, 165.800, 166.473), stdev = 0.470
  CI (99.9%): [163.990, 167.611] (assumes normal distribution)


# JMH version: 1.37
# VM version: JDK 21.0.12, OpenJDK 64-Bit Server VM, 21.0.12+8-LTS
# VM invoker: <jdk21>/bin/java
# VM options: -Xms1g -Xmx1g
# Blackhole mode: compiler (auto-detected, use -Djmh.blackhole.autoDetect=false to disable)
# Warmup: 4 iterations, 1 s each
# Measurement: 5 iterations, 1 s each
# Timeout: 10 min per iteration
# Threads: 1 thread, will synchronize iterations
# Benchmark mode: Throughput, ops/time
# Benchmark: bench9.MapKey7880.dateKeysFiltered

# Run progress: 50.00% complete, ETA 00:00:09
# Fork: 1 of 1
# Warmup Iteration   1: 142.527 ops/ms
# Warmup Iteration   2: 163.642 ops/ms
# Warmup Iteration   3: 157.931 ops/ms
# Warmup Iteration   4: 158.161 ops/ms
Iteration   1: 158.000 ops/ms
Iteration   2: 157.958 ops/ms
Iteration   3: 158.143 ops/ms
Iteration   4: 158.209 ops/ms
Iteration   5: 158.047 ops/ms


Result "bench9.MapKey7880.dateKeysFiltered":
  158.071 ±(99.9%) 0.397 ops/ms [Average]
  (min, avg, max) = (157.958, 158.071, 158.209), stdev = 0.103
  CI (99.9%): [157.674, 158.469] (assumes normal distribution)


# Run complete. Total time: 00:00:18

REMEMBER: The numbers below are just data. To gain reusable insights, you need to follow up on
why the numbers are the way they are. Use profilers (see -prof, -lprof), design factorial
experiments, perform baseline and negative tests that provide experimental control, make sure
the benchmarking environment is safe on JVM/OS/HW level, ask for reviews from the domain experts.
Do not assume the numbers tell you what you want them to tell.

NOTE: Current JVM experimentally supports Compiler Blackholes, and they are in use. Please exercise
extra caution when trusting the results, look into the generated code to check the benchmark still
works, and factor in a small probability of new VM bugs. Additionally, while comparisons between
different JVMs are already problematic, the performance difference caused by different Blackhole
modes can be very significant. Please make sure you use the consistent Blackhole mode for comparisons.

Benchmark                     Mode  Cnt    Score   Error   Units
MapKey7880.beanKeysFiltered  thrpt    5  165.800 ± 1.811  ops/ms
MapKey7880.dateKeysFiltered  thrpt    5  158.071 ± 0.397  ops/ms

Benchmark result is saved to <work>/env/jmh/ab-r9/main-r4.json
