# JMH version: 1.37
# VM version: JDK 21.0.12, OpenJDK 64-Bit Server VM, 21.0.12+8-LTS
# VM invoker: <jdk21>/bin/java
# VM options: -Xms1g -Xmx1g
# Blackhole mode: compiler (auto-detected, use -Djmh.blackhole.autoDetect=false to disable)
# Warmup: 4 iterations, 1 s each
# Measurement: 5 iterations, 1 s each
# Timeout: 10 min per iteration
# Threads: 1 thread, will synchronize iterations
# Benchmark mode: Throughput, ops/time
# Benchmark: bench9.MapKey7880.beanKeysFiltered

# Run progress: 0.00% complete, ETA 00:00:18
# Fork: 1 of 1
# Warmup Iteration   1: 166.405 ops/ms
# Warmup Iteration   2: 196.224 ops/ms
# Warmup Iteration   3: 204.661 ops/ms
# Warmup Iteration   4: 204.430 ops/ms
Iteration   1: 203.949 ops/ms
Iteration   2: 204.357 ops/ms
Iteration   3: 205.002 ops/ms
Iteration   4: 202.592 ops/ms
Iteration   5: 204.354 ops/ms


Result "bench9.MapKey7880.beanKeysFiltered":
  204.051 ±(99.9%) 3.460 ops/ms [Average]
  (min, avg, max) = (202.592, 204.051, 205.002), stdev = 0.899
  CI (99.9%): [200.591, 207.511] (assumes normal distribution)


# JMH version: 1.37
# VM version: JDK 21.0.12, OpenJDK 64-Bit Server VM, 21.0.12+8-LTS
# VM invoker: <jdk21>/bin/java
# VM options: -Xms1g -Xmx1g
# Blackhole mode: compiler (auto-detected, use -Djmh.blackhole.autoDetect=false to disable)
# Warmup: 4 iterations, 1 s each
# Measurement: 5 iterations, 1 s each
# Timeout: 10 min per iteration
# Threads: 1 thread, will synchronize iterations
# Benchmark mode: Throughput, ops/time
# Benchmark: bench9.MapKey7880.dateKeysFiltered

# Run progress: 50.00% complete, ETA 00:00:09
# Fork: 1 of 1
# Warmup Iteration   1: 130.015 ops/ms
# Warmup Iteration   2: 150.320 ops/ms
# Warmup Iteration   3: 139.542 ops/ms
# Warmup Iteration   4: 147.621 ops/ms
Iteration   1: 147.693 ops/ms
Iteration   2: 147.726 ops/ms
Iteration   3: 147.395 ops/ms
Iteration   4: 147.633 ops/ms
Iteration   5: 147.843 ops/ms


Result "bench9.MapKey7880.dateKeysFiltered":
  147.658 ±(99.9%) 0.638 ops/ms [Average]
  (min, avg, max) = (147.395, 147.658, 147.843), stdev = 0.166
  CI (99.9%): [147.020, 148.296] (assumes normal distribution)


# Run complete. Total time: 00:00:18

REMEMBER: The numbers below are just data. To gain reusable insights, you need to follow up on
why the numbers are the way they are. Use profilers (see -prof, -lprof), design factorial
experiments, perform baseline and negative tests that provide experimental control, make sure
the benchmarking environment is safe on JVM/OS/HW level, ask for reviews from the domain experts.
Do not assume the numbers tell you what you want them to tell.

NOTE: Current JVM experimentally supports Compiler Blackholes, and they are in use. Please exercise
extra caution when trusting the results, look into the generated code to check the benchmark still
works, and factor in a small probability of new VM bugs. Additionally, while comparisons between
different JVMs are already problematic, the performance difference caused by different Blackhole
modes can be very significant. Please make sure you use the consistent Blackhole mode for comparisons.

Benchmark                     Mode  Cnt    Score   Error   Units
MapKey7880.beanKeysFiltered  thrpt    5  204.051 ± 3.460  ops/ms
MapKey7880.dateKeysFiltered  thrpt    5  147.658 ± 0.638  ops/ms

Benchmark result is saved to <work>/env/jmh/ab-r9/v8-r2.json
