# JMH version: 1.37
# VM version: JDK 21.0.12, OpenJDK 64-Bit Server VM, 21.0.12+8-LTS
# VM invoker: <jdk21>/bin/java
# VM options: -Xms1g -Xmx1g
# Blackhole mode: compiler (auto-detected, use -Djmh.blackhole.autoDetect=false to disable)
# Warmup: 4 iterations, 1 s each
# Measurement: 5 iterations, 1 s each
# Timeout: 10 min per iteration
# Threads: 1 thread, will synchronize iterations
# Benchmark mode: Throughput, ops/time
# Benchmark: bench9.MapKey7880.beanKeysFiltered

# Run progress: 0.00% complete, ETA 00:00:18
# Fork: 1 of 1
# Warmup Iteration   1: 168.646 ops/ms
# Warmup Iteration   2: 193.210 ops/ms
# Warmup Iteration   3: 207.299 ops/ms
# Warmup Iteration   4: 207.560 ops/ms
Iteration   1: 207.536 ops/ms
Iteration   2: 207.477 ops/ms
Iteration   3: 207.678 ops/ms
Iteration   4: 207.999 ops/ms
Iteration   5: 208.583 ops/ms


Result "bench9.MapKey7880.beanKeysFiltered":
  207.855 ±(99.9%) 1.750 ops/ms [Average]
  (min, avg, max) = (207.477, 207.855, 208.583), stdev = 0.454
  CI (99.9%): [206.105, 209.605] (assumes normal distribution)


# JMH version: 1.37
# VM version: JDK 21.0.12, OpenJDK 64-Bit Server VM, 21.0.12+8-LTS
# VM invoker: <jdk21>/bin/java
# VM options: -Xms1g -Xmx1g
# Blackhole mode: compiler (auto-detected, use -Djmh.blackhole.autoDetect=false to disable)
# Warmup: 4 iterations, 1 s each
# Measurement: 5 iterations, 1 s each
# Timeout: 10 min per iteration
# Threads: 1 thread, will synchronize iterations
# Benchmark mode: Throughput, ops/time
# Benchmark: bench9.MapKey7880.dateKeysFiltered

# Run progress: 50.00% complete, ETA 00:00:09
# Fork: 1 of 1
# Warmup Iteration   1: 131.139 ops/ms
# Warmup Iteration   2: 151.204 ops/ms
# Warmup Iteration   3: 146.571 ops/ms
# Warmup Iteration   4: 147.752 ops/ms
Iteration   1: 147.745 ops/ms
Iteration   2: 141.813 ops/ms
Iteration   3: 143.140 ops/ms
Iteration   4: 144.074 ops/ms
Iteration   5: 147.019 ops/ms


Result "bench9.MapKey7880.dateKeysFiltered":
  144.758 ±(99.9%) 9.778 ops/ms [Average]
  (min, avg, max) = (141.813, 144.758, 147.745), stdev = 2.539
  CI (99.9%): [134.980, 154.537] (assumes normal distribution)


# Run complete. Total time: 00:00:18

REMEMBER: The numbers below are just data. To gain reusable insights, you need to follow up on
why the numbers are the way they are. Use profilers (see -prof, -lprof), design factorial
experiments, perform baseline and negative tests that provide experimental control, make sure
the benchmarking environment is safe on JVM/OS/HW level, ask for reviews from the domain experts.
Do not assume the numbers tell you what you want them to tell.

NOTE: Current JVM experimentally supports Compiler Blackholes, and they are in use. Please exercise
extra caution when trusting the results, look into the generated code to check the benchmark still
works, and factor in a small probability of new VM bugs. Additionally, while comparisons between
different JVMs are already problematic, the performance difference caused by different Blackhole
modes can be very significant. Please make sure you use the consistent Blackhole mode for comparisons.

Benchmark                     Mode  Cnt    Score   Error   Units
MapKey7880.beanKeysFiltered  thrpt    5  207.855 ± 1.750  ops/ms
MapKey7880.dateKeysFiltered  thrpt    5  144.758 ± 9.778  ops/ms

Benchmark result is saved to <work>/env/jmh/ab-r9/v8-r1.json
