# JMH version: 1.37
# VM version: JDK 21.0.12, OpenJDK 64-Bit Server VM, 21.0.12+8-LTS
# VM invoker: <jdk21>/bin/java
# VM options: -Xms1g -Xmx1g
# Blackhole mode: compiler (auto-detected, use -Djmh.blackhole.autoDetect=false to disable)
# Warmup: 4 iterations, 1 s each
# Measurement: 5 iterations, 1 s each
# Timeout: 10 min per iteration
# Threads: 1 thread, will synchronize iterations
# Benchmark mode: Throughput, ops/time
# Benchmark: bench9.MapKey7880.beanKeysFiltered

# Run progress: 0.00% complete, ETA 00:00:18
# Fork: 1 of 1
# Warmup Iteration   1: 146.273 ops/ms
# Warmup Iteration   2: 175.716 ops/ms
# Warmup Iteration   3: 171.866 ops/ms
# Warmup Iteration   4: 169.704 ops/ms
Iteration   1: 170.534 ops/ms
Iteration   2: 170.877 ops/ms
Iteration   3: 169.393 ops/ms
Iteration   4: 170.170 ops/ms
Iteration   5: 169.720 ops/ms


Result "bench9.MapKey7880.beanKeysFiltered":
  170.139 ±(99.9%) 2.305 ops/ms [Average]
  (min, avg, max) = (169.393, 170.139, 170.877), stdev = 0.599
  CI (99.9%): [167.834, 172.444] (assumes normal distribution)


# JMH version: 1.37
# VM version: JDK 21.0.12, OpenJDK 64-Bit Server VM, 21.0.12+8-LTS
# VM invoker: <jdk21>/bin/java
# VM options: -Xms1g -Xmx1g
# Blackhole mode: compiler (auto-detected, use -Djmh.blackhole.autoDetect=false to disable)
# Warmup: 4 iterations, 1 s each
# Measurement: 5 iterations, 1 s each
# Timeout: 10 min per iteration
# Threads: 1 thread, will synchronize iterations
# Benchmark mode: Throughput, ops/time
# Benchmark: bench9.MapKey7880.dateKeysFiltered

# Run progress: 50.00% complete, ETA 00:00:09
# Fork: 1 of 1
# Warmup Iteration   1: 138.218 ops/ms
# Warmup Iteration   2: 161.775 ops/ms
# Warmup Iteration   3: 155.634 ops/ms
# Warmup Iteration   4: 155.715 ops/ms
Iteration   1: 155.917 ops/ms
Iteration   2: 155.769 ops/ms
Iteration   3: 155.770 ops/ms
Iteration   4: 155.616 ops/ms
Iteration   5: 155.828 ops/ms


Result "bench9.MapKey7880.dateKeysFiltered":
  155.780 ±(99.9%) 0.423 ops/ms [Average]
  (min, avg, max) = (155.616, 155.780, 155.917), stdev = 0.110
  CI (99.9%): [155.357, 156.203] (assumes normal distribution)


# Run complete. Total time: 00:00:18

REMEMBER: The numbers below are just data. To gain reusable insights, you need to follow up on
why the numbers are the way they are. Use profilers (see -prof, -lprof), design factorial
experiments, perform baseline and negative tests that provide experimental control, make sure
the benchmarking environment is safe on JVM/OS/HW level, ask for reviews from the domain experts.
Do not assume the numbers tell you what you want them to tell.

NOTE: Current JVM experimentally supports Compiler Blackholes, and they are in use. Please exercise
extra caution when trusting the results, look into the generated code to check the benchmark still
works, and factor in a small probability of new VM bugs. Additionally, while comparisons between
different JVMs are already problematic, the performance difference caused by different Blackhole
modes can be very significant. Please make sure you use the consistent Blackhole mode for comparisons.

Benchmark                     Mode  Cnt    Score   Error   Units
MapKey7880.beanKeysFiltered  thrpt    5  170.139 ± 2.305  ops/ms
MapKey7880.dateKeysFiltered  thrpt    5  155.780 ± 0.423  ops/ms

Benchmark result is saved to <work>/env/jmh/ab-r9/v9-r2.json
