# JMH version: 1.37
# VM version: JDK 21.0.12, OpenJDK 64-Bit Server VM, 21.0.12+8-LTS
# VM invoker: <jdk21>/bin/java
# VM options: -Xms1g -Xmx1g
# Blackhole mode: compiler (auto-detected, use -Djmh.blackhole.autoDetect=false to disable)
# Warmup: 4 iterations, 1 s each
# Measurement: 5 iterations, 1 s each
# Timeout: 10 min per iteration
# Threads: 1 thread, will synchronize iterations
# Benchmark mode: Throughput, ops/time
# Benchmark: bench9.MapKey7880.beanKeysFiltered

# Run progress: 0.00% complete, ETA 00:00:18
# Fork: 1 of 1
# Warmup Iteration   1: 149.631 ops/ms
# Warmup Iteration   2: 175.032 ops/ms
# Warmup Iteration   3: 159.889 ops/ms
# Warmup Iteration   4: 161.840 ops/ms
Iteration   1: 161.940 ops/ms
Iteration   2: 161.246 ops/ms
Iteration   3: 161.848 ops/ms
Iteration   4: 160.548 ops/ms
Iteration   5: 160.610 ops/ms


Result "bench9.MapKey7880.beanKeysFiltered":
  161.238 ±(99.9%) 2.537 ops/ms [Average]
  (min, avg, max) = (160.548, 161.238, 161.940), stdev = 0.659
  CI (99.9%): [158.701, 163.775] (assumes normal distribution)


# JMH version: 1.37
# VM version: JDK 21.0.12, OpenJDK 64-Bit Server VM, 21.0.12+8-LTS
# VM invoker: <jdk21>/bin/java
# VM options: -Xms1g -Xmx1g
# Blackhole mode: compiler (auto-detected, use -Djmh.blackhole.autoDetect=false to disable)
# Warmup: 4 iterations, 1 s each
# Measurement: 5 iterations, 1 s each
# Timeout: 10 min per iteration
# Threads: 1 thread, will synchronize iterations
# Benchmark mode: Throughput, ops/time
# Benchmark: bench9.MapKey7880.dateKeysFiltered

# Run progress: 50.00% complete, ETA 00:00:09
# Fork: 1 of 1
# Warmup Iteration   1: 135.698 ops/ms
# Warmup Iteration   2: 161.927 ops/ms
# Warmup Iteration   3: 156.327 ops/ms
# Warmup Iteration   4: 156.264 ops/ms
Iteration   1: 156.088 ops/ms
Iteration   2: 153.178 ops/ms
Iteration   3: 155.991 ops/ms
Iteration   4: 156.256 ops/ms
Iteration   5: 156.245 ops/ms


Result "bench9.MapKey7880.dateKeysFiltered":
  155.551 ±(99.9%) 5.127 ops/ms [Average]
  (min, avg, max) = (153.178, 155.551, 156.256), stdev = 1.331
  CI (99.9%): [150.425, 160.678] (assumes normal distribution)


# Run complete. Total time: 00:00:18

REMEMBER: The numbers below are just data. To gain reusable insights, you need to follow up on
why the numbers are the way they are. Use profilers (see -prof, -lprof), design factorial
experiments, perform baseline and negative tests that provide experimental control, make sure
the benchmarking environment is safe on JVM/OS/HW level, ask for reviews from the domain experts.
Do not assume the numbers tell you what you want them to tell.

NOTE: Current JVM experimentally supports Compiler Blackholes, and they are in use. Please exercise
extra caution when trusting the results, look into the generated code to check the benchmark still
works, and factor in a small probability of new VM bugs. Additionally, while comparisons between
different JVMs are already problematic, the performance difference caused by different Blackhole
modes can be very significant. Please make sure you use the consistent Blackhole mode for comparisons.

Benchmark                     Mode  Cnt    Score   Error   Units
MapKey7880.beanKeysFiltered  thrpt    5  161.238 ± 2.537  ops/ms
MapKey7880.dateKeysFiltered  thrpt    5  155.551 ± 5.127  ops/ms

Benchmark result is saved to <work>/env/jmh/ab-r9/v9-r3.json
