# JMH version: 1.37
# VM version: JDK 21.0.12, OpenJDK 64-Bit Server VM, 21.0.12+8-LTS
# VM invoker: <jdk21>/bin/java
# VM options: -Xms1g -Xmx1g
# Blackhole mode: compiler (auto-detected, use -Djmh.blackhole.autoDetect=false to disable)
# Warmup: 4 iterations, 1 s each
# Measurement: 5 iterations, 1 s each
# Timeout: 10 min per iteration
# Threads: 1 thread, will synchronize iterations
# Benchmark mode: Throughput, ops/time
# Benchmark: bench9.MapKey7880.beanKeysFiltered

# Run progress: 0.00% complete, ETA 00:00:18
# Fork: 1 of 1
# Warmup Iteration   1: 145.671 ops/ms
# Warmup Iteration   2: 172.657 ops/ms
# Warmup Iteration   3: 168.378 ops/ms
# Warmup Iteration   4: 168.102 ops/ms
Iteration   1: 167.896 ops/ms
Iteration   2: 168.349 ops/ms
Iteration   3: 168.235 ops/ms
Iteration   4: 168.227 ops/ms
Iteration   5: 167.634 ops/ms


Result "bench9.MapKey7880.beanKeysFiltered":
  168.068 ±(99.9%) 1.138 ops/ms [Average]
  (min, avg, max) = (167.634, 168.068, 168.349), stdev = 0.296
  CI (99.9%): [166.930, 169.206] (assumes normal distribution)


# JMH version: 1.37
# VM version: JDK 21.0.12, OpenJDK 64-Bit Server VM, 21.0.12+8-LTS
# VM invoker: <jdk21>/bin/java
# VM options: -Xms1g -Xmx1g
# Blackhole mode: compiler (auto-detected, use -Djmh.blackhole.autoDetect=false to disable)
# Warmup: 4 iterations, 1 s each
# Measurement: 5 iterations, 1 s each
# Timeout: 10 min per iteration
# Threads: 1 thread, will synchronize iterations
# Benchmark mode: Throughput, ops/time
# Benchmark: bench9.MapKey7880.dateKeysFiltered

# Run progress: 50.00% complete, ETA 00:00:09
# Fork: 1 of 1
# Warmup Iteration   1: 136.026 ops/ms
# Warmup Iteration   2: 161.686 ops/ms
# Warmup Iteration   3: 156.312 ops/ms
# Warmup Iteration   4: 156.337 ops/ms
Iteration   1: 156.318 ops/ms
Iteration   2: 155.958 ops/ms
Iteration   3: 156.188 ops/ms
Iteration   4: 155.961 ops/ms
Iteration   5: 156.162 ops/ms


Result "bench9.MapKey7880.dateKeysFiltered":
  156.118 ±(99.9%) 0.600 ops/ms [Average]
  (min, avg, max) = (155.958, 156.118, 156.318), stdev = 0.156
  CI (99.9%): [155.518, 156.717] (assumes normal distribution)


# Run complete. Total time: 00:00:18

REMEMBER: The numbers below are just data. To gain reusable insights, you need to follow up on
why the numbers are the way they are. Use profilers (see -prof, -lprof), design factorial
experiments, perform baseline and negative tests that provide experimental control, make sure
the benchmarking environment is safe on JVM/OS/HW level, ask for reviews from the domain experts.
Do not assume the numbers tell you what you want them to tell.

NOTE: Current JVM experimentally supports Compiler Blackholes, and they are in use. Please exercise
extra caution when trusting the results, look into the generated code to check the benchmark still
works, and factor in a small probability of new VM bugs. Additionally, while comparisons between
different JVMs are already problematic, the performance difference caused by different Blackhole
modes can be very significant. Please make sure you use the consistent Blackhole mode for comparisons.

Benchmark                     Mode  Cnt    Score   Error   Units
MapKey7880.beanKeysFiltered  thrpt    5  168.068 ± 1.138  ops/ms
MapKey7880.dateKeysFiltered  thrpt    5  156.118 ± 0.600  ops/ms

Benchmark result is saved to <work>/env/jmh/ab-r9/v9-r4.json
