# JMH version: 1.37
# VM version: JDK 21.0.12, OpenJDK 64-Bit Server VM, 21.0.12+8-LTS
# VM invoker: <jdk21>/bin/java
# VM options: -Xms1g -Xmx1g
# Blackhole mode: compiler (auto-detected, use -Djmh.blackhole.autoDetect=false to disable)
# Warmup: 4 iterations, 1 s each
# Measurement: 5 iterations, 1 s each
# Timeout: 10 min per iteration
# Threads: 1 thread, will synchronize iterations
# Benchmark mode: Throughput, ops/time
# Benchmark: bench9.MapKey7880.beanKeysFiltered

# Run progress: 0.00% complete, ETA 00:00:18
# Fork: 1 of 1
# Warmup Iteration   1: 145.457 ops/ms
# Warmup Iteration   2: 174.461 ops/ms
# Warmup Iteration   3: 166.927 ops/ms
# Warmup Iteration   4: 157.574 ops/ms
Iteration   1: 168.926 ops/ms
Iteration   2: 168.997 ops/ms
Iteration   3: 172.280 ops/ms
Iteration   4: 167.862 ops/ms
Iteration   5: 169.379 ops/ms


Result "bench9.MapKey7880.beanKeysFiltered":
  169.489 ±(99.9%) 6.387 ops/ms [Average]
  (min, avg, max) = (167.862, 169.489, 172.280), stdev = 1.659
  CI (99.9%): [163.101, 175.876] (assumes normal distribution)


# JMH version: 1.37
# VM version: JDK 21.0.12, OpenJDK 64-Bit Server VM, 21.0.12+8-LTS
# VM invoker: <jdk21>/bin/java
# VM options: -Xms1g -Xmx1g
# Blackhole mode: compiler (auto-detected, use -Djmh.blackhole.autoDetect=false to disable)
# Warmup: 4 iterations, 1 s each
# Measurement: 5 iterations, 1 s each
# Timeout: 10 min per iteration
# Threads: 1 thread, will synchronize iterations
# Benchmark mode: Throughput, ops/time
# Benchmark: bench9.MapKey7880.dateKeysFiltered

# Run progress: 50.00% complete, ETA 00:00:09
# Fork: 1 of 1
# Warmup Iteration   1: 132.637 ops/ms
# Warmup Iteration   2: 162.147 ops/ms
# Warmup Iteration   3: 156.743 ops/ms
# Warmup Iteration   4: 156.598 ops/ms
Iteration   1: 155.739 ops/ms
Iteration   2: 156.488 ops/ms
Iteration   3: 156.400 ops/ms
Iteration   4: 156.461 ops/ms
Iteration   5: 156.509 ops/ms


Result "bench9.MapKey7880.dateKeysFiltered":
  156.319 ±(99.9%) 1.259 ops/ms [Average]
  (min, avg, max) = (155.739, 156.319, 156.509), stdev = 0.327
  CI (99.9%): [155.060, 157.578] (assumes normal distribution)


# Run complete. Total time: 00:00:18

REMEMBER: The numbers below are just data. To gain reusable insights, you need to follow up on
why the numbers are the way they are. Use profilers (see -prof, -lprof), design factorial
experiments, perform baseline and negative tests that provide experimental control, make sure
the benchmarking environment is safe on JVM/OS/HW level, ask for reviews from the domain experts.
Do not assume the numbers tell you what you want them to tell.

NOTE: Current JVM experimentally supports Compiler Blackholes, and they are in use. Please exercise
extra caution when trusting the results, look into the generated code to check the benchmark still
works, and factor in a small probability of new VM bugs. Additionally, while comparisons between
different JVMs are already problematic, the performance difference caused by different Blackhole
modes can be very significant. Please make sure you use the consistent Blackhole mode for comparisons.

Benchmark                     Mode  Cnt    Score   Error   Units
MapKey7880.beanKeysFiltered  thrpt    5  169.489 ± 6.387  ops/ms
MapKey7880.dateKeysFiltered  thrpt    5  156.319 ± 1.259  ops/ms

Benchmark result is saved to <work>/env/jmh/ab-r9/v9-r1.json
