=== r10w round 1 main 18:09:38
=== r10w round 1 v10 18:11:11
=== r10w round 1 dbg10 18:12:54
=== r10w round 2 main 18:14:37
=== r10w round 2 v10 18:16:10
=== r10w round 2 dbg10 18:17:53
=== r10w round 3 main 18:19:36
=== r10w round 3 v10 18:21:10
=== r10w round 3 dbg10 18:22:52
=== r10w round 4 main 18:24:35
=== r10w round 4 v10 18:26:09
=== r10w round 4 dbg10 18:27:51
=== r10w done 18:29:34
=== r10k round 1 v10 18:29:34
=== r10k round 1 fix10 18:30:02
=== r10k round 1 dbg10 18:30:30
=== r10k round 2 v10 18:30:58
=== r10k round 2 fix10 18:31:26
=== r10k round 2 dbg10 18:31:54
=== r10k round 3 v10 18:32:22
=== r10k round 3 fix10 18:32:50
=== r10k round 3 dbg10 18:33:17
=== r10k round 4 v10 18:33:45
=== r10k round 4 fix10 18:34:13
=== r10k round 4 dbg10 18:34:41
=== r10k done 18:35:09
