# JMH version: 1.37
# VM version: JDK 21.0.12, OpenJDK 64-Bit Server VM, 21.0.12+8-LTS
# VM invoker: <jdk21>/bin/java
# VM options: -Xms1g -Xmx1g
# Blackhole mode: compiler (auto-detected, use -Djmh.blackhole.autoDetect=false to disable)
# Warmup: 4 iterations, 1 s each
# Measurement: 5 iterations, 1 s each
# Timeout: 10 min per iteration
# Threads: 1 thread, will synchronize iterations
# Benchmark mode: Throughput, ops/time
# Benchmark: bench9.MapKeySorted7880.beanKeysFieldSorted

# Run progress: 0.00% complete, ETA 00:00:09
# Fork: 1 of 1
# Warmup Iteration   1: 164.827 ops/ms
# Warmup Iteration   2: 208.307 ops/ms
# Warmup Iteration   3: 219.312 ops/ms
# Warmup Iteration   4: 219.672 ops/ms
Iteration   1: 219.631 ops/ms
Iteration   2: 219.764 ops/ms
Iteration   3: 220.071 ops/ms
Iteration   4: 219.664 ops/ms
Iteration   5: 219.939 ops/ms


Result "bench9.MapKeySorted7880.beanKeysFieldSorted":
  219.814 ±(99.9%) 0.720 ops/ms [Average]
  (min, avg, max) = (219.631, 219.814, 220.071), stdev = 0.187
  CI (99.9%): [219.093, 220.534] (assumes normal distribution)


# Run complete. Total time: 00:00:09

REMEMBER: The numbers below are just data. To gain reusable insights, you need to follow up on
why the numbers are the way they are. Use profilers (see -prof, -lprof), design factorial
experiments, perform baseline and negative tests that provide experimental control, make sure
the benchmarking environment is safe on JVM/OS/HW level, ask for reviews from the domain experts.
Do not assume the numbers tell you what you want them to tell.

NOTE: Current JVM experimentally supports Compiler Blackholes, and they are in use. Please exercise
extra caution when trusting the results, look into the generated code to check the benchmark still
works, and factor in a small probability of new VM bugs. Additionally, while comparisons between
different JVMs are already problematic, the performance difference caused by different Blackhole
modes can be very significant. Please make sure you use the consistent Blackhole mode for comparisons.

Benchmark                              Mode  Cnt    Score   Error   Units
MapKeySorted7880.beanKeysFieldSorted  thrpt    5  219.814 ± 0.720  ops/ms

Benchmark result is saved to <work>/env/jmh/ab-r9s/fix9-r2.json
